[Prodigi:production] ℹ️ Client initialized {
  environment: 'production',
  baseUrl: 'https://api.prodigi.com/v4.0',
  timeout: 30000,
  retries: 3,
  cacheEnabled: true
}
🚀 Starting End-to-End Pricing & Shipping Test

================================================================================
📊 Starting comprehensive test...


📦 Testing framed-print...
🔍 Azure Search query: {
  filters: {
    country: 'US',
    category: 'Wall art',
    productTypes: [ 'Framed prints' ]
  },
  options: { top: 100, includeFacets: true },
  url: 'https://pwintylive.search.windows.net/indexes/live-catalogue/docs?api-version=2016-09-01&search=*&%24count=true&%24top=100&%24filter=destinationCountries%2Fany%28c%3A+c+eq+%27US%27%29+and+category+eq+...'
}
✅ Azure Search results: { totalCount: 2586, returnedCount: 100, hasFacets: true }
[Catalog] Found 35 sizes for framed-print: [
  '8x8',   '8x10',  '8x12',  '10x10',
  '8x16',  '12x12', '11x14', '12x16',
  '10x20', '12x17', '12x18', '16x16',
  '15x18', '12x24', '16x20', '16x24',
  '17x23', '20x20', '18x24', '16x31',
  '20x28', '24x24', '20x30', '24x31',
  '23x33', '20x39', '28x28', '22x37',
  '24x35', '30x30', '31x31', '30x35',
  '28x39', '35x35', '31x47'
]
  ✅ Found 5 sizes: 8x8, 8x10, 8x12, 10x10, 8x16
  ⏳ Progress: 0.7% (1/150) - Testing 8x8 → US...[Catalog] Searching Azure for framed-print 8x8 {
  prodigiProductTypes: [ 'Framed prints' ],
  searchParams: {
    minDimensionMm: 183,
    maxDimensionMm: 224,
    aspectRatioMin: 90,
    aspectRatioMax: 110
  }
}
🔍 Azure Search query: {
  filters: {
    country: 'US',
    category: 'Wall art',
    productTypes: [ 'Framed prints' ],
    minDimensionMm: 183,
    maxDimensionMm: 224,
    aspectRatioMin: 90,
    aspectRatioMax: 110
  },
  options: {
    top: 20,
    includeFacets: false,
    scoringProfile: 'Boost by production country',
    scoringParameter: 'prodCountry-US'
  },
  url: 'https://pwintylive.search.windows.net/indexes/live-catalogue/docs?api-version=2016-09-01&search=*&%24count=true&%24top=20&%24filter=destinationCountries%2Fany%28c%3A+c+eq+%27US%27%29+and+category+eq+%...'
}
✅ Azure Search results: { totalCount: 94, returnedCount: 20, hasFacets: false }
[Catalog] Filtered out 0 cork products from 20 total
[Catalog] Found SKU: global-cfp-8x8 for framed-print 8x8 {
  productType: 'Framed prints',
  dimensions: '20x20cm',
  productionCountries: [ 'AU', 'NL', 'US', 'GB' ],
  score: 160
}
[Catalog] Fetching product details from Prodigi API: global-cfp-8x8
[Prodigi:production] ✅ GET https://api.prodigi.com/v4.0/products/global-cfp-8x8 - 200 
[Catalog] Successfully fetched product details: global-cfp-8x8
[Attributes] Product has mount attribute but mount is not set. Using default: No mount / Mat
[Attributes] Skipping frame attribute - "black" appears to be a color, not a frame style
[Attributes] Product has paperType attribute but paperType is not set. Using default: EMA
[Attributes] Built: {
  validKeys: [
    'frame',
    'color',
    'glaze',
    'mount',
    'paperType',
    'style',
    'substrateWeight'
  ],
  output: { color: 'black', mount: 'No mount / Mat', paperType: 'EMA' }
}
[QuotesAPI] Creating quote request: {
  "destinationCountryCode": "US",
  "shippingMethod": "Budget",
  "items": [
    {
      "sku": "global-cfp-8x8",
      "copies": 1,
      "attributes": {
        "color": "black",
        "mount": "No mount / Mat",
        "paperType": "EMA"
      },
      "assets": [
        {
          "printArea": "default"
        }
      ]
    }
  ]
}
[QuotesAPI] Creating quote request: {
  "destinationCountryCode": "US",
  "shippingMethod": "Standard",
  "items": [
    {
      "sku": "global-cfp-8x8",
      "copies": 1,
      "attributes": {
        "color": "black",
        "mount": "No mount / Mat",
        "paperType": "EMA"
      },
      "assets": [
        {
          "printArea": "default"
        }
      ]
    }
  ]
}
[QuotesAPI] Creating quote request: {
  "destinationCountryCode": "US",
  "shippingMethod": "Express",
  "items": [
    {
      "sku": "global-cfp-8x8",
      "copies": 1,
      "attributes": {
        "color": "black",
        "mount": "No mount / Mat",
        "paperType": "EMA"
      },
      "assets": [
        {
          "printArea": "default"
        }
      ]
    }
  ]
}
[QuotesAPI] Creating quote request: {
  "destinationCountryCode": "US",
  "shippingMethod": "Overnight",
  "items": [
    {
      "sku": "global-cfp-8x8",
      "copies": 1,
      "attributes": {
        "color": "black",
        "mount": "No mount / Mat",
        "paperType": "EMA"
      },
      "assets": [
        {
          "printArea": "default"
        }
      ]
    }
  ]
}
[Prodigi] Request body being sent: {
  "destinationCountryCode": "US",
  "shippingMethod": "Budget",
  "items": [
    {
      "sku": "global-cfp-8x8",
      "copies": 1,
      "attributes": {
        "color": "black",
        "mount": "No mount / Mat",
        "paperType": "EMA"
      },
      "assets": [
        {
          "printArea": "default"
        }
      ]
    }
  ]
}
[Prodigi] Request body being sent: {
  "destinationCountryCode": "US",
  "shippingMethod": "Standard",
  "items": [
    {
      "sku": "global-cfp-8x8",
      "copies": 1,
      "attributes": {
        "color": "black",
        "mount": "No mount / Mat",
        "paperType": "EMA"
      },
      "assets": [
        {
          "printArea": "default"
        }
      ]
    }
  ]
}
[Prodigi] Request body being sent: {
  "destinationCountryCode": "US",
  "shippingMethod": "Express",
  "items": [
    {
      "sku": "global-cfp-8x8",
      "copies": 1,
      "attributes": {
        "color": "black",
        "mount": "No mount / Mat",
        "paperType": "EMA"
      },
      "assets": [
        {
          "printArea": "default"
        }
      ]
    }
  ]
}
[Prodigi] Request body being sent: {
  "destinationCountryCode": "US",
  "shippingMethod": "Overnight",
  "items": [
    {
      "sku": "global-cfp-8x8",
      "copies": 1,
      "attributes": {
        "color": "black",
        "mount": "No mount / Mat",
        "paperType": "EMA"
      },
      "assets": [
        {
          "printArea": "default"
        }
      ]
    }
  ]
}
[Prodigi:production] ✅ POST https://api.prodigi.com/v4.0/quotes - 200 
[Prodigi:production] ✅ POST https://api.prodigi.com/v4.0/quotes - 200 
[Prodigi:production] ✅ POST https://api.prodigi.com/v4.0/quotes - 200 
[Prodigi:production] ✅ POST https://api.prodigi.com/v4.0/quotes - 200 
  ⏳ Progress: 1.3% (2/150) - Testing 8x8 → CA...[Catalog] Searching Azure for framed-print 8x8 {
  prodigiProductTypes: [ 'Framed prints' ],
  searchParams: {
    minDimensionMm: 183,
    maxDimensionMm: 224,
    aspectRatioMin: 90,
    aspectRatioMax: 110
  }
}
🔍 Azure Search query: {
  filters: {
    country: 'CA',
    category: 'Wall art',
    productTypes: [ 'Framed prints' ],
    minDimensionMm: 183,
    maxDimensionMm: 224,
    aspectRatioMin: 90,
    aspectRatioMax: 110
  },
  options: {
    top: 20,
    includeFacets: false,
    scoringProfile: 'Boost by production country',
    scoringParameter: 'prodCountry-CA'
  },
  url: 'https://pwintylive.search.windows.net/indexes/live-catalogue/docs?api-version=2016-09-01&search=*&%24count=true&%24top=20&%24filter=destinationCountries%2Fany%28c%3A+c+eq+%27CA%27%29+and+category+eq+%...'
}
✅ Azure Search results: { totalCount: 94, returnedCount: 20, hasFacets: false }
[Catalog] Filtered out 0 cork products from 20 total
[Catalog] Found SKU: fra-cla-foil-sil-8x8 for framed-print 8x8 {
  productType: 'Framed prints',
  dimensions: '20x20cm',
  productionCountries: [ 'US', 'GB' ],
  score: 8.5
}
[Catalog] Fetching product details from Prodigi API: fra-cla-foil-sil-8x8
[Prodigi:production] ✅ GET https://api.prodigi.com/v4.0/products/fra-cla-foil-sil-8x8 - 200 
[Catalog] Successfully fetched product details: fra-cla-foil-sil-8x8
[Attributes] Product has mount attribute but mount is not set. Using default: No mount / Mat
[Attributes] Skipping frame attribute - "black" appears to be a color, not a frame style
[Attributes] Product has paperType attribute but paperType is not set. Using default: Silver foil
[Attributes] Built: {
  validKeys: [
    'frame',
    'color',
    'glaze',
    'mount',
    'paperType',
    'style',
    'substrateWeight'
  ],
  output: { color: 'black', mount: 'No mount / Mat', paperType: 'Silver foil' }
}
[QuotesAPI] Creating quote request: {
  "destinationCountryCode": "CA",
  "shippingMethod": "Budget",
  "items": [
    {
      "sku": "fra-cla-foil-sil-8x8",
      "copies": 1,
      "attributes": {
        "color": "black",
        "mount": "No mount / Mat",
        "paperType": "Silver foil"
      },
      "assets": [
        {
          "printArea": "default"
        }
      ]
    }
  ]
}
[QuotesAPI] Creating quote request: {
  "destinationCountryCode": "CA",
  "shippingMethod": "Standard",
  "items": [
    {
      "sku": "fra-cla-foil-sil-8x8",
      "copies": 1,
      "attributes": {
        "color": "black",
        "mount": "No mount / Mat",
        "paperType": "Silver foil"
      },
      "assets": [
        {
          "printArea": "default"
        }
      ]
    }
  ]
}
[QuotesAPI] Creating quote request: {
  "destinationCountryCode": "CA",
  "shippingMethod": "Express",
  "items": [
    {
      "sku": "fra-cla-foil-sil-8x8",
      "copies": 1,
      "attributes": {
        "color": "black",
        "mount": "No mount / Mat",
        "paperType": "Silver foil"
      },
      "assets": [
        {
          "printArea": "default"
        }
      ]
    }
  ]
}
[QuotesAPI] Creating quote request: {
  "destinationCountryCode": "CA",
  "shippingMethod": "Overnight",
  "items": [
    {
      "sku": "fra-cla-foil-sil-8x8",
      "copies": 1,
      "attributes": {
        "color": "black",
        "mount": "No mount / Mat",
        "paperType": "Silver foil"
      },
      "assets": [
        {
          "printArea": "default"
        }
      ]
    }
  ]
}
[Prodigi] Request body being sent: {
  "destinationCountryCode": "CA",
  "shippingMethod": "Budget",
  "items": [
    {
      "sku": "fra-cla-foil-sil-8x8",
      "copies": 1,
      "attributes": {
        "color": "black",
        "mount": "No mount / Mat",
        "paperType": "Silver foil"
      },
      "assets": [
        {
          "printArea": "default"
        }
      ]
    }
  ]
}
[Prodigi] Request body being sent: {
  "destinationCountryCode": "CA",
  "shippingMethod": "Standard",
  "items": [
    {
      "sku": "fra-cla-foil-sil-8x8",
      "copies": 1,
      "attributes": {
        "color": "black",
        "mount": "No mount / Mat",
        "paperType": "Silver foil"
      },
      "assets": [
        {
          "printArea": "default"
        }
      ]
    }
  ]
}
[Prodigi] Request body being sent: {
  "destinationCountryCode": "CA",
  "shippingMethod": "Express",
  "items": [
    {
      "sku": "fra-cla-foil-sil-8x8",
      "copies": 1,
      "attributes": {
        "color": "black",
        "mount": "No mount / Mat",
        "paperType": "Silver foil"
      },
      "assets": [
        {
          "printArea": "default"
        }
      ]
    }
  ]
}
[Prodigi] Request body being sent: {
  "destinationCountryCode": "CA",
  "shippingMethod": "Overnight",
  "items": [
    {
      "sku": "fra-cla-foil-sil-8x8",
      "copies": 1,
      "attributes": {
        "color": "black",
        "mount": "No mount / Mat",
        "paperType": "Silver foil"
      },
      "assets": [
        {
          "printArea": "default"
        }
      ]
    }
  ]
}
[Prodigi:production] ✅ POST https://api.prodigi.com/v4.0/quotes - 200 
[Prodigi:production] ✅ POST https://api.prodigi.com/v4.0/quotes - 200 
[Prodigi:production] ✅ POST https://api.prodigi.com/v4.0/quotes - 200 
[Prodigi:production] ✅ POST https://api.prodigi.com/v4.0/quotes - 200 
  ⏳ Progress: 2.0% (3/150) - Testing 8x8 → GB...[Catalog] Searching Azure for framed-print 8x8 {
  prodigiProductTypes: [ 'Framed prints' ],
  searchParams: {
    minDimensionMm: 183,
    maxDimensionMm: 224,
    aspectRatioMin: 90,
    aspectRatioMax: 110
  }
}
🔍 Azure Search query: {
  filters: {
    country: 'GB',
    category: 'Wall art',
    productTypes: [ 'Framed prints' ],
    minDimensionMm: 183,
    maxDimensionMm: 224,
    aspectRatioMin: 90,
    aspectRatioMax: 110
  },
  options: {
    top: 20,
    includeFacets: false,
    scoringProfile: 'Boost by production country',
    scoringParameter: 'prodCountry-GB'
  },
  url: 'https://pwintylive.search.windows.net/indexes/live-catalogue/docs?api-version=2016-09-01&search=*&%24count=true&%24top=20&%24filter=destinationCountries%2Fany%28c%3A+c+eq+%27GB%27%29+and+category+eq+%...'
}
✅ Azure Search results: { totalCount: 94, returnedCount: 20, hasFacets: false }
[Catalog] Filtered out 0 cork products from 20 total
[Catalog] Found SKU: fra-cla-foil-sil-8x8 for framed-print 8x8 {
  productType: 'Framed prints',
  dimensions: '20x20cm',
  productionCountries: [ 'US', 'GB' ],
  score: 158.5
}
[Catalog] Fetching product details from Prodigi API: fra-cla-foil-sil-8x8
[Catalog] Successfully fetched product details: fra-cla-foil-sil-8x8
[Attributes] Product has mount attribute but mount is not set. Using default: No mount / Mat
[Attributes] Skipping frame attribute - "black" appears to be a color, not a frame style
[Attributes] Product has paperType attribute but paperType is not set. Using default: Silver foil
[Attributes] Built: {
  validKeys: [
    'frame',
    'color',
    'glaze',
    'mount',
    'paperType',
    'style',
    'substrateWeight'
  ],
  output: { color: 'black', mount: 'No mount / Mat', paperType: 'Silver foil' }
}
[QuotesAPI] Creating quote request: {
  "destinationCountryCode": "GB",
  "shippingMethod": "Budget",
  "items": [
    {
      "sku": "fra-cla-foil-sil-8x8",
      "copies": 1,
      "attributes": {
        "color": "black",
        "mount": "No mount / Mat",
        "paperType": "Silver foil"
      },
      "assets": [
        {
          "printArea": "default"
        }
      ]
    }
  ]
}
[QuotesAPI] Creating quote request: {
  "destinationCountryCode": "GB",
  "shippingMethod": "Standard",
  "items": [
    {
      "sku": "fra-cla-foil-sil-8x8",
      "copies": 1,
      "attributes": {
        "color": "black",
        "mount": "No mount / Mat",
        "paperType": "Silver foil"
      },
      "assets": [
        {
          "printArea": "default"
        }
      ]
    }
  ]
}
[QuotesAPI] Creating quote request: {
  "destinationCountryCode": "GB",
  "shippingMethod": "Express",
  "items": [
    {
      "sku": "fra-cla-foil-sil-8x8",
      "copies": 1,
      "attributes": {
        "color": "black",
        "mount": "No mount / Mat",
        "paperType": "Silver foil"
      },
      "assets": [
        {
          "printArea": "default"
        }
      ]
    }
  ]
}
[QuotesAPI] Creating quote request: {
  "destinationCountryCode": "GB",
  "shippingMethod": "Overnight",
  "items": [
    {
      "sku": "fra-cla-foil-sil-8x8",
      "copies": 1,
      "attributes": {
        "color": "black",
        "mount": "No mount / Mat",
        "paperType": "Silver foil"
      },
      "assets": [
        {
          "printArea": "default"
        }
      ]
    }
  ]
}
[Prodigi] Request body being sent: {
  "destinationCountryCode": "GB",
  "shippingMethod": "Budget",
  "items": [
    {
      "sku": "fra-cla-foil-sil-8x8",
      "copies": 1,
      "attributes": {
        "color": "black",
        "mount": "No mount / Mat",
        "paperType": "Silver foil"
      },
      "assets": [
        {
          "printArea": "default"
        }
      ]
    }
  ]
}
[Prodigi] Request body being sent: {
  "destinationCountryCode": "GB",
  "shippingMethod": "Standard",
  "items": [
    {
      "sku": "fra-cla-foil-sil-8x8",
      "copies": 1,
      "attributes": {
        "color": "black",
        "mount": "No mount / Mat",
        "paperType": "Silver foil"
      },
      "assets": [
        {
          "printArea": "default"
        }
      ]
    }
  ]
}
[Prodigi] Request body being sent: {
  "destinationCountryCode": "GB",
  "shippingMethod": "Express",
  "items": [
    {
      "sku": "fra-cla-foil-sil-8x8",
      "copies": 1,
      "attributes": {
        "color": "black",
        "mount": "No mount / Mat",
        "paperType": "Silver foil"
      },
      "assets": [
        {
          "printArea": "default"
        }
      ]
    }
  ]
}
[Prodigi] Request body being sent: {
  "destinationCountryCode": "GB",
  "shippingMethod": "Overnight",
  "items": [
    {
      "sku": "fra-cla-foil-sil-8x8",
      "copies": 1,
      "attributes": {
        "color": "black",
        "mount": "No mount / Mat",
        "paperType": "Silver foil"
      },
      "assets": [
        {
          "printArea": "default"
        }
      ]
    }
  ]
}
[Prodigi:production] ✅ POST https://api.prodigi.com/v4.0/quotes - 200 
[Prodigi:production] ✅ POST https://api.prodigi.com/v4.0/quotes - 200 
[Prodigi:production] ✅ POST https://api.prodigi.com/v4.0/quotes - 200 
[Prodigi:production] ✅ POST https://api.prodigi.com/v4.0/quotes - 200 
  ⏳ Progress: 2.7% (4/150) - Testing 8x8 → AU...[Catalog] Searching Azure for framed-print 8x8 {
  prodigiProductTypes: [ 'Framed prints' ],
  searchParams: {
    minDimensionMm: 183,
    maxDimensionMm: 224,
    aspectRatioMin: 90,
    aspectRatioMax: 110
  }
}
🔍 Azure Search query: {
  filters: {
    country: 'AU',
    category: 'Wall art',
    productTypes: [ 'Framed prints' ],
    minDimensionMm: 183,
    maxDimensionMm: 224,
    aspectRatioMin: 90,
    aspectRatioMax: 110
  },
  options: {
    top: 20,
    includeFacets: false,
    scoringProfile: 'Boost by production country',
    scoringParameter: 'prodCountry-AU'
  },
  url: 'https://pwintylive.search.windows.net/indexes/live-catalogue/docs?api-version=2016-09-01&search=*&%24count=true&%24top=20&%24filter=destinationCountries%2Fany%28c%3A+c+eq+%27AU%27%29+and+category+eq+%...'
}
✅ Azure Search results: { totalCount: 94, returnedCount: 20, hasFacets: false }
[Catalog] Filtered out 0 cork products from 20 total
[Catalog] Found SKU: global-cfp-8x8 for framed-print 8x8 {
  productType: 'Framed prints',
  dimensions: '20x20cm',
  productionCountries: [ 'AU', 'NL', 'US', 'GB' ],
  score: 160
}
[Catalog] Fetching product details from Prodigi API: global-cfp-8x8
[Catalog] Successfully fetched product details: global-cfp-8x8
[Attributes] Product has mount attribute but mount is not set. Using default: No mount / Mat
[Attributes] Skipping frame attribute - "black" appears to be a color, not a frame style
[Attributes] Product has paperType attribute but paperType is not set. Using default: EMA
[Attributes] Built: {
  validKeys: [
    'frame',
    'color',
    'glaze',
    'mount',
    'paperType',
    'style',
    'substrateWeight'
  ],
  output: { color: 'black', mount: 'No mount / Mat', paperType: 'EMA' }
}
[QuotesAPI] Creating quote request: {
  "destinationCountryCode": "AU",
  "shippingMethod": "Budget",
  "items": [
    {
      "sku": "global-cfp-8x8",
      "copies": 1,
      "attributes": {
        "color": "black",
        "mount": "No mount / Mat",
        "paperType": "EMA"
      },
      "assets": [
        {
          "printArea": "default"
        }
      ]
    }
  ]
}
[QuotesAPI] Creating quote request: {
  "destinationCountryCode": "AU",
  "shippingMethod": "Standard",
  "items": [
    {
      "sku": "global-cfp-8x8",
      "copies": 1,
      "attributes": {
        "color": "black",
        "mount": "No mount / Mat",
        "paperType": "EMA"
      },
      "assets": [
        {
          "printArea": "default"
        }
      ]
    }
  ]
}
[QuotesAPI] Creating quote request: {
  "destinationCountryCode": "AU",
  "shippingMethod": "Express",
  "items": [
    {
      "sku": "global-cfp-8x8",
      "copies": 1,
      "attributes": {
        "color": "black",
        "mount": "No mount / Mat",
        "paperType": "EMA"
      },
      "assets": [
        {
          "printArea": "default"
        }
      ]
    }
  ]
}
[QuotesAPI] Creating quote request: {
  "destinationCountryCode": "AU",
  "shippingMethod": "Overnight",
  "items": [
    {
      "sku": "global-cfp-8x8",
      "copies": 1,
      "attributes": {
        "color": "black",
        "mount": "No mount / Mat",
        "paperType": "EMA"
      },
      "assets": [
        {
          "printArea": "default"
        }
      ]
    }
  ]
}
[Prodigi] Request body being sent: {
  "destinationCountryCode": "AU",
  "shippingMethod": "Budget",
  "items": [
    {
      "sku": "global-cfp-8x8",
      "copies": 1,
      "attributes": {
        "color": "black",
        "mount": "No mount / Mat",
        "paperType": "EMA"
      },
      "assets": [
        {
          "printArea": "default"
        }
      ]
    }
  ]
}
[Prodigi] Request body being sent: {
  "destinationCountryCode": "AU",
  "shippingMethod": "Standard",
  "items": [
    {
      "sku": "global-cfp-8x8",
      "copies": 1,
      "attributes": {
        "color": "black",
        "mount": "No mount / Mat",
        "paperType": "EMA"
      },
      "assets": [
        {
          "printArea": "default"
        }
      ]
    }
  ]
}
[Prodigi] Request body being sent: {
  "destinationCountryCode": "AU",
  "shippingMethod": "Express",
  "items": [
    {
      "sku": "global-cfp-8x8",
      "copies": 1,
      "attributes": {
        "color": "black",
        "mount": "No mount / Mat",
        "paperType": "EMA"
      },
      "assets": [
        {
          "printArea": "default"
        }
      ]
    }
  ]
}
[Prodigi] Request body being sent: {
  "destinationCountryCode": "AU",
  "shippingMethod": "Overnight",
  "items": [
    {
      "sku": "global-cfp-8x8",
      "copies": 1,
      "attributes": {
        "color": "black",
        "mount": "No mount / Mat",
        "paperType": "EMA"
      },
      "assets": [
        {
          "printArea": "default"
        }
      ]
    }
  ]
}
[Prodigi:production] ✅ POST https://api.prodigi.com/v4.0/quotes - 200 
[Prodigi:production] ✅ POST https://api.prodigi.com/v4.0/quotes - 200 
[Prodigi:production] ✅ POST https://api.prodigi.com/v4.0/quotes - 200 
[Prodigi:production] ✅ POST https://api.prodigi.com/v4.0/quotes - 200 
  ⏳ Progress: 3.3% (5/150) - Testing 8x8 → DE...[Catalog] Searching Azure for framed-print 8x8 {
  prodigiProductTypes: [ 'Framed prints' ],
  searchParams: {
    minDimensionMm: 183,
    maxDimensionMm: 224,
    aspectRatioMin: 90,
    aspectRatioMax: 110
  }
}
🔍 Azure Search query: {
  filters: {
    country: 'DE',
    category: 'Wall art',
    productTypes: [ 'Framed prints' ],
    minDimensionMm: 183,
    maxDimensionMm: 224,
    aspectRatioMin: 90,
    aspectRatioMax: 110
  },
  options: {
    top: 20,
    includeFacets: false,
    scoringProfile: 'Boost by production country',
    scoringParameter: 'prodCountry-DE'
  },
  url: 'https://pwintylive.search.windows.net/indexes/live-catalogue/docs?api-version=2016-09-01&search=*&%24count=true&%24top=20&%24filter=destinationCountries%2Fany%28c%3A+c+eq+%27DE%27%29+and+category+eq+%...'
}
✅ Azure Search results: { totalCount: 94, returnedCount: 20, hasFacets: false }
[Catalog] Filtered out 0 cork products from 20 total
[Catalog] Found SKU: fra-cla-foil-sil-8x8 for framed-print 8x8 {
  productType: 'Framed prints',
  dimensions: '20x20cm',
  productionCountries: [ 'US', 'GB' ],
  score: 8.5
}
[Catalog] Fetching product details from Prodigi API: fra-cla-foil-sil-8x8
[Catalog] Successfully fetched product details: fra-cla-foil-sil-8x8
[Attributes] Product has mount attribute but mount is not set. Using default: No mount / Mat
[Attributes] Skipping frame attribute - "black" appears to be a color, not a frame style
[Attributes] Product has paperType attribute but paperType is not set. Using default: Silver foil
[Attributes] Built: {
  validKeys: [
    'frame',
    'color',
    'glaze',
    'mount',
    'paperType',
    'style',
    'substrateWeight'
  ],
  output: { color: 'black', mount: 'No mount / Mat', paperType: 'Silver foil' }
}
[QuotesAPI] Creating quote request: {
  "destinationCountryCode": "DE",
  "shippingMethod": "Budget",
  "items": [
    {
      "sku": "fra-cla-foil-sil-8x8",
      "copies": 1,
      "attributes": {
        "color": "black",
        "mount": "No mount / Mat",
        "paperType": "Silver foil"
      },
      "assets": [
        {
          "printArea": "default"
        }
      ]
    }
  ]
}
[QuotesAPI] Creating quote request: {
  "destinationCountryCode": "DE",
  "shippingMethod": "Standard",
  "items": [
    {
      "sku": "fra-cla-foil-sil-8x8",
      "copies": 1,
      "attributes": {
        "color": "black",
        "mount": "No mount / Mat",
        "paperType": "Silver foil"
      },
      "assets": [
        {
          "printArea": "default"
        }
      ]
    }
  ]
}
[QuotesAPI] Creating quote request: {
  "destinationCountryCode": "DE",
  "shippingMethod": "Express",
  "items": [
    {
      "sku": "fra-cla-foil-sil-8x8",
      "copies": 1,
      "attributes": {
        "color": "black",
        "mount": "No mount / Mat",
        "paperType": "Silver foil"
      },
      "assets": [
        {
          "printArea": "default"
        }
      ]
    }
  ]
}
[QuotesAPI] Creating quote request: {
  "destinationCountryCode": "DE",
  "shippingMethod": "Overnight",
  "items": [
    {
      "sku": "fra-cla-foil-sil-8x8",
      "copies": 1,
      "attributes": {
        "color": "black",
        "mount": "No mount / Mat",
        "paperType": "Silver foil"
      },
      "assets": [
        {
          "printArea": "default"
        }
      ]
    }
  ]
}
[Prodigi] Request body being sent: {
  "destinationCountryCode": "DE",
  "shippingMethod": "Budget",
  "items": [
    {
      "sku": "fra-cla-foil-sil-8x8",
      "copies": 1,
      "attributes": {
        "color": "black",
        "mount": "No mount / Mat",
        "paperType": "Silver foil"
      },
      "assets": [
        {
          "printArea": "default"
        }
      ]
    }
  ]
}
[Prodigi] Request body being sent: {
  "destinationCountryCode": "DE",
  "shippingMethod": "Standard",
  "items": [
    {
      "sku": "fra-cla-foil-sil-8x8",
      "copies": 1,
      "attributes": {
        "color": "black",
        "mount": "No mount / Mat",
        "paperType": "Silver foil"
      },
      "assets": [
        {
          "printArea": "default"
        }
      ]
    }
  ]
}
[Prodigi] Request body being sent: {
  "destinationCountryCode": "DE",
  "shippingMethod": "Express",
  "items": [
    {
      "sku": "fra-cla-foil-sil-8x8",
      "copies": 1,
      "attributes": {
        "color": "black",
        "mount": "No mount / Mat",
        "paperType": "Silver foil"
      },
      "assets": [
        {
          "printArea": "default"
        }
      ]
    }
  ]
}
[Prodigi] Request body being sent: {
  "destinationCountryCode": "DE",
  "shippingMethod": "Overnight",
  "items": [
    {
      "sku": "fra-cla-foil-sil-8x8",
      "copies": 1,
      "attributes": {
        "color": "black",
        "mount": "No mount / Mat",
        "paperType": "Silver foil"
      },
      "assets": [
        {
          "printArea": "default"
        }
      ]
    }
  ]
}
[Prodigi:production] ✅ POST https://api.prodigi.com/v4.0/quotes - 200 
[Prodigi:production] ✅ POST https://api.prodigi.com/v4.0/quotes - 200 
[Prodigi:production] ✅ POST https://api.prodigi.com/v4.0/quotes - 200 
[Prodigi:production] ✅ POST https://api.prodigi.com/v4.0/quotes - 200 
  ⏳ Progress: 4.0% (6/150) - Testing 8x8 → FR...[Catalog] Searching Azure for framed-print 8x8 {
  prodigiProductTypes: [ 'Framed prints' ],
  searchParams: {
    minDimensionMm: 183,
    maxDimensionMm: 224,
    aspectRatioMin: 90,
    aspectRatioMax: 110
  }
}
🔍 Azure Search query: {
  filters: {
    country: 'FR',
    category: 'Wall art',
    productTypes: [ 'Framed prints' ],
    minDimensionMm: 183,
    maxDimensionMm: 224,
    aspectRatioMin: 90,
    aspectRatioMax: 110
  },
  options: {
    top: 20,
    includeFacets: false,
    scoringProfile: 'Boost by production country',
    scoringParameter: 'prodCountry-FR'
  },
  url: 'https://pwintylive.search.windows.net/indexes/live-catalogue/docs?api-version=2016-09-01&search=*&%24count=true&%24top=20&%24filter=destinationCountries%2Fany%28c%3A+c+eq+%27FR%27%29+and+category+eq+%...'
}
✅ Azure Search results: { totalCount: 94, returnedCount: 20, hasFacets: false }
[Catalog] Filtered out 0 cork products from 20 total
[Catalog] Found SKU: fra-cla-foil-sil-8x8 for framed-print 8x8 {
  productType: 'Framed prints',
  dimensions: '20x20cm',
  productionCountries: [ 'US', 'GB' ],
  score: 8.5
}
[Catalog] Fetching product details from Prodigi API: fra-cla-foil-sil-8x8
[Catalog] Successfully fetched product details: fra-cla-foil-sil-8x8
[Attributes] Product has mount attribute but mount is not set. Using default: No mount / Mat
[Attributes] Skipping frame attribute - "black" appears to be a color, not a frame style
[Attributes] Product has paperType attribute but paperType is not set. Using default: Silver foil
[Attributes] Built: {
  validKeys: [
    'frame',
    'color',
    'glaze',
    'mount',
    'paperType',
    'style',
    'substrateWeight'
  ],
  output: { color: 'black', mount: 'No mount / Mat', paperType: 'Silver foil' }
}
[QuotesAPI] Creating quote request: {
  "destinationCountryCode": "FR",
  "shippingMethod": "Budget",
  "items": [
    {
      "sku": "fra-cla-foil-sil-8x8",
      "copies": 1,
      "attributes": {
        "color": "black",
        "mount": "No mount / Mat",
        "paperType": "Silver foil"
      },
      "assets": [
        {
          "printArea": "default"
        }
      ]
    }
  ]
}
[QuotesAPI] Creating quote request: {
  "destinationCountryCode": "FR",
  "shippingMethod": "Standard",
  "items": [
    {
      "sku": "fra-cla-foil-sil-8x8",
      "copies": 1,
      "attributes": {
        "color": "black",
        "mount": "No mount / Mat",
        "paperType": "Silver foil"
      },
      "assets": [
        {
          "printArea": "default"
        }
      ]
    }
  ]
}
[QuotesAPI] Creating quote request: {
  "destinationCountryCode": "FR",
  "shippingMethod": "Express",
  "items": [
    {
      "sku": "fra-cla-foil-sil-8x8",
      "copies": 1,
      "attributes": {
        "color": "black",
        "mount": "No mount / Mat",
        "paperType": "Silver foil"
      },
      "assets": [
        {
          "printArea": "default"
        }
      ]
    }
  ]
}
[QuotesAPI] Creating quote request: {
  "destinationCountryCode": "FR",
  "shippingMethod": "Overnight",
  "items": [
    {
      "sku": "fra-cla-foil-sil-8x8",
      "copies": 1,
      "attributes": {
        "color": "black",
        "mount": "No mount / Mat",
        "paperType": "Silver foil"
      },
      "assets": [
        {
          "printArea": "default"
        }
      ]
    }
  ]
}
[Prodigi] Request body being sent: {
  "destinationCountryCode": "FR",
  "shippingMethod": "Budget",
  "items": [
    {
      "sku": "fra-cla-foil-sil-8x8",
      "copies": 1,
      "attributes": {
        "color": "black",
        "mount": "No mount / Mat",
        "paperType": "Silver foil"
      },
      "assets": [
        {
          "printArea": "default"
        }
      ]
    }
  ]
}
[Prodigi] Request body being sent: {
  "destinationCountryCode": "FR",
  "shippingMethod": "Standard",
  "items": [
    {
      "sku": "fra-cla-foil-sil-8x8",
      "copies": 1,
      "attributes": {
        "color": "black",
        "mount": "No mount / Mat",
        "paperType": "Silver foil"
      },
      "assets": [
        {
          "printArea": "default"
        }
      ]
    }
  ]
}
[Prodigi] Request body being sent: {
  "destinationCountryCode": "FR",
  "shippingMethod": "Express",
  "items": [
    {
      "sku": "fra-cla-foil-sil-8x8",
      "copies": 1,
      "attributes": {
        "color": "black",
        "mount": "No mount / Mat",
        "paperType": "Silver foil"
      },
      "assets": [
        {
          "printArea": "default"
        }
      ]
    }
  ]
}
[Prodigi] Request body being sent: {
  "destinationCountryCode": "FR",
  "shippingMethod": "Overnight",
  "items": [
    {
      "sku": "fra-cla-foil-sil-8x8",
      "copies": 1,
      "attributes": {
        "color": "black",
        "mount": "No mount / Mat",
        "paperType": "Silver foil"
      },
      "assets": [
        {
          "printArea": "default"
        }
      ]
    }
  ]
}
[Prodigi:production] ✅ POST https://api.prodigi.com/v4.0/quotes - 200 
[Prodigi:production] ✅ POST https://api.prodigi.com/v4.0/quotes - 200 
[Prodigi:production] ✅ POST https://api.prodigi.com/v4.0/quotes - 200 
[Prodigi:production] ✅ POST https://api.prodigi.com/v4.0/quotes - 200 
  ⏳ Progress: 4.7% (7/150) - Testing 8x8 → IT...[Catalog] Searching Azure for framed-print 8x8 {
  prodigiProductTypes: [ 'Framed prints' ],
  searchParams: {
    minDimensionMm: 183,
    maxDimensionMm: 224,
    aspectRatioMin: 90,
    aspectRatioMax: 110
  }
}
🔍 Azure Search query: {
  filters: {
    country: 'IT',
    category: 'Wall art',
    productTypes: [ 'Framed prints' ],
    minDimensionMm: 183,
    maxDimensionMm: 224,
    aspectRatioMin: 90,
    aspectRatioMax: 110
  },
  options: {
    top: 20,
    includeFacets: false,
    scoringProfile: 'Boost by production country',
    scoringParameter: 'prodCountry-IT'
  },
  url: 'https://pwintylive.search.windows.net/indexes/live-catalogue/docs?api-version=2016-09-01&search=*&%24count=true&%24top=20&%24filter=destinationCountries%2Fany%28c%3A+c+eq+%27IT%27%29+and+category+eq+%...'
}
✅ Azure Search results: { totalCount: 94, returnedCount: 20, hasFacets: false }
[Catalog] Filtered out 0 cork products from 20 total
[Catalog] Found SKU: fra-cla-foil-sil-8x8 for framed-print 8x8 {
  productType: 'Framed prints',
  dimensions: '20x20cm',
  productionCountries: [ 'US', 'GB' ],
  score: 8.5
}
[Catalog] Fetching product details from Prodigi API: fra-cla-foil-sil-8x8
[Catalog] Successfully fetched product details: fra-cla-foil-sil-8x8
[Attributes] Product has mount attribute but mount is not set. Using default: No mount / Mat
[Attributes] Skipping frame attribute - "black" appears to be a color, not a frame style
[Attributes] Product has paperType attribute but paperType is not set. Using default: Silver foil
[Attributes] Built: {
  validKeys: [
    'frame',
    'color',
    'glaze',
    'mount',
    'paperType',
    'style',
    'substrateWeight'
  ],
  output: { color: 'black', mount: 'No mount / Mat', paperType: 'Silver foil' }
}
[QuotesAPI] Creating quote request: {
  "destinationCountryCode": "IT",
  "shippingMethod": "Budget",
  "items": [
    {
      "sku": "fra-cla-foil-sil-8x8",
      "copies": 1,
      "attributes": {
        "color": "black",
        "mount": "No mount / Mat",
        "paperType": "Silver foil"
      },
      "assets": [
        {
          "printArea": "default"
        }
      ]
    }
  ]
}
[QuotesAPI] Creating quote request: {
  "destinationCountryCode": "IT",
  "shippingMethod": "Standard",
  "items": [
    {
      "sku": "fra-cla-foil-sil-8x8",
      "copies": 1,
      "attributes": {
        "color": "black",
        "mount": "No mount / Mat",
        "paperType": "Silver foil"
      },
      "assets": [
        {
          "printArea": "default"
        }
      ]
    }
  ]
}
[QuotesAPI] Creating quote request: {
  "destinationCountryCode": "IT",
  "shippingMethod": "Express",
  "items": [
    {
      "sku": "fra-cla-foil-sil-8x8",
      "copies": 1,
      "attributes": {
        "color": "black",
        "mount": "No mount / Mat",
        "paperType": "Silver foil"
      },
      "assets": [
        {
          "printArea": "default"
        }
      ]
    }
  ]
}
[QuotesAPI] Creating quote request: {
  "destinationCountryCode": "IT",
  "shippingMethod": "Overnight",
  "items": [
    {
      "sku": "fra-cla-foil-sil-8x8",
      "copies": 1,
      "attributes": {
        "color": "black",
        "mount": "No mount / Mat",
        "paperType": "Silver foil"
      },
      "assets": [
        {
          "printArea": "default"
        }
      ]
    }
  ]
}
[Prodigi] Request body being sent: {
  "destinationCountryCode": "IT",
  "shippingMethod": "Budget",
  "items": [
    {
      "sku": "fra-cla-foil-sil-8x8",
      "copies": 1,
      "attributes": {
        "color": "black",
        "mount": "No mount / Mat",
        "paperType": "Silver foil"
      },
      "assets": [
        {
          "printArea": "default"
        }
      ]
    }
  ]
}
[Prodigi] Request body being sent: {
  "destinationCountryCode": "IT",
  "shippingMethod": "Standard",
  "items": [
    {
      "sku": "fra-cla-foil-sil-8x8",
      "copies": 1,
      "attributes": {
        "color": "black",
        "mount": "No mount / Mat",
        "paperType": "Silver foil"
      },
      "assets": [
        {
          "printArea": "default"
        }
      ]
    }
  ]
}
[Prodigi] Request body being sent: {
  "destinationCountryCode": "IT",
  "shippingMethod": "Express",
  "items": [
    {
      "sku": "fra-cla-foil-sil-8x8",
      "copies": 1,
      "attributes": {
        "color": "black",
        "mount": "No mount / Mat",
        "paperType": "Silver foil"
      },
      "assets": [
        {
          "printArea": "default"
        }
      ]
    }
  ]
}
[Prodigi] Request body being sent: {
  "destinationCountryCode": "IT",
  "shippingMethod": "Overnight",
  "items": [
    {
      "sku": "fra-cla-foil-sil-8x8",
      "copies": 1,
      "attributes": {
        "color": "black",
        "mount": "No mount / Mat",
        "paperType": "Silver foil"
      },
      "assets": [
        {
          "printArea": "default"
        }
      ]
    }
  ]
}
[Prodigi:production] ✅ POST https://api.prodigi.com/v4.0/quotes - 200 
[Prodigi:production] ✅ POST https://api.prodigi.com/v4.0/quotes - 200 
[Prodigi:production] ✅ POST https://api.prodigi.com/v4.0/quotes - 200 
[Prodigi:production] ✅ POST https://api.prodigi.com/v4.0/quotes - 200 
  ⏳ Progress: 5.3% (8/150) - Testing 8x8 → ES...[Catalog] Searching Azure for framed-print 8x8 {
  prodigiProductTypes: [ 'Framed prints' ],
  searchParams: {
    minDimensionMm: 183,
    maxDimensionMm: 224,
    aspectRatioMin: 90,
    aspectRatioMax: 110
  }
}
🔍 Azure Search query: {
  filters: {
    country: 'ES',
    category: 'Wall art',
    productTypes: [ 'Framed prints' ],
    minDimensionMm: 183,
    maxDimensionMm: 224,
    aspectRatioMin: 90,
    aspectRatioMax: 110
  },
  options: {
    top: 20,
    includeFacets: false,
    scoringProfile: 'Boost by production country',
    scoringParameter: 'prodCountry-ES'
  },
  url: 'https://pwintylive.search.windows.net/indexes/live-catalogue/docs?api-version=2016-09-01&search=*&%24count=true&%24top=20&%24filter=destinationCountries%2Fany%28c%3A+c+eq+%27ES%27%29+and+category+eq+%...'
}
✅ Azure Search results: { totalCount: 94, returnedCount: 20, hasFacets: false }
[Catalog] Filtered out 0 cork products from 20 total
[Catalog] Found SKU: fra-cla-foil-sil-8x8 for framed-print 8x8 {
  productType: 'Framed prints',
  dimensions: '20x20cm',
  productionCountries: [ 'US', 'GB' ],
  score: 8.5
}
[Catalog] Fetching product details from Prodigi API: fra-cla-foil-sil-8x8
[Catalog] Successfully fetched product details: fra-cla-foil-sil-8x8
[Attributes] Product has mount attribute but mount is not set. Using default: No mount / Mat
[Attributes] Skipping frame attribute - "black" appears to be a color, not a frame style
[Attributes] Product has paperType attribute but paperType is not set. Using default: Silver foil
[Attributes] Built: {
  validKeys: [
    'frame',
    'color',
    'glaze',
    'mount',
    'paperType',
    'style',
    'substrateWeight'
  ],
  output: { color: 'black', mount: 'No mount / Mat', paperType: 'Silver foil' }
}
[QuotesAPI] Creating quote request: {
  "destinationCountryCode": "ES",
  "shippingMethod": "Budget",
  "items": [
    {
      "sku": "fra-cla-foil-sil-8x8",
      "copies": 1,
      "attributes": {
        "color": "black",
        "mount": "No mount / Mat",
        "paperType": "Silver foil"
      },
      "assets": [
        {
          "printArea": "default"
        }
      ]
    }
  ]
}
[QuotesAPI] Creating quote request: {
  "destinationCountryCode": "ES",
  "shippingMethod": "Standard",
  "items": [
    {
      "sku": "fra-cla-foil-sil-8x8",
      "copies": 1,
      "attributes": {
        "color": "black",
        "mount": "No mount / Mat",
        "paperType": "Silver foil"
      },
      "assets": [
        {
          "printArea": "default"
        }
      ]
    }
  ]
}
[QuotesAPI] Creating quote request: {
  "destinationCountryCode": "ES",
  "shippingMethod": "Express",
  "items": [
    {
      "sku": "fra-cla-foil-sil-8x8",
      "copies": 1,
      "attributes": {
        "color": "black",
        "mount": "No mount / Mat",
        "paperType": "Silver foil"
      },
      "assets": [
        {
          "printArea": "default"
        }
      ]
    }
  ]
}
[QuotesAPI] Creating quote request: {
  "destinationCountryCode": "ES",
  "shippingMethod": "Overnight",
  "items": [
    {
      "sku": "fra-cla-foil-sil-8x8",
      "copies": 1,
      "attributes": {
        "color": "black",
        "mount": "No mount / Mat",
        "paperType": "Silver foil"
      },
      "assets": [
        {
          "printArea": "default"
        }
      ]
    }
  ]
}
[Prodigi] Request body being sent: {
  "destinationCountryCode": "ES",
  "shippingMethod": "Budget",
  "items": [
    {
      "sku": "fra-cla-foil-sil-8x8",
      "copies": 1,
      "attributes": {
        "color": "black",
        "mount": "No mount / Mat",
        "paperType": "Silver foil"
      },
      "assets": [
        {
          "printArea": "default"
        }
      ]
    }
  ]
}
[Prodigi] Request body being sent: {
  "destinationCountryCode": "ES",
  "shippingMethod": "Standard",
  "items": [
    {
      "sku": "fra-cla-foil-sil-8x8",
      "copies": 1,
      "attributes": {
        "color": "black",
        "mount": "No mount / Mat",
        "paperType": "Silver foil"
      },
      "assets": [
        {
          "printArea": "default"
        }
      ]
    }
  ]
}
[Prodigi] Request body being sent: {
  "destinationCountryCode": "ES",
  "shippingMethod": "Express",
  "items": [
    {
      "sku": "fra-cla-foil-sil-8x8",
      "copies": 1,
      "attributes": {
        "color": "black",
        "mount": "No mount / Mat",
        "paperType": "Silver foil"
      },
      "assets": [
        {
          "printArea": "default"
        }
      ]
    }
  ]
}
[Prodigi] Request body being sent: {
  "destinationCountryCode": "ES",
  "shippingMethod": "Overnight",
  "items": [
    {
      "sku": "fra-cla-foil-sil-8x8",
      "copies": 1,
      "attributes": {
        "color": "black",
        "mount": "No mount / Mat",
        "paperType": "Silver foil"
      },
      "assets": [
        {
          "printArea": "default"
        }
      ]
    }
  ]
}
[Prodigi:production] ✅ POST https://api.prodigi.com/v4.0/quotes - 200 
[Prodigi:production] ✅ POST https://api.prodigi.com/v4.0/quotes - 200 
[Prodigi:production] ✅ POST https://api.prodigi.com/v4.0/quotes - 200 
[Prodigi:production] ✅ POST https://api.prodigi.com/v4.0/quotes - 200 
  ⏳ Progress: 6.0% (9/150) - Testing 8x8 → NL...[Catalog] Searching Azure for framed-print 8x8 {
  prodigiProductTypes: [ 'Framed prints' ],
  searchParams: {
    minDimensionMm: 183,
    maxDimensionMm: 224,
    aspectRatioMin: 90,
    aspectRatioMax: 110
  }
}
🔍 Azure Search query: {
  filters: {
    country: 'NL',
    category: 'Wall art',
    productTypes: [ 'Framed prints' ],
    minDimensionMm: 183,
    maxDimensionMm: 224,
    aspectRatioMin: 90,
    aspectRatioMax: 110
  },
  options: {
    top: 20,
    includeFacets: false,
    scoringProfile: 'Boost by production country',
    scoringParameter: 'prodCountry-NL'
  },
  url: 'https://pwintylive.search.windows.net/indexes/live-catalogue/docs?api-version=2016-09-01&search=*&%24count=true&%24top=20&%24filter=destinationCountries%2Fany%28c%3A+c+eq+%27NL%27%29+and+category+eq+%...'
}
✅ Azure Search results: { totalCount: 94, returnedCount: 20, hasFacets: false }
[Catalog] Filtered out 0 cork products from 20 total
[Catalog] Found SKU: global-cfp-8x8 for framed-print 8x8 {
  productType: 'Framed prints',
  dimensions: '20x20cm',
  productionCountries: [ 'AU', 'NL', 'US', 'GB' ],
  score: 160
}
[Catalog] Fetching product details from Prodigi API: global-cfp-8x8
[Catalog] Successfully fetched product details: global-cfp-8x8
[Attributes] Product has mount attribute but mount is not set. Using default: No mount / Mat
[Attributes] Skipping frame attribute - "black" appears to be a color, not a frame style
[Attributes] Product has paperType attribute but paperType is not set. Using default: EMA
[Attributes] Built: {
  validKeys: [
    'frame',
    'color',
    'glaze',
    'mount',
    'paperType',
    'style',
    'substrateWeight'
  ],
  output: { color: 'black', mount: 'No mount / Mat', paperType: 'EMA' }
}
[QuotesAPI] Creating quote request: {
  "destinationCountryCode": "NL",
  "shippingMethod": "Budget",
  "items": [
    {
      "sku": "global-cfp-8x8",
      "copies": 1,
      "attributes": {
        "color": "black",
        "mount": "No mount / Mat",
        "paperType": "EMA"
      },
      "assets": [
        {
          "printArea": "default"
        }
      ]
    }
  ]
}
[QuotesAPI] Creating quote request: {
  "destinationCountryCode": "NL",
  "shippingMethod": "Standard",
  "items": [
    {
      "sku": "global-cfp-8x8",
      "copies": 1,
      "attributes": {
        "color": "black",
        "mount": "No mount / Mat",
        "paperType": "EMA"
      },
      "assets": [
        {
          "printArea": "default"
        }
      ]
    }
  ]
}
[QuotesAPI] Creating quote request: {
  "destinationCountryCode": "NL",
  "shippingMethod": "Express",
  "items": [
    {
      "sku": "global-cfp-8x8",
      "copies": 1,
      "attributes": {
        "color": "black",
        "mount": "No mount / Mat",
        "paperType": "EMA"
      },
      "assets": [
        {
          "printArea": "default"
        }
      ]
    }
  ]
}
[QuotesAPI] Creating quote request: {
  "destinationCountryCode": "NL",
  "shippingMethod": "Overnight",
  "items": [
    {
      "sku": "global-cfp-8x8",
      "copies": 1,
      "attributes": {
        "color": "black",
        "mount": "No mount / Mat",
        "paperType": "EMA"
      },
      "assets": [
        {
          "printArea": "default"
        }
      ]
    }
  ]
}
[Prodigi] Request body being sent: {
  "destinationCountryCode": "NL",
  "shippingMethod": "Budget",
  "items": [
    {
      "sku": "global-cfp-8x8",
      "copies": 1,
      "attributes": {
        "color": "black",
        "mount": "No mount / Mat",
        "paperType": "EMA"
      },
      "assets": [
        {
          "printArea": "default"
        }
      ]
    }
  ]
}
[Prodigi] Request body being sent: {
  "destinationCountryCode": "NL",
  "shippingMethod": "Standard",
  "items": [
    {
      "sku": "global-cfp-8x8",
      "copies": 1,
      "attributes": {
        "color": "black",
        "mount": "No mount / Mat",
        "paperType": "EMA"
      },
      "assets": [
        {
          "printArea": "default"
        }
      ]
    }
  ]
}
[Prodigi] Request body being sent: {
  "destinationCountryCode": "NL",
  "shippingMethod": "Express",
  "items": [
    {
      "sku": "global-cfp-8x8",
      "copies": 1,
      "attributes": {
        "color": "black",
        "mount": "No mount / Mat",
        "paperType": "EMA"
      },
      "assets": [
        {
          "printArea": "default"
        }
      ]
    }
  ]
}
[Prodigi] Request body being sent: {
  "destinationCountryCode": "NL",
  "shippingMethod": "Overnight",
  "items": [
    {
      "sku": "global-cfp-8x8",
      "copies": 1,
      "attributes": {
        "color": "black",
        "mount": "No mount / Mat",
        "paperType": "EMA"
      },
      "assets": [
        {
          "printArea": "default"
        }
      ]
    }
  ]
}
[Prodigi:production] ✅ POST https://api.prodigi.com/v4.0/quotes - 200 
[Prodigi:production] ✅ POST https://api.prodigi.com/v4.0/quotes - 200 
[Prodigi:production] ✅ POST https://api.prodigi.com/v4.0/quotes - 200 
[Prodigi:production] ✅ POST https://api.prodigi.com/v4.0/quotes - 200 
  ⏳ Progress: 6.7% (10/150) - Testing 8x8 → BE...[Catalog] Searching Azure for framed-print 8x8 {
  prodigiProductTypes: [ 'Framed prints' ],
  searchParams: {
    minDimensionMm: 183,
    maxDimensionMm: 224,
    aspectRatioMin: 90,
    aspectRatioMax: 110
  }
}
🔍 Azure Search query: {
  filters: {
    country: 'BE',
    category: 'Wall art',
    productTypes: [ 'Framed prints' ],
    minDimensionMm: 183,
    maxDimensionMm: 224,
    aspectRatioMin: 90,
    aspectRatioMax: 110
  },
  options: {
    top: 20,
    includeFacets: false,
    scoringProfile: 'Boost by production country',
    scoringParameter: 'prodCountry-BE'
  },
  url: 'https://pwintylive.search.windows.net/indexes/live-catalogue/docs?api-version=2016-09-01&search=*&%24count=true&%24top=20&%24filter=destinationCountries%2Fany%28c%3A+c+eq+%27BE%27%29+and+category+eq+%...'
}
✅ Azure Search results: { totalCount: 94, returnedCount: 20, hasFacets: false }
[Catalog] Filtered out 0 cork products from 20 total
[Catalog] Found SKU: fra-cla-foil-sil-8x8 for framed-print 8x8 {
  productType: 'Framed prints',
  dimensions: '20x20cm',
  productionCountries: [ 'US', 'GB' ],
  score: 8.5
}
[Catalog] Fetching product details from Prodigi API: fra-cla-foil-sil-8x8
[Catalog] Successfully fetched product details: fra-cla-foil-sil-8x8
[Attributes] Product has mount attribute but mount is not set. Using default: No mount / Mat
[Attributes] Skipping frame attribute - "black" appears to be a color, not a frame style
[Attributes] Product has paperType attribute but paperType is not set. Using default: Silver foil
[Attributes] Built: {
  validKeys: [
    'frame',
    'color',
    'glaze',
    'mount',
    'paperType',
    'style',
    'substrateWeight'
  ],
  output: { color: 'black', mount: 'No mount / Mat', paperType: 'Silver foil' }
}
[QuotesAPI] Creating quote request: {
  "destinationCountryCode": "BE",
  "shippingMethod": "Budget",
  "items": [
    {
      "sku": "fra-cla-foil-sil-8x8",
      "copies": 1,
      "attributes": {
        "color": "black",
        "mount": "No mount / Mat",
        "paperType": "Silver foil"
      },
      "assets": [
        {
          "printArea": "default"
        }
      ]
    }
  ]
}
[QuotesAPI] Creating quote request: {
  "destinationCountryCode": "BE",
  "shippingMethod": "Standard",
  "items": [
    {
      "sku": "fra-cla-foil-sil-8x8",
      "copies": 1,
      "attributes": {
        "color": "black",
        "mount": "No mount / Mat",
        "paperType": "Silver foil"
      },
      "assets": [
        {
          "printArea": "default"
        }
      ]
    }
  ]
}
[QuotesAPI] Creating quote request: {
  "destinationCountryCode": "BE",
  "shippingMethod": "Express",
  "items": [
    {
      "sku": "fra-cla-foil-sil-8x8",
      "copies": 1,
      "attributes": {
        "color": "black",
        "mount": "No mount / Mat",
        "paperType": "Silver foil"
      },
      "assets": [
        {
          "printArea": "default"
        }
      ]
    }
  ]
}
[QuotesAPI] Creating quote request: {
  "destinationCountryCode": "BE",
  "shippingMethod": "Overnight",
  "items": [
    {
      "sku": "fra-cla-foil-sil-8x8",
      "copies": 1,
      "attributes": {
        "color": "black",
        "mount": "No mount / Mat",
        "paperType": "Silver foil"
      },
      "assets": [
        {
          "printArea": "default"
        }
      ]
    }
  ]
}
[Prodigi] Request body being sent: {
  "destinationCountryCode": "BE",
  "shippingMethod": "Budget",
  "items": [
    {
      "sku": "fra-cla-foil-sil-8x8",
      "copies": 1,
      "attributes": {
        "color": "black",
        "mount": "No mount / Mat",
        "paperType": "Silver foil"
      },
      "assets": [
        {
          "printArea": "default"
        }
      ]
    }
  ]
}
[Prodigi] Request body being sent: {
  "destinationCountryCode": "BE",
  "shippingMethod": "Standard",
  "items": [
    {
      "sku": "fra-cla-foil-sil-8x8",
      "copies": 1,
      "attributes": {
        "color": "black",
        "mount": "No mount / Mat",
        "paperType": "Silver foil"
      },
      "assets": [
        {
          "printArea": "default"
        }
      ]
    }
  ]
}
[Prodigi] Request body being sent: {
  "destinationCountryCode": "BE",
  "shippingMethod": "Express",
  "items": [
    {
      "sku": "fra-cla-foil-sil-8x8",
      "copies": 1,
      "attributes": {
        "color": "black",
        "mount": "No mount / Mat",
        "paperType": "Silver foil"
      },
      "assets": [
        {
          "printArea": "default"
        }
      ]
    }
  ]
}
[Prodigi] Request body being sent: {
  "destinationCountryCode": "BE",
  "shippingMethod": "Overnight",
  "items": [
    {
      "sku": "fra-cla-foil-sil-8x8",
      "copies": 1,
      "attributes": {
        "color": "black",
        "mount": "No mount / Mat",
        "paperType": "Silver foil"
      },
      "assets": [
        {
          "printArea": "default"
        }
      ]
    }
  ]
}
[Prodigi:production] ✅ POST https://api.prodigi.com/v4.0/quotes - 200 
[Prodigi:production] ✅ POST https://api.prodigi.com/v4.0/quotes - 200 
[Prodigi:production] ✅ POST https://api.prodigi.com/v4.0/quotes - 200 
[Prodigi:production] ✅ POST https://api.prodigi.com/v4.0/quotes - 200 
  ⏳ Progress: 7.3% (11/150) - Testing 8x8 → JP...[Catalog] Searching Azure for framed-print 8x8 {
  prodigiProductTypes: [ 'Framed prints' ],
  searchParams: {
    minDimensionMm: 183,
    maxDimensionMm: 224,
    aspectRatioMin: 90,
    aspectRatioMax: 110
  }
}
🔍 Azure Search query: {
  filters: {
    country: 'JP',
    category: 'Wall art',
    productTypes: [ 'Framed prints' ],
    minDimensionMm: 183,
    maxDimensionMm: 224,
    aspectRatioMin: 90,
    aspectRatioMax: 110
  },
  options: {
    top: 20,
    includeFacets: false,
    scoringProfile: 'Boost by production country',
    scoringParameter: 'prodCountry-JP'
  },
  url: 'https://pwintylive.search.windows.net/indexes/live-catalogue/docs?api-version=2016-09-01&search=*&%24count=true&%24top=20&%24filter=destinationCountries%2Fany%28c%3A+c+eq+%27JP%27%29+and+category+eq+%...'
}
✅ Azure Search results: { totalCount: 94, returnedCount: 20, hasFacets: false }
[Catalog] Filtered out 0 cork products from 20 total
[Catalog] Found SKU: fra-cla-foil-sil-8x8 for framed-print 8x8 {
  productType: 'Framed prints',
  dimensions: '20x20cm',
  productionCountries: [ 'US', 'GB' ],
  score: 8.5
}
[Catalog] Fetching product details from Prodigi API: fra-cla-foil-sil-8x8
[Catalog] Successfully fetched product details: fra-cla-foil-sil-8x8
[Attributes] Product has mount attribute but mount is not set. Using default: No mount / Mat
[Attributes] Skipping frame attribute - "black" appears to be a color, not a frame style
[Attributes] Product has paperType attribute but paperType is not set. Using default: Silver foil
[Attributes] Built: {
  validKeys: [
    'frame',
    'color',
    'glaze',
    'mount',
    'paperType',
    'style',
    'substrateWeight'
  ],
  output: { color: 'black', mount: 'No mount / Mat', paperType: 'Silver foil' }
}
[QuotesAPI] Creating quote request: {
  "destinationCountryCode": "JP",
  "shippingMethod": "Budget",
  "items": [
    {
      "sku": "fra-cla-foil-sil-8x8",
      "copies": 1,
      "attributes": {
        "color": "black",
        "mount": "No mount / Mat",
        "paperType": "Silver foil"
      },
      "assets": [
        {
          "printArea": "default"
        }
      ]
    }
  ]
}
[QuotesAPI] Creating quote request: {
  "destinationCountryCode": "JP",
  "shippingMethod": "Standard",
  "items": [
    {
      "sku": "fra-cla-foil-sil-8x8",
      "copies": 1,
      "attributes": {
        "color": "black",
        "mount": "No mount / Mat",
        "paperType": "Silver foil"
      },
      "assets": [
        {
          "printArea": "default"
        }
      ]
    }
  ]
}
[QuotesAPI] Creating quote request: {
  "destinationCountryCode": "JP",
  "shippingMethod": "Express",
  "items": [
    {
      "sku": "fra-cla-foil-sil-8x8",
      "copies": 1,
      "attributes": {
        "color": "black",
        "mount": "No mount / Mat",
        "paperType": "Silver foil"
      },
      "assets": [
        {
          "printArea": "default"
        }
      ]
    }
  ]
}
[QuotesAPI] Creating quote request: {
  "destinationCountryCode": "JP",
  "shippingMethod": "Overnight",
  "items": [
    {
      "sku": "fra-cla-foil-sil-8x8",
      "copies": 1,
      "attributes": {
        "color": "black",
        "mount": "No mount / Mat",
        "paperType": "Silver foil"
      },
      "assets": [
        {
          "printArea": "default"
        }
      ]
    }
  ]
}
[Prodigi] Request body being sent: {
  "destinationCountryCode": "JP",
  "shippingMethod": "Budget",
  "items": [
    {
      "sku": "fra-cla-foil-sil-8x8",
      "copies": 1,
      "attributes": {
        "color": "black",
        "mount": "No mount / Mat",
        "paperType": "Silver foil"
      },
      "assets": [
        {
          "printArea": "default"
        }
      ]
    }
  ]
}
[Prodigi] Request body being sent: {
  "destinationCountryCode": "JP",
  "shippingMethod": "Standard",
  "items": [
    {
      "sku": "fra-cla-foil-sil-8x8",
      "copies": 1,
      "attributes": {
        "color": "black",
        "mount": "No mount / Mat",
        "paperType": "Silver foil"
      },
      "assets": [
        {
          "printArea": "default"
        }
      ]
    }
  ]
}
[Prodigi] Request body being sent: {
  "destinationCountryCode": "JP",
  "shippingMethod": "Express",
  "items": [
    {
      "sku": "fra-cla-foil-sil-8x8",
      "copies": 1,
      "attributes": {
        "color": "black",
        "mount": "No mount / Mat",
        "paperType": "Silver foil"
      },
      "assets": [
        {
          "printArea": "default"
        }
      ]
    }
  ]
}
[Prodigi] Request body being sent: {
  "destinationCountryCode": "JP",
  "shippingMethod": "Overnight",
  "items": [
    {
      "sku": "fra-cla-foil-sil-8x8",
      "copies": 1,
      "attributes": {
        "color": "black",
        "mount": "No mount / Mat",
        "paperType": "Silver foil"
      },
      "assets": [
        {
          "printArea": "default"
        }
      ]
    }
  ]
}
[Prodigi:production] ✅ POST https://api.prodigi.com/v4.0/quotes - 200 
[Prodigi:production] ✅ POST https://api.prodigi.com/v4.0/quotes - 200 
[Prodigi:production] ✅ POST https://api.prodigi.com/v4.0/quotes - 200 
[Prodigi:production] ✅ POST https://api.prodigi.com/v4.0/quotes - 200 
  ⏳ Progress: 8.0% (12/150) - Testing 8x8 → KR...[Catalog] Searching Azure for framed-print 8x8 {
  prodigiProductTypes: [ 'Framed prints' ],
  searchParams: {
    minDimensionMm: 183,
    maxDimensionMm: 224,
    aspectRatioMin: 90,
    aspectRatioMax: 110
  }
}
🔍 Azure Search query: {
  filters: {
    country: 'KR',
    category: 'Wall art',
    productTypes: [ 'Framed prints' ],
    minDimensionMm: 183,
    maxDimensionMm: 224,
    aspectRatioMin: 90,
    aspectRatioMax: 110
  },
  options: {
    top: 20,
    includeFacets: false,
    scoringProfile: 'Boost by production country',
    scoringParameter: 'prodCountry-KR'
  },
  url: 'https://pwintylive.search.windows.net/indexes/live-catalogue/docs?api-version=2016-09-01&search=*&%24count=true&%24top=20&%24filter=destinationCountries%2Fany%28c%3A+c+eq+%27KR%27%29+and+category+eq+%...'
}
✅ Azure Search results: { totalCount: 94, returnedCount: 20, hasFacets: false }
[Catalog] Filtered out 0 cork products from 20 total
[Catalog] Found SKU: fra-cla-foil-sil-8x8 for framed-print 8x8 {
  productType: 'Framed prints',
  dimensions: '20x20cm',
  productionCountries: [ 'US', 'GB' ],
  score: 8.5
}
[Catalog] Fetching product details from Prodigi API: fra-cla-foil-sil-8x8
[Catalog] Successfully fetched product details: fra-cla-foil-sil-8x8
[Attributes] Product has mount attribute but mount is not set. Using default: No mount / Mat
[Attributes] Skipping frame attribute - "black" appears to be a color, not a frame style
[Attributes] Product has paperType attribute but paperType is not set. Using default: Silver foil
[Attributes] Built: {
  validKeys: [
    'frame',
    'color',
    'glaze',
    'mount',
    'paperType',
    'style',
    'substrateWeight'
  ],
  output: { color: 'black', mount: 'No mount / Mat', paperType: 'Silver foil' }
}
[QuotesAPI] Creating quote request: {
  "destinationCountryCode": "KR",
  "shippingMethod": "Budget",
  "items": [
    {
      "sku": "fra-cla-foil-sil-8x8",
      "copies": 1,
      "attributes": {
        "color": "black",
        "mount": "No mount / Mat",
        "paperType": "Silver foil"
      },
      "assets": [
        {
          "printArea": "default"
        }
      ]
    }
  ]
}
[QuotesAPI] Creating quote request: {
  "destinationCountryCode": "KR",
  "shippingMethod": "Standard",
  "items": [
    {
      "sku": "fra-cla-foil-sil-8x8",
      "copies": 1,
      "attributes": {
        "color": "black",
        "mount": "No mount / Mat",
        "paperType": "Silver foil"
      },
      "assets": [
        {
          "printArea": "default"
        }
      ]
    }
  ]
}
[QuotesAPI] Creating quote request: {
  "destinationCountryCode": "KR",
  "shippingMethod": "Express",
  "items": [
    {
      "sku": "fra-cla-foil-sil-8x8",
      "copies": 1,
      "attributes": {
        "color": "black",
        "mount": "No mount / Mat",
        "paperType": "Silver foil"
      },
      "assets": [
        {
          "printArea": "default"
        }
      ]
    }
  ]
}
[QuotesAPI] Creating quote request: {
  "destinationCountryCode": "KR",
  "shippingMethod": "Overnight",
  "items": [
    {
      "sku": "fra-cla-foil-sil-8x8",
      "copies": 1,
      "attributes": {
        "color": "black",
        "mount": "No mount / Mat",
        "paperType": "Silver foil"
      },
      "assets": [
        {
          "printArea": "default"
        }
      ]
    }
  ]
}
[Prodigi] Request body being sent: {
  "destinationCountryCode": "KR",
  "shippingMethod": "Budget",
  "items": [
    {
      "sku": "fra-cla-foil-sil-8x8",
      "copies": 1,
      "attributes": {
        "color": "black",
        "mount": "No mount / Mat",
        "paperType": "Silver foil"
      },
      "assets": [
        {
          "printArea": "default"
        }
      ]
    }
  ]
}
[Prodigi] Request body being sent: {
  "destinationCountryCode": "KR",
  "shippingMethod": "Standard",
  "items": [
    {
      "sku": "fra-cla-foil-sil-8x8",
      "copies": 1,
      "attributes": {
        "color": "black",
        "mount": "No mount / Mat",
        "paperType": "Silver foil"
      },
      "assets": [
        {
          "printArea": "default"
        }
      ]
    }
  ]
}
[Prodigi] Request body being sent: {
  "destinationCountryCode": "KR",
  "shippingMethod": "Express",
  "items": [
    {
      "sku": "fra-cla-foil-sil-8x8",
      "copies": 1,
      "attributes": {
        "color": "black",
        "mount": "No mount / Mat",
        "paperType": "Silver foil"
      },
      "assets": [
        {
          "printArea": "default"
        }
      ]
    }
  ]
}
[Prodigi] Request body being sent: {
  "destinationCountryCode": "KR",
  "shippingMethod": "Overnight",
  "items": [
    {
      "sku": "fra-cla-foil-sil-8x8",
      "copies": 1,
      "attributes": {
        "color": "black",
        "mount": "No mount / Mat",
        "paperType": "Silver foil"
      },
      "assets": [
        {
          "printArea": "default"
        }
      ]
    }
  ]
}
[Prodigi:production] ✅ POST https://api.prodigi.com/v4.0/quotes - 200 
[Prodigi:production] ✅ POST https://api.prodigi.com/v4.0/quotes - 200 
[Prodigi:production] ✅ POST https://api.prodigi.com/v4.0/quotes - 200 
[Prodigi:production] ✅ POST https://api.prodigi.com/v4.0/quotes - 200 
  ⏳ Progress: 8.7% (13/150) - Testing 8x8 → SG...[Catalog] Searching Azure for framed-print 8x8 {
  prodigiProductTypes: [ 'Framed prints' ],
  searchParams: {
    minDimensionMm: 183,
    maxDimensionMm: 224,
    aspectRatioMin: 90,
    aspectRatioMax: 110
  }
}
🔍 Azure Search query: {
  filters: {
    country: 'SG',
    category: 'Wall art',
    productTypes: [ 'Framed prints' ],
    minDimensionMm: 183,
    maxDimensionMm: 224,
    aspectRatioMin: 90,
    aspectRatioMax: 110
  },
  options: {
    top: 20,
    includeFacets: false,
    scoringProfile: 'Boost by production country',
    scoringParameter: 'prodCountry-SG'
  },
  url: 'https://pwintylive.search.windows.net/indexes/live-catalogue/docs?api-version=2016-09-01&search=*&%24count=true&%24top=20&%24filter=destinationCountries%2Fany%28c%3A+c+eq+%27SG%27%29+and+category+eq+%...'
}
✅ Azure Search results: { totalCount: 94, returnedCount: 20, hasFacets: false }
[Catalog] Filtered out 0 cork products from 20 total
[Catalog] Found SKU: fra-cla-foil-sil-8x8 for framed-print 8x8 {
  productType: 'Framed prints',
  dimensions: '20x20cm',
  productionCountries: [ 'US', 'GB' ],
  score: 8.5
}
[Catalog] Fetching product details from Prodigi API: fra-cla-foil-sil-8x8
[Catalog] Successfully fetched product details: fra-cla-foil-sil-8x8
[Attributes] Product has mount attribute but mount is not set. Using default: No mount / Mat
[Attributes] Skipping frame attribute - "black" appears to be a color, not a frame style
[Attributes] Product has paperType attribute but paperType is not set. Using default: Silver foil
[Attributes] Built: {
  validKeys: [
    'frame',
    'color',
    'glaze',
    'mount',
    'paperType',
    'style',
    'substrateWeight'
  ],
  output: { color: 'black', mount: 'No mount / Mat', paperType: 'Silver foil' }
}
[QuotesAPI] Creating quote request: {
  "destinationCountryCode": "SG",
  "shippingMethod": "Budget",
  "items": [
    {
      "sku": "fra-cla-foil-sil-8x8",
      "copies": 1,
      "attributes": {
        "color": "black",
        "mount": "No mount / Mat",
        "paperType": "Silver foil"
      },
      "assets": [
        {
          "printArea": "default"
        }
      ]
    }
  ]
}
[QuotesAPI] Creating quote request: {
  "destinationCountryCode": "SG",
  "shippingMethod": "Standard",
  "items": [
    {
      "sku": "fra-cla-foil-sil-8x8",
      "copies": 1,
      "attributes": {
        "color": "black",
        "mount": "No mount / Mat",
        "paperType": "Silver foil"
      },
      "assets": [
        {
          "printArea": "default"
        }
      ]
    }
  ]
}
[QuotesAPI] Creating quote request: {
  "destinationCountryCode": "SG",
  "shippingMethod": "Express",
  "items": [
    {
      "sku": "fra-cla-foil-sil-8x8",
      "copies": 1,
      "attributes": {
        "color": "black",
        "mount": "No mount / Mat",
        "paperType": "Silver foil"
      },
      "assets": [
        {
          "printArea": "default"
        }
      ]
    }
  ]
}
[QuotesAPI] Creating quote request: {
  "destinationCountryCode": "SG",
  "shippingMethod": "Overnight",
  "items": [
    {
      "sku": "fra-cla-foil-sil-8x8",
      "copies": 1,
      "attributes": {
        "color": "black",
        "mount": "No mount / Mat",
        "paperType": "Silver foil"
      },
      "assets": [
        {
          "printArea": "default"
        }
      ]
    }
  ]
}
[Prodigi] Request body being sent: {
  "destinationCountryCode": "SG",
  "shippingMethod": "Budget",
  "items": [
    {
      "sku": "fra-cla-foil-sil-8x8",
      "copies": 1,
      "attributes": {
        "color": "black",
        "mount": "No mount / Mat",
        "paperType": "Silver foil"
      },
      "assets": [
        {
          "printArea": "default"
        }
      ]
    }
  ]
}
[Prodigi] Request body being sent: {
  "destinationCountryCode": "SG",
  "shippingMethod": "Standard",
  "items": [
    {
      "sku": "fra-cla-foil-sil-8x8",
      "copies": 1,
      "attributes": {
        "color": "black",
        "mount": "No mount / Mat",
        "paperType": "Silver foil"
      },
      "assets": [
        {
          "printArea": "default"
        }
      ]
    }
  ]
}
[Prodigi] Request body being sent: {
  "destinationCountryCode": "SG",
  "shippingMethod": "Express",
  "items": [
    {
      "sku": "fra-cla-foil-sil-8x8",
      "copies": 1,
      "attributes": {
        "color": "black",
        "mount": "No mount / Mat",
        "paperType": "Silver foil"
      },
      "assets": [
        {
          "printArea": "default"
        }
      ]
    }
  ]
}
[Prodigi] Request body being sent: {
  "destinationCountryCode": "SG",
  "shippingMethod": "Overnight",
  "items": [
    {
      "sku": "fra-cla-foil-sil-8x8",
      "copies": 1,
      "attributes": {
        "color": "black",
        "mount": "No mount / Mat",
        "paperType": "Silver foil"
      },
      "assets": [
        {
          "printArea": "default"
        }
      ]
    }
  ]
}
[Prodigi:production] ✅ POST https://api.prodigi.com/v4.0/quotes - 200 
[Prodigi:production] ✅ POST https://api.prodigi.com/v4.0/quotes - 200 
[Prodigi:production] ✅ POST https://api.prodigi.com/v4.0/quotes - 200 
[Prodigi:production] ✅ POST https://api.prodigi.com/v4.0/quotes - 200 
  ⏳ Progress: 9.3% (14/150) - Testing 8x8 → HK...[Catalog] Searching Azure for framed-print 8x8 {
  prodigiProductTypes: [ 'Framed prints' ],
  searchParams: {
    minDimensionMm: 183,
    maxDimensionMm: 224,
    aspectRatioMin: 90,
    aspectRatioMax: 110
  }
}
🔍 Azure Search query: {
  filters: {
    country: 'HK',
    category: 'Wall art',
    productTypes: [ 'Framed prints' ],
    minDimensionMm: 183,
    maxDimensionMm: 224,
    aspectRatioMin: 90,
    aspectRatioMax: 110
  },
  options: {
    top: 20,
    includeFacets: false,
    scoringProfile: 'Boost by production country',
    scoringParameter: 'prodCountry-HK'
  },
  url: 'https://pwintylive.search.windows.net/indexes/live-catalogue/docs?api-version=2016-09-01&search=*&%24count=true&%24top=20&%24filter=destinationCountries%2Fany%28c%3A+c+eq+%27HK%27%29+and+category+eq+%...'
}
✅ Azure Search results: { totalCount: 94, returnedCount: 20, hasFacets: false }
[Catalog] Filtered out 0 cork products from 20 total
[Catalog] Found SKU: fra-cla-foil-sil-8x8 for framed-print 8x8 {
  productType: 'Framed prints',
  dimensions: '20x20cm',
  productionCountries: [ 'US', 'GB' ],
  score: 8.5
}
[Catalog] Fetching product details from Prodigi API: fra-cla-foil-sil-8x8
[Catalog] Successfully fetched product details: fra-cla-foil-sil-8x8
[Attributes] Product has mount attribute but mount is not set. Using default: No mount / Mat
[Attributes] Skipping frame attribute - "black" appears to be a color, not a frame style
[Attributes] Product has paperType attribute but paperType is not set. Using default: Silver foil
[Attributes] Built: {
  validKeys: [
    'frame',
    'color',
    'glaze',
    'mount',
    'paperType',
    'style',
    'substrateWeight'
  ],
  output: { color: 'black', mount: 'No mount / Mat', paperType: 'Silver foil' }
}
[QuotesAPI] Creating quote request: {
  "destinationCountryCode": "HK",
  "shippingMethod": "Budget",
  "items": [
    {
      "sku": "fra-cla-foil-sil-8x8",
      "copies": 1,
      "attributes": {
        "color": "black",
        "mount": "No mount / Mat",
        "paperType": "Silver foil"
      },
      "assets": [
        {
          "printArea": "default"
        }
      ]
    }
  ]
}
[QuotesAPI] Creating quote request: {
  "destinationCountryCode": "HK",
  "shippingMethod": "Standard",
  "items": [
    {
      "sku": "fra-cla-foil-sil-8x8",
      "copies": 1,
      "attributes": {
        "color": "black",
        "mount": "No mount / Mat",
        "paperType": "Silver foil"
      },
      "assets": [
        {
          "printArea": "default"
        }
      ]
    }
  ]
}
[QuotesAPI] Creating quote request: {
  "destinationCountryCode": "HK",
  "shippingMethod": "Express",
  "items": [
    {
      "sku": "fra-cla-foil-sil-8x8",
      "copies": 1,
      "attributes": {
        "color": "black",
        "mount": "No mount / Mat",
        "paperType": "Silver foil"
      },
      "assets": [
        {
          "printArea": "default"
        }
      ]
    }
  ]
}
[QuotesAPI] Creating quote request: {
  "destinationCountryCode": "HK",
  "shippingMethod": "Overnight",
  "items": [
    {
      "sku": "fra-cla-foil-sil-8x8",
      "copies": 1,
      "attributes": {
        "color": "black",
        "mount": "No mount / Mat",
        "paperType": "Silver foil"
      },
      "assets": [
        {
          "printArea": "default"
        }
      ]
    }
  ]
}
[Prodigi] Request body being sent: {
  "destinationCountryCode": "HK",
  "shippingMethod": "Budget",
  "items": [
    {
      "sku": "fra-cla-foil-sil-8x8",
      "copies": 1,
      "attributes": {
        "color": "black",
        "mount": "No mount / Mat",
        "paperType": "Silver foil"
      },
      "assets": [
        {
          "printArea": "default"
        }
      ]
    }
  ]
}
[Prodigi] Request body being sent: {
  "destinationCountryCode": "HK",
  "shippingMethod": "Standard",
  "items": [
    {
      "sku": "fra-cla-foil-sil-8x8",
      "copies": 1,
      "attributes": {
        "color": "black",
        "mount": "No mount / Mat",
        "paperType": "Silver foil"
      },
      "assets": [
        {
          "printArea": "default"
        }
      ]
    }
  ]
}
[Prodigi] Request body being sent: {
  "destinationCountryCode": "HK",
  "shippingMethod": "Express",
  "items": [
    {
      "sku": "fra-cla-foil-sil-8x8",
      "copies": 1,
      "attributes": {
        "color": "black",
        "mount": "No mount / Mat",
        "paperType": "Silver foil"
      },
      "assets": [
        {
          "printArea": "default"
        }
      ]
    }
  ]
}
[Prodigi] Request body being sent: {
  "destinationCountryCode": "HK",
  "shippingMethod": "Overnight",
  "items": [
    {
      "sku": "fra-cla-foil-sil-8x8",
      "copies": 1,
      "attributes": {
        "color": "black",
        "mount": "No mount / Mat",
        "paperType": "Silver foil"
      },
      "assets": [
        {
          "printArea": "default"
        }
      ]
    }
  ]
}
[Prodigi:production] ✅ POST https://api.prodigi.com/v4.0/quotes - 200 
[Prodigi:production] ✅ POST https://api.prodigi.com/v4.0/quotes - 200 
[Prodigi:production] ✅ POST https://api.prodigi.com/v4.0/quotes - 200 
[Prodigi:production] ✅ POST https://api.prodigi.com/v4.0/quotes - 200 
  ⏳ Progress: 10.0% (15/150) - Testing 8x8 → MX...[Catalog] Searching Azure for framed-print 8x8 {
  prodigiProductTypes: [ 'Framed prints' ],
  searchParams: {
    minDimensionMm: 183,
    maxDimensionMm: 224,
    aspectRatioMin: 90,
    aspectRatioMax: 110
  }
}
🔍 Azure Search query: {
  filters: {
    country: 'MX',
    category: 'Wall art',
    productTypes: [ 'Framed prints' ],
    minDimensionMm: 183,
    maxDimensionMm: 224,
    aspectRatioMin: 90,
    aspectRatioMax: 110
  },
  options: {
    top: 20,
    includeFacets: false,
    scoringProfile: 'Boost by production country',
    scoringParameter: 'prodCountry-MX'
  },
  url: 'https://pwintylive.search.windows.net/indexes/live-catalogue/docs?api-version=2016-09-01&search=*&%24count=true&%24top=20&%24filter=destinationCountries%2Fany%28c%3A+c+eq+%27MX%27%29+and+category+eq+%...'
}
✅ Azure Search results: { totalCount: 94, returnedCount: 20, hasFacets: false }
[Catalog] Filtered out 0 cork products from 20 total
[Catalog] Found SKU: fra-cla-foil-sil-8x8 for framed-print 8x8 {
  productType: 'Framed prints',
  dimensions: '20x20cm',
  productionCountries: [ 'US', 'GB' ],
  score: 8.5
}
[Catalog] Fetching product details from Prodigi API: fra-cla-foil-sil-8x8
[Catalog] Successfully fetched product details: fra-cla-foil-sil-8x8
[Attributes] Product has mount attribute but mount is not set. Using default: No mount / Mat
[Attributes] Skipping frame attribute - "black" appears to be a color, not a frame style
[Attributes] Product has paperType attribute but paperType is not set. Using default: Silver foil
[Attributes] Built: {
  validKeys: [
    'frame',
    'color',
    'glaze',
    'mount',
    'paperType',
    'style',
    'substrateWeight'
  ],
  output: { color: 'black', mount: 'No mount / Mat', paperType: 'Silver foil' }
}
[QuotesAPI] Creating quote request: {
  "destinationCountryCode": "MX",
  "shippingMethod": "Budget",
  "items": [
    {
      "sku": "fra-cla-foil-sil-8x8",
      "copies": 1,
      "attributes": {
        "color": "black",
        "mount": "No mount / Mat",
        "paperType": "Silver foil"
      },
      "assets": [
        {
          "printArea": "default"
        }
      ]
    }
  ]
}
[QuotesAPI] Creating quote request: {
  "destinationCountryCode": "MX",
  "shippingMethod": "Standard",
  "items": [
    {
      "sku": "fra-cla-foil-sil-8x8",
      "copies": 1,
      "attributes": {
        "color": "black",
        "mount": "No mount / Mat",
        "paperType": "Silver foil"
      },
      "assets": [
        {
          "printArea": "default"
        }
      ]
    }
  ]
}
[QuotesAPI] Creating quote request: {
  "destinationCountryCode": "MX",
  "shippingMethod": "Express",
  "items": [
    {
      "sku": "fra-cla-foil-sil-8x8",
      "copies": 1,
      "attributes": {
        "color": "black",
        "mount": "No mount / Mat",
        "paperType": "Silver foil"
      },
      "assets": [
        {
          "printArea": "default"
        }
      ]
    }
  ]
}
[QuotesAPI] Creating quote request: {
  "destinationCountryCode": "MX",
  "shippingMethod": "Overnight",
  "items": [
    {
      "sku": "fra-cla-foil-sil-8x8",
      "copies": 1,
      "attributes": {
        "color": "black",
        "mount": "No mount / Mat",
        "paperType": "Silver foil"
      },
      "assets": [
        {
          "printArea": "default"
        }
      ]
    }
  ]
}
[Prodigi] Request body being sent: {
  "destinationCountryCode": "MX",
  "shippingMethod": "Budget",
  "items": [
    {
      "sku": "fra-cla-foil-sil-8x8",
      "copies": 1,
      "attributes": {
        "color": "black",
        "mount": "No mount / Mat",
        "paperType": "Silver foil"
      },
      "assets": [
        {
          "printArea": "default"
        }
      ]
    }
  ]
}
[Prodigi] Request body being sent: {
  "destinationCountryCode": "MX",
  "shippingMethod": "Standard",
  "items": [
    {
      "sku": "fra-cla-foil-sil-8x8",
      "copies": 1,
      "attributes": {
        "color": "black",
        "mount": "No mount / Mat",
        "paperType": "Silver foil"
      },
      "assets": [
        {
          "printArea": "default"
        }
      ]
    }
  ]
}
[Prodigi] Request body being sent: {
  "destinationCountryCode": "MX",
  "shippingMethod": "Express",
  "items": [
    {
      "sku": "fra-cla-foil-sil-8x8",
      "copies": 1,
      "attributes": {
        "color": "black",
        "mount": "No mount / Mat",
        "paperType": "Silver foil"
      },
      "assets": [
        {
          "printArea": "default"
        }
      ]
    }
  ]
}
[Prodigi] Request body being sent: {
  "destinationCountryCode": "MX",
  "shippingMethod": "Overnight",
  "items": [
    {
      "sku": "fra-cla-foil-sil-8x8",
      "copies": 1,
      "attributes": {
        "color": "black",
        "mount": "No mount / Mat",
        "paperType": "Silver foil"
      },
      "assets": [
        {
          "printArea": "default"
        }
      ]
    }
  ]
}
[Prodigi:production] ✅ POST https://api.prodigi.com/v4.0/quotes - 200 
[Prodigi:production] ✅ POST https://api.prodigi.com/v4.0/quotes - 200 
[Prodigi:production] ✅ POST https://api.prodigi.com/v4.0/quotes - 200 
[Prodigi:production] ✅ POST https://api.prodigi.com/v4.0/quotes - 200 
  ⏳ Progress: 10.7% (16/150) - Testing 8x8 → US...[Catalog] Cache hit for framed-print 8x8: global-cfp-8x8
[Attributes] Product has mount attribute but mount is not set. Using default: No mount / Mat
[Attributes] Skipping frame attribute - "white" appears to be a color, not a frame style
[Attributes] Product has paperType attribute but paperType is not set. Using default: EMA
[Attributes] Built: {
  validKeys: [
    'frame',
    'color',
    'glaze',
    'mount',
    'paperType',
    'style',
    'substrateWeight'
  ],
  output: { color: 'white', mount: 'No mount / Mat', paperType: 'EMA' }
}
[QuotesAPI] Creating quote request: {
  "destinationCountryCode": "US",
  "shippingMethod": "Budget",
  "items": [
    {
      "sku": "global-cfp-8x8",
      "copies": 1,
      "attributes": {
        "color": "white",
        "mount": "No mount / Mat",
        "paperType": "EMA"
      },
      "assets": [
        {
          "printArea": "default"
        }
      ]
    }
  ]
}
[QuotesAPI] Creating quote request: {
  "destinationCountryCode": "US",
  "shippingMethod": "Standard",
  "items": [
    {
      "sku": "global-cfp-8x8",
      "copies": 1,
      "attributes": {
        "color": "white",
        "mount": "No mount / Mat",
        "paperType": "EMA"
      },
      "assets": [
        {
          "printArea": "default"
        }
      ]
    }
  ]
}
[QuotesAPI] Creating quote request: {
  "destinationCountryCode": "US",
  "shippingMethod": "Express",
  "items": [
    {
      "sku": "global-cfp-8x8",
      "copies": 1,
      "attributes": {
        "color": "white",
        "mount": "No mount / Mat",
        "paperType": "EMA"
      },
      "assets": [
        {
          "printArea": "default"
        }
      ]
    }
  ]
}
[QuotesAPI] Creating quote request: {
  "destinationCountryCode": "US",
  "shippingMethod": "Overnight",
  "items": [
    {
      "sku": "global-cfp-8x8",
      "copies": 1,
      "attributes": {
        "color": "white",
        "mount": "No mount / Mat",
        "paperType": "EMA"
      },
      "assets": [
        {
          "printArea": "default"
        }
      ]
    }
  ]
}
[Prodigi] Request body being sent: {
  "destinationCountryCode": "US",
  "shippingMethod": "Budget",
  "items": [
    {
      "sku": "global-cfp-8x8",
      "copies": 1,
      "attributes": {
        "color": "white",
        "mount": "No mount / Mat",
        "paperType": "EMA"
      },
      "assets": [
        {
          "printArea": "default"
        }
      ]
    }
  ]
}
[Prodigi] Request body being sent: {
  "destinationCountryCode": "US",
  "shippingMethod": "Standard",
  "items": [
    {
      "sku": "global-cfp-8x8",
      "copies": 1,
      "attributes": {
        "color": "white",
        "mount": "No mount / Mat",
        "paperType": "EMA"
      },
      "assets": [
        {
          "printArea": "default"
        }
      ]
    }
  ]
}
[Prodigi] Request body being sent: {
  "destinationCountryCode": "US",
  "shippingMethod": "Express",
  "items": [
    {
      "sku": "global-cfp-8x8",
      "copies": 1,
      "attributes": {
        "color": "white",
        "mount": "No mount / Mat",
        "paperType": "EMA"
      },
      "assets": [
        {
          "printArea": "default"
        }
      ]
    }
  ]
}
[Prodigi] Request body being sent: {
  "destinationCountryCode": "US",
  "shippingMethod": "Overnight",
  "items": [
    {
      "sku": "global-cfp-8x8",
      "copies": 1,
      "attributes": {
        "color": "white",
        "mount": "No mount / Mat",
        "paperType": "EMA"
      },
      "assets": [
        {
          "printArea": "default"
        }
      ]
    }
  ]
}
[Prodigi:production] ✅ POST https://api.prodigi.com/v4.0/quotes - 200 
[Prodigi:production] ✅ POST https://api.prodigi.com/v4.0/quotes - 200 
[Prodigi:production] ✅ POST https://api.prodigi.com/v4.0/quotes - 200 
[Prodigi:production] ✅ POST https://api.prodigi.com/v4.0/quotes - 200 
  ⏳ Progress: 11.3% (17/150) - Testing 8x8 → CA...[Catalog] Cache hit for framed-print 8x8: fra-cla-foil-sil-8x8
[Attributes] Product has mount attribute but mount is not set. Using default: No mount / Mat
[Attributes] Skipping frame attribute - "white" appears to be a color, not a frame style
[Attributes] Product has paperType attribute but paperType is not set. Using default: Silver foil
[Attributes] Built: {
  validKeys: [
    'frame',
    'color',
    'glaze',
    'mount',
    'paperType',
    'style',
    'substrateWeight'
  ],
  output: { color: 'white', mount: 'No mount / Mat', paperType: 'Silver foil' }
}
[QuotesAPI] Creating quote request: {
  "destinationCountryCode": "CA",
  "shippingMethod": "Budget",
  "items": [
    {
      "sku": "fra-cla-foil-sil-8x8",
      "copies": 1,
      "attributes": {
        "color": "white",
        "mount": "No mount / Mat",
        "paperType": "Silver foil"
      },
      "assets": [
        {
          "printArea": "default"
        }
      ]
    }
  ]
}
[QuotesAPI] Creating quote request: {
  "destinationCountryCode": "CA",
  "shippingMethod": "Standard",
  "items": [
    {
      "sku": "fra-cla-foil-sil-8x8",
      "copies": 1,
      "attributes": {
        "color": "white",
        "mount": "No mount / Mat",
        "paperType": "Silver foil"
      },
      "assets": [
        {
          "printArea": "default"
        }
      ]
    }
  ]
}
[QuotesAPI] Creating quote request: {
  "destinationCountryCode": "CA",
  "shippingMethod": "Express",
  "items": [
    {
      "sku": "fra-cla-foil-sil-8x8",
      "copies": 1,
      "attributes": {
        "color": "white",
        "mount": "No mount / Mat",
        "paperType": "Silver foil"
      },
      "assets": [
        {
          "printArea": "default"
        }
      ]
    }
  ]
}
[QuotesAPI] Creating quote request: {
  "destinationCountryCode": "CA",
  "shippingMethod": "Overnight",
  "items": [
    {
      "sku": "fra-cla-foil-sil-8x8",
      "copies": 1,
      "attributes": {
        "color": "white",
        "mount": "No mount / Mat",
        "paperType": "Silver foil"
      },
      "assets": [
        {
          "printArea": "default"
        }
      ]
    }
  ]
}
[Prodigi] Request body being sent: {
  "destinationCountryCode": "CA",
  "shippingMethod": "Budget",
  "items": [
    {
      "sku": "fra-cla-foil-sil-8x8",
      "copies": 1,
      "attributes": {
        "color": "white",
        "mount": "No mount / Mat",
        "paperType": "Silver foil"
      },
      "assets": [
        {
          "printArea": "default"
        }
      ]
    }
  ]
}
[Prodigi] Request body being sent: {
  "destinationCountryCode": "CA",
  "shippingMethod": "Standard",
  "items": [
    {
      "sku": "fra-cla-foil-sil-8x8",
      "copies": 1,
      "attributes": {
        "color": "white",
        "mount": "No mount / Mat",
        "paperType": "Silver foil"
      },
      "assets": [
        {
          "printArea": "default"
        }
      ]
    }
  ]
}
[Prodigi] Request body being sent: {
  "destinationCountryCode": "CA",
  "shippingMethod": "Express",
  "items": [
    {
      "sku": "fra-cla-foil-sil-8x8",
      "copies": 1,
      "attributes": {
        "color": "white",
        "mount": "No mount / Mat",
        "paperType": "Silver foil"
      },
      "assets": [
        {
          "printArea": "default"
        }
      ]
    }
  ]
}
[Prodigi] Request body being sent: {
  "destinationCountryCode": "CA",
  "shippingMethod": "Overnight",
  "items": [
    {
      "sku": "fra-cla-foil-sil-8x8",
      "copies": 1,
      "attributes": {
        "color": "white",
        "mount": "No mount / Mat",
        "paperType": "Silver foil"
      },
      "assets": [
        {
          "printArea": "default"
        }
      ]
    }
  ]
}
[Prodigi:production] ✅ POST https://api.prodigi.com/v4.0/quotes - 200 
[Prodigi:production] ✅ POST https://api.prodigi.com/v4.0/quotes - 200 
[Prodigi:production] ✅ POST https://api.prodigi.com/v4.0/quotes - 200 
[Prodigi:production] ✅ POST https://api.prodigi.com/v4.0/quotes - 200 
  ⏳ Progress: 12.0% (18/150) - Testing 8x8 → GB...[Catalog] Cache hit for framed-print 8x8: fra-cla-foil-sil-8x8
[Attributes] Product has mount attribute but mount is not set. Using default: No mount / Mat
[Attributes] Skipping frame attribute - "white" appears to be a color, not a frame style
[Attributes] Product has paperType attribute but paperType is not set. Using default: Silver foil
[Attributes] Built: {
  validKeys: [
    'frame',
    'color',
    'glaze',
    'mount',
    'paperType',
    'style',
    'substrateWeight'
  ],
  output: { color: 'white', mount: 'No mount / Mat', paperType: 'Silver foil' }
}
[QuotesAPI] Creating quote request: {
  "destinationCountryCode": "GB",
  "shippingMethod": "Budget",
  "items": [
    {
      "sku": "fra-cla-foil-sil-8x8",
      "copies": 1,
      "attributes": {
        "color": "white",
        "mount": "No mount / Mat",
        "paperType": "Silver foil"
      },
      "assets": [
        {
          "printArea": "default"
        }
      ]
    }
  ]
}
[QuotesAPI] Creating quote request: {
  "destinationCountryCode": "GB",
  "shippingMethod": "Standard",
  "items": [
    {
      "sku": "fra-cla-foil-sil-8x8",
      "copies": 1,
      "attributes": {
        "color": "white",
        "mount": "No mount / Mat",
        "paperType": "Silver foil"
      },
      "assets": [
        {
          "printArea": "default"
        }
      ]
    }
  ]
}
[QuotesAPI] Creating quote request: {
  "destinationCountryCode": "GB",
  "shippingMethod": "Express",
  "items": [
    {
      "sku": "fra-cla-foil-sil-8x8",
      "copies": 1,
      "attributes": {
        "color": "white",
        "mount": "No mount / Mat",
        "paperType": "Silver foil"
      },
      "assets": [
        {
          "printArea": "default"
        }
      ]
    }
  ]
}
[QuotesAPI] Creating quote request: {
  "destinationCountryCode": "GB",
  "shippingMethod": "Overnight",
  "items": [
    {
      "sku": "fra-cla-foil-sil-8x8",
      "copies": 1,
      "attributes": {
        "color": "white",
        "mount": "No mount / Mat",
        "paperType": "Silver foil"
      },
      "assets": [
        {
          "printArea": "default"
        }
      ]
    }
  ]
}
[Prodigi] Request body being sent: {
  "destinationCountryCode": "GB",
  "shippingMethod": "Budget",
  "items": [
    {
      "sku": "fra-cla-foil-sil-8x8",
      "copies": 1,
      "attributes": {
        "color": "white",
        "mount": "No mount / Mat",
        "paperType": "Silver foil"
      },
      "assets": [
        {
          "printArea": "default"
        }
      ]
    }
  ]
}
[Prodigi] Request body being sent: {
  "destinationCountryCode": "GB",
  "shippingMethod": "Standard",
  "items": [
    {
      "sku": "fra-cla-foil-sil-8x8",
      "copies": 1,
      "attributes": {
        "color": "white",
        "mount": "No mount / Mat",
        "paperType": "Silver foil"
      },
      "assets": [
        {
          "printArea": "default"
        }
      ]
    }
  ]
}
[Prodigi] Request body being sent: {
  "destinationCountryCode": "GB",
  "shippingMethod": "Express",
  "items": [
    {
      "sku": "fra-cla-foil-sil-8x8",
      "copies": 1,
      "attributes": {
        "color": "white",
        "mount": "No mount / Mat",
        "paperType": "Silver foil"
      },
      "assets": [
        {
          "printArea": "default"
        }
      ]
    }
  ]
}
[Prodigi] Request body being sent: {
  "destinationCountryCode": "GB",
  "shippingMethod": "Overnight",
  "items": [
    {
      "sku": "fra-cla-foil-sil-8x8",
      "copies": 1,
      "attributes": {
        "color": "white",
        "mount": "No mount / Mat",
        "paperType": "Silver foil"
      },
      "assets": [
        {
          "printArea": "default"
        }
      ]
    }
  ]
}
[Prodigi:production] ✅ POST https://api.prodigi.com/v4.0/quotes - 200 
[Prodigi:production] ✅ POST https://api.prodigi.com/v4.0/quotes - 200 
[Prodigi:production] ✅ POST https://api.prodigi.com/v4.0/quotes - 200 
[Prodigi:production] ✅ POST https://api.prodigi.com/v4.0/quotes - 200 
  ⏳ Progress: 12.7% (19/150) - Testing 8x8 → AU...[Catalog] Cache hit for framed-print 8x8: global-cfp-8x8
[Attributes] Product has mount attribute but mount is not set. Using default: No mount / Mat
[Attributes] Skipping frame attribute - "white" appears to be a color, not a frame style
[Attributes] Product has paperType attribute but paperType is not set. Using default: EMA
[Attributes] Built: {
  validKeys: [
    'frame',
    'color',
    'glaze',
    'mount',
    'paperType',
    'style',
    'substrateWeight'
  ],
  output: { color: 'white', mount: 'No mount / Mat', paperType: 'EMA' }
}
[QuotesAPI] Creating quote request: {
  "destinationCountryCode": "AU",
  "shippingMethod": "Budget",
  "items": [
    {
      "sku": "global-cfp-8x8",
      "copies": 1,
      "attributes": {
        "color": "white",
        "mount": "No mount / Mat",
        "paperType": "EMA"
      },
      "assets": [
        {
          "printArea": "default"
        }
      ]
    }
  ]
}
[QuotesAPI] Creating quote request: {
  "destinationCountryCode": "AU",
  "shippingMethod": "Standard",
  "items": [
    {
      "sku": "global-cfp-8x8",
      "copies": 1,
      "attributes": {
        "color": "white",
        "mount": "No mount / Mat",
        "paperType": "EMA"
      },
      "assets": [
        {
          "printArea": "default"
        }
      ]
    }
  ]
}
[QuotesAPI] Creating quote request: {
  "destinationCountryCode": "AU",
  "shippingMethod": "Express",
  "items": [
    {
      "sku": "global-cfp-8x8",
      "copies": 1,
      "attributes": {
        "color": "white",
        "mount": "No mount / Mat",
        "paperType": "EMA"
      },
      "assets": [
        {
          "printArea": "default"
        }
      ]
    }
  ]
}
[QuotesAPI] Creating quote request: {
  "destinationCountryCode": "AU",
  "shippingMethod": "Overnight",
  "items": [
    {
      "sku": "global-cfp-8x8",
      "copies": 1,
      "attributes": {
        "color": "white",
        "mount": "No mount / Mat",
        "paperType": "EMA"
      },
      "assets": [
        {
          "printArea": "default"
        }
      ]
    }
  ]
}
[Prodigi] Request body being sent: {
  "destinationCountryCode": "AU",
  "shippingMethod": "Budget",
  "items": [
    {
      "sku": "global-cfp-8x8",
      "copies": 1,
      "attributes": {
        "color": "white",
        "mount": "No mount / Mat",
        "paperType": "EMA"
      },
      "assets": [
        {
          "printArea": "default"
        }
      ]
    }
  ]
}
[Prodigi] Request body being sent: {
  "destinationCountryCode": "AU",
  "shippingMethod": "Standard",
  "items": [
    {
      "sku": "global-cfp-8x8",
      "copies": 1,
      "attributes": {
        "color": "white",
        "mount": "No mount / Mat",
        "paperType": "EMA"
      },
      "assets": [
        {
          "printArea": "default"
        }
      ]
    }
  ]
}
[Prodigi] Request body being sent: {
  "destinationCountryCode": "AU",
  "shippingMethod": "Express",
  "items": [
    {
      "sku": "global-cfp-8x8",
      "copies": 1,
      "attributes": {
        "color": "white",
        "mount": "No mount / Mat",
        "paperType": "EMA"
      },
      "assets": [
        {
          "printArea": "default"
        }
      ]
    }
  ]
}
[Prodigi] Request body being sent: {
  "destinationCountryCode": "AU",
  "shippingMethod": "Overnight",
  "items": [
    {
      "sku": "global-cfp-8x8",
      "copies": 1,
      "attributes": {
        "color": "white",
        "mount": "No mount / Mat",
        "paperType": "EMA"
      },
      "assets": [
        {
          "printArea": "default"
        }
      ]
    }
  ]
}
[Prodigi:production] ✅ POST https://api.prodigi.com/v4.0/quotes - 200 
[Prodigi:production] ✅ POST https://api.prodigi.com/v4.0/quotes - 200 
[Prodigi:production] ✅ POST https://api.prodigi.com/v4.0/quotes - 200 
[Prodigi:production] ✅ POST https://api.prodigi.com/v4.0/quotes - 200 
  ⏳ Progress: 13.3% (20/150) - Testing 8x8 → DE...[Catalog] Cache hit for framed-print 8x8: fra-cla-foil-sil-8x8
[Attributes] Product has mount attribute but mount is not set. Using default: No mount / Mat
[Attributes] Skipping frame attribute - "white" appears to be a color, not a frame style
[Attributes] Product has paperType attribute but paperType is not set. Using default: Silver foil
[Attributes] Built: {
  validKeys: [
    'frame',
    'color',
    'glaze',
    'mount',
    'paperType',
    'style',
    'substrateWeight'
  ],
  output: { color: 'white', mount: 'No mount / Mat', paperType: 'Silver foil' }
}
[QuotesAPI] Creating quote request: {
  "destinationCountryCode": "DE",
  "shippingMethod": "Budget",
  "items": [
    {
      "sku": "fra-cla-foil-sil-8x8",
      "copies": 1,
      "attributes": {
        "color": "white",
        "mount": "No mount / Mat",
        "paperType": "Silver foil"
      },
      "assets": [
        {
          "printArea": "default"
        }
      ]
    }
  ]
}
[QuotesAPI] Creating quote request: {
  "destinationCountryCode": "DE",
  "shippingMethod": "Standard",
  "items": [
    {
      "sku": "fra-cla-foil-sil-8x8",
      "copies": 1,
      "attributes": {
        "color": "white",
        "mount": "No mount / Mat",
        "paperType": "Silver foil"
      },
      "assets": [
        {
          "printArea": "default"
        }
      ]
    }
  ]
}
[QuotesAPI] Creating quote request: {
  "destinationCountryCode": "DE",
  "shippingMethod": "Express",
  "items": [
    {
      "sku": "fra-cla-foil-sil-8x8",
      "copies": 1,
      "attributes": {
        "color": "white",
        "mount": "No mount / Mat",
        "paperType": "Silver foil"
      },
      "assets": [
        {
          "printArea": "default"
        }
      ]
    }
  ]
}
[QuotesAPI] Creating quote request: {
  "destinationCountryCode": "DE",
  "shippingMethod": "Overnight",
  "items": [
    {
      "sku": "fra-cla-foil-sil-8x8",
      "copies": 1,
      "attributes": {
        "color": "white",
        "mount": "No mount / Mat",
        "paperType": "Silver foil"
      },
      "assets": [
        {
          "printArea": "default"
        }
      ]
    }
  ]
}
[Prodigi] Request body being sent: {
  "destinationCountryCode": "DE",
  "shippingMethod": "Budget",
  "items": [
    {
      "sku": "fra-cla-foil-sil-8x8",
      "copies": 1,
      "attributes": {
        "color": "white",
        "mount": "No mount / Mat",
        "paperType": "Silver foil"
      },
      "assets": [
        {
          "printArea": "default"
        }
      ]
    }
  ]
}
[Prodigi] Request body being sent: {
  "destinationCountryCode": "DE",
  "shippingMethod": "Standard",
  "items": [
    {
      "sku": "fra-cla-foil-sil-8x8",
      "copies": 1,
      "attributes": {
        "color": "white",
        "mount": "No mount / Mat",
        "paperType": "Silver foil"
      },
      "assets": [
        {
          "printArea": "default"
        }
      ]
    }
  ]
}
[Prodigi] Request body being sent: {
  "destinationCountryCode": "DE",
  "shippingMethod": "Express",
  "items": [
    {
      "sku": "fra-cla-foil-sil-8x8",
      "copies": 1,
      "attributes": {
        "color": "white",
        "mount": "No mount / Mat",
        "paperType": "Silver foil"
      },
      "assets": [
        {
          "printArea": "default"
        }
      ]
    }
  ]
}
[Prodigi] Request body being sent: {
  "destinationCountryCode": "DE",
  "shippingMethod": "Overnight",
  "items": [
    {
      "sku": "fra-cla-foil-sil-8x8",
      "copies": 1,
      "attributes": {
        "color": "white",
        "mount": "No mount / Mat",
        "paperType": "Silver foil"
      },
      "assets": [
        {
          "printArea": "default"
        }
      ]
    }
  ]
}
[Prodigi:production] ✅ POST https://api.prodigi.com/v4.0/quotes - 200 
[Prodigi:production] ✅ POST https://api.prodigi.com/v4.0/quotes - 200 
[Prodigi:production] ✅ POST https://api.prodigi.com/v4.0/quotes - 200 
[Prodigi:production] ✅ POST https://api.prodigi.com/v4.0/quotes - 200 
  ⏳ Progress: 14.0% (21/150) - Testing 8x8 → FR...[Catalog] Cache hit for framed-print 8x8: fra-cla-foil-sil-8x8
[Attributes] Product has mount attribute but mount is not set. Using default: No mount / Mat
[Attributes] Skipping frame attribute - "white" appears to be a color, not a frame style
[Attributes] Product has paperType attribute but paperType is not set. Using default: Silver foil
[Attributes] Built: {
  validKeys: [
    'frame',
    'color',
    'glaze',
    'mount',
    'paperType',
    'style',
    'substrateWeight'
  ],
  output: { color: 'white', mount: 'No mount / Mat', paperType: 'Silver foil' }
}
[QuotesAPI] Creating quote request: {
  "destinationCountryCode": "FR",
  "shippingMethod": "Budget",
  "items": [
    {
      "sku": "fra-cla-foil-sil-8x8",
      "copies": 1,
      "attributes": {
        "color": "white",
        "mount": "No mount / Mat",
        "paperType": "Silver foil"
      },
      "assets": [
        {
          "printArea": "default"
        }
      ]
    }
  ]
}
[QuotesAPI] Creating quote request: {
  "destinationCountryCode": "FR",
  "shippingMethod": "Standard",
  "items": [
    {
      "sku": "fra-cla-foil-sil-8x8",
      "copies": 1,
      "attributes": {
        "color": "white",
        "mount": "No mount / Mat",
        "paperType": "Silver foil"
      },
      "assets": [
        {
          "printArea": "default"
        }
      ]
    }
  ]
}
[QuotesAPI] Creating quote request: {
  "destinationCountryCode": "FR",
  "shippingMethod": "Express",
  "items": [
    {
      "sku": "fra-cla-foil-sil-8x8",
      "copies": 1,
      "attributes": {
        "color": "white",
        "mount": "No mount / Mat",
        "paperType": "Silver foil"
      },
      "assets": [
        {
          "printArea": "default"
        }
      ]
    }
  ]
}
[QuotesAPI] Creating quote request: {
  "destinationCountryCode": "FR",
  "shippingMethod": "Overnight",
  "items": [
    {
      "sku": "fra-cla-foil-sil-8x8",
      "copies": 1,
      "attributes": {
        "color": "white",
        "mount": "No mount / Mat",
        "paperType": "Silver foil"
      },
      "assets": [
        {
          "printArea": "default"
        }
      ]
    }
  ]
}
[Prodigi] Request body being sent: {
  "destinationCountryCode": "FR",
  "shippingMethod": "Budget",
  "items": [
    {
      "sku": "fra-cla-foil-sil-8x8",
      "copies": 1,
      "attributes": {
        "color": "white",
        "mount": "No mount / Mat",
        "paperType": "Silver foil"
      },
      "assets": [
        {
          "printArea": "default"
        }
      ]
    }
  ]
}
[Prodigi] Request body being sent: {
  "destinationCountryCode": "FR",
  "shippingMethod": "Standard",
  "items": [
    {
      "sku": "fra-cla-foil-sil-8x8",
      "copies": 1,
      "attributes": {
        "color": "white",
        "mount": "No mount / Mat",
        "paperType": "Silver foil"
      },
      "assets": [
        {
          "printArea": "default"
        }
      ]
    }
  ]
}
[Prodigi] Request body being sent: {
  "destinationCountryCode": "FR",
  "shippingMethod": "Express",
  "items": [
    {
      "sku": "fra-cla-foil-sil-8x8",
      "copies": 1,
      "attributes": {
        "color": "white",
        "mount": "No mount / Mat",
        "paperType": "Silver foil"
      },
      "assets": [
        {
          "printArea": "default"
        }
      ]
    }
  ]
}
[Prodigi] Request body being sent: {
  "destinationCountryCode": "FR",
  "shippingMethod": "Overnight",
  "items": [
    {
      "sku": "fra-cla-foil-sil-8x8",
      "copies": 1,
      "attributes": {
        "color": "white",
        "mount": "No mount / Mat",
        "paperType": "Silver foil"
      },
      "assets": [
        {
          "printArea": "default"
        }
      ]
    }
  ]
}
[Prodigi:production] ✅ POST https://api.prodigi.com/v4.0/quotes - 200 
[Prodigi:production] ✅ POST https://api.prodigi.com/v4.0/quotes - 200 
[Prodigi:production] ✅ POST https://api.prodigi.com/v4.0/quotes - 200 
[Prodigi:production] ✅ POST https://api.prodigi.com/v4.0/quotes - 200 
  ⏳ Progress: 14.7% (22/150) - Testing 8x8 → IT...[Catalog] Cache hit for framed-print 8x8: fra-cla-foil-sil-8x8
[Attributes] Product has mount attribute but mount is not set. Using default: No mount / Mat
[Attributes] Skipping frame attribute - "white" appears to be a color, not a frame style
[Attributes] Product has paperType attribute but paperType is not set. Using default: Silver foil
[Attributes] Built: {
  validKeys: [
    'frame',
    'color',
    'glaze',
    'mount',
    'paperType',
    'style',
    'substrateWeight'
  ],
  output: { color: 'white', mount: 'No mount / Mat', paperType: 'Silver foil' }
}
[QuotesAPI] Creating quote request: {
  "destinationCountryCode": "IT",
  "shippingMethod": "Budget",
  "items": [
    {
      "sku": "fra-cla-foil-sil-8x8",
      "copies": 1,
      "attributes": {
        "color": "white",
        "mount": "No mount / Mat",
        "paperType": "Silver foil"
      },
      "assets": [
        {
          "printArea": "default"
        }
      ]
    }
  ]
}
[QuotesAPI] Creating quote request: {
  "destinationCountryCode": "IT",
  "shippingMethod": "Standard",
  "items": [
    {
      "sku": "fra-cla-foil-sil-8x8",
      "copies": 1,
      "attributes": {
        "color": "white",
        "mount": "No mount / Mat",
        "paperType": "Silver foil"
      },
      "assets": [
        {
          "printArea": "default"
        }
      ]
    }
  ]
}
[QuotesAPI] Creating quote request: {
  "destinationCountryCode": "IT",
  "shippingMethod": "Express",
  "items": [
    {
      "sku": "fra-cla-foil-sil-8x8",
      "copies": 1,
      "attributes": {
        "color": "white",
        "mount": "No mount / Mat",
        "paperType": "Silver foil"
      },
      "assets": [
        {
          "printArea": "default"
        }
      ]
    }
  ]
}
[QuotesAPI] Creating quote request: {
  "destinationCountryCode": "IT",
  "shippingMethod": "Overnight",
  "items": [
    {
      "sku": "fra-cla-foil-sil-8x8",
      "copies": 1,
      "attributes": {
        "color": "white",
        "mount": "No mount / Mat",
        "paperType": "Silver foil"
      },
      "assets": [
        {
          "printArea": "default"
        }
      ]
    }
  ]
}
[Prodigi] Request body being sent: {
  "destinationCountryCode": "IT",
  "shippingMethod": "Budget",
  "items": [
    {
      "sku": "fra-cla-foil-sil-8x8",
      "copies": 1,
      "attributes": {
        "color": "white",
        "mount": "No mount / Mat",
        "paperType": "Silver foil"
      },
      "assets": [
        {
          "printArea": "default"
        }
      ]
    }
  ]
}
[Prodigi] Request body being sent: {
  "destinationCountryCode": "IT",
  "shippingMethod": "Standard",
  "items": [
    {
      "sku": "fra-cla-foil-sil-8x8",
      "copies": 1,
      "attributes": {
        "color": "white",
        "mount": "No mount / Mat",
        "paperType": "Silver foil"
      },
      "assets": [
        {
          "printArea": "default"
        }
      ]
    }
  ]
}
[Prodigi] Request body being sent: {
  "destinationCountryCode": "IT",
  "shippingMethod": "Express",
  "items": [
    {
      "sku": "fra-cla-foil-sil-8x8",
      "copies": 1,
      "attributes": {
        "color": "white",
        "mount": "No mount / Mat",
        "paperType": "Silver foil"
      },
      "assets": [
        {
          "printArea": "default"
        }
      ]
    }
  ]
}
[Prodigi] Request body being sent: {
  "destinationCountryCode": "IT",
  "shippingMethod": "Overnight",
  "items": [
    {
      "sku": "fra-cla-foil-sil-8x8",
      "copies": 1,
      "attributes": {
        "color": "white",
        "mount": "No mount / Mat",
        "paperType": "Silver foil"
      },
      "assets": [
        {
          "printArea": "default"
        }
      ]
    }
  ]
}
[Prodigi:production] ✅ POST https://api.prodigi.com/v4.0/quotes - 200 
[Prodigi:production] ✅ POST https://api.prodigi.com/v4.0/quotes - 200 
[Prodigi:production] ✅ POST https://api.prodigi.com/v4.0/quotes - 200 
[Prodigi:production] ✅ POST https://api.prodigi.com/v4.0/quotes - 200 
  ⏳ Progress: 15.3% (23/150) - Testing 8x8 → ES...[Catalog] Cache hit for framed-print 8x8: fra-cla-foil-sil-8x8
[Attributes] Product has mount attribute but mount is not set. Using default: No mount / Mat
[Attributes] Skipping frame attribute - "white" appears to be a color, not a frame style
[Attributes] Product has paperType attribute but paperType is not set. Using default: Silver foil
[Attributes] Built: {
  validKeys: [
    'frame',
    'color',
    'glaze',
    'mount',
    'paperType',
    'style',
    'substrateWeight'
  ],
  output: { color: 'white', mount: 'No mount / Mat', paperType: 'Silver foil' }
}
[QuotesAPI] Creating quote request: {
  "destinationCountryCode": "ES",
  "shippingMethod": "Budget",
  "items": [
    {
      "sku": "fra-cla-foil-sil-8x8",
      "copies": 1,
      "attributes": {
        "color": "white",
        "mount": "No mount / Mat",
        "paperType": "Silver foil"
      },
      "assets": [
        {
          "printArea": "default"
        }
      ]
    }
  ]
}
[QuotesAPI] Creating quote request: {
  "destinationCountryCode": "ES",
  "shippingMethod": "Standard",
  "items": [
    {
      "sku": "fra-cla-foil-sil-8x8",
      "copies": 1,
      "attributes": {
        "color": "white",
        "mount": "No mount / Mat",
        "paperType": "Silver foil"
      },
      "assets": [
        {
          "printArea": "default"
        }
      ]
    }
  ]
}
[QuotesAPI] Creating quote request: {
  "destinationCountryCode": "ES",
  "shippingMethod": "Express",
  "items": [
    {
      "sku": "fra-cla-foil-sil-8x8",
      "copies": 1,
      "attributes": {
        "color": "white",
        "mount": "No mount / Mat",
        "paperType": "Silver foil"
      },
      "assets": [
        {
          "printArea": "default"
        }
      ]
    }
  ]
}
[QuotesAPI] Creating quote request: {
  "destinationCountryCode": "ES",
  "shippingMethod": "Overnight",
  "items": [
    {
      "sku": "fra-cla-foil-sil-8x8",
      "copies": 1,
      "attributes": {
        "color": "white",
        "mount": "No mount / Mat",
        "paperType": "Silver foil"
      },
      "assets": [
        {
          "printArea": "default"
        }
      ]
    }
  ]
}
[Prodigi] Request body being sent: {
  "destinationCountryCode": "ES",
  "shippingMethod": "Budget",
  "items": [
    {
      "sku": "fra-cla-foil-sil-8x8",
      "copies": 1,
      "attributes": {
        "color": "white",
        "mount": "No mount / Mat",
        "paperType": "Silver foil"
      },
      "assets": [
        {
          "printArea": "default"
        }
      ]
    }
  ]
}
[Prodigi] Request body being sent: {
  "destinationCountryCode": "ES",
  "shippingMethod": "Standard",
  "items": [
    {
      "sku": "fra-cla-foil-sil-8x8",
      "copies": 1,
      "attributes": {
        "color": "white",
        "mount": "No mount / Mat",
        "paperType": "Silver foil"
      },
      "assets": [
        {
          "printArea": "default"
        }
      ]
    }
  ]
}
[Prodigi] Request body being sent: {
  "destinationCountryCode": "ES",
  "shippingMethod": "Express",
  "items": [
    {
      "sku": "fra-cla-foil-sil-8x8",
      "copies": 1,
      "attributes": {
        "color": "white",
        "mount": "No mount / Mat",
        "paperType": "Silver foil"
      },
      "assets": [
        {
          "printArea": "default"
        }
      ]
    }
  ]
}
[Prodigi] Request body being sent: {
  "destinationCountryCode": "ES",
  "shippingMethod": "Overnight",
  "items": [
    {
      "sku": "fra-cla-foil-sil-8x8",
      "copies": 1,
      "attributes": {
        "color": "white",
        "mount": "No mount / Mat",
        "paperType": "Silver foil"
      },
      "assets": [
        {
          "printArea": "default"
        }
      ]
    }
  ]
}
[Prodigi:production] ✅ POST https://api.prodigi.com/v4.0/quotes - 200 
[Prodigi:production] ✅ POST https://api.prodigi.com/v4.0/quotes - 200 
[Prodigi:production] ✅ POST https://api.prodigi.com/v4.0/quotes - 200 
[Prodigi:production] ✅ POST https://api.prodigi.com/v4.0/quotes - 200 
  ⏳ Progress: 16.0% (24/150) - Testing 8x8 → NL...[Catalog] Cache hit for framed-print 8x8: global-cfp-8x8
[Attributes] Product has mount attribute but mount is not set. Using default: No mount / Mat
[Attributes] Skipping frame attribute - "white" appears to be a color, not a frame style
[Attributes] Product has paperType attribute but paperType is not set. Using default: EMA
[Attributes] Built: {
  validKeys: [
    'frame',
    'color',
    'glaze',
    'mount',
    'paperType',
    'style',
    'substrateWeight'
  ],
  output: { color: 'white', mount: 'No mount / Mat', paperType: 'EMA' }
}
[QuotesAPI] Creating quote request: {
  "destinationCountryCode": "NL",
  "shippingMethod": "Budget",
  "items": [
    {
      "sku": "global-cfp-8x8",
      "copies": 1,
      "attributes": {
        "color": "white",
        "mount": "No mount / Mat",
        "paperType": "EMA"
      },
      "assets": [
        {
          "printArea": "default"
        }
      ]
    }
  ]
}
[QuotesAPI] Creating quote request: {
  "destinationCountryCode": "NL",
  "shippingMethod": "Standard",
  "items": [
    {
      "sku": "global-cfp-8x8",
      "copies": 1,
      "attributes": {
        "color": "white",
        "mount": "No mount / Mat",
        "paperType": "EMA"
      },
      "assets": [
        {
          "printArea": "default"
        }
      ]
    }
  ]
}
[QuotesAPI] Creating quote request: {
  "destinationCountryCode": "NL",
  "shippingMethod": "Express",
  "items": [
    {
      "sku": "global-cfp-8x8",
      "copies": 1,
      "attributes": {
        "color": "white",
        "mount": "No mount / Mat",
        "paperType": "EMA"
      },
      "assets": [
        {
          "printArea": "default"
        }
      ]
    }
  ]
}
[QuotesAPI] Creating quote request: {
  "destinationCountryCode": "NL",
  "shippingMethod": "Overnight",
  "items": [
    {
      "sku": "global-cfp-8x8",
      "copies": 1,
      "attributes": {
        "color": "white",
        "mount": "No mount / Mat",
        "paperType": "EMA"
      },
      "assets": [
        {
          "printArea": "default"
        }
      ]
    }
  ]
}
[Prodigi] Request body being sent: {
  "destinationCountryCode": "NL",
  "shippingMethod": "Budget",
  "items": [
    {
      "sku": "global-cfp-8x8",
      "copies": 1,
      "attributes": {
        "color": "white",
        "mount": "No mount / Mat",
        "paperType": "EMA"
      },
      "assets": [
        {
          "printArea": "default"
        }
      ]
    }
  ]
}
[Prodigi] Request body being sent: {
  "destinationCountryCode": "NL",
  "shippingMethod": "Standard",
  "items": [
    {
      "sku": "global-cfp-8x8",
      "copies": 1,
      "attributes": {
        "color": "white",
        "mount": "No mount / Mat",
        "paperType": "EMA"
      },
      "assets": [
        {
          "printArea": "default"
        }
      ]
    }
  ]
}
[Prodigi] Request body being sent: {
  "destinationCountryCode": "NL",
  "shippingMethod": "Express",
  "items": [
    {
      "sku": "global-cfp-8x8",
      "copies": 1,
      "attributes": {
        "color": "white",
        "mount": "No mount / Mat",
        "paperType": "EMA"
      },
      "assets": [
        {
          "printArea": "default"
        }
      ]
    }
  ]
}
[Prodigi] Request body being sent: {
  "destinationCountryCode": "NL",
  "shippingMethod": "Overnight",
  "items": [
    {
      "sku": "global-cfp-8x8",
      "copies": 1,
      "attributes": {
        "color": "white",
        "mount": "No mount / Mat",
        "paperType": "EMA"
      },
      "assets": [
        {
          "printArea": "default"
        }
      ]
    }
  ]
}
[Prodigi:production] ✅ POST https://api.prodigi.com/v4.0/quotes - 200 
[Prodigi:production] ✅ POST https://api.prodigi.com/v4.0/quotes - 200 
[Prodigi:production] ✅ POST https://api.prodigi.com/v4.0/quotes - 200 
[Prodigi:production] ✅ POST https://api.prodigi.com/v4.0/quotes - 200 
  ⏳ Progress: 16.7% (25/150) - Testing 8x8 → BE...[Catalog] Cache hit for framed-print 8x8: fra-cla-foil-sil-8x8
[Attributes] Product has mount attribute but mount is not set. Using default: No mount / Mat
[Attributes] Skipping frame attribute - "white" appears to be a color, not a frame style
[Attributes] Product has paperType attribute but paperType is not set. Using default: Silver foil
[Attributes] Built: {
  validKeys: [
    'frame',
    'color',
    'glaze',
    'mount',
    'paperType',
    'style',
    'substrateWeight'
  ],
  output: { color: 'white', mount: 'No mount / Mat', paperType: 'Silver foil' }
}
[QuotesAPI] Creating quote request: {
  "destinationCountryCode": "BE",
  "shippingMethod": "Budget",
  "items": [
    {
      "sku": "fra-cla-foil-sil-8x8",
      "copies": 1,
      "attributes": {
        "color": "white",
        "mount": "No mount / Mat",
        "paperType": "Silver foil"
      },
      "assets": [
        {
          "printArea": "default"
        }
      ]
    }
  ]
}
[QuotesAPI] Creating quote request: {
  "destinationCountryCode": "BE",
  "shippingMethod": "Standard",
  "items": [
    {
      "sku": "fra-cla-foil-sil-8x8",
      "copies": 1,
      "attributes": {
        "color": "white",
        "mount": "No mount / Mat",
        "paperType": "Silver foil"
      },
      "assets": [
        {
          "printArea": "default"
        }
      ]
    }
  ]
}
[QuotesAPI] Creating quote request: {
  "destinationCountryCode": "BE",
  "shippingMethod": "Express",
  "items": [
    {
      "sku": "fra-cla-foil-sil-8x8",
      "copies": 1,
      "attributes": {
        "color": "white",
        "mount": "No mount / Mat",
        "paperType": "Silver foil"
      },
      "assets": [
        {
          "printArea": "default"
        }
      ]
    }
  ]
}
[QuotesAPI] Creating quote request: {
  "destinationCountryCode": "BE",
  "shippingMethod": "Overnight",
  "items": [
    {
      "sku": "fra-cla-foil-sil-8x8",
      "copies": 1,
      "attributes": {
        "color": "white",
        "mount": "No mount / Mat",
        "paperType": "Silver foil"
      },
      "assets": [
        {
          "printArea": "default"
        }
      ]
    }
  ]
}
[Prodigi] Request body being sent: {
  "destinationCountryCode": "BE",
  "shippingMethod": "Budget",
  "items": [
    {
      "sku": "fra-cla-foil-sil-8x8",
      "copies": 1,
      "attributes": {
        "color": "white",
        "mount": "No mount / Mat",
        "paperType": "Silver foil"
      },
      "assets": [
        {
          "printArea": "default"
        }
      ]
    }
  ]
}
[Prodigi] Request body being sent: {
  "destinationCountryCode": "BE",
  "shippingMethod": "Standard",
  "items": [
    {
      "sku": "fra-cla-foil-sil-8x8",
      "copies": 1,
      "attributes": {
        "color": "white",
        "mount": "No mount / Mat",
        "paperType": "Silver foil"
      },
      "assets": [
        {
          "printArea": "default"
        }
      ]
    }
  ]
}
[Prodigi] Request body being sent: {
  "destinationCountryCode": "BE",
  "shippingMethod": "Express",
  "items": [
    {
      "sku": "fra-cla-foil-sil-8x8",
      "copies": 1,
      "attributes": {
        "color": "white",
        "mount": "No mount / Mat",
        "paperType": "Silver foil"
      },
      "assets": [
        {
          "printArea": "default"
        }
      ]
    }
  ]
}
[Prodigi] Request body being sent: {
  "destinationCountryCode": "BE",
  "shippingMethod": "Overnight",
  "items": [
    {
      "sku": "fra-cla-foil-sil-8x8",
      "copies": 1,
      "attributes": {
        "color": "white",
        "mount": "No mount / Mat",
        "paperType": "Silver foil"
      },
      "assets": [
        {
          "printArea": "default"
        }
      ]
    }
  ]
}
[Prodigi:production] ✅ POST https://api.prodigi.com/v4.0/quotes - 200 
[Prodigi:production] ✅ POST https://api.prodigi.com/v4.0/quotes - 200 
[Prodigi:production] ✅ POST https://api.prodigi.com/v4.0/quotes - 200 
[Prodigi:production] ✅ POST https://api.prodigi.com/v4.0/quotes - 200 
  ⏳ Progress: 17.3% (26/150) - Testing 8x8 → JP...[Catalog] Cache hit for framed-print 8x8: fra-cla-foil-sil-8x8
[Attributes] Product has mount attribute but mount is not set. Using default: No mount / Mat
[Attributes] Skipping frame attribute - "white" appears to be a color, not a frame style
[Attributes] Product has paperType attribute but paperType is not set. Using default: Silver foil
[Attributes] Built: {
  validKeys: [
    'frame',
    'color',
    'glaze',
    'mount',
    'paperType',
    'style',
    'substrateWeight'
  ],
  output: { color: 'white', mount: 'No mount / Mat', paperType: 'Silver foil' }
}
[QuotesAPI] Creating quote request: {
  "destinationCountryCode": "JP",
  "shippingMethod": "Budget",
  "items": [
    {
      "sku": "fra-cla-foil-sil-8x8",
      "copies": 1,
      "attributes": {
        "color": "white",
        "mount": "No mount / Mat",
        "paperType": "Silver foil"
      },
      "assets": [
        {
          "printArea": "default"
        }
      ]
    }
  ]
}
[QuotesAPI] Creating quote request: {
  "destinationCountryCode": "JP",
  "shippingMethod": "Standard",
  "items": [
    {
      "sku": "fra-cla-foil-sil-8x8",
      "copies": 1,
      "attributes": {
        "color": "white",
        "mount": "No mount / Mat",
        "paperType": "Silver foil"
      },
      "assets": [
        {
          "printArea": "default"
        }
      ]
    }
  ]
}
[QuotesAPI] Creating quote request: {
  "destinationCountryCode": "JP",
  "shippingMethod": "Express",
  "items": [
    {
      "sku": "fra-cla-foil-sil-8x8",
      "copies": 1,
      "attributes": {
        "color": "white",
        "mount": "No mount / Mat",
        "paperType": "Silver foil"
      },
      "assets": [
        {
          "printArea": "default"
        }
      ]
    }
  ]
}
[QuotesAPI] Creating quote request: {
  "destinationCountryCode": "JP",
  "shippingMethod": "Overnight",
  "items": [
    {
      "sku": "fra-cla-foil-sil-8x8",
      "copies": 1,
      "attributes": {
        "color": "white",
        "mount": "No mount / Mat",
        "paperType": "Silver foil"
      },
      "assets": [
        {
          "printArea": "default"
        }
      ]
    }
  ]
}
[Prodigi] Request body being sent: {
  "destinationCountryCode": "JP",
  "shippingMethod": "Budget",
  "items": [
    {
      "sku": "fra-cla-foil-sil-8x8",
      "copies": 1,
      "attributes": {
        "color": "white",
        "mount": "No mount / Mat",
        "paperType": "Silver foil"
      },
      "assets": [
        {
          "printArea": "default"
        }
      ]
    }
  ]
}
[Prodigi] Request body being sent: {
  "destinationCountryCode": "JP",
  "shippingMethod": "Standard",
  "items": [
    {
      "sku": "fra-cla-foil-sil-8x8",
      "copies": 1,
      "attributes": {
        "color": "white",
        "mount": "No mount / Mat",
        "paperType": "Silver foil"
      },
      "assets": [
        {
          "printArea": "default"
        }
      ]
    }
  ]
}
[Prodigi] Request body being sent: {
  "destinationCountryCode": "JP",
  "shippingMethod": "Express",
  "items": [
    {
      "sku": "fra-cla-foil-sil-8x8",
      "copies": 1,
      "attributes": {
        "color": "white",
        "mount": "No mount / Mat",
        "paperType": "Silver foil"
      },
      "assets": [
        {
          "printArea": "default"
        }
      ]
    }
  ]
}
[Prodigi] Request body being sent: {
  "destinationCountryCode": "JP",
  "shippingMethod": "Overnight",
  "items": [
    {
      "sku": "fra-cla-foil-sil-8x8",
      "copies": 1,
      "attributes": {
        "color": "white",
        "mount": "No mount / Mat",
        "paperType": "Silver foil"
      },
      "assets": [
        {
          "printArea": "default"
        }
      ]
    }
  ]
}
[Prodigi:production] ✅ POST https://api.prodigi.com/v4.0/quotes - 200 
[Prodigi:production] ✅ POST https://api.prodigi.com/v4.0/quotes - 200 
[Prodigi:production] ✅ POST https://api.prodigi.com/v4.0/quotes - 200 
[Prodigi:production] ✅ POST https://api.prodigi.com/v4.0/quotes - 200 
  ⏳ Progress: 18.0% (27/150) - Testing 8x8 → KR...[Catalog] Cache hit for framed-print 8x8: fra-cla-foil-sil-8x8
[Attributes] Product has mount attribute but mount is not set. Using default: No mount / Mat
[Attributes] Skipping frame attribute - "white" appears to be a color, not a frame style
[Attributes] Product has paperType attribute but paperType is not set. Using default: Silver foil
[Attributes] Built: {
  validKeys: [
    'frame',
    'color',
    'glaze',
    'mount',
    'paperType',
    'style',
    'substrateWeight'
  ],
  output: { color: 'white', mount: 'No mount / Mat', paperType: 'Silver foil' }
}
[QuotesAPI] Creating quote request: {
  "destinationCountryCode": "KR",
  "shippingMethod": "Budget",
  "items": [
    {
      "sku": "fra-cla-foil-sil-8x8",
      "copies": 1,
      "attributes": {
        "color": "white",
        "mount": "No mount / Mat",
        "paperType": "Silver foil"
      },
      "assets": [
        {
          "printArea": "default"
        }
      ]
    }
  ]
}
[QuotesAPI] Creating quote request: {
  "destinationCountryCode": "KR",
  "shippingMethod": "Standard",
  "items": [
    {
      "sku": "fra-cla-foil-sil-8x8",
      "copies": 1,
      "attributes": {
        "color": "white",
        "mount": "No mount / Mat",
        "paperType": "Silver foil"
      },
      "assets": [
        {
          "printArea": "default"
        }
      ]
    }
  ]
}
[QuotesAPI] Creating quote request: {
  "destinationCountryCode": "KR",
  "shippingMethod": "Express",
  "items": [
    {
      "sku": "fra-cla-foil-sil-8x8",
      "copies": 1,
      "attributes": {
        "color": "white",
        "mount": "No mount / Mat",
        "paperType": "Silver foil"
      },
      "assets": [
        {
          "printArea": "default"
        }
      ]
    }
  ]
}
[QuotesAPI] Creating quote request: {
  "destinationCountryCode": "KR",
  "shippingMethod": "Overnight",
  "items": [
    {
      "sku": "fra-cla-foil-sil-8x8",
      "copies": 1,
      "attributes": {
        "color": "white",
        "mount": "No mount / Mat",
        "paperType": "Silver foil"
      },
      "assets": [
        {
          "printArea": "default"
        }
      ]
    }
  ]
}
[Prodigi] Request body being sent: {
  "destinationCountryCode": "KR",
  "shippingMethod": "Budget",
  "items": [
    {
      "sku": "fra-cla-foil-sil-8x8",
      "copies": 1,
      "attributes": {
        "color": "white",
        "mount": "No mount / Mat",
        "paperType": "Silver foil"
      },
      "assets": [
        {
          "printArea": "default"
        }
      ]
    }
  ]
}
[Prodigi] Request body being sent: {
  "destinationCountryCode": "KR",
  "shippingMethod": "Standard",
  "items": [
    {
      "sku": "fra-cla-foil-sil-8x8",
      "copies": 1,
      "attributes": {
        "color": "white",
        "mount": "No mount / Mat",
        "paperType": "Silver foil"
      },
      "assets": [
        {
          "printArea": "default"
        }
      ]
    }
  ]
}
[Prodigi] Request body being sent: {
  "destinationCountryCode": "KR",
  "shippingMethod": "Express",
  "items": [
    {
      "sku": "fra-cla-foil-sil-8x8",
      "copies": 1,
      "attributes": {
        "color": "white",
        "mount": "No mount / Mat",
        "paperType": "Silver foil"
      },
      "assets": [
        {
          "printArea": "default"
        }
      ]
    }
  ]
}
[Prodigi] Request body being sent: {
  "destinationCountryCode": "KR",
  "shippingMethod": "Overnight",
  "items": [
    {
      "sku": "fra-cla-foil-sil-8x8",
      "copies": 1,
      "attributes": {
        "color": "white",
        "mount": "No mount / Mat",
        "paperType": "Silver foil"
      },
      "assets": [
        {
          "printArea": "default"
        }
      ]
    }
  ]
}
[Prodigi:production] ✅ POST https://api.prodigi.com/v4.0/quotes - 200 
[Prodigi:production] ✅ POST https://api.prodigi.com/v4.0/quotes - 200 
[Prodigi:production] ✅ POST https://api.prodigi.com/v4.0/quotes - 200 
[Prodigi:production] ✅ POST https://api.prodigi.com/v4.0/quotes - 200 
  ⏳ Progress: 18.7% (28/150) - Testing 8x8 → SG...[Catalog] Cache hit for framed-print 8x8: fra-cla-foil-sil-8x8
[Attributes] Product has mount attribute but mount is not set. Using default: No mount / Mat
[Attributes] Skipping frame attribute - "white" appears to be a color, not a frame style
[Attributes] Product has paperType attribute but paperType is not set. Using default: Silver foil
[Attributes] Built: {
  validKeys: [
    'frame',
    'color',
    'glaze',
    'mount',
    'paperType',
    'style',
    'substrateWeight'
  ],
  output: { color: 'white', mount: 'No mount / Mat', paperType: 'Silver foil' }
}
[QuotesAPI] Creating quote request: {
  "destinationCountryCode": "SG",
  "shippingMethod": "Budget",
  "items": [
    {
      "sku": "fra-cla-foil-sil-8x8",
      "copies": 1,
      "attributes": {
        "color": "white",
        "mount": "No mount / Mat",
        "paperType": "Silver foil"
      },
      "assets": [
        {
          "printArea": "default"
        }
      ]
    }
  ]
}
[QuotesAPI] Creating quote request: {
  "destinationCountryCode": "SG",
  "shippingMethod": "Standard",
  "items": [
    {
      "sku": "fra-cla-foil-sil-8x8",
      "copies": 1,
      "attributes": {
        "color": "white",
        "mount": "No mount / Mat",
        "paperType": "Silver foil"
      },
      "assets": [
        {
          "printArea": "default"
        }
      ]
    }
  ]
}
[QuotesAPI] Creating quote request: {
  "destinationCountryCode": "SG",
  "shippingMethod": "Express",
  "items": [
    {
      "sku": "fra-cla-foil-sil-8x8",
      "copies": 1,
      "attributes": {
        "color": "white",
        "mount": "No mount / Mat",
        "paperType": "Silver foil"
      },
      "assets": [
        {
          "printArea": "default"
        }
      ]
    }
  ]
}
[QuotesAPI] Creating quote request: {
  "destinationCountryCode": "SG",
  "shippingMethod": "Overnight",
  "items": [
    {
      "sku": "fra-cla-foil-sil-8x8",
      "copies": 1,
      "attributes": {
        "color": "white",
        "mount": "No mount / Mat",
        "paperType": "Silver foil"
      },
      "assets": [
        {
          "printArea": "default"
        }
      ]
    }
  ]
}
[Prodigi] Request body being sent: {
  "destinationCountryCode": "SG",
  "shippingMethod": "Budget",
  "items": [
    {
      "sku": "fra-cla-foil-sil-8x8",
      "copies": 1,
      "attributes": {
        "color": "white",
        "mount": "No mount / Mat",
        "paperType": "Silver foil"
      },
      "assets": [
        {
          "printArea": "default"
        }
      ]
    }
  ]
}
[Prodigi] Request body being sent: {
  "destinationCountryCode": "SG",
  "shippingMethod": "Standard",
  "items": [
    {
      "sku": "fra-cla-foil-sil-8x8",
      "copies": 1,
      "attributes": {
        "color": "white",
        "mount": "No mount / Mat",
        "paperType": "Silver foil"
      },
      "assets": [
        {
          "printArea": "default"
        }
      ]
    }
  ]
}
[Prodigi] Request body being sent: {
  "destinationCountryCode": "SG",
  "shippingMethod": "Express",
  "items": [
    {
      "sku": "fra-cla-foil-sil-8x8",
      "copies": 1,
      "attributes": {
        "color": "white",
        "mount": "No mount / Mat",
        "paperType": "Silver foil"
      },
      "assets": [
        {
          "printArea": "default"
        }
      ]
    }
  ]
}
[Prodigi] Request body being sent: {
  "destinationCountryCode": "SG",
  "shippingMethod": "Overnight",
  "items": [
    {
      "sku": "fra-cla-foil-sil-8x8",
      "copies": 1,
      "attributes": {
        "color": "white",
        "mount": "No mount / Mat",
        "paperType": "Silver foil"
      },
      "assets": [
        {
          "printArea": "default"
        }
      ]
    }
  ]
}
[Prodigi:production] ✅ POST https://api.prodigi.com/v4.0/quotes - 200 
[Prodigi:production] ✅ POST https://api.prodigi.com/v4.0/quotes - 200 
[Prodigi:production] ✅ POST https://api.prodigi.com/v4.0/quotes - 200 
[Prodigi:production] ✅ POST https://api.prodigi.com/v4.0/quotes - 200 
  ⏳ Progress: 19.3% (29/150) - Testing 8x8 → HK...[Catalog] Cache hit for framed-print 8x8: fra-cla-foil-sil-8x8
[Attributes] Product has mount attribute but mount is not set. Using default: No mount / Mat
[Attributes] Skipping frame attribute - "white" appears to be a color, not a frame style
[Attributes] Product has paperType attribute but paperType is not set. Using default: Silver foil
[Attributes] Built: {
  validKeys: [
    'frame',
    'color',
    'glaze',
    'mount',
    'paperType',
    'style',
    'substrateWeight'
  ],
  output: { color: 'white', mount: 'No mount / Mat', paperType: 'Silver foil' }
}
[QuotesAPI] Creating quote request: {
  "destinationCountryCode": "HK",
  "shippingMethod": "Budget",
  "items": [
    {
      "sku": "fra-cla-foil-sil-8x8",
      "copies": 1,
      "attributes": {
        "color": "white",
        "mount": "No mount / Mat",
        "paperType": "Silver foil"
      },
      "assets": [
        {
          "printArea": "default"
        }
      ]
    }
  ]
}
[QuotesAPI] Creating quote request: {
  "destinationCountryCode": "HK",
  "shippingMethod": "Standard",
  "items": [
    {
      "sku": "fra-cla-foil-sil-8x8",
      "copies": 1,
      "attributes": {
        "color": "white",
        "mount": "No mount / Mat",
        "paperType": "Silver foil"
      },
      "assets": [
        {
          "printArea": "default"
        }
      ]
    }
  ]
}
[QuotesAPI] Creating quote request: {
  "destinationCountryCode": "HK",
  "shippingMethod": "Express",
  "items": [
    {
      "sku": "fra-cla-foil-sil-8x8",
      "copies": 1,
      "attributes": {
        "color": "white",
        "mount": "No mount / Mat",
        "paperType": "Silver foil"
      },
      "assets": [
        {
          "printArea": "default"
        }
      ]
    }
  ]
}
[QuotesAPI] Creating quote request: {
  "destinationCountryCode": "HK",
  "shippingMethod": "Overnight",
  "items": [
    {
      "sku": "fra-cla-foil-sil-8x8",
      "copies": 1,
      "attributes": {
        "color": "white",
        "mount": "No mount / Mat",
        "paperType": "Silver foil"
      },
      "assets": [
        {
          "printArea": "default"
        }
      ]
    }
  ]
}
[Prodigi] Request body being sent: {
  "destinationCountryCode": "HK",
  "shippingMethod": "Budget",
  "items": [
    {
      "sku": "fra-cla-foil-sil-8x8",
      "copies": 1,
      "attributes": {
        "color": "white",
        "mount": "No mount / Mat",
        "paperType": "Silver foil"
      },
      "assets": [
        {
          "printArea": "default"
        }
      ]
    }
  ]
}
[Prodigi] Request body being sent: {
  "destinationCountryCode": "HK",
  "shippingMethod": "Standard",
  "items": [
    {
      "sku": "fra-cla-foil-sil-8x8",
      "copies": 1,
      "attributes": {
        "color": "white",
        "mount": "No mount / Mat",
        "paperType": "Silver foil"
      },
      "assets": [
        {
          "printArea": "default"
        }
      ]
    }
  ]
}
[Prodigi] Request body being sent: {
  "destinationCountryCode": "HK",
  "shippingMethod": "Express",
  "items": [
    {
      "sku": "fra-cla-foil-sil-8x8",
      "copies": 1,
      "attributes": {
        "color": "white",
        "mount": "No mount / Mat",
        "paperType": "Silver foil"
      },
      "assets": [
        {
          "printArea": "default"
        }
      ]
    }
  ]
}
[Prodigi] Request body being sent: {
  "destinationCountryCode": "HK",
  "shippingMethod": "Overnight",
  "items": [
    {
      "sku": "fra-cla-foil-sil-8x8",
      "copies": 1,
      "attributes": {
        "color": "white",
        "mount": "No mount / Mat",
        "paperType": "Silver foil"
      },
      "assets": [
        {
          "printArea": "default"
        }
      ]
    }
  ]
}
[Prodigi:production] ✅ POST https://api.prodigi.com/v4.0/quotes - 200 
[Prodigi:production] ✅ POST https://api.prodigi.com/v4.0/quotes - 200 
[Prodigi:production] ✅ POST https://api.prodigi.com/v4.0/quotes - 200 
[Prodigi:production] ✅ POST https://api.prodigi.com/v4.0/quotes - 200 
  ⏳ Progress: 20.0% (30/150) - Testing 8x8 → MX...[Catalog] Cache hit for framed-print 8x8: fra-cla-foil-sil-8x8
[Attributes] Product has mount attribute but mount is not set. Using default: No mount / Mat
[Attributes] Skipping frame attribute - "white" appears to be a color, not a frame style
[Attributes] Product has paperType attribute but paperType is not set. Using default: Silver foil
[Attributes] Built: {
  validKeys: [
    'frame',
    'color',
    'glaze',
    'mount',
    'paperType',
    'style',
    'substrateWeight'
  ],
  output: { color: 'white', mount: 'No mount / Mat', paperType: 'Silver foil' }
}
[QuotesAPI] Creating quote request: {
  "destinationCountryCode": "MX",
  "shippingMethod": "Budget",
  "items": [
    {
      "sku": "fra-cla-foil-sil-8x8",
      "copies": 1,
      "attributes": {
        "color": "white",
        "mount": "No mount / Mat",
        "paperType": "Silver foil"
      },
      "assets": [
        {
          "printArea": "default"
        }
      ]
    }
  ]
}
[QuotesAPI] Creating quote request: {
  "destinationCountryCode": "MX",
  "shippingMethod": "Standard",
  "items": [
    {
      "sku": "fra-cla-foil-sil-8x8",
      "copies": 1,
      "attributes": {
        "color": "white",
        "mount": "No mount / Mat",
        "paperType": "Silver foil"
      },
      "assets": [
        {
          "printArea": "default"
        }
      ]
    }
  ]
}
[QuotesAPI] Creating quote request: {
  "destinationCountryCode": "MX",
  "shippingMethod": "Express",
  "items": [
    {
      "sku": "fra-cla-foil-sil-8x8",
      "copies": 1,
      "attributes": {
        "color": "white",
        "mount": "No mount / Mat",
        "paperType": "Silver foil"
      },
      "assets": [
        {
          "printArea": "default"
        }
      ]
    }
  ]
}
[QuotesAPI] Creating quote request: {
  "destinationCountryCode": "MX",
  "shippingMethod": "Overnight",
  "items": [
    {
      "sku": "fra-cla-foil-sil-8x8",
      "copies": 1,
      "attributes": {
        "color": "white",
        "mount": "No mount / Mat",
        "paperType": "Silver foil"
      },
      "assets": [
        {
          "printArea": "default"
        }
      ]
    }
  ]
}
[Prodigi] Request body being sent: {
  "destinationCountryCode": "MX",
  "shippingMethod": "Budget",
  "items": [
    {
      "sku": "fra-cla-foil-sil-8x8",
      "copies": 1,
      "attributes": {
        "color": "white",
        "mount": "No mount / Mat",
        "paperType": "Silver foil"
      },
      "assets": [
        {
          "printArea": "default"
        }
      ]
    }
  ]
}
[Prodigi] Request body being sent: {
  "destinationCountryCode": "MX",
  "shippingMethod": "Standard",
  "items": [
    {
      "sku": "fra-cla-foil-sil-8x8",
      "copies": 1,
      "attributes": {
        "color": "white",
        "mount": "No mount / Mat",
        "paperType": "Silver foil"
      },
      "assets": [
        {
          "printArea": "default"
        }
      ]
    }
  ]
}
[Prodigi] Request body being sent: {
  "destinationCountryCode": "MX",
  "shippingMethod": "Express",
  "items": [
    {
      "sku": "fra-cla-foil-sil-8x8",
      "copies": 1,
      "attributes": {
        "color": "white",
        "mount": "No mount / Mat",
        "paperType": "Silver foil"
      },
      "assets": [
        {
          "printArea": "default"
        }
      ]
    }
  ]
}
[Prodigi] Request body being sent: {
  "destinationCountryCode": "MX",
  "shippingMethod": "Overnight",
  "items": [
    {
      "sku": "fra-cla-foil-sil-8x8",
      "copies": 1,
      "attributes": {
        "color": "white",
        "mount": "No mount / Mat",
        "paperType": "Silver foil"
      },
      "assets": [
        {
          "printArea": "default"
        }
      ]
    }
  ]
}
[Prodigi:production] ✅ POST https://api.prodigi.com/v4.0/quotes - 200 
[Prodigi:production] ✅ POST https://api.prodigi.com/v4.0/quotes - 200 
[Prodigi:production] ✅ POST https://api.prodigi.com/v4.0/quotes - 200 
[Prodigi:production] ✅ POST https://api.prodigi.com/v4.0/quotes - 200 
  ⏳ Progress: 20.7% (31/150) - Testing 8x10 → US...[Catalog] Searching Azure for framed-print 8x10 {
  prodigiProductTypes: [ 'Framed prints' ],
  searchParams: {
    minDimensionMm: 183,
    maxDimensionMm: 279,
    aspectRatioMin: 72,
    aspectRatioMax: 88
  }
}
🔍 Azure Search query: {
  filters: {
    country: 'US',
    category: 'Wall art',
    productTypes: [ 'Framed prints' ],
    minDimensionMm: 183,
    maxDimensionMm: 279,
    aspectRatioMin: 72,
    aspectRatioMax: 88
  },
  options: {
    top: 20,
    includeFacets: false,
    scoringProfile: 'Boost by production country',
    scoringParameter: 'prodCountry-US'
  },
  url: 'https://pwintylive.search.windows.net/indexes/live-catalogue/docs?api-version=2016-09-01&search=*&%24count=true&%24top=20&%24filter=destinationCountries%2Fany%28c%3A+c+eq+%27US%27%29+and+category+eq+%...'
}
✅ Azure Search results: { totalCount: 51, returnedCount: 20, hasFacets: false }
[Catalog] Filtered out 0 cork products from 20 total
[Catalog] Found SKU: global-bfp-6x8 for framed-print 8x10 {
  productType: 'Framed prints',
  dimensions: '15x20cm',
  productionCountries: [ 'GB', 'NL', 'US' ],
  score: 161
}
[Catalog] Fetching product details from Prodigi API: global-bfp-6x8
[Prodigi:production] ✅ GET https://api.prodigi.com/v4.0/products/global-bfp-6x8 - 200 
[Catalog] Successfully fetched product details: global-bfp-6x8
[Attributes] Product has mount attribute but mount is not set. Using default: No mount / Mat
[Attributes] Skipping frame attribute - "black" appears to be a color, not a frame style
[Attributes] Product has paperType attribute but paperType is not set. Using default: Silk
[Attributes] Built: {
  validKeys: [
    'frame',
    'color',
    'glaze',
    'mount',
    'paperType',
    'style',
    'substrateWeight'
  ],
  output: { color: 'black', mount: 'No mount / Mat', paperType: 'Silk' }
}
[QuotesAPI] Creating quote request: {
  "destinationCountryCode": "US",
  "shippingMethod": "Budget",
  "items": [
    {
      "sku": "global-bfp-6x8",
      "copies": 1,
      "attributes": {
        "color": "black",
        "mount": "No mount / Mat",
        "paperType": "Silk"
      },
      "assets": [
        {
          "printArea": "default"
        }
      ]
    }
  ]
}
[QuotesAPI] Creating quote request: {
  "destinationCountryCode": "US",
  "shippingMethod": "Standard",
  "items": [
    {
      "sku": "global-bfp-6x8",
      "copies": 1,
      "attributes": {
        "color": "black",
        "mount": "No mount / Mat",
        "paperType": "Silk"
      },
      "assets": [
        {
          "printArea": "default"
        }
      ]
    }
  ]
}
[QuotesAPI] Creating quote request: {
  "destinationCountryCode": "US",
  "shippingMethod": "Express",
  "items": [
    {
      "sku": "global-bfp-6x8",
      "copies": 1,
      "attributes": {
        "color": "black",
        "mount": "No mount / Mat",
        "paperType": "Silk"
      },
      "assets": [
        {
          "printArea": "default"
        }
      ]
    }
  ]
}
[QuotesAPI] Creating quote request: {
  "destinationCountryCode": "US",
  "shippingMethod": "Overnight",
  "items": [
    {
      "sku": "global-bfp-6x8",
      "copies": 1,
      "attributes": {
        "color": "black",
        "mount": "No mount / Mat",
        "paperType": "Silk"
      },
      "assets": [
        {
          "printArea": "default"
        }
      ]
    }
  ]
}
[Prodigi] Request body being sent: {
  "destinationCountryCode": "US",
  "shippingMethod": "Budget",
  "items": [
    {
      "sku": "global-bfp-6x8",
      "copies": 1,
      "attributes": {
        "color": "black",
        "mount": "No mount / Mat",
        "paperType": "Silk"
      },
      "assets": [
        {
          "printArea": "default"
        }
      ]
    }
  ]
}
[Prodigi] Request body being sent: {
  "destinationCountryCode": "US",
  "shippingMethod": "Standard",
  "items": [
    {
      "sku": "global-bfp-6x8",
      "copies": 1,
      "attributes": {
        "color": "black",
        "mount": "No mount / Mat",
        "paperType": "Silk"
      },
      "assets": [
        {
          "printArea": "default"
        }
      ]
    }
  ]
}
[Prodigi] Request body being sent: {
  "destinationCountryCode": "US",
  "shippingMethod": "Express",
  "items": [
    {
      "sku": "global-bfp-6x8",
      "copies": 1,
      "attributes": {
        "color": "black",
        "mount": "No mount / Mat",
        "paperType": "Silk"
      },
      "assets": [
        {
          "printArea": "default"
        }
      ]
    }
  ]
}
[Prodigi] Request body being sent: {
  "destinationCountryCode": "US",
  "shippingMethod": "Overnight",
  "items": [
    {
      "sku": "global-bfp-6x8",
      "copies": 1,
      "attributes": {
        "color": "black",
        "mount": "No mount / Mat",
        "paperType": "Silk"
      },
      "assets": [
        {
          "printArea": "default"
        }
      ]
    }
  ]
}
[Prodigi:production] ✅ POST https://api.prodigi.com/v4.0/quotes - 200 
[Prodigi:production] ✅ POST https://api.prodigi.com/v4.0/quotes - 200 
[Prodigi:production] ✅ POST https://api.prodigi.com/v4.0/quotes - 200 
[Prodigi:production] ✅ POST https://api.prodigi.com/v4.0/quotes - 200 
  ⏳ Progress: 21.3% (32/150) - Testing 8x10 → CA...[Catalog] Searching Azure for framed-print 8x10 {
  prodigiProductTypes: [ 'Framed prints' ],
  searchParams: {
    minDimensionMm: 183,
    maxDimensionMm: 279,
    aspectRatioMin: 72,
    aspectRatioMax: 88
  }
}
🔍 Azure Search query: {
  filters: {
    country: 'CA',
    category: 'Wall art',
    productTypes: [ 'Framed prints' ],
    minDimensionMm: 183,
    maxDimensionMm: 279,
    aspectRatioMin: 72,
    aspectRatioMax: 88
  },
  options: {
    top: 20,
    includeFacets: false,
    scoringProfile: 'Boost by production country',
    scoringParameter: 'prodCountry-CA'
  },
  url: 'https://pwintylive.search.windows.net/indexes/live-catalogue/docs?api-version=2016-09-01&search=*&%24count=true&%24top=20&%24filter=destinationCountries%2Fany%28c%3A+c+eq+%27CA%27%29+and+category+eq+%...'
}
✅ Azure Search results: { totalCount: 51, returnedCount: 20, hasFacets: false }
[Catalog] Filtered out 0 cork products from 20 total
[Catalog] Found SKU: global-bfp-6x8 for framed-print 8x10 {
  productType: 'Framed prints',
  dimensions: '15x20cm',
  productionCountries: [ 'GB', 'NL', 'US' ],
  score: 11
}
[Catalog] Fetching product details from Prodigi API: global-bfp-6x8
[Catalog] Successfully fetched product details: global-bfp-6x8
[Attributes] Product has mount attribute but mount is not set. Using default: No mount / Mat
[Attributes] Skipping frame attribute - "black" appears to be a color, not a frame style
[Attributes] Product has paperType attribute but paperType is not set. Using default: Silk
[Attributes] Built: {
  validKeys: [
    'frame',
    'color',
    'glaze',
    'mount',
    'paperType',
    'style',
    'substrateWeight'
  ],
  output: { color: 'black', mount: 'No mount / Mat', paperType: 'Silk' }
}
[QuotesAPI] Creating quote request: {
  "destinationCountryCode": "CA",
  "shippingMethod": "Budget",
  "items": [
    {
      "sku": "global-bfp-6x8",
      "copies": 1,
      "attributes": {
        "color": "black",
        "mount": "No mount / Mat",
        "paperType": "Silk"
      },
      "assets": [
        {
          "printArea": "default"
        }
      ]
    }
  ]
}
[QuotesAPI] Creating quote request: {
  "destinationCountryCode": "CA",
  "shippingMethod": "Standard",
  "items": [
    {
      "sku": "global-bfp-6x8",
      "copies": 1,
      "attributes": {
        "color": "black",
        "mount": "No mount / Mat",
        "paperType": "Silk"
      },
      "assets": [
        {
          "printArea": "default"
        }
      ]
    }
  ]
}
[QuotesAPI] Creating quote request: {
  "destinationCountryCode": "CA",
  "shippingMethod": "Express",
  "items": [
    {
      "sku": "global-bfp-6x8",
      "copies": 1,
      "attributes": {
        "color": "black",
        "mount": "No mount / Mat",
        "paperType": "Silk"
      },
      "assets": [
        {
          "printArea": "default"
        }
      ]
    }
  ]
}
[QuotesAPI] Creating quote request: {
  "destinationCountryCode": "CA",
  "shippingMethod": "Overnight",
  "items": [
    {
      "sku": "global-bfp-6x8",
      "copies": 1,
      "attributes": {
        "color": "black",
        "mount": "No mount / Mat",
        "paperType": "Silk"
      },
      "assets": [
        {
          "printArea": "default"
        }
      ]
    }
  ]
}
[Prodigi] Request body being sent: {
  "destinationCountryCode": "CA",
  "shippingMethod": "Budget",
  "items": [
    {
      "sku": "global-bfp-6x8",
      "copies": 1,
      "attributes": {
        "color": "black",
        "mount": "No mount / Mat",
        "paperType": "Silk"
      },
      "assets": [
        {
          "printArea": "default"
        }
      ]
    }
  ]
}
[Prodigi] Request body being sent: {
  "destinationCountryCode": "CA",
  "shippingMethod": "Standard",
  "items": [
    {
      "sku": "global-bfp-6x8",
      "copies": 1,
      "attributes": {
        "color": "black",
        "mount": "No mount / Mat",
        "paperType": "Silk"
      },
      "assets": [
        {
          "printArea": "default"
        }
      ]
    }
  ]
}
[Prodigi] Request body being sent: {
  "destinationCountryCode": "CA",
  "shippingMethod": "Express",
  "items": [
    {
      "sku": "global-bfp-6x8",
      "copies": 1,
      "attributes": {
        "color": "black",
        "mount": "No mount / Mat",
        "paperType": "Silk"
      },
      "assets": [
        {
          "printArea": "default"
        }
      ]
    }
  ]
}
[Prodigi] Request body being sent: {
  "destinationCountryCode": "CA",
  "shippingMethod": "Overnight",
  "items": [
    {
      "sku": "global-bfp-6x8",
      "copies": 1,
      "attributes": {
        "color": "black",
        "mount": "No mount / Mat",
        "paperType": "Silk"
      },
      "assets": [
        {
          "printArea": "default"
        }
      ]
    }
  ]
}
[Prodigi:production] ✅ POST https://api.prodigi.com/v4.0/quotes - 200 
[Prodigi:production] ✅ POST https://api.prodigi.com/v4.0/quotes - 200 
[Prodigi:production] ✅ POST https://api.prodigi.com/v4.0/quotes - 200 
[Prodigi:production] ✅ POST https://api.prodigi.com/v4.0/quotes - 200 
  ⏳ Progress: 22.0% (33/150) - Testing 8x10 → GB...[Catalog] Searching Azure for framed-print 8x10 {
  prodigiProductTypes: [ 'Framed prints' ],
  searchParams: {
    minDimensionMm: 183,
    maxDimensionMm: 279,
    aspectRatioMin: 72,
    aspectRatioMax: 88
  }
}
🔍 Azure Search query: {
  filters: {
    country: 'GB',
    category: 'Wall art',
    productTypes: [ 'Framed prints' ],
    minDimensionMm: 183,
    maxDimensionMm: 279,
    aspectRatioMin: 72,
    aspectRatioMax: 88
  },
  options: {
    top: 20,
    includeFacets: false,
    scoringProfile: 'Boost by production country',
    scoringParameter: 'prodCountry-GB'
  },
  url: 'https://pwintylive.search.windows.net/indexes/live-catalogue/docs?api-version=2016-09-01&search=*&%24count=true&%24top=20&%24filter=destinationCountries%2Fany%28c%3A+c+eq+%27GB%27%29+and+category+eq+%...'
}
✅ Azure Search results: { totalCount: 51, returnedCount: 20, hasFacets: false }
[Catalog] Filtered out 0 cork products from 20 total
[Catalog] Found SKU: global-bfp-6x8 for framed-print 8x10 {
  productType: 'Framed prints',
  dimensions: '15x20cm',
  productionCountries: [ 'GB', 'NL', 'US' ],
  score: 161
}
[Catalog] Fetching product details from Prodigi API: global-bfp-6x8
[Catalog] Successfully fetched product details: global-bfp-6x8
[Attributes] Product has mount attribute but mount is not set. Using default: No mount / Mat
[Attributes] Skipping frame attribute - "black" appears to be a color, not a frame style
[Attributes] Product has paperType attribute but paperType is not set. Using default: Silk
[Attributes] Built: {
  validKeys: [
    'frame',
    'color',
    'glaze',
    'mount',
    'paperType',
    'style',
    'substrateWeight'
  ],
  output: { color: 'black', mount: 'No mount / Mat', paperType: 'Silk' }
}
[QuotesAPI] Creating quote request: {
  "destinationCountryCode": "GB",
  "shippingMethod": "Budget",
  "items": [
    {
      "sku": "global-bfp-6x8",
      "copies": 1,
      "attributes": {
        "color": "black",
        "mount": "No mount / Mat",
        "paperType": "Silk"
      },
      "assets": [
        {
          "printArea": "default"
        }
      ]
    }
  ]
}
[QuotesAPI] Creating quote request: {
  "destinationCountryCode": "GB",
  "shippingMethod": "Standard",
  "items": [
    {
      "sku": "global-bfp-6x8",
      "copies": 1,
      "attributes": {
        "color": "black",
        "mount": "No mount / Mat",
        "paperType": "Silk"
      },
      "assets": [
        {
          "printArea": "default"
        }
      ]
    }
  ]
}
[QuotesAPI] Creating quote request: {
  "destinationCountryCode": "GB",
  "shippingMethod": "Express",
  "items": [
    {
      "sku": "global-bfp-6x8",
      "copies": 1,
      "attributes": {
        "color": "black",
        "mount": "No mount / Mat",
        "paperType": "Silk"
      },
      "assets": [
        {
          "printArea": "default"
        }
      ]
    }
  ]
}
[QuotesAPI] Creating quote request: {
  "destinationCountryCode": "GB",
  "shippingMethod": "Overnight",
  "items": [
    {
      "sku": "global-bfp-6x8",
      "copies": 1,
      "attributes": {
        "color": "black",
        "mount": "No mount / Mat",
        "paperType": "Silk"
      },
      "assets": [
        {
          "printArea": "default"
        }
      ]
    }
  ]
}
[Prodigi] Request body being sent: {
  "destinationCountryCode": "GB",
  "shippingMethod": "Budget",
  "items": [
    {
      "sku": "global-bfp-6x8",
      "copies": 1,
      "attributes": {
        "color": "black",
        "mount": "No mount / Mat",
        "paperType": "Silk"
      },
      "assets": [
        {
          "printArea": "default"
        }
      ]
    }
  ]
}
[Prodigi] Request body being sent: {
  "destinationCountryCode": "GB",
  "shippingMethod": "Standard",
  "items": [
    {
      "sku": "global-bfp-6x8",
      "copies": 1,
      "attributes": {
        "color": "black",
        "mount": "No mount / Mat",
        "paperType": "Silk"
      },
      "assets": [
        {
          "printArea": "default"
        }
      ]
    }
  ]
}
[Prodigi] Request body being sent: {
  "destinationCountryCode": "GB",
  "shippingMethod": "Express",
  "items": [
    {
      "sku": "global-bfp-6x8",
      "copies": 1,
      "attributes": {
        "color": "black",
        "mount": "No mount / Mat",
        "paperType": "Silk"
      },
      "assets": [
        {
          "printArea": "default"
        }
      ]
    }
  ]
}
[Prodigi] Request body being sent: {
  "destinationCountryCode": "GB",
  "shippingMethod": "Overnight",
  "items": [
    {
      "sku": "global-bfp-6x8",
      "copies": 1,
      "attributes": {
        "color": "black",
        "mount": "No mount / Mat",
        "paperType": "Silk"
      },
      "assets": [
        {
          "printArea": "default"
        }
      ]
    }
  ]
}
[Prodigi:production] ✅ POST https://api.prodigi.com/v4.0/quotes - 200 
[Prodigi:production] ✅ POST https://api.prodigi.com/v4.0/quotes - 200 
[Prodigi:production] ✅ POST https://api.prodigi.com/v4.0/quotes - 200 
[Prodigi:production] ✅ POST https://api.prodigi.com/v4.0/quotes - 200 
  ⏳ Progress: 22.7% (34/150) - Testing 8x10 → AU...[Catalog] Searching Azure for framed-print 8x10 {
  prodigiProductTypes: [ 'Framed prints' ],
  searchParams: {
    minDimensionMm: 183,
    maxDimensionMm: 279,
    aspectRatioMin: 72,
    aspectRatioMax: 88
  }
}
🔍 Azure Search query: {
  filters: {
    country: 'AU',
    category: 'Wall art',
    productTypes: [ 'Framed prints' ],
    minDimensionMm: 183,
    maxDimensionMm: 279,
    aspectRatioMin: 72,
    aspectRatioMax: 88
  },
  options: {
    top: 20,
    includeFacets: false,
    scoringProfile: 'Boost by production country',
    scoringParameter: 'prodCountry-AU'
  },
  url: 'https://pwintylive.search.windows.net/indexes/live-catalogue/docs?api-version=2016-09-01&search=*&%24count=true&%24top=20&%24filter=destinationCountries%2Fany%28c%3A+c+eq+%27AU%27%29+and+category+eq+%...'
}
✅ Azure Search results: { totalCount: 51, returnedCount: 20, hasFacets: false }
[Catalog] Filtered out 0 cork products from 20 total
[Catalog] Found SKU: global-fra-alu-8x10 for framed-print 8x10 {
  productType: 'Framed prints',
  dimensions: '8x10in',
  productionCountries: [ 'US', 'NL', 'GB', 'AU' ],
  score: 160.5
}
[Catalog] Fetching product details from Prodigi API: global-fra-alu-8x10
[Prodigi:production] ✅ GET https://api.prodigi.com/v4.0/products/global-fra-alu-8x10 - 200 
[Catalog] Successfully fetched product details: global-fra-alu-8x10
[Attributes] Product has mount attribute but mount is not set. Using default: No mount / Mat
[Attributes] Skipping frame attribute - "black" appears to be a color, not a frame style
[Attributes] Product has paperType attribute but paperType is not set. Using default: EMA
[Attributes] Built: {
  validKeys: [
    'frame',
    'color',
    'glaze',
    'mount',
    'paperType',
    'style',
    'substrateWeight'
  ],
  output: { color: 'black', mount: 'No mount / Mat', paperType: 'EMA' }
}
[QuotesAPI] Creating quote request: {
  "destinationCountryCode": "AU",
  "shippingMethod": "Budget",
  "items": [
    {
      "sku": "global-fra-alu-8x10",
      "copies": 1,
      "attributes": {
        "color": "black",
        "mount": "No mount / Mat",
        "paperType": "EMA"
      },
      "assets": [
        {
          "printArea": "default"
        }
      ]
    }
  ]
}
[QuotesAPI] Creating quote request: {
  "destinationCountryCode": "AU",
  "shippingMethod": "Standard",
  "items": [
    {
      "sku": "global-fra-alu-8x10",
      "copies": 1,
      "attributes": {
        "color": "black",
        "mount": "No mount / Mat",
        "paperType": "EMA"
      },
      "assets": [
        {
          "printArea": "default"
        }
      ]
    }
  ]
}
[QuotesAPI] Creating quote request: {
  "destinationCountryCode": "AU",
  "shippingMethod": "Express",
  "items": [
    {
      "sku": "global-fra-alu-8x10",
      "copies": 1,
      "attributes": {
        "color": "black",
        "mount": "No mount / Mat",
        "paperType": "EMA"
      },
      "assets": [
        {
          "printArea": "default"
        }
      ]
    }
  ]
}
[QuotesAPI] Creating quote request: {
  "destinationCountryCode": "AU",
  "shippingMethod": "Overnight",
  "items": [
    {
      "sku": "global-fra-alu-8x10",
      "copies": 1,
      "attributes": {
        "color": "black",
        "mount": "No mount / Mat",
        "paperType": "EMA"
      },
      "assets": [
        {
          "printArea": "default"
        }
      ]
    }
  ]
}
[Prodigi] Request body being sent: {
  "destinationCountryCode": "AU",
  "shippingMethod": "Budget",
  "items": [
    {
      "sku": "global-fra-alu-8x10",
      "copies": 1,
      "attributes": {
        "color": "black",
        "mount": "No mount / Mat",
        "paperType": "EMA"
      },
      "assets": [
        {
          "printArea": "default"
        }
      ]
    }
  ]
}
[Prodigi] Request body being sent: {
  "destinationCountryCode": "AU",
  "shippingMethod": "Standard",
  "items": [
    {
      "sku": "global-fra-alu-8x10",
      "copies": 1,
      "attributes": {
        "color": "black",
        "mount": "No mount / Mat",
        "paperType": "EMA"
      },
      "assets": [
        {
          "printArea": "default"
        }
      ]
    }
  ]
}
[Prodigi] Request body being sent: {
  "destinationCountryCode": "AU",
  "shippingMethod": "Express",
  "items": [
    {
      "sku": "global-fra-alu-8x10",
      "copies": 1,
      "attributes": {
        "color": "black",
        "mount": "No mount / Mat",
        "paperType": "EMA"
      },
      "assets": [
        {
          "printArea": "default"
        }
      ]
    }
  ]
}
[Prodigi] Request body being sent: {
  "destinationCountryCode": "AU",
  "shippingMethod": "Overnight",
  "items": [
    {
      "sku": "global-fra-alu-8x10",
      "copies": 1,
      "attributes": {
        "color": "black",
        "mount": "No mount / Mat",
        "paperType": "EMA"
      },
      "assets": [
        {
          "printArea": "default"
        }
      ]
    }
  ]
}
[Prodigi:production] ✅ POST https://api.prodigi.com/v4.0/quotes - 200 
[Prodigi:production] ✅ POST https://api.prodigi.com/v4.0/quotes - 200 
[Prodigi:production] ✅ POST https://api.prodigi.com/v4.0/quotes - 200 
[Prodigi:production] ✅ POST https://api.prodigi.com/v4.0/quotes - 200 
  ⏳ Progress: 23.3% (35/150) - Testing 8x10 → DE...[Catalog] Searching Azure for framed-print 8x10 {
  prodigiProductTypes: [ 'Framed prints' ],
  searchParams: {
    minDimensionMm: 183,
    maxDimensionMm: 279,
    aspectRatioMin: 72,
    aspectRatioMax: 88
  }
}
🔍 Azure Search query: {
  filters: {
    country: 'DE',
    category: 'Wall art',
    productTypes: [ 'Framed prints' ],
    minDimensionMm: 183,
    maxDimensionMm: 279,
    aspectRatioMin: 72,
    aspectRatioMax: 88
  },
  options: {
    top: 20,
    includeFacets: false,
    scoringProfile: 'Boost by production country',
    scoringParameter: 'prodCountry-DE'
  },
  url: 'https://pwintylive.search.windows.net/indexes/live-catalogue/docs?api-version=2016-09-01&search=*&%24count=true&%24top=20&%24filter=destinationCountries%2Fany%28c%3A+c+eq+%27DE%27%29+and+category+eq+%...'
}
✅ Azure Search results: { totalCount: 51, returnedCount: 20, hasFacets: false }
[Catalog] Filtered out 0 cork products from 20 total
[Catalog] Found SKU: global-bfp-6x8 for framed-print 8x10 {
  productType: 'Framed prints',
  dimensions: '15x20cm',
  productionCountries: [ 'GB', 'NL', 'US' ],
  score: 61
}
[Catalog] Fetching product details from Prodigi API: global-bfp-6x8
[Catalog] Successfully fetched product details: global-bfp-6x8
[Attributes] Product has mount attribute but mount is not set. Using default: No mount / Mat
[Attributes] Skipping frame attribute - "black" appears to be a color, not a frame style
[Attributes] Product has paperType attribute but paperType is not set. Using default: Silk
[Attributes] Built: {
  validKeys: [
    'frame',
    'color',
    'glaze',
    'mount',
    'paperType',
    'style',
    'substrateWeight'
  ],
  output: { color: 'black', mount: 'No mount / Mat', paperType: 'Silk' }
}
[QuotesAPI] Creating quote request: {
  "destinationCountryCode": "DE",
  "shippingMethod": "Budget",
  "items": [
    {
      "sku": "global-bfp-6x8",
      "copies": 1,
      "attributes": {
        "color": "black",
        "mount": "No mount / Mat",
        "paperType": "Silk"
      },
      "assets": [
        {
          "printArea": "default"
        }
      ]
    }
  ]
}
[QuotesAPI] Creating quote request: {
  "destinationCountryCode": "DE",
  "shippingMethod": "Standard",
  "items": [
    {
      "sku": "global-bfp-6x8",
      "copies": 1,
      "attributes": {
        "color": "black",
        "mount": "No mount / Mat",
        "paperType": "Silk"
      },
      "assets": [
        {
          "printArea": "default"
        }
      ]
    }
  ]
}
[QuotesAPI] Creating quote request: {
  "destinationCountryCode": "DE",
  "shippingMethod": "Express",
  "items": [
    {
      "sku": "global-bfp-6x8",
      "copies": 1,
      "attributes": {
        "color": "black",
        "mount": "No mount / Mat",
        "paperType": "Silk"
      },
      "assets": [
        {
          "printArea": "default"
        }
      ]
    }
  ]
}
[QuotesAPI] Creating quote request: {
  "destinationCountryCode": "DE",
  "shippingMethod": "Overnight",
  "items": [
    {
      "sku": "global-bfp-6x8",
      "copies": 1,
      "attributes": {
        "color": "black",
        "mount": "No mount / Mat",
        "paperType": "Silk"
      },
      "assets": [
        {
          "printArea": "default"
        }
      ]
    }
  ]
}
[Prodigi] Request body being sent: {
  "destinationCountryCode": "DE",
  "shippingMethod": "Budget",
  "items": [
    {
      "sku": "global-bfp-6x8",
      "copies": 1,
      "attributes": {
        "color": "black",
        "mount": "No mount / Mat",
        "paperType": "Silk"
      },
      "assets": [
        {
          "printArea": "default"
        }
      ]
    }
  ]
}
[Prodigi] Request body being sent: {
  "destinationCountryCode": "DE",
  "shippingMethod": "Standard",
  "items": [
    {
      "sku": "global-bfp-6x8",
      "copies": 1,
      "attributes": {
        "color": "black",
        "mount": "No mount / Mat",
        "paperType": "Silk"
      },
      "assets": [
        {
          "printArea": "default"
        }
      ]
    }
  ]
}
[Prodigi] Request body being sent: {
  "destinationCountryCode": "DE",
  "shippingMethod": "Express",
  "items": [
    {
      "sku": "global-bfp-6x8",
      "copies": 1,
      "attributes": {
        "color": "black",
        "mount": "No mount / Mat",
        "paperType": "Silk"
      },
      "assets": [
        {
          "printArea": "default"
        }
      ]
    }
  ]
}
[Prodigi] Request body being sent: {
  "destinationCountryCode": "DE",
  "shippingMethod": "Overnight",
  "items": [
    {
      "sku": "global-bfp-6x8",
      "copies": 1,
      "attributes": {
        "color": "black",
        "mount": "No mount / Mat",
        "paperType": "Silk"
      },
      "assets": [
        {
          "printArea": "default"
        }
      ]
    }
  ]
}
[Prodigi:production] ✅ POST https://api.prodigi.com/v4.0/quotes - 200 
[Prodigi:production] ✅ POST https://api.prodigi.com/v4.0/quotes - 200 
[Prodigi:production] ✅ POST https://api.prodigi.com/v4.0/quotes - 200 
[Prodigi:production] ✅ POST https://api.prodigi.com/v4.0/quotes - 200 
  ⏳ Progress: 24.0% (36/150) - Testing 8x10 → FR...[Catalog] Searching Azure for framed-print 8x10 {
  prodigiProductTypes: [ 'Framed prints' ],
  searchParams: {
    minDimensionMm: 183,
    maxDimensionMm: 279,
    aspectRatioMin: 72,
    aspectRatioMax: 88
  }
}
🔍 Azure Search query: {
  filters: {
    country: 'FR',
    category: 'Wall art',
    productTypes: [ 'Framed prints' ],
    minDimensionMm: 183,
    maxDimensionMm: 279,
    aspectRatioMin: 72,
    aspectRatioMax: 88
  },
  options: {
    top: 20,
    includeFacets: false,
    scoringProfile: 'Boost by production country',
    scoringParameter: 'prodCountry-FR'
  },
  url: 'https://pwintylive.search.windows.net/indexes/live-catalogue/docs?api-version=2016-09-01&search=*&%24count=true&%24top=20&%24filter=destinationCountries%2Fany%28c%3A+c+eq+%27FR%27%29+and+category+eq+%...'
}
✅ Azure Search results: { totalCount: 51, returnedCount: 20, hasFacets: false }
[Catalog] Filtered out 0 cork products from 20 total
[Catalog] Found SKU: global-bfp-6x8 for framed-print 8x10 {
  productType: 'Framed prints',
  dimensions: '15x20cm',
  productionCountries: [ 'GB', 'NL', 'US' ],
  score: 61
}
[Catalog] Fetching product details from Prodigi API: global-bfp-6x8
[Catalog] Successfully fetched product details: global-bfp-6x8
[Attributes] Product has mount attribute but mount is not set. Using default: No mount / Mat
[Attributes] Skipping frame attribute - "black" appears to be a color, not a frame style
[Attributes] Product has paperType attribute but paperType is not set. Using default: Silk
[Attributes] Built: {
  validKeys: [
    'frame',
    'color',
    'glaze',
    'mount',
    'paperType',
    'style',
    'substrateWeight'
  ],
  output: { color: 'black', mount: 'No mount / Mat', paperType: 'Silk' }
}
[QuotesAPI] Creating quote request: {
  "destinationCountryCode": "FR",
  "shippingMethod": "Budget",
  "items": [
    {
      "sku": "global-bfp-6x8",
      "copies": 1,
      "attributes": {
        "color": "black",
        "mount": "No mount / Mat",
        "paperType": "Silk"
      },
      "assets": [
        {
          "printArea": "default"
        }
      ]
    }
  ]
}
[QuotesAPI] Creating quote request: {
  "destinationCountryCode": "FR",
  "shippingMethod": "Standard",
  "items": [
    {
      "sku": "global-bfp-6x8",
      "copies": 1,
      "attributes": {
        "color": "black",
        "mount": "No mount / Mat",
        "paperType": "Silk"
      },
      "assets": [
        {
          "printArea": "default"
        }
      ]
    }
  ]
}
[QuotesAPI] Creating quote request: {
  "destinationCountryCode": "FR",
  "shippingMethod": "Express",
  "items": [
    {
      "sku": "global-bfp-6x8",
      "copies": 1,
      "attributes": {
        "color": "black",
        "mount": "No mount / Mat",
        "paperType": "Silk"
      },
      "assets": [
        {
          "printArea": "default"
        }
      ]
    }
  ]
}
[QuotesAPI] Creating quote request: {
  "destinationCountryCode": "FR",
  "shippingMethod": "Overnight",
  "items": [
    {
      "sku": "global-bfp-6x8",
      "copies": 1,
      "attributes": {
        "color": "black",
        "mount": "No mount / Mat",
        "paperType": "Silk"
      },
      "assets": [
        {
          "printArea": "default"
        }
      ]
    }
  ]
}
[Prodigi] Request body being sent: {
  "destinationCountryCode": "FR",
  "shippingMethod": "Budget",
  "items": [
    {
      "sku": "global-bfp-6x8",
      "copies": 1,
      "attributes": {
        "color": "black",
        "mount": "No mount / Mat",
        "paperType": "Silk"
      },
      "assets": [
        {
          "printArea": "default"
        }
      ]
    }
  ]
}
[Prodigi] Request body being sent: {
  "destinationCountryCode": "FR",
  "shippingMethod": "Standard",
  "items": [
    {
      "sku": "global-bfp-6x8",
      "copies": 1,
      "attributes": {
        "color": "black",
        "mount": "No mount / Mat",
        "paperType": "Silk"
      },
      "assets": [
        {
          "printArea": "default"
        }
      ]
    }
  ]
}
[Prodigi] Request body being sent: {
  "destinationCountryCode": "FR",
  "shippingMethod": "Express",
  "items": [
    {
      "sku": "global-bfp-6x8",
      "copies": 1,
      "attributes": {
        "color": "black",
        "mount": "No mount / Mat",
        "paperType": "Silk"
      },
      "assets": [
        {
          "printArea": "default"
        }
      ]
    }
  ]
}
[Prodigi] Request body being sent: {
  "destinationCountryCode": "FR",
  "shippingMethod": "Overnight",
  "items": [
    {
      "sku": "global-bfp-6x8",
      "copies": 1,
      "attributes": {
        "color": "black",
        "mount": "No mount / Mat",
        "paperType": "Silk"
      },
      "assets": [
        {
          "printArea": "default"
        }
      ]
    }
  ]
}
[Prodigi:production] ✅ POST https://api.prodigi.com/v4.0/quotes - 200 
[Prodigi:production] ✅ POST https://api.prodigi.com/v4.0/quotes - 200 
[Prodigi:production] ✅ POST https://api.prodigi.com/v4.0/quotes - 200 
[Prodigi:production] ✅ POST https://api.prodigi.com/v4.0/quotes - 200 
  ⏳ Progress: 24.7% (37/150) - Testing 8x10 → IT...[Catalog] Searching Azure for framed-print 8x10 {
  prodigiProductTypes: [ 'Framed prints' ],
  searchParams: {
    minDimensionMm: 183,
    maxDimensionMm: 279,
    aspectRatioMin: 72,
    aspectRatioMax: 88
  }
}
🔍 Azure Search query: {
  filters: {
    country: 'IT',
    category: 'Wall art',
    productTypes: [ 'Framed prints' ],
    minDimensionMm: 183,
    maxDimensionMm: 279,
    aspectRatioMin: 72,
    aspectRatioMax: 88
  },
  options: {
    top: 20,
    includeFacets: false,
    scoringProfile: 'Boost by production country',
    scoringParameter: 'prodCountry-IT'
  },
  url: 'https://pwintylive.search.windows.net/indexes/live-catalogue/docs?api-version=2016-09-01&search=*&%24count=true&%24top=20&%24filter=destinationCountries%2Fany%28c%3A+c+eq+%27IT%27%29+and+category+eq+%...'
}
✅ Azure Search results: { totalCount: 51, returnedCount: 20, hasFacets: false }
[Catalog] Filtered out 0 cork products from 20 total
[Catalog] Found SKU: global-bfp-6x8 for framed-print 8x10 {
  productType: 'Framed prints',
  dimensions: '15x20cm',
  productionCountries: [ 'GB', 'NL', 'US' ],
  score: 61
}
[Catalog] Fetching product details from Prodigi API: global-bfp-6x8
[Catalog] Successfully fetched product details: global-bfp-6x8
[Attributes] Product has mount attribute but mount is not set. Using default: No mount / Mat
[Attributes] Skipping frame attribute - "black" appears to be a color, not a frame style
[Attributes] Product has paperType attribute but paperType is not set. Using default: Silk
[Attributes] Built: {
  validKeys: [
    'frame',
    'color',
    'glaze',
    'mount',
    'paperType',
    'style',
    'substrateWeight'
  ],
  output: { color: 'black', mount: 'No mount / Mat', paperType: 'Silk' }
}
[QuotesAPI] Creating quote request: {
  "destinationCountryCode": "IT",
  "shippingMethod": "Budget",
  "items": [
    {
      "sku": "global-bfp-6x8",
      "copies": 1,
      "attributes": {
        "color": "black",
        "mount": "No mount / Mat",
        "paperType": "Silk"
      },
      "assets": [
        {
          "printArea": "default"
        }
      ]
    }
  ]
}
[QuotesAPI] Creating quote request: {
  "destinationCountryCode": "IT",
  "shippingMethod": "Standard",
  "items": [
    {
      "sku": "global-bfp-6x8",
      "copies": 1,
      "attributes": {
        "color": "black",
        "mount": "No mount / Mat",
        "paperType": "Silk"
      },
      "assets": [
        {
          "printArea": "default"
        }
      ]
    }
  ]
}
[QuotesAPI] Creating quote request: {
  "destinationCountryCode": "IT",
  "shippingMethod": "Express",
  "items": [
    {
      "sku": "global-bfp-6x8",
      "copies": 1,
      "attributes": {
        "color": "black",
        "mount": "No mount / Mat",
        "paperType": "Silk"
      },
      "assets": [
        {
          "printArea": "default"
        }
      ]
    }
  ]
}
[QuotesAPI] Creating quote request: {
  "destinationCountryCode": "IT",
  "shippingMethod": "Overnight",
  "items": [
    {
      "sku": "global-bfp-6x8",
      "copies": 1,
      "attributes": {
        "color": "black",
        "mount": "No mount / Mat",
        "paperType": "Silk"
      },
      "assets": [
        {
          "printArea": "default"
        }
      ]
    }
  ]
}
[Prodigi] Request body being sent: {
  "destinationCountryCode": "IT",
  "shippingMethod": "Budget",
  "items": [
    {
      "sku": "global-bfp-6x8",
      "copies": 1,
      "attributes": {
        "color": "black",
        "mount": "No mount / Mat",
        "paperType": "Silk"
      },
      "assets": [
        {
          "printArea": "default"
        }
      ]
    }
  ]
}
[Prodigi] Request body being sent: {
  "destinationCountryCode": "IT",
  "shippingMethod": "Standard",
  "items": [
    {
      "sku": "global-bfp-6x8",
      "copies": 1,
      "attributes": {
        "color": "black",
        "mount": "No mount / Mat",
        "paperType": "Silk"
      },
      "assets": [
        {
          "printArea": "default"
        }
      ]
    }
  ]
}
[Prodigi] Request body being sent: {
  "destinationCountryCode": "IT",
  "shippingMethod": "Express",
  "items": [
    {
      "sku": "global-bfp-6x8",
      "copies": 1,
      "attributes": {
        "color": "black",
        "mount": "No mount / Mat",
        "paperType": "Silk"
      },
      "assets": [
        {
          "printArea": "default"
        }
      ]
    }
  ]
}
[Prodigi] Request body being sent: {
  "destinationCountryCode": "IT",
  "shippingMethod": "Overnight",
  "items": [
    {
      "sku": "global-bfp-6x8",
      "copies": 1,
      "attributes": {
        "color": "black",
        "mount": "No mount / Mat",
        "paperType": "Silk"
      },
      "assets": [
        {
          "printArea": "default"
        }
      ]
    }
  ]
}
[Prodigi] Failed to parse error response: {
  status: 429,
  rawText: 'API calls quota exceeded! maximum admitted 30 per 30s.',
  parseError: `Unexpected token 'A', "API calls "... is not valid JSON`
}
[Prodigi:production] ⚠️ Retrying request (attempt 1/3) {
  endpoint: '/quotes',
  delay: 1601.487935167078,
  error: 'Rate limit exceeded. Please try again later.'
}
[Prodigi] Failed to parse error response: {
  status: 429,
  rawText: 'API calls quota exceeded! maximum admitted 30 per 30s.',
  parseError: `Unexpected token 'A', "API calls "... is not valid JSON`
}
[Prodigi:production] ⚠️ Retrying request (attempt 1/3) {
  endpoint: '/quotes',
  delay: 1744.8170613391812,
  error: 'Rate limit exceeded. Please try again later.'
}
[Prodigi:production] ✅ POST https://api.prodigi.com/v4.0/quotes - 200 
[Prodigi:production] ✅ POST https://api.prodigi.com/v4.0/quotes - 200 
[Prodigi] Request body being sent: {
  "destinationCountryCode": "IT",
  "shippingMethod": "Overnight",
  "items": [
    {
      "sku": "global-bfp-6x8",
      "copies": 1,
      "attributes": {
        "color": "black",
        "mount": "No mount / Mat",
        "paperType": "Silk"
      },
      "assets": [
        {
          "printArea": "default"
        }
      ]
    }
  ]
}
[Prodigi] Failed to parse error response: {
  status: 429,
  rawText: 'API calls quota exceeded! maximum admitted 30 per 30s.',
  parseError: `Unexpected token 'A', "API calls "... is not valid JSON`
}
[Prodigi:production] ⚠️ Retrying request (attempt 2/3) {
  endpoint: '/quotes',
  delay: 2387.3631081030503,
  error: 'Rate limit exceeded. Please try again later.'
}
[Prodigi] Request body being sent: {
  "destinationCountryCode": "IT",
  "shippingMethod": "Budget",
  "items": [
    {
      "sku": "global-bfp-6x8",
      "copies": 1,
      "attributes": {
        "color": "black",
        "mount": "No mount / Mat",
        "paperType": "Silk"
      },
      "assets": [
        {
          "printArea": "default"
        }
      ]
    }
  ]
}
[Prodigi] Failed to parse error response: {
  status: 429,
  rawText: 'API calls quota exceeded! maximum admitted 30 per 30s.',
  parseError: `Unexpected token 'A', "API calls "... is not valid JSON`
}
[Prodigi:production] ⚠️ Retrying request (attempt 2/3) {
  endpoint: '/quotes',
  delay: 2578.0743725966777,
  error: 'Rate limit exceeded. Please try again later.'
}
[Prodigi] Request body being sent: {
  "destinationCountryCode": "IT",
  "shippingMethod": "Overnight",
  "items": [
    {
      "sku": "global-bfp-6x8",
      "copies": 1,
      "attributes": {
        "color": "black",
        "mount": "No mount / Mat",
        "paperType": "Silk"
      },
      "assets": [
        {
          "printArea": "default"
        }
      ]
    }
  ]
}
[Prodigi] Request body being sent: {
  "destinationCountryCode": "IT",
  "shippingMethod": "Budget",
  "items": [
    {
      "sku": "global-bfp-6x8",
      "copies": 1,
      "attributes": {
        "color": "black",
        "mount": "No mount / Mat",
        "paperType": "Silk"
      },
      "assets": [
        {
          "printArea": "default"
        }
      ]
    }
  ]
}
[Prodigi:production] ✅ POST https://api.prodigi.com/v4.0/quotes - 200 
[Prodigi:production] ✅ POST https://api.prodigi.com/v4.0/quotes - 200 
  ⏳ Progress: 25.3% (38/150) - Testing 8x10 → ES...[Catalog] Searching Azure for framed-print 8x10 {
  prodigiProductTypes: [ 'Framed prints' ],
  searchParams: {
    minDimensionMm: 183,
    maxDimensionMm: 279,
    aspectRatioMin: 72,
    aspectRatioMax: 88
  }
}
🔍 Azure Search query: {
  filters: {
    country: 'ES',
    category: 'Wall art',
    productTypes: [ 'Framed prints' ],
    minDimensionMm: 183,
    maxDimensionMm: 279,
    aspectRatioMin: 72,
    aspectRatioMax: 88
  },
  options: {
    top: 20,
    includeFacets: false,
    scoringProfile: 'Boost by production country',
    scoringParameter: 'prodCountry-ES'
  },
  url: 'https://pwintylive.search.windows.net/indexes/live-catalogue/docs?api-version=2016-09-01&search=*&%24count=true&%24top=20&%24filter=destinationCountries%2Fany%28c%3A+c+eq+%27ES%27%29+and+category+eq+%...'
}
✅ Azure Search results: { totalCount: 51, returnedCount: 20, hasFacets: false }
[Catalog] Filtered out 0 cork products from 20 total
[Catalog] Found SKU: global-bfp-6x8 for framed-print 8x10 {
  productType: 'Framed prints',
  dimensions: '15x20cm',
  productionCountries: [ 'GB', 'NL', 'US' ],
  score: 61
}
[Catalog] Fetching product details from Prodigi API: global-bfp-6x8
[Catalog] Successfully fetched product details: global-bfp-6x8
[Attributes] Product has mount attribute but mount is not set. Using default: No mount / Mat
[Attributes] Skipping frame attribute - "black" appears to be a color, not a frame style
[Attributes] Product has paperType attribute but paperType is not set. Using default: Silk
[Attributes] Built: {
  validKeys: [
    'frame',
    'color',
    'glaze',
    'mount',
    'paperType',
    'style',
    'substrateWeight'
  ],
  output: { color: 'black', mount: 'No mount / Mat', paperType: 'Silk' }
}
[QuotesAPI] Creating quote request: {
  "destinationCountryCode": "ES",
  "shippingMethod": "Budget",
  "items": [
    {
      "sku": "global-bfp-6x8",
      "copies": 1,
      "attributes": {
        "color": "black",
        "mount": "No mount / Mat",
        "paperType": "Silk"
      },
      "assets": [
        {
          "printArea": "default"
        }
      ]
    }
  ]
}
[QuotesAPI] Creating quote request: {
  "destinationCountryCode": "ES",
  "shippingMethod": "Standard",
  "items": [
    {
      "sku": "global-bfp-6x8",
      "copies": 1,
      "attributes": {
        "color": "black",
        "mount": "No mount / Mat",
        "paperType": "Silk"
      },
      "assets": [
        {
          "printArea": "default"
        }
      ]
    }
  ]
}
[QuotesAPI] Creating quote request: {
  "destinationCountryCode": "ES",
  "shippingMethod": "Express",
  "items": [
    {
      "sku": "global-bfp-6x8",
      "copies": 1,
      "attributes": {
        "color": "black",
        "mount": "No mount / Mat",
        "paperType": "Silk"
      },
      "assets": [
        {
          "printArea": "default"
        }
      ]
    }
  ]
}
[QuotesAPI] Creating quote request: {
  "destinationCountryCode": "ES",
  "shippingMethod": "Overnight",
  "items": [
    {
      "sku": "global-bfp-6x8",
      "copies": 1,
      "attributes": {
        "color": "black",
        "mount": "No mount / Mat",
        "paperType": "Silk"
      },
      "assets": [
        {
          "printArea": "default"
        }
      ]
    }
  ]
}
[Prodigi] Request body being sent: {
  "destinationCountryCode": "ES",
  "shippingMethod": "Budget",
  "items": [
    {
      "sku": "global-bfp-6x8",
      "copies": 1,
      "attributes": {
        "color": "black",
        "mount": "No mount / Mat",
        "paperType": "Silk"
      },
      "assets": [
        {
          "printArea": "default"
        }
      ]
    }
  ]
}
[Prodigi] Request body being sent: {
  "destinationCountryCode": "ES",
  "shippingMethod": "Standard",
  "items": [
    {
      "sku": "global-bfp-6x8",
      "copies": 1,
      "attributes": {
        "color": "black",
        "mount": "No mount / Mat",
        "paperType": "Silk"
      },
      "assets": [
        {
          "printArea": "default"
        }
      ]
    }
  ]
}
[Prodigi] Request body being sent: {
  "destinationCountryCode": "ES",
  "shippingMethod": "Express",
  "items": [
    {
      "sku": "global-bfp-6x8",
      "copies": 1,
      "attributes": {
        "color": "black",
        "mount": "No mount / Mat",
        "paperType": "Silk"
      },
      "assets": [
        {
          "printArea": "default"
        }
      ]
    }
  ]
}
[Prodigi] Request body being sent: {
  "destinationCountryCode": "ES",
  "shippingMethod": "Overnight",
  "items": [
    {
      "sku": "global-bfp-6x8",
      "copies": 1,
      "attributes": {
        "color": "black",
        "mount": "No mount / Mat",
        "paperType": "Silk"
      },
      "assets": [
        {
          "printArea": "default"
        }
      ]
    }
  ]
}
[Prodigi:production] ✅ POST https://api.prodigi.com/v4.0/quotes - 200 
[Prodigi:production] ✅ POST https://api.prodigi.com/v4.0/quotes - 200 
[Prodigi:production] ✅ POST https://api.prodigi.com/v4.0/quotes - 200 
[Prodigi:production] ✅ POST https://api.prodigi.com/v4.0/quotes - 200 
  ⏳ Progress: 26.0% (39/150) - Testing 8x10 → NL...[Catalog] Searching Azure for framed-print 8x10 {
  prodigiProductTypes: [ 'Framed prints' ],
  searchParams: {
    minDimensionMm: 183,
    maxDimensionMm: 279,
    aspectRatioMin: 72,
    aspectRatioMax: 88
  }
}
🔍 Azure Search query: {
  filters: {
    country: 'NL',
    category: 'Wall art',
    productTypes: [ 'Framed prints' ],
    minDimensionMm: 183,
    maxDimensionMm: 279,
    aspectRatioMin: 72,
    aspectRatioMax: 88
  },
  options: {
    top: 20,
    includeFacets: false,
    scoringProfile: 'Boost by production country',
    scoringParameter: 'prodCountry-NL'
  },
  url: 'https://pwintylive.search.windows.net/indexes/live-catalogue/docs?api-version=2016-09-01&search=*&%24count=true&%24top=20&%24filter=destinationCountries%2Fany%28c%3A+c+eq+%27NL%27%29+and+category+eq+%...'
}
✅ Azure Search results: { totalCount: 51, returnedCount: 20, hasFacets: false }
[Catalog] Filtered out 0 cork products from 20 total
[Catalog] Found SKU: global-bfp-6x8 for framed-print 8x10 {
  productType: 'Framed prints',
  dimensions: '15x20cm',
  productionCountries: [ 'GB', 'NL', 'US' ],
  score: 161
}
[Catalog] Fetching product details from Prodigi API: global-bfp-6x8
[Catalog] Successfully fetched product details: global-bfp-6x8
[Attributes] Product has mount attribute but mount is not set. Using default: No mount / Mat
[Attributes] Skipping frame attribute - "black" appears to be a color, not a frame style
[Attributes] Product has paperType attribute but paperType is not set. Using default: Silk
[Attributes] Built: {
  validKeys: [
    'frame',
    'color',
    'glaze',
    'mount',
    'paperType',
    'style',
    'substrateWeight'
  ],
  output: { color: 'black', mount: 'No mount / Mat', paperType: 'Silk' }
}
[QuotesAPI] Creating quote request: {
  "destinationCountryCode": "NL",
  "shippingMethod": "Budget",
  "items": [
    {
      "sku": "global-bfp-6x8",
      "copies": 1,
      "attributes": {
        "color": "black",
        "mount": "No mount / Mat",
        "paperType": "Silk"
      },
      "assets": [
        {
          "printArea": "default"
        }
      ]
    }
  ]
}
[QuotesAPI] Creating quote request: {
  "destinationCountryCode": "NL",
  "shippingMethod": "Standard",
  "items": [
    {
      "sku": "global-bfp-6x8",
      "copies": 1,
      "attributes": {
        "color": "black",
        "mount": "No mount / Mat",
        "paperType": "Silk"
      },
      "assets": [
        {
          "printArea": "default"
        }
      ]
    }
  ]
}
[QuotesAPI] Creating quote request: {
  "destinationCountryCode": "NL",
  "shippingMethod": "Express",
  "items": [
    {
      "sku": "global-bfp-6x8",
      "copies": 1,
      "attributes": {
        "color": "black",
        "mount": "No mount / Mat",
        "paperType": "Silk"
      },
      "assets": [
        {
          "printArea": "default"
        }
      ]
    }
  ]
}
[QuotesAPI] Creating quote request: {
  "destinationCountryCode": "NL",
  "shippingMethod": "Overnight",
  "items": [
    {
      "sku": "global-bfp-6x8",
      "copies": 1,
      "attributes": {
        "color": "black",
        "mount": "No mount / Mat",
        "paperType": "Silk"
      },
      "assets": [
        {
          "printArea": "default"
        }
      ]
    }
  ]
}
[Prodigi] Request body being sent: {
  "destinationCountryCode": "NL",
  "shippingMethod": "Budget",
  "items": [
    {
      "sku": "global-bfp-6x8",
      "copies": 1,
      "attributes": {
        "color": "black",
        "mount": "No mount / Mat",
        "paperType": "Silk"
      },
      "assets": [
        {
          "printArea": "default"
        }
      ]
    }
  ]
}
[Prodigi] Request body being sent: {
  "destinationCountryCode": "NL",
  "shippingMethod": "Standard",
  "items": [
    {
      "sku": "global-bfp-6x8",
      "copies": 1,
      "attributes": {
        "color": "black",
        "mount": "No mount / Mat",
        "paperType": "Silk"
      },
      "assets": [
        {
          "printArea": "default"
        }
      ]
    }
  ]
}
[Prodigi] Request body being sent: {
  "destinationCountryCode": "NL",
  "shippingMethod": "Express",
  "items": [
    {
      "sku": "global-bfp-6x8",
      "copies": 1,
      "attributes": {
        "color": "black",
        "mount": "No mount / Mat",
        "paperType": "Silk"
      },
      "assets": [
        {
          "printArea": "default"
        }
      ]
    }
  ]
}
[Prodigi] Request body being sent: {
  "destinationCountryCode": "NL",
  "shippingMethod": "Overnight",
  "items": [
    {
      "sku": "global-bfp-6x8",
      "copies": 1,
      "attributes": {
        "color": "black",
        "mount": "No mount / Mat",
        "paperType": "Silk"
      },
      "assets": [
        {
          "printArea": "default"
        }
      ]
    }
  ]
}
[Prodigi:production] ✅ POST https://api.prodigi.com/v4.0/quotes - 200 
[Prodigi:production] ✅ POST https://api.prodigi.com/v4.0/quotes - 200 
[Prodigi:production] ✅ POST https://api.prodigi.com/v4.0/quotes - 200 
[Prodigi:production] ✅ POST https://api.prodigi.com/v4.0/quotes - 200 
  ⏳ Progress: 26.7% (40/150) - Testing 8x10 → BE...[Catalog] Searching Azure for framed-print 8x10 {
  prodigiProductTypes: [ 'Framed prints' ],
  searchParams: {
    minDimensionMm: 183,
    maxDimensionMm: 279,
    aspectRatioMin: 72,
    aspectRatioMax: 88
  }
}
🔍 Azure Search query: {
  filters: {
    country: 'BE',
    category: 'Wall art',
    productTypes: [ 'Framed prints' ],
    minDimensionMm: 183,
    maxDimensionMm: 279,
    aspectRatioMin: 72,
    aspectRatioMax: 88
  },
  options: {
    top: 20,
    includeFacets: false,
    scoringProfile: 'Boost by production country',
    scoringParameter: 'prodCountry-BE'
  },
  url: 'https://pwintylive.search.windows.net/indexes/live-catalogue/docs?api-version=2016-09-01&search=*&%24count=true&%24top=20&%24filter=destinationCountries%2Fany%28c%3A+c+eq+%27BE%27%29+and+category+eq+%...'
}
✅ Azure Search results: { totalCount: 51, returnedCount: 20, hasFacets: false }
[Catalog] Filtered out 0 cork products from 20 total
[Catalog] Found SKU: global-bfp-6x8 for framed-print 8x10 {
  productType: 'Framed prints',
  dimensions: '15x20cm',
  productionCountries: [ 'GB', 'NL', 'US' ],
  score: 61
}
[Catalog] Fetching product details from Prodigi API: global-bfp-6x8
[Catalog] Successfully fetched product details: global-bfp-6x8
[Attributes] Product has mount attribute but mount is not set. Using default: No mount / Mat
[Attributes] Skipping frame attribute - "black" appears to be a color, not a frame style
[Attributes] Product has paperType attribute but paperType is not set. Using default: Silk
[Attributes] Built: {
  validKeys: [
    'frame',
    'color',
    'glaze',
    'mount',
    'paperType',
    'style',
    'substrateWeight'
  ],
  output: { color: 'black', mount: 'No mount / Mat', paperType: 'Silk' }
}
[QuotesAPI] Creating quote request: {
  "destinationCountryCode": "BE",
  "shippingMethod": "Budget",
  "items": [
    {
      "sku": "global-bfp-6x8",
      "copies": 1,
      "attributes": {
        "color": "black",
        "mount": "No mount / Mat",
        "paperType": "Silk"
      },
      "assets": [
        {
          "printArea": "default"
        }
      ]
    }
  ]
}
[QuotesAPI] Creating quote request: {
  "destinationCountryCode": "BE",
  "shippingMethod": "Standard",
  "items": [
    {
      "sku": "global-bfp-6x8",
      "copies": 1,
      "attributes": {
        "color": "black",
        "mount": "No mount / Mat",
        "paperType": "Silk"
      },
      "assets": [
        {
          "printArea": "default"
        }
      ]
    }
  ]
}
[QuotesAPI] Creating quote request: {
  "destinationCountryCode": "BE",
  "shippingMethod": "Express",
  "items": [
    {
      "sku": "global-bfp-6x8",
      "copies": 1,
      "attributes": {
        "color": "black",
        "mount": "No mount / Mat",
        "paperType": "Silk"
      },
      "assets": [
        {
          "printArea": "default"
        }
      ]
    }
  ]
}
[QuotesAPI] Creating quote request: {
  "destinationCountryCode": "BE",
  "shippingMethod": "Overnight",
  "items": [
    {
      "sku": "global-bfp-6x8",
      "copies": 1,
      "attributes": {
        "color": "black",
        "mount": "No mount / Mat",
        "paperType": "Silk"
      },
      "assets": [
        {
          "printArea": "default"
        }
      ]
    }
  ]
}
[Prodigi] Request body being sent: {
  "destinationCountryCode": "BE",
  "shippingMethod": "Budget",
  "items": [
    {
      "sku": "global-bfp-6x8",
      "copies": 1,
      "attributes": {
        "color": "black",
        "mount": "No mount / Mat",
        "paperType": "Silk"
      },
      "assets": [
        {
          "printArea": "default"
        }
      ]
    }
  ]
}
[Prodigi] Request body being sent: {
  "destinationCountryCode": "BE",
  "shippingMethod": "Standard",
  "items": [
    {
      "sku": "global-bfp-6x8",
      "copies": 1,
      "attributes": {
        "color": "black",
        "mount": "No mount / Mat",
        "paperType": "Silk"
      },
      "assets": [
        {
          "printArea": "default"
        }
      ]
    }
  ]
}
[Prodigi] Request body being sent: {
  "destinationCountryCode": "BE",
  "shippingMethod": "Express",
  "items": [
    {
      "sku": "global-bfp-6x8",
      "copies": 1,
      "attributes": {
        "color": "black",
        "mount": "No mount / Mat",
        "paperType": "Silk"
      },
      "assets": [
        {
          "printArea": "default"
        }
      ]
    }
  ]
}
[Prodigi] Request body being sent: {
  "destinationCountryCode": "BE",
  "shippingMethod": "Overnight",
  "items": [
    {
      "sku": "global-bfp-6x8",
      "copies": 1,
      "attributes": {
        "color": "black",
        "mount": "No mount / Mat",
        "paperType": "Silk"
      },
      "assets": [
        {
          "printArea": "default"
        }
      ]
    }
  ]
}
[Prodigi:production] ✅ POST https://api.prodigi.com/v4.0/quotes - 200 
[Prodigi:production] ✅ POST https://api.prodigi.com/v4.0/quotes - 200 
[Prodigi:production] ✅ POST https://api.prodigi.com/v4.0/quotes - 200 
[Prodigi:production] ✅ POST https://api.prodigi.com/v4.0/quotes - 200 
  ⏳ Progress: 27.3% (41/150) - Testing 8x10 → JP...[Catalog] Searching Azure for framed-print 8x10 {
  prodigiProductTypes: [ 'Framed prints' ],
  searchParams: {
    minDimensionMm: 183,
    maxDimensionMm: 279,
    aspectRatioMin: 72,
    aspectRatioMax: 88
  }
}
🔍 Azure Search query: {
  filters: {
    country: 'JP',
    category: 'Wall art',
    productTypes: [ 'Framed prints' ],
    minDimensionMm: 183,
    maxDimensionMm: 279,
    aspectRatioMin: 72,
    aspectRatioMax: 88
  },
  options: {
    top: 20,
    includeFacets: false,
    scoringProfile: 'Boost by production country',
    scoringParameter: 'prodCountry-JP'
  },
  url: 'https://pwintylive.search.windows.net/indexes/live-catalogue/docs?api-version=2016-09-01&search=*&%24count=true&%24top=20&%24filter=destinationCountries%2Fany%28c%3A+c+eq+%27JP%27%29+and+category+eq+%...'
}
✅ Azure Search results: { totalCount: 51, returnedCount: 20, hasFacets: false }
[Catalog] Filtered out 0 cork products from 20 total
[Catalog] Found SKU: global-bfp-6x8 for framed-print 8x10 {
  productType: 'Framed prints',
  dimensions: '15x20cm',
  productionCountries: [ 'GB', 'NL', 'US' ],
  score: 11
}
[Catalog] Fetching product details from Prodigi API: global-bfp-6x8
[Catalog] Successfully fetched product details: global-bfp-6x8
[Attributes] Product has mount attribute but mount is not set. Using default: No mount / Mat
[Attributes] Skipping frame attribute - "black" appears to be a color, not a frame style
[Attributes] Product has paperType attribute but paperType is not set. Using default: Silk
[Attributes] Built: {
  validKeys: [
    'frame',
    'color',
    'glaze',
    'mount',
    'paperType',
    'style',
    'substrateWeight'
  ],
  output: { color: 'black', mount: 'No mount / Mat', paperType: 'Silk' }
}
[QuotesAPI] Creating quote request: {
  "destinationCountryCode": "JP",
  "shippingMethod": "Budget",
  "items": [
    {
      "sku": "global-bfp-6x8",
      "copies": 1,
      "attributes": {
        "color": "black",
        "mount": "No mount / Mat",
        "paperType": "Silk"
      },
      "assets": [
        {
          "printArea": "default"
        }
      ]
    }
  ]
}
[QuotesAPI] Creating quote request: {
  "destinationCountryCode": "JP",
  "shippingMethod": "Standard",
  "items": [
    {
      "sku": "global-bfp-6x8",
      "copies": 1,
      "attributes": {
        "color": "black",
        "mount": "No mount / Mat",
        "paperType": "Silk"
      },
      "assets": [
        {
          "printArea": "default"
        }
      ]
    }
  ]
}
[QuotesAPI] Creating quote request: {
  "destinationCountryCode": "JP",
  "shippingMethod": "Express",
  "items": [
    {
      "sku": "global-bfp-6x8",
      "copies": 1,
      "attributes": {
        "color": "black",
        "mount": "No mount / Mat",
        "paperType": "Silk"
      },
      "assets": [
        {
          "printArea": "default"
        }
      ]
    }
  ]
}
[QuotesAPI] Creating quote request: {
  "destinationCountryCode": "JP",
  "shippingMethod": "Overnight",
  "items": [
    {
      "sku": "global-bfp-6x8",
      "copies": 1,
      "attributes": {
        "color": "black",
        "mount": "No mount / Mat",
        "paperType": "Silk"
      },
      "assets": [
        {
          "printArea": "default"
        }
      ]
    }
  ]
}
[Prodigi] Request body being sent: {
  "destinationCountryCode": "JP",
  "shippingMethod": "Budget",
  "items": [
    {
      "sku": "global-bfp-6x8",
      "copies": 1,
      "attributes": {
        "color": "black",
        "mount": "No mount / Mat",
        "paperType": "Silk"
      },
      "assets": [
        {
          "printArea": "default"
        }
      ]
    }
  ]
}
[Prodigi] Request body being sent: {
  "destinationCountryCode": "JP",
  "shippingMethod": "Standard",
  "items": [
    {
      "sku": "global-bfp-6x8",
      "copies": 1,
      "attributes": {
        "color": "black",
        "mount": "No mount / Mat",
        "paperType": "Silk"
      },
      "assets": [
        {
          "printArea": "default"
        }
      ]
    }
  ]
}
[Prodigi] Request body being sent: {
  "destinationCountryCode": "JP",
  "shippingMethod": "Express",
  "items": [
    {
      "sku": "global-bfp-6x8",
      "copies": 1,
      "attributes": {
        "color": "black",
        "mount": "No mount / Mat",
        "paperType": "Silk"
      },
      "assets": [
        {
          "printArea": "default"
        }
      ]
    }
  ]
}
[Prodigi] Request body being sent: {
  "destinationCountryCode": "JP",
  "shippingMethod": "Overnight",
  "items": [
    {
      "sku": "global-bfp-6x8",
      "copies": 1,
      "attributes": {
        "color": "black",
        "mount": "No mount / Mat",
        "paperType": "Silk"
      },
      "assets": [
        {
          "printArea": "default"
        }
      ]
    }
  ]
}
[Prodigi:production] ✅ POST https://api.prodigi.com/v4.0/quotes - 200 
[Prodigi:production] ✅ POST https://api.prodigi.com/v4.0/quotes - 200 
[Prodigi:production] ✅ POST https://api.prodigi.com/v4.0/quotes - 200 
[Prodigi:production] ✅ POST https://api.prodigi.com/v4.0/quotes - 200 
  ⏳ Progress: 28.0% (42/150) - Testing 8x10 → KR...[Catalog] Searching Azure for framed-print 8x10 {
  prodigiProductTypes: [ 'Framed prints' ],
  searchParams: {
    minDimensionMm: 183,
    maxDimensionMm: 279,
    aspectRatioMin: 72,
    aspectRatioMax: 88
  }
}
🔍 Azure Search query: {
  filters: {
    country: 'KR',
    category: 'Wall art',
    productTypes: [ 'Framed prints' ],
    minDimensionMm: 183,
    maxDimensionMm: 279,
    aspectRatioMin: 72,
    aspectRatioMax: 88
  },
  options: {
    top: 20,
    includeFacets: false,
    scoringProfile: 'Boost by production country',
    scoringParameter: 'prodCountry-KR'
  },
  url: 'https://pwintylive.search.windows.net/indexes/live-catalogue/docs?api-version=2016-09-01&search=*&%24count=true&%24top=20&%24filter=destinationCountries%2Fany%28c%3A+c+eq+%27KR%27%29+and+category+eq+%...'
}
✅ Azure Search results: { totalCount: 51, returnedCount: 20, hasFacets: false }
[Catalog] Filtered out 0 cork products from 20 total
[Catalog] Found SKU: global-bfp-6x8 for framed-print 8x10 {
  productType: 'Framed prints',
  dimensions: '15x20cm',
  productionCountries: [ 'GB', 'NL', 'US' ],
  score: 11
}
[Catalog] Fetching product details from Prodigi API: global-bfp-6x8
[Catalog] Successfully fetched product details: global-bfp-6x8
[Attributes] Product has mount attribute but mount is not set. Using default: No mount / Mat
[Attributes] Skipping frame attribute - "black" appears to be a color, not a frame style
[Attributes] Product has paperType attribute but paperType is not set. Using default: Silk
[Attributes] Built: {
  validKeys: [
    'frame',
    'color',
    'glaze',
    'mount',
    'paperType',
    'style',
    'substrateWeight'
  ],
  output: { color: 'black', mount: 'No mount / Mat', paperType: 'Silk' }
}
[QuotesAPI] Creating quote request: {
  "destinationCountryCode": "KR",
  "shippingMethod": "Budget",
  "items": [
    {
      "sku": "global-bfp-6x8",
      "copies": 1,
      "attributes": {
        "color": "black",
        "mount": "No mount / Mat",
        "paperType": "Silk"
      },
      "assets": [
        {
          "printArea": "default"
        }
      ]
    }
  ]
}
[QuotesAPI] Creating quote request: {
  "destinationCountryCode": "KR",
  "shippingMethod": "Standard",
  "items": [
    {
      "sku": "global-bfp-6x8",
      "copies": 1,
      "attributes": {
        "color": "black",
        "mount": "No mount / Mat",
        "paperType": "Silk"
      },
      "assets": [
        {
          "printArea": "default"
        }
      ]
    }
  ]
}
[QuotesAPI] Creating quote request: {
  "destinationCountryCode": "KR",
  "shippingMethod": "Express",
  "items": [
    {
      "sku": "global-bfp-6x8",
      "copies": 1,
      "attributes": {
        "color": "black",
        "mount": "No mount / Mat",
        "paperType": "Silk"
      },
      "assets": [
        {
          "printArea": "default"
        }
      ]
    }
  ]
}
[QuotesAPI] Creating quote request: {
  "destinationCountryCode": "KR",
  "shippingMethod": "Overnight",
  "items": [
    {
      "sku": "global-bfp-6x8",
      "copies": 1,
      "attributes": {
        "color": "black",
        "mount": "No mount / Mat",
        "paperType": "Silk"
      },
      "assets": [
        {
          "printArea": "default"
        }
      ]
    }
  ]
}
[Prodigi] Request body being sent: {
  "destinationCountryCode": "KR",
  "shippingMethod": "Budget",
  "items": [
    {
      "sku": "global-bfp-6x8",
      "copies": 1,
      "attributes": {
        "color": "black",
        "mount": "No mount / Mat",
        "paperType": "Silk"
      },
      "assets": [
        {
          "printArea": "default"
        }
      ]
    }
  ]
}
[Prodigi] Request body being sent: {
  "destinationCountryCode": "KR",
  "shippingMethod": "Standard",
  "items": [
    {
      "sku": "global-bfp-6x8",
      "copies": 1,
      "attributes": {
        "color": "black",
        "mount": "No mount / Mat",
        "paperType": "Silk"
      },
      "assets": [
        {
          "printArea": "default"
        }
      ]
    }
  ]
}
[Prodigi] Request body being sent: {
  "destinationCountryCode": "KR",
  "shippingMethod": "Express",
  "items": [
    {
      "sku": "global-bfp-6x8",
      "copies": 1,
      "attributes": {
        "color": "black",
        "mount": "No mount / Mat",
        "paperType": "Silk"
      },
      "assets": [
        {
          "printArea": "default"
        }
      ]
    }
  ]
}
[Prodigi] Request body being sent: {
  "destinationCountryCode": "KR",
  "shippingMethod": "Overnight",
  "items": [
    {
      "sku": "global-bfp-6x8",
      "copies": 1,
      "attributes": {
        "color": "black",
        "mount": "No mount / Mat",
        "paperType": "Silk"
      },
      "assets": [
        {
          "printArea": "default"
        }
      ]
    }
  ]
}
[Prodigi:production] ✅ POST https://api.prodigi.com/v4.0/quotes - 200 
[Prodigi:production] ✅ POST https://api.prodigi.com/v4.0/quotes - 200 
[Prodigi:production] ✅ POST https://api.prodigi.com/v4.0/quotes - 200 
[Prodigi:production] ✅ POST https://api.prodigi.com/v4.0/quotes - 200 
  ⏳ Progress: 28.7% (43/150) - Testing 8x10 → SG...[Catalog] Searching Azure for framed-print 8x10 {
  prodigiProductTypes: [ 'Framed prints' ],
  searchParams: {
    minDimensionMm: 183,
    maxDimensionMm: 279,
    aspectRatioMin: 72,
    aspectRatioMax: 88
  }
}
🔍 Azure Search query: {
  filters: {
    country: 'SG',
    category: 'Wall art',
    productTypes: [ 'Framed prints' ],
    minDimensionMm: 183,
    maxDimensionMm: 279,
    aspectRatioMin: 72,
    aspectRatioMax: 88
  },
  options: {
    top: 20,
    includeFacets: false,
    scoringProfile: 'Boost by production country',
    scoringParameter: 'prodCountry-SG'
  },
  url: 'https://pwintylive.search.windows.net/indexes/live-catalogue/docs?api-version=2016-09-01&search=*&%24count=true&%24top=20&%24filter=destinationCountries%2Fany%28c%3A+c+eq+%27SG%27%29+and+category+eq+%...'
}
✅ Azure Search results: { totalCount: 51, returnedCount: 20, hasFacets: false }
[Catalog] Filtered out 0 cork products from 20 total
[Catalog] Found SKU: global-bfp-6x8 for framed-print 8x10 {
  productType: 'Framed prints',
  dimensions: '15x20cm',
  productionCountries: [ 'GB', 'NL', 'US' ],
  score: 11
}
[Catalog] Fetching product details from Prodigi API: global-bfp-6x8
[Catalog] Successfully fetched product details: global-bfp-6x8
[Attributes] Product has mount attribute but mount is not set. Using default: No mount / Mat
[Attributes] Skipping frame attribute - "black" appears to be a color, not a frame style
[Attributes] Product has paperType attribute but paperType is not set. Using default: Silk
[Attributes] Built: {
  validKeys: [
    'frame',
    'color',
    'glaze',
    'mount',
    'paperType',
    'style',
    'substrateWeight'
  ],
  output: { color: 'black', mount: 'No mount / Mat', paperType: 'Silk' }
}
[QuotesAPI] Creating quote request: {
  "destinationCountryCode": "SG",
  "shippingMethod": "Budget",
  "items": [
    {
      "sku": "global-bfp-6x8",
      "copies": 1,
      "attributes": {
        "color": "black",
        "mount": "No mount / Mat",
        "paperType": "Silk"
      },
      "assets": [
        {
          "printArea": "default"
        }
      ]
    }
  ]
}
[QuotesAPI] Creating quote request: {
  "destinationCountryCode": "SG",
  "shippingMethod": "Standard",
  "items": [
    {
      "sku": "global-bfp-6x8",
      "copies": 1,
      "attributes": {
        "color": "black",
        "mount": "No mount / Mat",
        "paperType": "Silk"
      },
      "assets": [
        {
          "printArea": "default"
        }
      ]
    }
  ]
}
[QuotesAPI] Creating quote request: {
  "destinationCountryCode": "SG",
  "shippingMethod": "Express",
  "items": [
    {
      "sku": "global-bfp-6x8",
      "copies": 1,
      "attributes": {
        "color": "black",
        "mount": "No mount / Mat",
        "paperType": "Silk"
      },
      "assets": [
        {
          "printArea": "default"
        }
      ]
    }
  ]
}
[QuotesAPI] Creating quote request: {
  "destinationCountryCode": "SG",
  "shippingMethod": "Overnight",
  "items": [
    {
      "sku": "global-bfp-6x8",
      "copies": 1,
      "attributes": {
        "color": "black",
        "mount": "No mount / Mat",
        "paperType": "Silk"
      },
      "assets": [
        {
          "printArea": "default"
        }
      ]
    }
  ]
}
[Prodigi] Request body being sent: {
  "destinationCountryCode": "SG",
  "shippingMethod": "Budget",
  "items": [
    {
      "sku": "global-bfp-6x8",
      "copies": 1,
      "attributes": {
        "color": "black",
        "mount": "No mount / Mat",
        "paperType": "Silk"
      },
      "assets": [
        {
          "printArea": "default"
        }
      ]
    }
  ]
}
[Prodigi] Request body being sent: {
  "destinationCountryCode": "SG",
  "shippingMethod": "Standard",
  "items": [
    {
      "sku": "global-bfp-6x8",
      "copies": 1,
      "attributes": {
        "color": "black",
        "mount": "No mount / Mat",
        "paperType": "Silk"
      },
      "assets": [
        {
          "printArea": "default"
        }
      ]
    }
  ]
}
[Prodigi] Request body being sent: {
  "destinationCountryCode": "SG",
  "shippingMethod": "Express",
  "items": [
    {
      "sku": "global-bfp-6x8",
      "copies": 1,
      "attributes": {
        "color": "black",
        "mount": "No mount / Mat",
        "paperType": "Silk"
      },
      "assets": [
        {
          "printArea": "default"
        }
      ]
    }
  ]
}
[Prodigi] Request body being sent: {
  "destinationCountryCode": "SG",
  "shippingMethod": "Overnight",
  "items": [
    {
      "sku": "global-bfp-6x8",
      "copies": 1,
      "attributes": {
        "color": "black",
        "mount": "No mount / Mat",
        "paperType": "Silk"
      },
      "assets": [
        {
          "printArea": "default"
        }
      ]
    }
  ]
}
[Prodigi:production] ✅ POST https://api.prodigi.com/v4.0/quotes - 200 
[Prodigi:production] ✅ POST https://api.prodigi.com/v4.0/quotes - 200 
[Prodigi:production] ✅ POST https://api.prodigi.com/v4.0/quotes - 200 
[Prodigi:production] ✅ POST https://api.prodigi.com/v4.0/quotes - 200 
  ⏳ Progress: 29.3% (44/150) - Testing 8x10 → HK...[Catalog] Searching Azure for framed-print 8x10 {
  prodigiProductTypes: [ 'Framed prints' ],
  searchParams: {
    minDimensionMm: 183,
    maxDimensionMm: 279,
    aspectRatioMin: 72,
    aspectRatioMax: 88
  }
}
🔍 Azure Search query: {
  filters: {
    country: 'HK',
    category: 'Wall art',
    productTypes: [ 'Framed prints' ],
    minDimensionMm: 183,
    maxDimensionMm: 279,
    aspectRatioMin: 72,
    aspectRatioMax: 88
  },
  options: {
    top: 20,
    includeFacets: false,
    scoringProfile: 'Boost by production country',
    scoringParameter: 'prodCountry-HK'
  },
  url: 'https://pwintylive.search.windows.net/indexes/live-catalogue/docs?api-version=2016-09-01&search=*&%24count=true&%24top=20&%24filter=destinationCountries%2Fany%28c%3A+c+eq+%27HK%27%29+and+category+eq+%...'
}
✅ Azure Search results: { totalCount: 51, returnedCount: 20, hasFacets: false }
[Catalog] Filtered out 0 cork products from 20 total
[Catalog] Found SKU: global-bfp-6x8 for framed-print 8x10 {
  productType: 'Framed prints',
  dimensions: '15x20cm',
  productionCountries: [ 'GB', 'NL', 'US' ],
  score: 11
}
[Catalog] Fetching product details from Prodigi API: global-bfp-6x8
[Catalog] Successfully fetched product details: global-bfp-6x8
[Attributes] Product has mount attribute but mount is not set. Using default: No mount / Mat
[Attributes] Skipping frame attribute - "black" appears to be a color, not a frame style
[Attributes] Product has paperType attribute but paperType is not set. Using default: Silk
[Attributes] Built: {
  validKeys: [
    'frame',
    'color',
    'glaze',
    'mount',
    'paperType',
    'style',
    'substrateWeight'
  ],
  output: { color: 'black', mount: 'No mount / Mat', paperType: 'Silk' }
}
[QuotesAPI] Creating quote request: {
  "destinationCountryCode": "HK",
  "shippingMethod": "Budget",
  "items": [
    {
      "sku": "global-bfp-6x8",
      "copies": 1,
      "attributes": {
        "color": "black",
        "mount": "No mount / Mat",
        "paperType": "Silk"
      },
      "assets": [
        {
          "printArea": "default"
        }
      ]
    }
  ]
}
[QuotesAPI] Creating quote request: {
  "destinationCountryCode": "HK",
  "shippingMethod": "Standard",
  "items": [
    {
      "sku": "global-bfp-6x8",
      "copies": 1,
      "attributes": {
        "color": "black",
        "mount": "No mount / Mat",
        "paperType": "Silk"
      },
      "assets": [
        {
          "printArea": "default"
        }
      ]
    }
  ]
}
[QuotesAPI] Creating quote request: {
  "destinationCountryCode": "HK",
  "shippingMethod": "Express",
  "items": [
    {
      "sku": "global-bfp-6x8",
      "copies": 1,
      "attributes": {
        "color": "black",
        "mount": "No mount / Mat",
        "paperType": "Silk"
      },
      "assets": [
        {
          "printArea": "default"
        }
      ]
    }
  ]
}
[QuotesAPI] Creating quote request: {
  "destinationCountryCode": "HK",
  "shippingMethod": "Overnight",
  "items": [
    {
      "sku": "global-bfp-6x8",
      "copies": 1,
      "attributes": {
        "color": "black",
        "mount": "No mount / Mat",
        "paperType": "Silk"
      },
      "assets": [
        {
          "printArea": "default"
        }
      ]
    }
  ]
}
[Prodigi] Request body being sent: {
  "destinationCountryCode": "HK",
  "shippingMethod": "Budget",
  "items": [
    {
      "sku": "global-bfp-6x8",
      "copies": 1,
      "attributes": {
        "color": "black",
        "mount": "No mount / Mat",
        "paperType": "Silk"
      },
      "assets": [
        {
          "printArea": "default"
        }
      ]
    }
  ]
}
[Prodigi] Request body being sent: {
  "destinationCountryCode": "HK",
  "shippingMethod": "Standard",
  "items": [
    {
      "sku": "global-bfp-6x8",
      "copies": 1,
      "attributes": {
        "color": "black",
        "mount": "No mount / Mat",
        "paperType": "Silk"
      },
      "assets": [
        {
          "printArea": "default"
        }
      ]
    }
  ]
}
[Prodigi] Request body being sent: {
  "destinationCountryCode": "HK",
  "shippingMethod": "Express",
  "items": [
    {
      "sku": "global-bfp-6x8",
      "copies": 1,
      "attributes": {
        "color": "black",
        "mount": "No mount / Mat",
        "paperType": "Silk"
      },
      "assets": [
        {
          "printArea": "default"
        }
      ]
    }
  ]
}
[Prodigi] Request body being sent: {
  "destinationCountryCode": "HK",
  "shippingMethod": "Overnight",
  "items": [
    {
      "sku": "global-bfp-6x8",
      "copies": 1,
      "attributes": {
        "color": "black",
        "mount": "No mount / Mat",
        "paperType": "Silk"
      },
      "assets": [
        {
          "printArea": "default"
        }
      ]
    }
  ]
}
[Prodigi:production] ✅ POST https://api.prodigi.com/v4.0/quotes - 200 
[Prodigi:production] ✅ POST https://api.prodigi.com/v4.0/quotes - 200 
[Prodigi:production] ✅ POST https://api.prodigi.com/v4.0/quotes - 200 
[Prodigi:production] ✅ POST https://api.prodigi.com/v4.0/quotes - 200 
  ⏳ Progress: 30.0% (45/150) - Testing 8x10 → MX...[Catalog] Searching Azure for framed-print 8x10 {
  prodigiProductTypes: [ 'Framed prints' ],
  searchParams: {
    minDimensionMm: 183,
    maxDimensionMm: 279,
    aspectRatioMin: 72,
    aspectRatioMax: 88
  }
}
🔍 Azure Search query: {
  filters: {
    country: 'MX',
    category: 'Wall art',
    productTypes: [ 'Framed prints' ],
    minDimensionMm: 183,
    maxDimensionMm: 279,
    aspectRatioMin: 72,
    aspectRatioMax: 88
  },
  options: {
    top: 20,
    includeFacets: false,
    scoringProfile: 'Boost by production country',
    scoringParameter: 'prodCountry-MX'
  },
  url: 'https://pwintylive.search.windows.net/indexes/live-catalogue/docs?api-version=2016-09-01&search=*&%24count=true&%24top=20&%24filter=destinationCountries%2Fany%28c%3A+c+eq+%27MX%27%29+and+category+eq+%...'
}
✅ Azure Search results: { totalCount: 51, returnedCount: 20, hasFacets: false }
[Catalog] Filtered out 0 cork products from 20 total
[Catalog] Found SKU: global-bfp-6x8 for framed-print 8x10 {
  productType: 'Framed prints',
  dimensions: '15x20cm',
  productionCountries: [ 'GB', 'NL', 'US' ],
  score: 11
}
[Catalog] Fetching product details from Prodigi API: global-bfp-6x8
[Catalog] Successfully fetched product details: global-bfp-6x8
[Attributes] Product has mount attribute but mount is not set. Using default: No mount / Mat
[Attributes] Skipping frame attribute - "black" appears to be a color, not a frame style
[Attributes] Product has paperType attribute but paperType is not set. Using default: Silk
[Attributes] Built: {
  validKeys: [
    'frame',
    'color',
    'glaze',
    'mount',
    'paperType',
    'style',
    'substrateWeight'
  ],
  output: { color: 'black', mount: 'No mount / Mat', paperType: 'Silk' }
}
[QuotesAPI] Creating quote request: {
  "destinationCountryCode": "MX",
  "shippingMethod": "Budget",
  "items": [
    {
      "sku": "global-bfp-6x8",
      "copies": 1,
      "attributes": {
        "color": "black",
        "mount": "No mount / Mat",
        "paperType": "Silk"
      },
      "assets": [
        {
          "printArea": "default"
        }
      ]
    }
  ]
}
[QuotesAPI] Creating quote request: {
  "destinationCountryCode": "MX",
  "shippingMethod": "Standard",
  "items": [
    {
      "sku": "global-bfp-6x8",
      "copies": 1,
      "attributes": {
        "color": "black",
        "mount": "No mount / Mat",
        "paperType": "Silk"
      },
      "assets": [
        {
          "printArea": "default"
        }
      ]
    }
  ]
}
[QuotesAPI] Creating quote request: {
  "destinationCountryCode": "MX",
  "shippingMethod": "Express",
  "items": [
    {
      "sku": "global-bfp-6x8",
      "copies": 1,
      "attributes": {
        "color": "black",
        "mount": "No mount / Mat",
        "paperType": "Silk"
      },
      "assets": [
        {
          "printArea": "default"
        }
      ]
    }
  ]
}
[QuotesAPI] Creating quote request: {
  "destinationCountryCode": "MX",
  "shippingMethod": "Overnight",
  "items": [
    {
      "sku": "global-bfp-6x8",
      "copies": 1,
      "attributes": {
        "color": "black",
        "mount": "No mount / Mat",
        "paperType": "Silk"
      },
      "assets": [
        {
          "printArea": "default"
        }
      ]
    }
  ]
}
[Prodigi] Request body being sent: {
  "destinationCountryCode": "MX",
  "shippingMethod": "Budget",
  "items": [
    {
      "sku": "global-bfp-6x8",
      "copies": 1,
      "attributes": {
        "color": "black",
        "mount": "No mount / Mat",
        "paperType": "Silk"
      },
      "assets": [
        {
          "printArea": "default"
        }
      ]
    }
  ]
}
[Prodigi] Request body being sent: {
  "destinationCountryCode": "MX",
  "shippingMethod": "Standard",
  "items": [
    {
      "sku": "global-bfp-6x8",
      "copies": 1,
      "attributes": {
        "color": "black",
        "mount": "No mount / Mat",
        "paperType": "Silk"
      },
      "assets": [
        {
          "printArea": "default"
        }
      ]
    }
  ]
}
[Prodigi] Request body being sent: {
  "destinationCountryCode": "MX",
  "shippingMethod": "Express",
  "items": [
    {
      "sku": "global-bfp-6x8",
      "copies": 1,
      "attributes": {
        "color": "black",
        "mount": "No mount / Mat",
        "paperType": "Silk"
      },
      "assets": [
        {
          "printArea": "default"
        }
      ]
    }
  ]
}
[Prodigi] Request body being sent: {
  "destinationCountryCode": "MX",
  "shippingMethod": "Overnight",
  "items": [
    {
      "sku": "global-bfp-6x8",
      "copies": 1,
      "attributes": {
        "color": "black",
        "mount": "No mount / Mat",
        "paperType": "Silk"
      },
      "assets": [
        {
          "printArea": "default"
        }
      ]
    }
  ]
}
[Prodigi:production] ✅ POST https://api.prodigi.com/v4.0/quotes - 200 
[Prodigi:production] ✅ POST https://api.prodigi.com/v4.0/quotes - 200 
[Prodigi:production] ✅ POST https://api.prodigi.com/v4.0/quotes - 200 
[Prodigi:production] ✅ POST https://api.prodigi.com/v4.0/quotes - 200 
  ⏳ Progress: 30.7% (46/150) - Testing 8x10 → US...[Catalog] Cache hit for framed-print 8x10: global-bfp-6x8
[Attributes] Product has mount attribute but mount is not set. Using default: No mount / Mat
[Attributes] Skipping frame attribute - "white" appears to be a color, not a frame style
[Attributes] Product has paperType attribute but paperType is not set. Using default: Silk
[Attributes] Built: {
  validKeys: [
    'frame',
    'color',
    'glaze',
    'mount',
    'paperType',
    'style',
    'substrateWeight'
  ],
  output: { color: 'white', mount: 'No mount / Mat', paperType: 'Silk' }
}
[QuotesAPI] Creating quote request: {
  "destinationCountryCode": "US",
  "shippingMethod": "Budget",
  "items": [
    {
      "sku": "global-bfp-6x8",
      "copies": 1,
      "attributes": {
        "color": "white",
        "mount": "No mount / Mat",
        "paperType": "Silk"
      },
      "assets": [
        {
          "printArea": "default"
        }
      ]
    }
  ]
}
[QuotesAPI] Creating quote request: {
  "destinationCountryCode": "US",
  "shippingMethod": "Standard",
  "items": [
    {
      "sku": "global-bfp-6x8",
      "copies": 1,
      "attributes": {
        "color": "white",
        "mount": "No mount / Mat",
        "paperType": "Silk"
      },
      "assets": [
        {
          "printArea": "default"
        }
      ]
    }
  ]
}
[QuotesAPI] Creating quote request: {
  "destinationCountryCode": "US",
  "shippingMethod": "Express",
  "items": [
    {
      "sku": "global-bfp-6x8",
      "copies": 1,
      "attributes": {
        "color": "white",
        "mount": "No mount / Mat",
        "paperType": "Silk"
      },
      "assets": [
        {
          "printArea": "default"
        }
      ]
    }
  ]
}
[QuotesAPI] Creating quote request: {
  "destinationCountryCode": "US",
  "shippingMethod": "Overnight",
  "items": [
    {
      "sku": "global-bfp-6x8",
      "copies": 1,
      "attributes": {
        "color": "white",
        "mount": "No mount / Mat",
        "paperType": "Silk"
      },
      "assets": [
        {
          "printArea": "default"
        }
      ]
    }
  ]
}
[Prodigi] Request body being sent: {
  "destinationCountryCode": "US",
  "shippingMethod": "Budget",
  "items": [
    {
      "sku": "global-bfp-6x8",
      "copies": 1,
      "attributes": {
        "color": "white",
        "mount": "No mount / Mat",
        "paperType": "Silk"
      },
      "assets": [
        {
          "printArea": "default"
        }
      ]
    }
  ]
}
[Prodigi] Request body being sent: {
  "destinationCountryCode": "US",
  "shippingMethod": "Standard",
  "items": [
    {
      "sku": "global-bfp-6x8",
      "copies": 1,
      "attributes": {
        "color": "white",
        "mount": "No mount / Mat",
        "paperType": "Silk"
      },
      "assets": [
        {
          "printArea": "default"
        }
      ]
    }
  ]
}
[Prodigi] Request body being sent: {
  "destinationCountryCode": "US",
  "shippingMethod": "Express",
  "items": [
    {
      "sku": "global-bfp-6x8",
      "copies": 1,
      "attributes": {
        "color": "white",
        "mount": "No mount / Mat",
        "paperType": "Silk"
      },
      "assets": [
        {
          "printArea": "default"
        }
      ]
    }
  ]
}
[Prodigi] Request body being sent: {
  "destinationCountryCode": "US",
  "shippingMethod": "Overnight",
  "items": [
    {
      "sku": "global-bfp-6x8",
      "copies": 1,
      "attributes": {
        "color": "white",
        "mount": "No mount / Mat",
        "paperType": "Silk"
      },
      "assets": [
        {
          "printArea": "default"
        }
      ]
    }
  ]
}
[Prodigi:production] ✅ POST https://api.prodigi.com/v4.0/quotes - 200 
[Prodigi:production] ✅ POST https://api.prodigi.com/v4.0/quotes - 200 
[Prodigi:production] ✅ POST https://api.prodigi.com/v4.0/quotes - 200 
[Prodigi:production] ✅ POST https://api.prodigi.com/v4.0/quotes - 200 
  ⏳ Progress: 31.3% (47/150) - Testing 8x10 → CA...[Catalog] Cache hit for framed-print 8x10: global-bfp-6x8
[Attributes] Product has mount attribute but mount is not set. Using default: No mount / Mat
[Attributes] Skipping frame attribute - "white" appears to be a color, not a frame style
[Attributes] Product has paperType attribute but paperType is not set. Using default: Silk
[Attributes] Built: {
  validKeys: [
    'frame',
    'color',
    'glaze',
    'mount',
    'paperType',
    'style',
    'substrateWeight'
  ],
  output: { color: 'white', mount: 'No mount / Mat', paperType: 'Silk' }
}
[QuotesAPI] Creating quote request: {
  "destinationCountryCode": "CA",
  "shippingMethod": "Budget",
  "items": [
    {
      "sku": "global-bfp-6x8",
      "copies": 1,
      "attributes": {
        "color": "white",
        "mount": "No mount / Mat",
        "paperType": "Silk"
      },
      "assets": [
        {
          "printArea": "default"
        }
      ]
    }
  ]
}
[QuotesAPI] Creating quote request: {
  "destinationCountryCode": "CA",
  "shippingMethod": "Standard",
  "items": [
    {
      "sku": "global-bfp-6x8",
      "copies": 1,
      "attributes": {
        "color": "white",
        "mount": "No mount / Mat",
        "paperType": "Silk"
      },
      "assets": [
        {
          "printArea": "default"
        }
      ]
    }
  ]
}
[QuotesAPI] Creating quote request: {
  "destinationCountryCode": "CA",
  "shippingMethod": "Express",
  "items": [
    {
      "sku": "global-bfp-6x8",
      "copies": 1,
      "attributes": {
        "color": "white",
        "mount": "No mount / Mat",
        "paperType": "Silk"
      },
      "assets": [
        {
          "printArea": "default"
        }
      ]
    }
  ]
}
[QuotesAPI] Creating quote request: {
  "destinationCountryCode": "CA",
  "shippingMethod": "Overnight",
  "items": [
    {
      "sku": "global-bfp-6x8",
      "copies": 1,
      "attributes": {
        "color": "white",
        "mount": "No mount / Mat",
        "paperType": "Silk"
      },
      "assets": [
        {
          "printArea": "default"
        }
      ]
    }
  ]
}
[Prodigi] Request body being sent: {
  "destinationCountryCode": "CA",
  "shippingMethod": "Budget",
  "items": [
    {
      "sku": "global-bfp-6x8",
      "copies": 1,
      "attributes": {
        "color": "white",
        "mount": "No mount / Mat",
        "paperType": "Silk"
      },
      "assets": [
        {
          "printArea": "default"
        }
      ]
    }
  ]
}
[Prodigi] Request body being sent: {
  "destinationCountryCode": "CA",
  "shippingMethod": "Standard",
  "items": [
    {
      "sku": "global-bfp-6x8",
      "copies": 1,
      "attributes": {
        "color": "white",
        "mount": "No mount / Mat",
        "paperType": "Silk"
      },
      "assets": [
        {
          "printArea": "default"
        }
      ]
    }
  ]
}
[Prodigi] Request body being sent: {
  "destinationCountryCode": "CA",
  "shippingMethod": "Express",
  "items": [
    {
      "sku": "global-bfp-6x8",
      "copies": 1,
      "attributes": {
        "color": "white",
        "mount": "No mount / Mat",
        "paperType": "Silk"
      },
      "assets": [
        {
          "printArea": "default"
        }
      ]
    }
  ]
}
[Prodigi] Request body being sent: {
  "destinationCountryCode": "CA",
  "shippingMethod": "Overnight",
  "items": [
    {
      "sku": "global-bfp-6x8",
      "copies": 1,
      "attributes": {
        "color": "white",
        "mount": "No mount / Mat",
        "paperType": "Silk"
      },
      "assets": [
        {
          "printArea": "default"
        }
      ]
    }
  ]
}
[Prodigi:production] ✅ POST https://api.prodigi.com/v4.0/quotes - 200 
[Prodigi:production] ✅ POST https://api.prodigi.com/v4.0/quotes - 200 
[Prodigi:production] ✅ POST https://api.prodigi.com/v4.0/quotes - 200 
[Prodigi:production] ✅ POST https://api.prodigi.com/v4.0/quotes - 200 
  ⏳ Progress: 32.0% (48/150) - Testing 8x10 → GB...[Catalog] Cache hit for framed-print 8x10: global-bfp-6x8
[Attributes] Product has mount attribute but mount is not set. Using default: No mount / Mat
[Attributes] Skipping frame attribute - "white" appears to be a color, not a frame style
[Attributes] Product has paperType attribute but paperType is not set. Using default: Silk
[Attributes] Built: {
  validKeys: [
    'frame',
    'color',
    'glaze',
    'mount',
    'paperType',
    'style',
    'substrateWeight'
  ],
  output: { color: 'white', mount: 'No mount / Mat', paperType: 'Silk' }
}
[QuotesAPI] Creating quote request: {
  "destinationCountryCode": "GB",
  "shippingMethod": "Budget",
  "items": [
    {
      "sku": "global-bfp-6x8",
      "copies": 1,
      "attributes": {
        "color": "white",
        "mount": "No mount / Mat",
        "paperType": "Silk"
      },
      "assets": [
        {
          "printArea": "default"
        }
      ]
    }
  ]
}
[QuotesAPI] Creating quote request: {
  "destinationCountryCode": "GB",
  "shippingMethod": "Standard",
  "items": [
    {
      "sku": "global-bfp-6x8",
      "copies": 1,
      "attributes": {
        "color": "white",
        "mount": "No mount / Mat",
        "paperType": "Silk"
      },
      "assets": [
        {
          "printArea": "default"
        }
      ]
    }
  ]
}
[QuotesAPI] Creating quote request: {
  "destinationCountryCode": "GB",
  "shippingMethod": "Express",
  "items": [
    {
      "sku": "global-bfp-6x8",
      "copies": 1,
      "attributes": {
        "color": "white",
        "mount": "No mount / Mat",
        "paperType": "Silk"
      },
      "assets": [
        {
          "printArea": "default"
        }
      ]
    }
  ]
}
[QuotesAPI] Creating quote request: {
  "destinationCountryCode": "GB",
  "shippingMethod": "Overnight",
  "items": [
    {
      "sku": "global-bfp-6x8",
      "copies": 1,
      "attributes": {
        "color": "white",
        "mount": "No mount / Mat",
        "paperType": "Silk"
      },
      "assets": [
        {
          "printArea": "default"
        }
      ]
    }
  ]
}
[Prodigi] Request body being sent: {
  "destinationCountryCode": "GB",
  "shippingMethod": "Budget",
  "items": [
    {
      "sku": "global-bfp-6x8",
      "copies": 1,
      "attributes": {
        "color": "white",
        "mount": "No mount / Mat",
        "paperType": "Silk"
      },
      "assets": [
        {
          "printArea": "default"
        }
      ]
    }
  ]
}
[Prodigi] Request body being sent: {
  "destinationCountryCode": "GB",
  "shippingMethod": "Standard",
  "items": [
    {
      "sku": "global-bfp-6x8",
      "copies": 1,
      "attributes": {
        "color": "white",
        "mount": "No mount / Mat",
        "paperType": "Silk"
      },
      "assets": [
        {
          "printArea": "default"
        }
      ]
    }
  ]
}
[Prodigi] Request body being sent: {
  "destinationCountryCode": "GB",
  "shippingMethod": "Express",
  "items": [
    {
      "sku": "global-bfp-6x8",
      "copies": 1,
      "attributes": {
        "color": "white",
        "mount": "No mount / Mat",
        "paperType": "Silk"
      },
      "assets": [
        {
          "printArea": "default"
        }
      ]
    }
  ]
}
[Prodigi] Request body being sent: {
  "destinationCountryCode": "GB",
  "shippingMethod": "Overnight",
  "items": [
    {
      "sku": "global-bfp-6x8",
      "copies": 1,
      "attributes": {
        "color": "white",
        "mount": "No mount / Mat",
        "paperType": "Silk"
      },
      "assets": [
        {
          "printArea": "default"
        }
      ]
    }
  ]
}
[Prodigi:production] ✅ POST https://api.prodigi.com/v4.0/quotes - 200 
[Prodigi:production] ✅ POST https://api.prodigi.com/v4.0/quotes - 200 
[Prodigi:production] ✅ POST https://api.prodigi.com/v4.0/quotes - 200 
[Prodigi:production] ✅ POST https://api.prodigi.com/v4.0/quotes - 200 
  ⏳ Progress: 32.7% (49/150) - Testing 8x10 → AU...[Catalog] Cache hit for framed-print 8x10: global-fra-alu-8x10
[Attributes] Value "white" not valid for color. Valid: [ 'black', 'gold', 'silver' ]
[Attributes] Product has mount attribute but mount is not set. Using default: No mount / Mat
[Attributes] Skipping frame attribute - "white" appears to be a color, not a frame style
[Attributes] Product has color attribute but color is not set. Using default: black
[Attributes] Product has paperType attribute but paperType is not set. Using default: EMA
[Attributes] Built: {
  validKeys: [
    'frame',
    'color',
    'glaze',
    'mount',
    'paperType',
    'style',
    'substrateWeight'
  ],
  output: { mount: 'No mount / Mat', color: 'black', paperType: 'EMA' }
}
[QuotesAPI] Creating quote request: {
  "destinationCountryCode": "AU",
  "shippingMethod": "Budget",
  "items": [
    {
      "sku": "global-fra-alu-8x10",
      "copies": 1,
      "attributes": {
        "mount": "No mount / Mat",
        "color": "black",
        "paperType": "EMA"
      },
      "assets": [
        {
          "printArea": "default"
        }
      ]
    }
  ]
}
[QuotesAPI] Creating quote request: {
  "destinationCountryCode": "AU",
  "shippingMethod": "Standard",
  "items": [
    {
      "sku": "global-fra-alu-8x10",
      "copies": 1,
      "attributes": {
        "mount": "No mount / Mat",
        "color": "black",
        "paperType": "EMA"
      },
      "assets": [
        {
          "printArea": "default"
        }
      ]
    }
  ]
}
[QuotesAPI] Creating quote request: {
  "destinationCountryCode": "AU",
  "shippingMethod": "Express",
  "items": [
    {
      "sku": "global-fra-alu-8x10",
      "copies": 1,
      "attributes": {
        "mount": "No mount / Mat",
        "color": "black",
        "paperType": "EMA"
      },
      "assets": [
        {
          "printArea": "default"
        }
      ]
    }
  ]
}
[QuotesAPI] Creating quote request: {
  "destinationCountryCode": "AU",
  "shippingMethod": "Overnight",
  "items": [
    {
      "sku": "global-fra-alu-8x10",
      "copies": 1,
      "attributes": {
        "mount": "No mount / Mat",
        "color": "black",
        "paperType": "EMA"
      },
      "assets": [
        {
          "printArea": "default"
        }
      ]
    }
  ]
}
[Prodigi] Request body being sent: {
  "destinationCountryCode": "AU",
  "shippingMethod": "Budget",
  "items": [
    {
      "sku": "global-fra-alu-8x10",
      "copies": 1,
      "attributes": {
        "mount": "No mount / Mat",
        "color": "black",
        "paperType": "EMA"
      },
      "assets": [
        {
          "printArea": "default"
        }
      ]
    }
  ]
}
[Prodigi] Request body being sent: {
  "destinationCountryCode": "AU",
  "shippingMethod": "Standard",
  "items": [
    {
      "sku": "global-fra-alu-8x10",
      "copies": 1,
      "attributes": {
        "mount": "No mount / Mat",
        "color": "black",
        "paperType": "EMA"
      },
      "assets": [
        {
          "printArea": "default"
        }
      ]
    }
  ]
}
[Prodigi] Request body being sent: {
  "destinationCountryCode": "AU",
  "shippingMethod": "Express",
  "items": [
    {
      "sku": "global-fra-alu-8x10",
      "copies": 1,
      "attributes": {
        "mount": "No mount / Mat",
        "color": "black",
        "paperType": "EMA"
      },
      "assets": [
        {
          "printArea": "default"
        }
      ]
    }
  ]
}
[Prodigi] Request body being sent: {
  "destinationCountryCode": "AU",
  "shippingMethod": "Overnight",
  "items": [
    {
      "sku": "global-fra-alu-8x10",
      "copies": 1,
      "attributes": {
        "mount": "No mount / Mat",
        "color": "black",
        "paperType": "EMA"
      },
      "assets": [
        {
          "printArea": "default"
        }
      ]
    }
  ]
}
[Prodigi:production] ✅ POST https://api.prodigi.com/v4.0/quotes - 200 
[Prodigi:production] ✅ POST https://api.prodigi.com/v4.0/quotes - 200 
[Prodigi:production] ✅ POST https://api.prodigi.com/v4.0/quotes - 200 
[Prodigi:production] ✅ POST https://api.prodigi.com/v4.0/quotes - 200 
  ⏳ Progress: 33.3% (50/150) - Testing 8x10 → DE...[Catalog] Cache hit for framed-print 8x10: global-bfp-6x8
[Attributes] Product has mount attribute but mount is not set. Using default: No mount / Mat
[Attributes] Skipping frame attribute - "white" appears to be a color, not a frame style
[Attributes] Product has paperType attribute but paperType is not set. Using default: Silk
[Attributes] Built: {
  validKeys: [
    'frame',
    'color',
    'glaze',
    'mount',
    'paperType',
    'style',
    'substrateWeight'
  ],
  output: { color: 'white', mount: 'No mount / Mat', paperType: 'Silk' }
}
[QuotesAPI] Creating quote request: {
  "destinationCountryCode": "DE",
  "shippingMethod": "Budget",
  "items": [
    {
      "sku": "global-bfp-6x8",
      "copies": 1,
      "attributes": {
        "color": "white",
        "mount": "No mount / Mat",
        "paperType": "Silk"
      },
      "assets": [
        {
          "printArea": "default"
        }
      ]
    }
  ]
}
[QuotesAPI] Creating quote request: {
  "destinationCountryCode": "DE",
  "shippingMethod": "Standard",
  "items": [
    {
      "sku": "global-bfp-6x8",
      "copies": 1,
      "attributes": {
        "color": "white",
        "mount": "No mount / Mat",
        "paperType": "Silk"
      },
      "assets": [
        {
          "printArea": "default"
        }
      ]
    }
  ]
}
[QuotesAPI] Creating quote request: {
  "destinationCountryCode": "DE",
  "shippingMethod": "Express",
  "items": [
    {
      "sku": "global-bfp-6x8",
      "copies": 1,
      "attributes": {
        "color": "white",
        "mount": "No mount / Mat",
        "paperType": "Silk"
      },
      "assets": [
        {
          "printArea": "default"
        }
      ]
    }
  ]
}
[QuotesAPI] Creating quote request: {
  "destinationCountryCode": "DE",
  "shippingMethod": "Overnight",
  "items": [
    {
      "sku": "global-bfp-6x8",
      "copies": 1,
      "attributes": {
        "color": "white",
        "mount": "No mount / Mat",
        "paperType": "Silk"
      },
      "assets": [
        {
          "printArea": "default"
        }
      ]
    }
  ]
}
[Prodigi] Request body being sent: {
  "destinationCountryCode": "DE",
  "shippingMethod": "Budget",
  "items": [
    {
      "sku": "global-bfp-6x8",
      "copies": 1,
      "attributes": {
        "color": "white",
        "mount": "No mount / Mat",
        "paperType": "Silk"
      },
      "assets": [
        {
          "printArea": "default"
        }
      ]
    }
  ]
}
[Prodigi] Request body being sent: {
  "destinationCountryCode": "DE",
  "shippingMethod": "Standard",
  "items": [
    {
      "sku": "global-bfp-6x8",
      "copies": 1,
      "attributes": {
        "color": "white",
        "mount": "No mount / Mat",
        "paperType": "Silk"
      },
      "assets": [
        {
          "printArea": "default"
        }
      ]
    }
  ]
}
[Prodigi] Request body being sent: {
  "destinationCountryCode": "DE",
  "shippingMethod": "Express",
  "items": [
    {
      "sku": "global-bfp-6x8",
      "copies": 1,
      "attributes": {
        "color": "white",
        "mount": "No mount / Mat",
        "paperType": "Silk"
      },
      "assets": [
        {
          "printArea": "default"
        }
      ]
    }
  ]
}
[Prodigi] Request body being sent: {
  "destinationCountryCode": "DE",
  "shippingMethod": "Overnight",
  "items": [
    {
      "sku": "global-bfp-6x8",
      "copies": 1,
      "attributes": {
        "color": "white",
        "mount": "No mount / Mat",
        "paperType": "Silk"
      },
      "assets": [
        {
          "printArea": "default"
        }
      ]
    }
  ]
}
[Prodigi:production] ✅ POST https://api.prodigi.com/v4.0/quotes - 200 
[Prodigi:production] ✅ POST https://api.prodigi.com/v4.0/quotes - 200 
[Prodigi:production] ✅ POST https://api.prodigi.com/v4.0/quotes - 200 
[Prodigi:production] ✅ POST https://api.prodigi.com/v4.0/quotes - 200 
  ⏳ Progress: 34.0% (51/150) - Testing 8x10 → FR...[Catalog] Cache hit for framed-print 8x10: global-bfp-6x8
[Attributes] Product has mount attribute but mount is not set. Using default: No mount / Mat
[Attributes] Skipping frame attribute - "white" appears to be a color, not a frame style
[Attributes] Product has paperType attribute but paperType is not set. Using default: Silk
[Attributes] Built: {
  validKeys: [
    'frame',
    'color',
    'glaze',
    'mount',
    'paperType',
    'style',
    'substrateWeight'
  ],
  output: { color: 'white', mount: 'No mount / Mat', paperType: 'Silk' }
}
[QuotesAPI] Creating quote request: {
  "destinationCountryCode": "FR",
  "shippingMethod": "Budget",
  "items": [
    {
      "sku": "global-bfp-6x8",
      "copies": 1,
      "attributes": {
        "color": "white",
        "mount": "No mount / Mat",
        "paperType": "Silk"
      },
      "assets": [
        {
          "printArea": "default"
        }
      ]
    }
  ]
}
[QuotesAPI] Creating quote request: {
  "destinationCountryCode": "FR",
  "shippingMethod": "Standard",
  "items": [
    {
      "sku": "global-bfp-6x8",
      "copies": 1,
      "attributes": {
        "color": "white",
        "mount": "No mount / Mat",
        "paperType": "Silk"
      },
      "assets": [
        {
          "printArea": "default"
        }
      ]
    }
  ]
}
[QuotesAPI] Creating quote request: {
  "destinationCountryCode": "FR",
  "shippingMethod": "Express",
  "items": [
    {
      "sku": "global-bfp-6x8",
      "copies": 1,
      "attributes": {
        "color": "white",
        "mount": "No mount / Mat",
        "paperType": "Silk"
      },
      "assets": [
        {
          "printArea": "default"
        }
      ]
    }
  ]
}
[QuotesAPI] Creating quote request: {
  "destinationCountryCode": "FR",
  "shippingMethod": "Overnight",
  "items": [
    {
      "sku": "global-bfp-6x8",
      "copies": 1,
      "attributes": {
        "color": "white",
        "mount": "No mount / Mat",
        "paperType": "Silk"
      },
      "assets": [
        {
          "printArea": "default"
        }
      ]
    }
  ]
}
[Prodigi] Request body being sent: {
  "destinationCountryCode": "FR",
  "shippingMethod": "Budget",
  "items": [
    {
      "sku": "global-bfp-6x8",
      "copies": 1,
      "attributes": {
        "color": "white",
        "mount": "No mount / Mat",
        "paperType": "Silk"
      },
      "assets": [
        {
          "printArea": "default"
        }
      ]
    }
  ]
}
[Prodigi] Request body being sent: {
  "destinationCountryCode": "FR",
  "shippingMethod": "Standard",
  "items": [
    {
      "sku": "global-bfp-6x8",
      "copies": 1,
      "attributes": {
        "color": "white",
        "mount": "No mount / Mat",
        "paperType": "Silk"
      },
      "assets": [
        {
          "printArea": "default"
        }
      ]
    }
  ]
}
[Prodigi] Request body being sent: {
  "destinationCountryCode": "FR",
  "shippingMethod": "Express",
  "items": [
    {
      "sku": "global-bfp-6x8",
      "copies": 1,
      "attributes": {
        "color": "white",
        "mount": "No mount / Mat",
        "paperType": "Silk"
      },
      "assets": [
        {
          "printArea": "default"
        }
      ]
    }
  ]
}
[Prodigi] Request body being sent: {
  "destinationCountryCode": "FR",
  "shippingMethod": "Overnight",
  "items": [
    {
      "sku": "global-bfp-6x8",
      "copies": 1,
      "attributes": {
        "color": "white",
        "mount": "No mount / Mat",
        "paperType": "Silk"
      },
      "assets": [
        {
          "printArea": "default"
        }
      ]
    }
  ]
}
[Prodigi:production] ✅ POST https://api.prodigi.com/v4.0/quotes - 200 
[Prodigi:production] ✅ POST https://api.prodigi.com/v4.0/quotes - 200 
[Prodigi:production] ✅ POST https://api.prodigi.com/v4.0/quotes - 200 
[Prodigi:production] ✅ POST https://api.prodigi.com/v4.0/quotes - 200 
  ⏳ Progress: 34.7% (52/150) - Testing 8x10 → IT...[Catalog] Cache hit for framed-print 8x10: global-bfp-6x8
[Attributes] Product has mount attribute but mount is not set. Using default: No mount / Mat
[Attributes] Skipping frame attribute - "white" appears to be a color, not a frame style
[Attributes] Product has paperType attribute but paperType is not set. Using default: Silk
[Attributes] Built: {
  validKeys: [
    'frame',
    'color',
    'glaze',
    'mount',
    'paperType',
    'style',
    'substrateWeight'
  ],
  output: { color: 'white', mount: 'No mount / Mat', paperType: 'Silk' }
}
[QuotesAPI] Creating quote request: {
  "destinationCountryCode": "IT",
  "shippingMethod": "Budget",
  "items": [
    {
      "sku": "global-bfp-6x8",
      "copies": 1,
      "attributes": {
        "color": "white",
        "mount": "No mount / Mat",
        "paperType": "Silk"
      },
      "assets": [
        {
          "printArea": "default"
        }
      ]
    }
  ]
}
[QuotesAPI] Creating quote request: {
  "destinationCountryCode": "IT",
  "shippingMethod": "Standard",
  "items": [
    {
      "sku": "global-bfp-6x8",
      "copies": 1,
      "attributes": {
        "color": "white",
        "mount": "No mount / Mat",
        "paperType": "Silk"
      },
      "assets": [
        {
          "printArea": "default"
        }
      ]
    }
  ]
}
[QuotesAPI] Creating quote request: {
  "destinationCountryCode": "IT",
  "shippingMethod": "Express",
  "items": [
    {
      "sku": "global-bfp-6x8",
      "copies": 1,
      "attributes": {
        "color": "white",
        "mount": "No mount / Mat",
        "paperType": "Silk"
      },
      "assets": [
        {
          "printArea": "default"
        }
      ]
    }
  ]
}
[QuotesAPI] Creating quote request: {
  "destinationCountryCode": "IT",
  "shippingMethod": "Overnight",
  "items": [
    {
      "sku": "global-bfp-6x8",
      "copies": 1,
      "attributes": {
        "color": "white",
        "mount": "No mount / Mat",
        "paperType": "Silk"
      },
      "assets": [
        {
          "printArea": "default"
        }
      ]
    }
  ]
}
[Prodigi] Request body being sent: {
  "destinationCountryCode": "IT",
  "shippingMethod": "Budget",
  "items": [
    {
      "sku": "global-bfp-6x8",
      "copies": 1,
      "attributes": {
        "color": "white",
        "mount": "No mount / Mat",
        "paperType": "Silk"
      },
      "assets": [
        {
          "printArea": "default"
        }
      ]
    }
  ]
}
[Prodigi] Request body being sent: {
  "destinationCountryCode": "IT",
  "shippingMethod": "Standard",
  "items": [
    {
      "sku": "global-bfp-6x8",
      "copies": 1,
      "attributes": {
        "color": "white",
        "mount": "No mount / Mat",
        "paperType": "Silk"
      },
      "assets": [
        {
          "printArea": "default"
        }
      ]
    }
  ]
}
[Prodigi] Request body being sent: {
  "destinationCountryCode": "IT",
  "shippingMethod": "Express",
  "items": [
    {
      "sku": "global-bfp-6x8",
      "copies": 1,
      "attributes": {
        "color": "white",
        "mount": "No mount / Mat",
        "paperType": "Silk"
      },
      "assets": [
        {
          "printArea": "default"
        }
      ]
    }
  ]
}
[Prodigi] Request body being sent: {
  "destinationCountryCode": "IT",
  "shippingMethod": "Overnight",
  "items": [
    {
      "sku": "global-bfp-6x8",
      "copies": 1,
      "attributes": {
        "color": "white",
        "mount": "No mount / Mat",
        "paperType": "Silk"
      },
      "assets": [
        {
          "printArea": "default"
        }
      ]
    }
  ]
}
[Prodigi] Failed to parse error response: {
  status: 429,
  rawText: 'API calls quota exceeded! maximum admitted 30 per 30s.',
  parseError: `Unexpected token 'A', "API calls "... is not valid JSON`
}
[Prodigi:production] ⚠️ Retrying request (attempt 1/3) {
  endpoint: '/quotes',
  delay: 1143.2019269524144,
  error: 'Rate limit exceeded. Please try again later.'
}
[Prodigi:production] ✅ POST https://api.prodigi.com/v4.0/quotes - 200 
[Prodigi:production] ✅ POST https://api.prodigi.com/v4.0/quotes - 200 
[Prodigi:production] ✅ POST https://api.prodigi.com/v4.0/quotes - 200 
[Prodigi] Request body being sent: {
  "destinationCountryCode": "IT",
  "shippingMethod": "Budget",
  "items": [
    {
      "sku": "global-bfp-6x8",
      "copies": 1,
      "attributes": {
        "color": "white",
        "mount": "No mount / Mat",
        "paperType": "Silk"
      },
      "assets": [
        {
          "printArea": "default"
        }
      ]
    }
  ]
}
[Prodigi:production] ✅ POST https://api.prodigi.com/v4.0/quotes - 200 
  ⏳ Progress: 35.3% (53/150) - Testing 8x10 → ES...[Catalog] Cache hit for framed-print 8x10: global-bfp-6x8
[Attributes] Product has mount attribute but mount is not set. Using default: No mount / Mat
[Attributes] Skipping frame attribute - "white" appears to be a color, not a frame style
[Attributes] Product has paperType attribute but paperType is not set. Using default: Silk
[Attributes] Built: {
  validKeys: [
    'frame',
    'color',
    'glaze',
    'mount',
    'paperType',
    'style',
    'substrateWeight'
  ],
  output: { color: 'white', mount: 'No mount / Mat', paperType: 'Silk' }
}
[QuotesAPI] Creating quote request: {
  "destinationCountryCode": "ES",
  "shippingMethod": "Budget",
  "items": [
    {
      "sku": "global-bfp-6x8",
      "copies": 1,
      "attributes": {
        "color": "white",
        "mount": "No mount / Mat",
        "paperType": "Silk"
      },
      "assets": [
        {
          "printArea": "default"
        }
      ]
    }
  ]
}
[QuotesAPI] Creating quote request: {
  "destinationCountryCode": "ES",
  "shippingMethod": "Standard",
  "items": [
    {
      "sku": "global-bfp-6x8",
      "copies": 1,
      "attributes": {
        "color": "white",
        "mount": "No mount / Mat",
        "paperType": "Silk"
      },
      "assets": [
        {
          "printArea": "default"
        }
      ]
    }
  ]
}
[QuotesAPI] Creating quote request: {
  "destinationCountryCode": "ES",
  "shippingMethod": "Express",
  "items": [
    {
      "sku": "global-bfp-6x8",
      "copies": 1,
      "attributes": {
        "color": "white",
        "mount": "No mount / Mat",
        "paperType": "Silk"
      },
      "assets": [
        {
          "printArea": "default"
        }
      ]
    }
  ]
}
[QuotesAPI] Creating quote request: {
  "destinationCountryCode": "ES",
  "shippingMethod": "Overnight",
  "items": [
    {
      "sku": "global-bfp-6x8",
      "copies": 1,
      "attributes": {
        "color": "white",
        "mount": "No mount / Mat",
        "paperType": "Silk"
      },
      "assets": [
        {
          "printArea": "default"
        }
      ]
    }
  ]
}
[Prodigi] Request body being sent: {
  "destinationCountryCode": "ES",
  "shippingMethod": "Budget",
  "items": [
    {
      "sku": "global-bfp-6x8",
      "copies": 1,
      "attributes": {
        "color": "white",
        "mount": "No mount / Mat",
        "paperType": "Silk"
      },
      "assets": [
        {
          "printArea": "default"
        }
      ]
    }
  ]
}
[Prodigi] Request body being sent: {
  "destinationCountryCode": "ES",
  "shippingMethod": "Standard",
  "items": [
    {
      "sku": "global-bfp-6x8",
      "copies": 1,
      "attributes": {
        "color": "white",
        "mount": "No mount / Mat",
        "paperType": "Silk"
      },
      "assets": [
        {
          "printArea": "default"
        }
      ]
    }
  ]
}
[Prodigi] Request body being sent: {
  "destinationCountryCode": "ES",
  "shippingMethod": "Express",
  "items": [
    {
      "sku": "global-bfp-6x8",
      "copies": 1,
      "attributes": {
        "color": "white",
        "mount": "No mount / Mat",
        "paperType": "Silk"
      },
      "assets": [
        {
          "printArea": "default"
        }
      ]
    }
  ]
}
[Prodigi] Request body being sent: {
  "destinationCountryCode": "ES",
  "shippingMethod": "Overnight",
  "items": [
    {
      "sku": "global-bfp-6x8",
      "copies": 1,
      "attributes": {
        "color": "white",
        "mount": "No mount / Mat",
        "paperType": "Silk"
      },
      "assets": [
        {
          "printArea": "default"
        }
      ]
    }
  ]
}
[Prodigi] Failed to parse error response: {
  status: 429,
  rawText: 'API calls quota exceeded! maximum admitted 30 per 30s.',
  parseError: `Unexpected token 'A', "API calls "... is not valid JSON`
}
[Prodigi:production] ⚠️ Retrying request (attempt 1/3) {
  endpoint: '/quotes',
  delay: 1776.5511803301765,
  error: 'Rate limit exceeded. Please try again later.'
}
[Prodigi] Failed to parse error response: {
  status: 429,
  rawText: 'API calls quota exceeded! maximum admitted 30 per 30s.',
  parseError: `Unexpected token 'A', "API calls "... is not valid JSON`
}
[Prodigi:production] ⚠️ Retrying request (attempt 1/3) {
  endpoint: '/quotes',
  delay: 1929.677612897225,
  error: 'Rate limit exceeded. Please try again later.'
}
[Prodigi:production] ✅ POST https://api.prodigi.com/v4.0/quotes - 200 
[Prodigi:production] ✅ POST https://api.prodigi.com/v4.0/quotes - 200 
[Prodigi] Request body being sent: {
  "destinationCountryCode": "ES",
  "shippingMethod": "Express",
  "items": [
    {
      "sku": "global-bfp-6x8",
      "copies": 1,
      "attributes": {
        "color": "white",
        "mount": "No mount / Mat",
        "paperType": "Silk"
      },
      "assets": [
        {
          "printArea": "default"
        }
      ]
    }
  ]
}
[Prodigi] Failed to parse error response: {
  status: 429,
  rawText: 'API calls quota exceeded! maximum admitted 30 per 30s.',
  parseError: `Unexpected token 'A', "API calls "... is not valid JSON`
}
[Prodigi:production] ⚠️ Retrying request (attempt 2/3) {
  endpoint: '/quotes',
  delay: 2934.503765792917,
  error: 'Rate limit exceeded. Please try again later.'
}
[Prodigi] Request body being sent: {
  "destinationCountryCode": "ES",
  "shippingMethod": "Budget",
  "items": [
    {
      "sku": "global-bfp-6x8",
      "copies": 1,
      "attributes": {
        "color": "white",
        "mount": "No mount / Mat",
        "paperType": "Silk"
      },
      "assets": [
        {
          "printArea": "default"
        }
      ]
    }
  ]
}
[Prodigi] Failed to parse error response: {
  status: 429,
  rawText: 'API calls quota exceeded! maximum admitted 30 per 30s.',
  parseError: `Unexpected token 'A', "API calls "... is not valid JSON`
}
[Prodigi:production] ⚠️ Retrying request (attempt 2/3) {
  endpoint: '/quotes',
  delay: 2810.311890069679,
  error: 'Rate limit exceeded. Please try again later.'
}
[Prodigi] Request body being sent: {
  "destinationCountryCode": "ES",
  "shippingMethod": "Express",
  "items": [
    {
      "sku": "global-bfp-6x8",
      "copies": 1,
      "attributes": {
        "color": "white",
        "mount": "No mount / Mat",
        "paperType": "Silk"
      },
      "assets": [
        {
          "printArea": "default"
        }
      ]
    }
  ]
}
[Prodigi] Request body being sent: {
  "destinationCountryCode": "ES",
  "shippingMethod": "Budget",
  "items": [
    {
      "sku": "global-bfp-6x8",
      "copies": 1,
      "attributes": {
        "color": "white",
        "mount": "No mount / Mat",
        "paperType": "Silk"
      },
      "assets": [
        {
          "printArea": "default"
        }
      ]
    }
  ]
}
[Prodigi] Failed to parse error response: {
  status: 429,
  rawText: 'API calls quota exceeded! maximum admitted 30 per 30s.',
  parseError: `Unexpected token 'A', "API calls "... is not valid JSON`
}
❌ Prodigi API Error: {
  name: 'ProdigiRateLimitError',
  message: 'Rate limit exceeded. Please try again later.',
  statusCode: 429,
  statusText: 'Too Many Requests',
  data: {},
  traceParent: undefined,
  endpoint: undefined,
  method: undefined,
  stack: 'ProdigiRateLimitError: Rate limit exceeded. Please try again later.\n' +
    '    at new ProdigiRateLimitError (/Users/hatem/Documents/inboundr/art-framer/src/lib/prodigi-v2/errors.ts:161:5)\n' +
    '    at parseProdigiError (/Users/hatem/Documents/inboundr/art-framer/src/lib/prodigi-v2/errors.ts:243:14)\n' +
    '    at ProdigiClient.handleErrorResponse (/Users/hatem/Documents/inboundr/art-framer/src/lib/prodigi-v2/client.ts:305:19)\n' +
    '    at process.processTicksAndRejections (node:internal/process/task_queues:105:5)\n' +
    '    at async ProdigiClient.executeRequest (/Users/hatem/Documents/inboundr/art-framer/src/lib/prodigi-v2/client.ts:242:9)\n' +
    '    at async ProdigiClient.requestWithRetry (/Users/hatem/Documents/inboundr/art-framer/src/lib/prodigi-v2/client.ts:153:24)\n' +
    '    at async QuotesAPI.create (/Users/hatem/Documents/inboundr/art-framer/src/lib/prodigi-v2/quotes.ts:62:22)\n' +
    '    at async Promise.all (index 0)\n' +
    '    at async testPricingForProduct (/Users/hatem/Documents/inboundr/art-framer/scripts/test-pricing-end-to-end.ts:180:26)\n' +
    '    at async runComprehensiveTest (/Users/hatem/Documents/inboundr/art-framer/scripts/test-pricing-end-to-end.ts:308:26)',
  context: {
    endpoint: '/quotes',
    method: 'POST',
    timestamp: '2025-12-05T13:59:55.186Z'
  }
}
Request body: {
  destinationCountryCode: 'ES',
  shippingMethod: 'Budget',
  items: [
    {
      sku: 'global-bfp-6x8',
      copies: 1,
      attributes: [Object],
      assets: [Array]
    }
  ]
}
[Test] Failed to get quote for Budget: Rate limit exceeded. Please try again later.
[Prodigi:production] ✅ POST https://api.prodigi.com/v4.0/quotes - 200 
  ⏳ Progress: 36.0% (54/150) - Testing 8x10 → NL...[Catalog] Cache hit for framed-print 8x10: global-bfp-6x8
[Attributes] Product has mount attribute but mount is not set. Using default: No mount / Mat
[Attributes] Skipping frame attribute - "white" appears to be a color, not a frame style
[Attributes] Product has paperType attribute but paperType is not set. Using default: Silk
[Attributes] Built: {
  validKeys: [
    'frame',
    'color',
    'glaze',
    'mount',
    'paperType',
    'style',
    'substrateWeight'
  ],
  output: { color: 'white', mount: 'No mount / Mat', paperType: 'Silk' }
}
[QuotesAPI] Creating quote request: {
  "destinationCountryCode": "NL",
  "shippingMethod": "Budget",
  "items": [
    {
      "sku": "global-bfp-6x8",
      "copies": 1,
      "attributes": {
        "color": "white",
        "mount": "No mount / Mat",
        "paperType": "Silk"
      },
      "assets": [
        {
          "printArea": "default"
        }
      ]
    }
  ]
}
[QuotesAPI] Creating quote request: {
  "destinationCountryCode": "NL",
  "shippingMethod": "Standard",
  "items": [
    {
      "sku": "global-bfp-6x8",
      "copies": 1,
      "attributes": {
        "color": "white",
        "mount": "No mount / Mat",
        "paperType": "Silk"
      },
      "assets": [
        {
          "printArea": "default"
        }
      ]
    }
  ]
}
[QuotesAPI] Creating quote request: {
  "destinationCountryCode": "NL",
  "shippingMethod": "Express",
  "items": [
    {
      "sku": "global-bfp-6x8",
      "copies": 1,
      "attributes": {
        "color": "white",
        "mount": "No mount / Mat",
        "paperType": "Silk"
      },
      "assets": [
        {
          "printArea": "default"
        }
      ]
    }
  ]
}
[QuotesAPI] Creating quote request: {
  "destinationCountryCode": "NL",
  "shippingMethod": "Overnight",
  "items": [
    {
      "sku": "global-bfp-6x8",
      "copies": 1,
      "attributes": {
        "color": "white",
        "mount": "No mount / Mat",
        "paperType": "Silk"
      },
      "assets": [
        {
          "printArea": "default"
        }
      ]
    }
  ]
}
[Prodigi] Request body being sent: {
  "destinationCountryCode": "NL",
  "shippingMethod": "Budget",
  "items": [
    {
      "sku": "global-bfp-6x8",
      "copies": 1,
      "attributes": {
        "color": "white",
        "mount": "No mount / Mat",
        "paperType": "Silk"
      },
      "assets": [
        {
          "printArea": "default"
        }
      ]
    }
  ]
}
[Prodigi] Request body being sent: {
  "destinationCountryCode": "NL",
  "shippingMethod": "Standard",
  "items": [
    {
      "sku": "global-bfp-6x8",
      "copies": 1,
      "attributes": {
        "color": "white",
        "mount": "No mount / Mat",
        "paperType": "Silk"
      },
      "assets": [
        {
          "printArea": "default"
        }
      ]
    }
  ]
}
[Prodigi] Request body being sent: {
  "destinationCountryCode": "NL",
  "shippingMethod": "Express",
  "items": [
    {
      "sku": "global-bfp-6x8",
      "copies": 1,
      "attributes": {
        "color": "white",
        "mount": "No mount / Mat",
        "paperType": "Silk"
      },
      "assets": [
        {
          "printArea": "default"
        }
      ]
    }
  ]
}
[Prodigi] Request body being sent: {
  "destinationCountryCode": "NL",
  "shippingMethod": "Overnight",
  "items": [
    {
      "sku": "global-bfp-6x8",
      "copies": 1,
      "attributes": {
        "color": "white",
        "mount": "No mount / Mat",
        "paperType": "Silk"
      },
      "assets": [
        {
          "printArea": "default"
        }
      ]
    }
  ]
}
[Prodigi] Failed to parse error response: {
  status: 429,
  rawText: 'API calls quota exceeded! maximum admitted 30 per 30s.',
  parseError: `Unexpected token 'A', "API calls "... is not valid JSON`
}
[Prodigi:production] ⚠️ Retrying request (attempt 1/3) {
  endpoint: '/quotes',
  delay: 1863.2123454887192,
  error: 'Rate limit exceeded. Please try again later.'
}
[Prodigi] Failed to parse error response: {
  status: 429,
  rawText: 'API calls quota exceeded! maximum admitted 30 per 30s.',
  parseError: `Unexpected token 'A', "API calls "... is not valid JSON`
}
[Prodigi:production] ⚠️ Retrying request (attempt 1/3) {
  endpoint: '/quotes',
  delay: 1159.2531480405048,
  error: 'Rate limit exceeded. Please try again later.'
}
[Prodigi:production] ✅ POST https://api.prodigi.com/v4.0/quotes - 200 
[Prodigi:production] ✅ POST https://api.prodigi.com/v4.0/quotes - 200 
[Prodigi] Request body being sent: {
  "destinationCountryCode": "NL",
  "shippingMethod": "Overnight",
  "items": [
    {
      "sku": "global-bfp-6x8",
      "copies": 1,
      "attributes": {
        "color": "white",
        "mount": "No mount / Mat",
        "paperType": "Silk"
      },
      "assets": [
        {
          "printArea": "default"
        }
      ]
    }
  ]
}
[Prodigi] Request body being sent: {
  "destinationCountryCode": "NL",
  "shippingMethod": "Budget",
  "items": [
    {
      "sku": "global-bfp-6x8",
      "copies": 1,
      "attributes": {
        "color": "white",
        "mount": "No mount / Mat",
        "paperType": "Silk"
      },
      "assets": [
        {
          "printArea": "default"
        }
      ]
    }
  ]
}
[Prodigi:production] ✅ POST https://api.prodigi.com/v4.0/quotes - 200 
[Prodigi:production] ✅ POST https://api.prodigi.com/v4.0/quotes - 200 
  ⏳ Progress: 36.7% (55/150) - Testing 8x10 → BE...[Catalog] Cache hit for framed-print 8x10: global-bfp-6x8
[Attributes] Product has mount attribute but mount is not set. Using default: No mount / Mat
[Attributes] Skipping frame attribute - "white" appears to be a color, not a frame style
[Attributes] Product has paperType attribute but paperType is not set. Using default: Silk
[Attributes] Built: {
  validKeys: [
    'frame',
    'color',
    'glaze',
    'mount',
    'paperType',
    'style',
    'substrateWeight'
  ],
  output: { color: 'white', mount: 'No mount / Mat', paperType: 'Silk' }
}
[QuotesAPI] Creating quote request: {
  "destinationCountryCode": "BE",
  "shippingMethod": "Budget",
  "items": [
    {
      "sku": "global-bfp-6x8",
      "copies": 1,
      "attributes": {
        "color": "white",
        "mount": "No mount / Mat",
        "paperType": "Silk"
      },
      "assets": [
        {
          "printArea": "default"
        }
      ]
    }
  ]
}
[QuotesAPI] Creating quote request: {
  "destinationCountryCode": "BE",
  "shippingMethod": "Standard",
  "items": [
    {
      "sku": "global-bfp-6x8",
      "copies": 1,
      "attributes": {
        "color": "white",
        "mount": "No mount / Mat",
        "paperType": "Silk"
      },
      "assets": [
        {
          "printArea": "default"
        }
      ]
    }
  ]
}
[QuotesAPI] Creating quote request: {
  "destinationCountryCode": "BE",
  "shippingMethod": "Express",
  "items": [
    {
      "sku": "global-bfp-6x8",
      "copies": 1,
      "attributes": {
        "color": "white",
        "mount": "No mount / Mat",
        "paperType": "Silk"
      },
      "assets": [
        {
          "printArea": "default"
        }
      ]
    }
  ]
}
[QuotesAPI] Creating quote request: {
  "destinationCountryCode": "BE",
  "shippingMethod": "Overnight",
  "items": [
    {
      "sku": "global-bfp-6x8",
      "copies": 1,
      "attributes": {
        "color": "white",
        "mount": "No mount / Mat",
        "paperType": "Silk"
      },
      "assets": [
        {
          "printArea": "default"
        }
      ]
    }
  ]
}
[Prodigi] Request body being sent: {
  "destinationCountryCode": "BE",
  "shippingMethod": "Budget",
  "items": [
    {
      "sku": "global-bfp-6x8",
      "copies": 1,
      "attributes": {
        "color": "white",
        "mount": "No mount / Mat",
        "paperType": "Silk"
      },
      "assets": [
        {
          "printArea": "default"
        }
      ]
    }
  ]
}
[Prodigi] Request body being sent: {
  "destinationCountryCode": "BE",
  "shippingMethod": "Standard",
  "items": [
    {
      "sku": "global-bfp-6x8",
      "copies": 1,
      "attributes": {
        "color": "white",
        "mount": "No mount / Mat",
        "paperType": "Silk"
      },
      "assets": [
        {
          "printArea": "default"
        }
      ]
    }
  ]
}
[Prodigi] Request body being sent: {
  "destinationCountryCode": "BE",
  "shippingMethod": "Express",
  "items": [
    {
      "sku": "global-bfp-6x8",
      "copies": 1,
      "attributes": {
        "color": "white",
        "mount": "No mount / Mat",
        "paperType": "Silk"
      },
      "assets": [
        {
          "printArea": "default"
        }
      ]
    }
  ]
}
[Prodigi] Request body being sent: {
  "destinationCountryCode": "BE",
  "shippingMethod": "Overnight",
  "items": [
    {
      "sku": "global-bfp-6x8",
      "copies": 1,
      "attributes": {
        "color": "white",
        "mount": "No mount / Mat",
        "paperType": "Silk"
      },
      "assets": [
        {
          "printArea": "default"
        }
      ]
    }
  ]
}
[Prodigi:production] ✅ POST https://api.prodigi.com/v4.0/quotes - 200 
[Prodigi:production] ✅ POST https://api.prodigi.com/v4.0/quotes - 200 
[Prodigi:production] ✅ POST https://api.prodigi.com/v4.0/quotes - 200 
[Prodigi:production] ✅ POST https://api.prodigi.com/v4.0/quotes - 200 
  ⏳ Progress: 37.3% (56/150) - Testing 8x10 → JP...[Catalog] Cache hit for framed-print 8x10: global-bfp-6x8
[Attributes] Product has mount attribute but mount is not set. Using default: No mount / Mat
[Attributes] Skipping frame attribute - "white" appears to be a color, not a frame style
[Attributes] Product has paperType attribute but paperType is not set. Using default: Silk
[Attributes] Built: {
  validKeys: [
    'frame',
    'color',
    'glaze',
    'mount',
    'paperType',
    'style',
    'substrateWeight'
  ],
  output: { color: 'white', mount: 'No mount / Mat', paperType: 'Silk' }
}
[QuotesAPI] Creating quote request: {
  "destinationCountryCode": "JP",
  "shippingMethod": "Budget",
  "items": [
    {
      "sku": "global-bfp-6x8",
      "copies": 1,
      "attributes": {
        "color": "white",
        "mount": "No mount / Mat",
        "paperType": "Silk"
      },
      "assets": [
        {
          "printArea": "default"
        }
      ]
    }
  ]
}
[QuotesAPI] Creating quote request: {
  "destinationCountryCode": "JP",
  "shippingMethod": "Standard",
  "items": [
    {
      "sku": "global-bfp-6x8",
      "copies": 1,
      "attributes": {
        "color": "white",
        "mount": "No mount / Mat",
        "paperType": "Silk"
      },
      "assets": [
        {
          "printArea": "default"
        }
      ]
    }
  ]
}
[QuotesAPI] Creating quote request: {
  "destinationCountryCode": "JP",
  "shippingMethod": "Express",
  "items": [
    {
      "sku": "global-bfp-6x8",
      "copies": 1,
      "attributes": {
        "color": "white",
        "mount": "No mount / Mat",
        "paperType": "Silk"
      },
      "assets": [
        {
          "printArea": "default"
        }
      ]
    }
  ]
}
[QuotesAPI] Creating quote request: {
  "destinationCountryCode": "JP",
  "shippingMethod": "Overnight",
  "items": [
    {
      "sku": "global-bfp-6x8",
      "copies": 1,
      "attributes": {
        "color": "white",
        "mount": "No mount / Mat",
        "paperType": "Silk"
      },
      "assets": [
        {
          "printArea": "default"
        }
      ]
    }
  ]
}
[Prodigi] Request body being sent: {
  "destinationCountryCode": "JP",
  "shippingMethod": "Budget",
  "items": [
    {
      "sku": "global-bfp-6x8",
      "copies": 1,
      "attributes": {
        "color": "white",
        "mount": "No mount / Mat",
        "paperType": "Silk"
      },
      "assets": [
        {
          "printArea": "default"
        }
      ]
    }
  ]
}
[Prodigi] Request body being sent: {
  "destinationCountryCode": "JP",
  "shippingMethod": "Standard",
  "items": [
    {
      "sku": "global-bfp-6x8",
      "copies": 1,
      "attributes": {
        "color": "white",
        "mount": "No mount / Mat",
        "paperType": "Silk"
      },
      "assets": [
        {
          "printArea": "default"
        }
      ]
    }
  ]
}
[Prodigi] Request body being sent: {
  "destinationCountryCode": "JP",
  "shippingMethod": "Express",
  "items": [
    {
      "sku": "global-bfp-6x8",
      "copies": 1,
      "attributes": {
        "color": "white",
        "mount": "No mount / Mat",
        "paperType": "Silk"
      },
      "assets": [
        {
          "printArea": "default"
        }
      ]
    }
  ]
}
[Prodigi] Request body being sent: {
  "destinationCountryCode": "JP",
  "shippingMethod": "Overnight",
  "items": [
    {
      "sku": "global-bfp-6x8",
      "copies": 1,
      "attributes": {
        "color": "white",
        "mount": "No mount / Mat",
        "paperType": "Silk"
      },
      "assets": [
        {
          "printArea": "default"
        }
      ]
    }
  ]
}
[Prodigi:production] ✅ POST https://api.prodigi.com/v4.0/quotes - 200 
[Prodigi:production] ✅ POST https://api.prodigi.com/v4.0/quotes - 200 
[Prodigi:production] ✅ POST https://api.prodigi.com/v4.0/quotes - 200 
[Prodigi:production] ✅ POST https://api.prodigi.com/v4.0/quotes - 200 
  ⏳ Progress: 38.0% (57/150) - Testing 8x10 → KR...[Catalog] Cache hit for framed-print 8x10: global-bfp-6x8
[Attributes] Product has mount attribute but mount is not set. Using default: No mount / Mat
[Attributes] Skipping frame attribute - "white" appears to be a color, not a frame style
[Attributes] Product has paperType attribute but paperType is not set. Using default: Silk
[Attributes] Built: {
  validKeys: [
    'frame',
    'color',
    'glaze',
    'mount',
    'paperType',
    'style',
    'substrateWeight'
  ],
  output: { color: 'white', mount: 'No mount / Mat', paperType: 'Silk' }
}
[QuotesAPI] Creating quote request: {
  "destinationCountryCode": "KR",
  "shippingMethod": "Budget",
  "items": [
    {
      "sku": "global-bfp-6x8",
      "copies": 1,
      "attributes": {
        "color": "white",
        "mount": "No mount / Mat",
        "paperType": "Silk"
      },
      "assets": [
        {
          "printArea": "default"
        }
      ]
    }
  ]
}
[QuotesAPI] Creating quote request: {
  "destinationCountryCode": "KR",
  "shippingMethod": "Standard",
  "items": [
    {
      "sku": "global-bfp-6x8",
      "copies": 1,
      "attributes": {
        "color": "white",
        "mount": "No mount / Mat",
        "paperType": "Silk"
      },
      "assets": [
        {
          "printArea": "default"
        }
      ]
    }
  ]
}
[QuotesAPI] Creating quote request: {
  "destinationCountryCode": "KR",
  "shippingMethod": "Express",
  "items": [
    {
      "sku": "global-bfp-6x8",
      "copies": 1,
      "attributes": {
        "color": "white",
        "mount": "No mount / Mat",
        "paperType": "Silk"
      },
      "assets": [
        {
          "printArea": "default"
        }
      ]
    }
  ]
}
[QuotesAPI] Creating quote request: {
  "destinationCountryCode": "KR",
  "shippingMethod": "Overnight",
  "items": [
    {
      "sku": "global-bfp-6x8",
      "copies": 1,
      "attributes": {
        "color": "white",
        "mount": "No mount / Mat",
        "paperType": "Silk"
      },
      "assets": [
        {
          "printArea": "default"
        }
      ]
    }
  ]
}
[Prodigi] Request body being sent: {
  "destinationCountryCode": "KR",
  "shippingMethod": "Budget",
  "items": [
    {
      "sku": "global-bfp-6x8",
      "copies": 1,
      "attributes": {
        "color": "white",
        "mount": "No mount / Mat",
        "paperType": "Silk"
      },
      "assets": [
        {
          "printArea": "default"
        }
      ]
    }
  ]
}
[Prodigi] Request body being sent: {
  "destinationCountryCode": "KR",
  "shippingMethod": "Standard",
  "items": [
    {
      "sku": "global-bfp-6x8",
      "copies": 1,
      "attributes": {
        "color": "white",
        "mount": "No mount / Mat",
        "paperType": "Silk"
      },
      "assets": [
        {
          "printArea": "default"
        }
      ]
    }
  ]
}
[Prodigi] Request body being sent: {
  "destinationCountryCode": "KR",
  "shippingMethod": "Express",
  "items": [
    {
      "sku": "global-bfp-6x8",
      "copies": 1,
      "attributes": {
        "color": "white",
        "mount": "No mount / Mat",
        "paperType": "Silk"
      },
      "assets": [
        {
          "printArea": "default"
        }
      ]
    }
  ]
}
[Prodigi] Request body being sent: {
  "destinationCountryCode": "KR",
  "shippingMethod": "Overnight",
  "items": [
    {
      "sku": "global-bfp-6x8",
      "copies": 1,
      "attributes": {
        "color": "white",
        "mount": "No mount / Mat",
        "paperType": "Silk"
      },
      "assets": [
        {
          "printArea": "default"
        }
      ]
    }
  ]
}
[Prodigi:production] ✅ POST https://api.prodigi.com/v4.0/quotes - 200 
[Prodigi:production] ✅ POST https://api.prodigi.com/v4.0/quotes - 200 
[Prodigi:production] ✅ POST https://api.prodigi.com/v4.0/quotes - 200 
[Prodigi:production] ✅ POST https://api.prodigi.com/v4.0/quotes - 200 
  ⏳ Progress: 38.7% (58/150) - Testing 8x10 → SG...[Catalog] Cache hit for framed-print 8x10: global-bfp-6x8
[Attributes] Product has mount attribute but mount is not set. Using default: No mount / Mat
[Attributes] Skipping frame attribute - "white" appears to be a color, not a frame style
[Attributes] Product has paperType attribute but paperType is not set. Using default: Silk
[Attributes] Built: {
  validKeys: [
    'frame',
    'color',
    'glaze',
    'mount',
    'paperType',
    'style',
    'substrateWeight'
  ],
  output: { color: 'white', mount: 'No mount / Mat', paperType: 'Silk' }
}
[QuotesAPI] Creating quote request: {
  "destinationCountryCode": "SG",
  "shippingMethod": "Budget",
  "items": [
    {
      "sku": "global-bfp-6x8",
      "copies": 1,
      "attributes": {
        "color": "white",
        "mount": "No mount / Mat",
        "paperType": "Silk"
      },
      "assets": [
        {
          "printArea": "default"
        }
      ]
    }
  ]
}
[QuotesAPI] Creating quote request: {
  "destinationCountryCode": "SG",
  "shippingMethod": "Standard",
  "items": [
    {
      "sku": "global-bfp-6x8",
      "copies": 1,
      "attributes": {
        "color": "white",
        "mount": "No mount / Mat",
        "paperType": "Silk"
      },
      "assets": [
        {
          "printArea": "default"
        }
      ]
    }
  ]
}
[QuotesAPI] Creating quote request: {
  "destinationCountryCode": "SG",
  "shippingMethod": "Express",
  "items": [
    {
      "sku": "global-bfp-6x8",
      "copies": 1,
      "attributes": {
        "color": "white",
        "mount": "No mount / Mat",
        "paperType": "Silk"
      },
      "assets": [
        {
          "printArea": "default"
        }
      ]
    }
  ]
}
[QuotesAPI] Creating quote request: {
  "destinationCountryCode": "SG",
  "shippingMethod": "Overnight",
  "items": [
    {
      "sku": "global-bfp-6x8",
      "copies": 1,
      "attributes": {
        "color": "white",
        "mount": "No mount / Mat",
        "paperType": "Silk"
      },
      "assets": [
        {
          "printArea": "default"
        }
      ]
    }
  ]
}
[Prodigi] Request body being sent: {
  "destinationCountryCode": "SG",
  "shippingMethod": "Budget",
  "items": [
    {
      "sku": "global-bfp-6x8",
      "copies": 1,
      "attributes": {
        "color": "white",
        "mount": "No mount / Mat",
        "paperType": "Silk"
      },
      "assets": [
        {
          "printArea": "default"
        }
      ]
    }
  ]
}
[Prodigi] Request body being sent: {
  "destinationCountryCode": "SG",
  "shippingMethod": "Standard",
  "items": [
    {
      "sku": "global-bfp-6x8",
      "copies": 1,
      "attributes": {
        "color": "white",
        "mount": "No mount / Mat",
        "paperType": "Silk"
      },
      "assets": [
        {
          "printArea": "default"
        }
      ]
    }
  ]
}
[Prodigi] Request body being sent: {
  "destinationCountryCode": "SG",
  "shippingMethod": "Express",
  "items": [
    {
      "sku": "global-bfp-6x8",
      "copies": 1,
      "attributes": {
        "color": "white",
        "mount": "No mount / Mat",
        "paperType": "Silk"
      },
      "assets": [
        {
          "printArea": "default"
        }
      ]
    }
  ]
}
[Prodigi] Request body being sent: {
  "destinationCountryCode": "SG",
  "shippingMethod": "Overnight",
  "items": [
    {
      "sku": "global-bfp-6x8",
      "copies": 1,
      "attributes": {
        "color": "white",
        "mount": "No mount / Mat",
        "paperType": "Silk"
      },
      "assets": [
        {
          "printArea": "default"
        }
      ]
    }
  ]
}
[Prodigi:production] ✅ POST https://api.prodigi.com/v4.0/quotes - 200 
[Prodigi:production] ✅ POST https://api.prodigi.com/v4.0/quotes - 200 
[Prodigi:production] ✅ POST https://api.prodigi.com/v4.0/quotes - 200 
[Prodigi:production] ✅ POST https://api.prodigi.com/v4.0/quotes - 200 
  ⏳ Progress: 39.3% (59/150) - Testing 8x10 → HK...[Catalog] Cache hit for framed-print 8x10: global-bfp-6x8
[Attributes] Product has mount attribute but mount is not set. Using default: No mount / Mat
[Attributes] Skipping frame attribute - "white" appears to be a color, not a frame style
[Attributes] Product has paperType attribute but paperType is not set. Using default: Silk
[Attributes] Built: {
  validKeys: [
    'frame',
    'color',
    'glaze',
    'mount',
    'paperType',
    'style',
    'substrateWeight'
  ],
  output: { color: 'white', mount: 'No mount / Mat', paperType: 'Silk' }
}
[QuotesAPI] Creating quote request: {
  "destinationCountryCode": "HK",
  "shippingMethod": "Budget",
  "items": [
    {
      "sku": "global-bfp-6x8",
      "copies": 1,
      "attributes": {
        "color": "white",
        "mount": "No mount / Mat",
        "paperType": "Silk"
      },
      "assets": [
        {
          "printArea": "default"
        }
      ]
    }
  ]
}
[QuotesAPI] Creating quote request: {
  "destinationCountryCode": "HK",
  "shippingMethod": "Standard",
  "items": [
    {
      "sku": "global-bfp-6x8",
      "copies": 1,
      "attributes": {
        "color": "white",
        "mount": "No mount / Mat",
        "paperType": "Silk"
      },
      "assets": [
        {
          "printArea": "default"
        }
      ]
    }
  ]
}
[QuotesAPI] Creating quote request: {
  "destinationCountryCode": "HK",
  "shippingMethod": "Express",
  "items": [
    {
      "sku": "global-bfp-6x8",
      "copies": 1,
      "attributes": {
        "color": "white",
        "mount": "No mount / Mat",
        "paperType": "Silk"
      },
      "assets": [
        {
          "printArea": "default"
        }
      ]
    }
  ]
}
[QuotesAPI] Creating quote request: {
  "destinationCountryCode": "HK",
  "shippingMethod": "Overnight",
  "items": [
    {
      "sku": "global-bfp-6x8",
      "copies": 1,
      "attributes": {
        "color": "white",
        "mount": "No mount / Mat",
        "paperType": "Silk"
      },
      "assets": [
        {
          "printArea": "default"
        }
      ]
    }
  ]
}
[Prodigi] Request body being sent: {
  "destinationCountryCode": "HK",
  "shippingMethod": "Budget",
  "items": [
    {
      "sku": "global-bfp-6x8",
      "copies": 1,
      "attributes": {
        "color": "white",
        "mount": "No mount / Mat",
        "paperType": "Silk"
      },
      "assets": [
        {
          "printArea": "default"
        }
      ]
    }
  ]
}
[Prodigi] Request body being sent: {
  "destinationCountryCode": "HK",
  "shippingMethod": "Standard",
  "items": [
    {
      "sku": "global-bfp-6x8",
      "copies": 1,
      "attributes": {
        "color": "white",
        "mount": "No mount / Mat",
        "paperType": "Silk"
      },
      "assets": [
        {
          "printArea": "default"
        }
      ]
    }
  ]
}
[Prodigi] Request body being sent: {
  "destinationCountryCode": "HK",
  "shippingMethod": "Express",
  "items": [
    {
      "sku": "global-bfp-6x8",
      "copies": 1,
      "attributes": {
        "color": "white",
        "mount": "No mount / Mat",
        "paperType": "Silk"
      },
      "assets": [
        {
          "printArea": "default"
        }
      ]
    }
  ]
}
[Prodigi] Request body being sent: {
  "destinationCountryCode": "HK",
  "shippingMethod": "Overnight",
  "items": [
    {
      "sku": "global-bfp-6x8",
      "copies": 1,
      "attributes": {
        "color": "white",
        "mount": "No mount / Mat",
        "paperType": "Silk"
      },
      "assets": [
        {
          "printArea": "default"
        }
      ]
    }
  ]
}
[Prodigi:production] ✅ POST https://api.prodigi.com/v4.0/quotes - 200 
[Prodigi:production] ✅ POST https://api.prodigi.com/v4.0/quotes - 200 
[Prodigi:production] ✅ POST https://api.prodigi.com/v4.0/quotes - 200 
[Prodigi:production] ✅ POST https://api.prodigi.com/v4.0/quotes - 200 
  ⏳ Progress: 40.0% (60/150) - Testing 8x10 → MX...[Catalog] Cache hit for framed-print 8x10: global-bfp-6x8
[Attributes] Product has mount attribute but mount is not set. Using default: No mount / Mat
[Attributes] Skipping frame attribute - "white" appears to be a color, not a frame style
[Attributes] Product has paperType attribute but paperType is not set. Using default: Silk
[Attributes] Built: {
  validKeys: [
    'frame',
    'color',
    'glaze',
    'mount',
    'paperType',
    'style',
    'substrateWeight'
  ],
  output: { color: 'white', mount: 'No mount / Mat', paperType: 'Silk' }
}
[QuotesAPI] Creating quote request: {
  "destinationCountryCode": "MX",
  "shippingMethod": "Budget",
  "items": [
    {
      "sku": "global-bfp-6x8",
      "copies": 1,
      "attributes": {
        "color": "white",
        "mount": "No mount / Mat",
        "paperType": "Silk"
      },
      "assets": [
        {
          "printArea": "default"
        }
      ]
    }
  ]
}
[QuotesAPI] Creating quote request: {
  "destinationCountryCode": "MX",
  "shippingMethod": "Standard",
  "items": [
    {
      "sku": "global-bfp-6x8",
      "copies": 1,
      "attributes": {
        "color": "white",
        "mount": "No mount / Mat",
        "paperType": "Silk"
      },
      "assets": [
        {
          "printArea": "default"
        }
      ]
    }
  ]
}
[QuotesAPI] Creating quote request: {
  "destinationCountryCode": "MX",
  "shippingMethod": "Express",
  "items": [
    {
      "sku": "global-bfp-6x8",
      "copies": 1,
      "attributes": {
        "color": "white",
        "mount": "No mount / Mat",
        "paperType": "Silk"
      },
      "assets": [
        {
          "printArea": "default"
        }
      ]
    }
  ]
}
[QuotesAPI] Creating quote request: {
  "destinationCountryCode": "MX",
  "shippingMethod": "Overnight",
  "items": [
    {
      "sku": "global-bfp-6x8",
      "copies": 1,
      "attributes": {
        "color": "white",
        "mount": "No mount / Mat",
        "paperType": "Silk"
      },
      "assets": [
        {
          "printArea": "default"
        }
      ]
    }
  ]
}
[Prodigi] Request body being sent: {
  "destinationCountryCode": "MX",
  "shippingMethod": "Budget",
  "items": [
    {
      "sku": "global-bfp-6x8",
      "copies": 1,
      "attributes": {
        "color": "white",
        "mount": "No mount / Mat",
        "paperType": "Silk"
      },
      "assets": [
        {
          "printArea": "default"
        }
      ]
    }
  ]
}
[Prodigi] Request body being sent: {
  "destinationCountryCode": "MX",
  "shippingMethod": "Standard",
  "items": [
    {
      "sku": "global-bfp-6x8",
      "copies": 1,
      "attributes": {
        "color": "white",
        "mount": "No mount / Mat",
        "paperType": "Silk"
      },
      "assets": [
        {
          "printArea": "default"
        }
      ]
    }
  ]
}
[Prodigi] Request body being sent: {
  "destinationCountryCode": "MX",
  "shippingMethod": "Express",
  "items": [
    {
      "sku": "global-bfp-6x8",
      "copies": 1,
      "attributes": {
        "color": "white",
        "mount": "No mount / Mat",
        "paperType": "Silk"
      },
      "assets": [
        {
          "printArea": "default"
        }
      ]
    }
  ]
}
[Prodigi] Request body being sent: {
  "destinationCountryCode": "MX",
  "shippingMethod": "Overnight",
  "items": [
    {
      "sku": "global-bfp-6x8",
      "copies": 1,
      "attributes": {
        "color": "white",
        "mount": "No mount / Mat",
        "paperType": "Silk"
      },
      "assets": [
        {
          "printArea": "default"
        }
      ]
    }
  ]
}
[Prodigi] Failed to parse error response: {
  status: 429,
  rawText: 'API calls quota exceeded! maximum admitted 30 per 30s.',
  parseError: `Unexpected token 'A', "API calls "... is not valid JSON`
}
[Prodigi:production] ⚠️ Retrying request (attempt 1/3) {
  endpoint: '/quotes',
  delay: 1467.388571984135,
  error: 'Rate limit exceeded. Please try again later.'
}
[Prodigi:production] ✅ POST https://api.prodigi.com/v4.0/quotes - 200 
[Prodigi:production] ✅ POST https://api.prodigi.com/v4.0/quotes - 200 
[Prodigi:production] ✅ POST https://api.prodigi.com/v4.0/quotes - 200 
[Prodigi] Request body being sent: {
  "destinationCountryCode": "MX",
  "shippingMethod": "Overnight",
  "items": [
    {
      "sku": "global-bfp-6x8",
      "copies": 1,
      "attributes": {
        "color": "white",
        "mount": "No mount / Mat",
        "paperType": "Silk"
      },
      "assets": [
        {
          "printArea": "default"
        }
      ]
    }
  ]
}
[Prodigi:production] ✅ POST https://api.prodigi.com/v4.0/quotes - 200 
  ⏳ Progress: 40.7% (61/150) - Testing 8x12 → US...[Catalog] Searching Azure for framed-print 8x12 {
  prodigiProductTypes: [ 'Framed prints' ],
  searchParams: {
    minDimensionMm: 183,
    maxDimensionMm: 335,
    aspectRatioMin: 60,
    aspectRatioMax: 73
  }
}
🔍 Azure Search query: {
  filters: {
    country: 'US',
    category: 'Wall art',
    productTypes: [ 'Framed prints' ],
    minDimensionMm: 183,
    maxDimensionMm: 335,
    aspectRatioMin: 60,
    aspectRatioMax: 73
  },
  options: {
    top: 20,
    includeFacets: false,
    scoringProfile: 'Boost by production country',
    scoringParameter: 'prodCountry-US'
  },
  url: 'https://pwintylive.search.windows.net/indexes/live-catalogue/docs?api-version=2016-09-01&search=*&%24count=true&%24top=20&%24filter=destinationCountries%2Fany%28c%3A+c+eq+%27US%27%29+and+category+eq+%...'
}
✅ Azure Search results: { totalCount: 212, returnedCount: 20, hasFacets: false }
[Catalog] Filtered out 0 cork products from 20 total
[Catalog] Found SKU: global-cfp-a4-backloader for framed-print 8x12 {
  productType: 'Framed prints',
  dimensions: '21x29.7cm',
  productionCountries: [ 'US', 'GB', 'NL' ],
  score: 160.7
}
[Catalog] Fetching product details from Prodigi API: global-cfp-a4-backloader
[Prodigi:production] ✅ GET https://api.prodigi.com/v4.0/products/global-cfp-a4-backloader - 200 
[Catalog] Successfully fetched product details: global-cfp-a4-backloader
[Attributes] Product has mount attribute but mount is not set. Using default: No mount / Mat
[Attributes] Skipping frame attribute - "black" appears to be a color, not a frame style
[Attributes] Product has paperType attribute but paperType is not set. Using default: BPP
[Attributes] Built: {
  validKeys: [
    'frame',
    'color',
    'glaze',
    'mount',
    'paperType',
    'size',
    'substrateWeight'
  ],
  output: { color: 'black', mount: 'No mount / Mat', paperType: 'BPP' }
}
[QuotesAPI] Creating quote request: {
  "destinationCountryCode": "US",
  "shippingMethod": "Budget",
  "items": [
    {
      "sku": "global-cfp-a4-backloader",
      "copies": 1,
      "attributes": {
        "color": "black",
        "mount": "No mount / Mat",
        "paperType": "BPP"
      },
      "assets": [
        {
          "printArea": "default"
        }
      ]
    }
  ]
}
[QuotesAPI] Creating quote request: {
  "destinationCountryCode": "US",
  "shippingMethod": "Standard",
  "items": [
    {
      "sku": "global-cfp-a4-backloader",
      "copies": 1,
      "attributes": {
        "color": "black",
        "mount": "No mount / Mat",
        "paperType": "BPP"
      },
      "assets": [
        {
          "printArea": "default"
        }
      ]
    }
  ]
}
[QuotesAPI] Creating quote request: {
  "destinationCountryCode": "US",
  "shippingMethod": "Express",
  "items": [
    {
      "sku": "global-cfp-a4-backloader",
      "copies": 1,
      "attributes": {
        "color": "black",
        "mount": "No mount / Mat",
        "paperType": "BPP"
      },
      "assets": [
        {
          "printArea": "default"
        }
      ]
    }
  ]
}
[QuotesAPI] Creating quote request: {
  "destinationCountryCode": "US",
  "shippingMethod": "Overnight",
  "items": [
    {
      "sku": "global-cfp-a4-backloader",
      "copies": 1,
      "attributes": {
        "color": "black",
        "mount": "No mount / Mat",
        "paperType": "BPP"
      },
      "assets": [
        {
          "printArea": "default"
        }
      ]
    }
  ]
}
[Prodigi] Request body being sent: {
  "destinationCountryCode": "US",
  "shippingMethod": "Budget",
  "items": [
    {
      "sku": "global-cfp-a4-backloader",
      "copies": 1,
      "attributes": {
        "color": "black",
        "mount": "No mount / Mat",
        "paperType": "BPP"
      },
      "assets": [
        {
          "printArea": "default"
        }
      ]
    }
  ]
}
[Prodigi] Request body being sent: {
  "destinationCountryCode": "US",
  "shippingMethod": "Standard",
  "items": [
    {
      "sku": "global-cfp-a4-backloader",
      "copies": 1,
      "attributes": {
        "color": "black",
        "mount": "No mount / Mat",
        "paperType": "BPP"
      },
      "assets": [
        {
          "printArea": "default"
        }
      ]
    }
  ]
}
[Prodigi] Request body being sent: {
  "destinationCountryCode": "US",
  "shippingMethod": "Express",
  "items": [
    {
      "sku": "global-cfp-a4-backloader",
      "copies": 1,
      "attributes": {
        "color": "black",
        "mount": "No mount / Mat",
        "paperType": "BPP"
      },
      "assets": [
        {
          "printArea": "default"
        }
      ]
    }
  ]
}
[Prodigi] Request body being sent: {
  "destinationCountryCode": "US",
  "shippingMethod": "Overnight",
  "items": [
    {
      "sku": "global-cfp-a4-backloader",
      "copies": 1,
      "attributes": {
        "color": "black",
        "mount": "No mount / Mat",
        "paperType": "BPP"
      },
      "assets": [
        {
          "printArea": "default"
        }
      ]
    }
  ]
}
[Prodigi:production] ✅ POST https://api.prodigi.com/v4.0/quotes - 200 
[Prodigi:production] ✅ POST https://api.prodigi.com/v4.0/quotes - 200 
[Prodigi:production] ✅ POST https://api.prodigi.com/v4.0/quotes - 200 
[Prodigi:production] ✅ POST https://api.prodigi.com/v4.0/quotes - 200 
  ⏳ Progress: 41.3% (62/150) - Testing 8x12 → CA...[Catalog] Searching Azure for framed-print 8x12 {
  prodigiProductTypes: [ 'Framed prints' ],
  searchParams: {
    minDimensionMm: 183,
    maxDimensionMm: 335,
    aspectRatioMin: 60,
    aspectRatioMax: 73
  }
}
🔍 Azure Search query: {
  filters: {
    country: 'CA',
    category: 'Wall art',
    productTypes: [ 'Framed prints' ],
    minDimensionMm: 183,
    maxDimensionMm: 335,
    aspectRatioMin: 60,
    aspectRatioMax: 73
  },
  options: {
    top: 20,
    includeFacets: false,
    scoringProfile: 'Boost by production country',
    scoringParameter: 'prodCountry-CA'
  },
  url: 'https://pwintylive.search.windows.net/indexes/live-catalogue/docs?api-version=2016-09-01&search=*&%24count=true&%24top=20&%24filter=destinationCountries%2Fany%28c%3A+c+eq+%27CA%27%29+and+category+eq+%...'
}
✅ Azure Search results: { totalCount: 212, returnedCount: 20, hasFacets: false }
[Catalog] Filtered out 0 cork products from 20 total
[Catalog] Found SKU: fra-box-bap-nm-gla-20x30 for framed-print 8x12 {
  productType: 'Framed prints',
  dimensions: '20x30cm',
  productionCountries: [ 'GB' ],
  score: 8.2
}
[Catalog] Fetching product details from Prodigi API: fra-box-bap-nm-gla-20x30
[Prodigi:production] ✅ GET https://api.prodigi.com/v4.0/products/fra-box-bap-nm-gla-20x30 - 200 
[Catalog] Successfully fetched product details: fra-box-bap-nm-gla-20x30
[Attributes] Product has mount attribute but mount is not set. Using default: No mount / Mat
[Attributes] Skipping frame attribute - "black" appears to be a color, not a frame style
[Attributes] Product has paperType attribute but paperType is not set. Using default: BAP
[Attributes] Built: {
  validKeys: [
    'frame',
    'color',
    'glaze',
    'mount',
    'paperType',
    'style',
    'substrateWeight'
  ],
  output: { color: 'black', mount: 'No mount / Mat', paperType: 'BAP' }
}
[QuotesAPI] Creating quote request: {
  "destinationCountryCode": "CA",
  "shippingMethod": "Budget",
  "items": [
    {
      "sku": "fra-box-bap-nm-gla-20x30",
      "copies": 1,
      "attributes": {
        "color": "black",
        "mount": "No mount / Mat",
        "paperType": "BAP"
      },
      "assets": [
        {
          "printArea": "default"
        }
      ]
    }
  ]
}
[QuotesAPI] Creating quote request: {
  "destinationCountryCode": "CA",
  "shippingMethod": "Standard",
  "items": [
    {
      "sku": "fra-box-bap-nm-gla-20x30",
      "copies": 1,
      "attributes": {
        "color": "black",
        "mount": "No mount / Mat",
        "paperType": "BAP"
      },
      "assets": [
        {
          "printArea": "default"
        }
      ]
    }
  ]
}
[QuotesAPI] Creating quote request: {
  "destinationCountryCode": "CA",
  "shippingMethod": "Express",
  "items": [
    {
      "sku": "fra-box-bap-nm-gla-20x30",
      "copies": 1,
      "attributes": {
        "color": "black",
        "mount": "No mount / Mat",
        "paperType": "BAP"
      },
      "assets": [
        {
          "printArea": "default"
        }
      ]
    }
  ]
}
[QuotesAPI] Creating quote request: {
  "destinationCountryCode": "CA",
  "shippingMethod": "Overnight",
  "items": [
    {
      "sku": "fra-box-bap-nm-gla-20x30",
      "copies": 1,
      "attributes": {
        "color": "black",
        "mount": "No mount / Mat",
        "paperType": "BAP"
      },
      "assets": [
        {
          "printArea": "default"
        }
      ]
    }
  ]
}
[Prodigi] Request body being sent: {
  "destinationCountryCode": "CA",
  "shippingMethod": "Budget",
  "items": [
    {
      "sku": "fra-box-bap-nm-gla-20x30",
      "copies": 1,
      "attributes": {
        "color": "black",
        "mount": "No mount / Mat",
        "paperType": "BAP"
      },
      "assets": [
        {
          "printArea": "default"
        }
      ]
    }
  ]
}
[Prodigi] Request body being sent: {
  "destinationCountryCode": "CA",
  "shippingMethod": "Standard",
  "items": [
    {
      "sku": "fra-box-bap-nm-gla-20x30",
      "copies": 1,
      "attributes": {
        "color": "black",
        "mount": "No mount / Mat",
        "paperType": "BAP"
      },
      "assets": [
        {
          "printArea": "default"
        }
      ]
    }
  ]
}
[Prodigi] Request body being sent: {
  "destinationCountryCode": "CA",
  "shippingMethod": "Express",
  "items": [
    {
      "sku": "fra-box-bap-nm-gla-20x30",
      "copies": 1,
      "attributes": {
        "color": "black",
        "mount": "No mount / Mat",
        "paperType": "BAP"
      },
      "assets": [
        {
          "printArea": "default"
        }
      ]
    }
  ]
}
[Prodigi] Request body being sent: {
  "destinationCountryCode": "CA",
  "shippingMethod": "Overnight",
  "items": [
    {
      "sku": "fra-box-bap-nm-gla-20x30",
      "copies": 1,
      "attributes": {
        "color": "black",
        "mount": "No mount / Mat",
        "paperType": "BAP"
      },
      "assets": [
        {
          "printArea": "default"
        }
      ]
    }
  ]
}
[Prodigi:production] ✅ POST https://api.prodigi.com/v4.0/quotes - 200 
[Prodigi:production] ✅ POST https://api.prodigi.com/v4.0/quotes - 200 
[Prodigi:production] ✅ POST https://api.prodigi.com/v4.0/quotes - 200 
[Prodigi:production] ✅ POST https://api.prodigi.com/v4.0/quotes - 200 
  ⏳ Progress: 42.0% (63/150) - Testing 8x12 → GB...[Catalog] Searching Azure for framed-print 8x12 {
  prodigiProductTypes: [ 'Framed prints' ],
  searchParams: {
    minDimensionMm: 183,
    maxDimensionMm: 335,
    aspectRatioMin: 60,
    aspectRatioMax: 73
  }
}
🔍 Azure Search query: {
  filters: {
    country: 'GB',
    category: 'Wall art',
    productTypes: [ 'Framed prints' ],
    minDimensionMm: 183,
    maxDimensionMm: 335,
    aspectRatioMin: 60,
    aspectRatioMax: 73
  },
  options: {
    top: 20,
    includeFacets: false,
    scoringProfile: 'Boost by production country',
    scoringParameter: 'prodCountry-GB'
  },
  url: 'https://pwintylive.search.windows.net/indexes/live-catalogue/docs?api-version=2016-09-01&search=*&%24count=true&%24top=20&%24filter=destinationCountries%2Fany%28c%3A+c+eq+%27GB%27%29+and+category+eq+%...'
}
✅ Azure Search results: { totalCount: 212, returnedCount: 20, hasFacets: false }
[Catalog] Filtered out 0 cork products from 20 total
[Catalog] Found SKU: fra-box-bap-nm-gla-20x30 for framed-print 8x12 {
  productType: 'Framed prints',
  dimensions: '20x30cm',
  productionCountries: [ 'GB' ],
  score: 158.2
}
[Catalog] Fetching product details from Prodigi API: fra-box-bap-nm-gla-20x30
[Catalog] Successfully fetched product details: fra-box-bap-nm-gla-20x30
[Attributes] Product has mount attribute but mount is not set. Using default: No mount / Mat
[Attributes] Skipping frame attribute - "black" appears to be a color, not a frame style
[Attributes] Product has paperType attribute but paperType is not set. Using default: BAP
[Attributes] Built: {
  validKeys: [
    'frame',
    'color',
    'glaze',
    'mount',
    'paperType',
    'style',
    'substrateWeight'
  ],
  output: { color: 'black', mount: 'No mount / Mat', paperType: 'BAP' }
}
[QuotesAPI] Creating quote request: {
  "destinationCountryCode": "GB",
  "shippingMethod": "Budget",
  "items": [
    {
      "sku": "fra-box-bap-nm-gla-20x30",
      "copies": 1,
      "attributes": {
        "color": "black",
        "mount": "No mount / Mat",
        "paperType": "BAP"
      },
      "assets": [
        {
          "printArea": "default"
        }
      ]
    }
  ]
}
[QuotesAPI] Creating quote request: {
  "destinationCountryCode": "GB",
  "shippingMethod": "Standard",
  "items": [
    {
      "sku": "fra-box-bap-nm-gla-20x30",
      "copies": 1,
      "attributes": {
        "color": "black",
        "mount": "No mount / Mat",
        "paperType": "BAP"
      },
      "assets": [
        {
          "printArea": "default"
        }
      ]
    }
  ]
}
[QuotesAPI] Creating quote request: {
  "destinationCountryCode": "GB",
  "shippingMethod": "Express",
  "items": [
    {
      "sku": "fra-box-bap-nm-gla-20x30",
      "copies": 1,
      "attributes": {
        "color": "black",
        "mount": "No mount / Mat",
        "paperType": "BAP"
      },
      "assets": [
        {
          "printArea": "default"
        }
      ]
    }
  ]
}
[QuotesAPI] Creating quote request: {
  "destinationCountryCode": "GB",
  "shippingMethod": "Overnight",
  "items": [
    {
      "sku": "fra-box-bap-nm-gla-20x30",
      "copies": 1,
      "attributes": {
        "color": "black",
        "mount": "No mount / Mat",
        "paperType": "BAP"
      },
      "assets": [
        {
          "printArea": "default"
        }
      ]
    }
  ]
}
[Prodigi] Request body being sent: {
  "destinationCountryCode": "GB",
  "shippingMethod": "Budget",
  "items": [
    {
      "sku": "fra-box-bap-nm-gla-20x30",
      "copies": 1,
      "attributes": {
        "color": "black",
        "mount": "No mount / Mat",
        "paperType": "BAP"
      },
      "assets": [
        {
          "printArea": "default"
        }
      ]
    }
  ]
}
[Prodigi] Request body being sent: {
  "destinationCountryCode": "GB",
  "shippingMethod": "Standard",
  "items": [
    {
      "sku": "fra-box-bap-nm-gla-20x30",
      "copies": 1,
      "attributes": {
        "color": "black",
        "mount": "No mount / Mat",
        "paperType": "BAP"
      },
      "assets": [
        {
          "printArea": "default"
        }
      ]
    }
  ]
}
[Prodigi] Request body being sent: {
  "destinationCountryCode": "GB",
  "shippingMethod": "Express",
  "items": [
    {
      "sku": "fra-box-bap-nm-gla-20x30",
      "copies": 1,
      "attributes": {
        "color": "black",
        "mount": "No mount / Mat",
        "paperType": "BAP"
      },
      "assets": [
        {
          "printArea": "default"
        }
      ]
    }
  ]
}
[Prodigi] Request body being sent: {
  "destinationCountryCode": "GB",
  "shippingMethod": "Overnight",
  "items": [
    {
      "sku": "fra-box-bap-nm-gla-20x30",
      "copies": 1,
      "attributes": {
        "color": "black",
        "mount": "No mount / Mat",
        "paperType": "BAP"
      },
      "assets": [
        {
          "printArea": "default"
        }
      ]
    }
  ]
}
[Prodigi:production] ✅ POST https://api.prodigi.com/v4.0/quotes - 200 
[Prodigi:production] ✅ POST https://api.prodigi.com/v4.0/quotes - 200 
[Prodigi:production] ✅ POST https://api.prodigi.com/v4.0/quotes - 200 
[Prodigi:production] ✅ POST https://api.prodigi.com/v4.0/quotes - 200 
  ⏳ Progress: 42.7% (64/150) - Testing 8x12 → AU...[Catalog] Searching Azure for framed-print 8x12 {
  prodigiProductTypes: [ 'Framed prints' ],
  searchParams: {
    minDimensionMm: 183,
    maxDimensionMm: 335,
    aspectRatioMin: 60,
    aspectRatioMax: 73
  }
}
🔍 Azure Search query: {
  filters: {
    country: 'AU',
    category: 'Wall art',
    productTypes: [ 'Framed prints' ],
    minDimensionMm: 183,
    maxDimensionMm: 335,
    aspectRatioMin: 60,
    aspectRatioMax: 73
  },
  options: {
    top: 20,
    includeFacets: false,
    scoringProfile: 'Boost by production country',
    scoringParameter: 'prodCountry-AU'
  },
  url: 'https://pwintylive.search.windows.net/indexes/live-catalogue/docs?api-version=2016-09-01&search=*&%24count=true&%24top=20&%24filter=destinationCountries%2Fany%28c%3A+c+eq+%27AU%27%29+and+category+eq+%...'
}
✅ Azure Search results: { totalCount: 212, returnedCount: 20, hasFacets: false }
[Catalog] Filtered out 0 cork products from 20 total
[Catalog] Found SKU: global-cfp-a5 for framed-print 8x12 {
  productType: 'Framed prints',
  dimensions: '14.8x21cm',
  productionCountries: [ 'AU', 'NL', 'US', 'GB' ],
  score: 160.2
}
[Catalog] Fetching product details from Prodigi API: global-cfp-a5
[Prodigi:production] ✅ GET https://api.prodigi.com/v4.0/products/global-cfp-a5 - 200 
[Catalog] Successfully fetched product details: global-cfp-a5
[Attributes] Product has mount attribute but mount is not set. Using default: No mount / Mat
[Attributes] Skipping frame attribute - "black" appears to be a color, not a frame style
[Attributes] Product has paperType attribute but paperType is not set. Using default: EMA
[Attributes] Built: {
  validKeys: [
    'frame',
    'color',
    'glaze',
    'mount',
    'paperType',
    'size',
    'style',
    'substrateWeight'
  ],
  output: { color: 'black', mount: 'No mount / Mat', paperType: 'EMA' }
}
[QuotesAPI] Creating quote request: {
  "destinationCountryCode": "AU",
  "shippingMethod": "Budget",
  "items": [
    {
      "sku": "global-cfp-a5",
      "copies": 1,
      "attributes": {
        "color": "black",
        "mount": "No mount / Mat",
        "paperType": "EMA"
      },
      "assets": [
        {
          "printArea": "default"
        }
      ]
    }
  ]
}
[QuotesAPI] Creating quote request: {
  "destinationCountryCode": "AU",
  "shippingMethod": "Standard",
  "items": [
    {
      "sku": "global-cfp-a5",
      "copies": 1,
      "attributes": {
        "color": "black",
        "mount": "No mount / Mat",
        "paperType": "EMA"
      },
      "assets": [
        {
          "printArea": "default"
        }
      ]
    }
  ]
}
[QuotesAPI] Creating quote request: {
  "destinationCountryCode": "AU",
  "shippingMethod": "Express",
  "items": [
    {
      "sku": "global-cfp-a5",
      "copies": 1,
      "attributes": {
        "color": "black",
        "mount": "No mount / Mat",
        "paperType": "EMA"
      },
      "assets": [
        {
          "printArea": "default"
        }
      ]
    }
  ]
}
[QuotesAPI] Creating quote request: {
  "destinationCountryCode": "AU",
  "shippingMethod": "Overnight",
  "items": [
    {
      "sku": "global-cfp-a5",
      "copies": 1,
      "attributes": {
        "color": "black",
        "mount": "No mount / Mat",
        "paperType": "EMA"
      },
      "assets": [
        {
          "printArea": "default"
        }
      ]
    }
  ]
}
[Prodigi] Request body being sent: {
  "destinationCountryCode": "AU",
  "shippingMethod": "Budget",
  "items": [
    {
      "sku": "global-cfp-a5",
      "copies": 1,
      "attributes": {
        "color": "black",
        "mount": "No mount / Mat",
        "paperType": "EMA"
      },
      "assets": [
        {
          "printArea": "default"
        }
      ]
    }
  ]
}
[Prodigi] Request body being sent: {
  "destinationCountryCode": "AU",
  "shippingMethod": "Standard",
  "items": [
    {
      "sku": "global-cfp-a5",
      "copies": 1,
      "attributes": {
        "color": "black",
        "mount": "No mount / Mat",
        "paperType": "EMA"
      },
      "assets": [
        {
          "printArea": "default"
        }
      ]
    }
  ]
}
[Prodigi] Request body being sent: {
  "destinationCountryCode": "AU",
  "shippingMethod": "Express",
  "items": [
    {
      "sku": "global-cfp-a5",
      "copies": 1,
      "attributes": {
        "color": "black",
        "mount": "No mount / Mat",
        "paperType": "EMA"
      },
      "assets": [
        {
          "printArea": "default"
        }
      ]
    }
  ]
}
[Prodigi] Request body being sent: {
  "destinationCountryCode": "AU",
  "shippingMethod": "Overnight",
  "items": [
    {
      "sku": "global-cfp-a5",
      "copies": 1,
      "attributes": {
        "color": "black",
        "mount": "No mount / Mat",
        "paperType": "EMA"
      },
      "assets": [
        {
          "printArea": "default"
        }
      ]
    }
  ]
}
[Prodigi:production] ✅ POST https://api.prodigi.com/v4.0/quotes - 200 
[Prodigi:production] ✅ POST https://api.prodigi.com/v4.0/quotes - 200 
[Prodigi:production] ✅ POST https://api.prodigi.com/v4.0/quotes - 200 
[Prodigi:production] ✅ POST https://api.prodigi.com/v4.0/quotes - 200 
  ⏳ Progress: 43.3% (65/150) - Testing 8x12 → DE...[Catalog] Searching Azure for framed-print 8x12 {
  prodigiProductTypes: [ 'Framed prints' ],
  searchParams: {
    minDimensionMm: 183,
    maxDimensionMm: 335,
    aspectRatioMin: 60,
    aspectRatioMax: 73
  }
}
🔍 Azure Search query: {
  filters: {
    country: 'DE',
    category: 'Wall art',
    productTypes: [ 'Framed prints' ],
    minDimensionMm: 183,
    maxDimensionMm: 335,
    aspectRatioMin: 60,
    aspectRatioMax: 73
  },
  options: {
    top: 20,
    includeFacets: false,
    scoringProfile: 'Boost by production country',
    scoringParameter: 'prodCountry-DE'
  },
  url: 'https://pwintylive.search.windows.net/indexes/live-catalogue/docs?api-version=2016-09-01&search=*&%24count=true&%24top=20&%24filter=destinationCountries%2Fany%28c%3A+c+eq+%27DE%27%29+and+category+eq+%...'
}
✅ Azure Search results: { totalCount: 212, returnedCount: 20, hasFacets: false }
[Catalog] Filtered out 0 cork products from 20 total
[Catalog] Found SKU: fra-box-bap-nm-gla-20x30 for framed-print 8x12 {
  productType: 'Framed prints',
  dimensions: '20x30cm',
  productionCountries: [ 'GB' ],
  score: 8.2
}
[Catalog] Fetching product details from Prodigi API: fra-box-bap-nm-gla-20x30
[Catalog] Successfully fetched product details: fra-box-bap-nm-gla-20x30
[Attributes] Product has mount attribute but mount is not set. Using default: No mount / Mat
[Attributes] Skipping frame attribute - "black" appears to be a color, not a frame style
[Attributes] Product has paperType attribute but paperType is not set. Using default: BAP
[Attributes] Built: {
  validKeys: [
    'frame',
    'color',
    'glaze',
    'mount',
    'paperType',
    'style',
    'substrateWeight'
  ],
  output: { color: 'black', mount: 'No mount / Mat', paperType: 'BAP' }
}
[QuotesAPI] Creating quote request: {
  "destinationCountryCode": "DE",
  "shippingMethod": "Budget",
  "items": [
    {
      "sku": "fra-box-bap-nm-gla-20x30",
      "copies": 1,
      "attributes": {
        "color": "black",
        "mount": "No mount / Mat",
        "paperType": "BAP"
      },
      "assets": [
        {
          "printArea": "default"
        }
      ]
    }
  ]
}
[QuotesAPI] Creating quote request: {
  "destinationCountryCode": "DE",
  "shippingMethod": "Standard",
  "items": [
    {
      "sku": "fra-box-bap-nm-gla-20x30",
      "copies": 1,
      "attributes": {
        "color": "black",
        "mount": "No mount / Mat",
        "paperType": "BAP"
      },
      "assets": [
        {
          "printArea": "default"
        }
      ]
    }
  ]
}
[QuotesAPI] Creating quote request: {
  "destinationCountryCode": "DE",
  "shippingMethod": "Express",
  "items": [
    {
      "sku": "fra-box-bap-nm-gla-20x30",
      "copies": 1,
      "attributes": {
        "color": "black",
        "mount": "No mount / Mat",
        "paperType": "BAP"
      },
      "assets": [
        {
          "printArea": "default"
        }
      ]
    }
  ]
}
[QuotesAPI] Creating quote request: {
  "destinationCountryCode": "DE",
  "shippingMethod": "Overnight",
  "items": [
    {
      "sku": "fra-box-bap-nm-gla-20x30",
      "copies": 1,
      "attributes": {
        "color": "black",
        "mount": "No mount / Mat",
        "paperType": "BAP"
      },
      "assets": [
        {
          "printArea": "default"
        }
      ]
    }
  ]
}
[Prodigi] Request body being sent: {
  "destinationCountryCode": "DE",
  "shippingMethod": "Budget",
  "items": [
    {
      "sku": "fra-box-bap-nm-gla-20x30",
      "copies": 1,
      "attributes": {
        "color": "black",
        "mount": "No mount / Mat",
        "paperType": "BAP"
      },
      "assets": [
        {
          "printArea": "default"
        }
      ]
    }
  ]
}
[Prodigi] Request body being sent: {
  "destinationCountryCode": "DE",
  "shippingMethod": "Standard",
  "items": [
    {
      "sku": "fra-box-bap-nm-gla-20x30",
      "copies": 1,
      "attributes": {
        "color": "black",
        "mount": "No mount / Mat",
        "paperType": "BAP"
      },
      "assets": [
        {
          "printArea": "default"
        }
      ]
    }
  ]
}
[Prodigi] Request body being sent: {
  "destinationCountryCode": "DE",
  "shippingMethod": "Express",
  "items": [
    {
      "sku": "fra-box-bap-nm-gla-20x30",
      "copies": 1,
      "attributes": {
        "color": "black",
        "mount": "No mount / Mat",
        "paperType": "BAP"
      },
      "assets": [
        {
          "printArea": "default"
        }
      ]
    }
  ]
}
[Prodigi] Request body being sent: {
  "destinationCountryCode": "DE",
  "shippingMethod": "Overnight",
  "items": [
    {
      "sku": "fra-box-bap-nm-gla-20x30",
      "copies": 1,
      "attributes": {
        "color": "black",
        "mount": "No mount / Mat",
        "paperType": "BAP"
      },
      "assets": [
        {
          "printArea": "default"
        }
      ]
    }
  ]
}
[Prodigi:production] ✅ POST https://api.prodigi.com/v4.0/quotes - 200 
[Prodigi:production] ✅ POST https://api.prodigi.com/v4.0/quotes - 200 
[Prodigi:production] ✅ POST https://api.prodigi.com/v4.0/quotes - 200 
[Prodigi:production] ✅ POST https://api.prodigi.com/v4.0/quotes - 200 
  ⏳ Progress: 44.0% (66/150) - Testing 8x12 → FR...[Catalog] Searching Azure for framed-print 8x12 {
  prodigiProductTypes: [ 'Framed prints' ],
  searchParams: {
    minDimensionMm: 183,
    maxDimensionMm: 335,
    aspectRatioMin: 60,
    aspectRatioMax: 73
  }
}
🔍 Azure Search query: {
  filters: {
    country: 'FR',
    category: 'Wall art',
    productTypes: [ 'Framed prints' ],
    minDimensionMm: 183,
    maxDimensionMm: 335,
    aspectRatioMin: 60,
    aspectRatioMax: 73
  },
  options: {
    top: 20,
    includeFacets: false,
    scoringProfile: 'Boost by production country',
    scoringParameter: 'prodCountry-FR'
  },
  url: 'https://pwintylive.search.windows.net/indexes/live-catalogue/docs?api-version=2016-09-01&search=*&%24count=true&%24top=20&%24filter=destinationCountries%2Fany%28c%3A+c+eq+%27FR%27%29+and+category+eq+%...'
}
✅ Azure Search results: { totalCount: 212, returnedCount: 20, hasFacets: false }
[Catalog] Filtered out 0 cork products from 20 total
[Catalog] Found SKU: fra-box-bap-nm-gla-20x30 for framed-print 8x12 {
  productType: 'Framed prints',
  dimensions: '20x30cm',
  productionCountries: [ 'GB' ],
  score: 8.2
}
[Catalog] Fetching product details from Prodigi API: fra-box-bap-nm-gla-20x30
[Catalog] Successfully fetched product details: fra-box-bap-nm-gla-20x30
[Attributes] Product has mount attribute but mount is not set. Using default: No mount / Mat
[Attributes] Skipping frame attribute - "black" appears to be a color, not a frame style
[Attributes] Product has paperType attribute but paperType is not set. Using default: BAP
[Attributes] Built: {
  validKeys: [
    'frame',
    'color',
    'glaze',
    'mount',
    'paperType',
    'style',
    'substrateWeight'
  ],
  output: { color: 'black', mount: 'No mount / Mat', paperType: 'BAP' }
}
[QuotesAPI] Creating quote request: {
  "destinationCountryCode": "FR",
  "shippingMethod": "Budget",
  "items": [
    {
      "sku": "fra-box-bap-nm-gla-20x30",
      "copies": 1,
      "attributes": {
        "color": "black",
        "mount": "No mount / Mat",
        "paperType": "BAP"
      },
      "assets": [
        {
          "printArea": "default"
        }
      ]
    }
  ]
}
[QuotesAPI] Creating quote request: {
  "destinationCountryCode": "FR",
  "shippingMethod": "Standard",
  "items": [
    {
      "sku": "fra-box-bap-nm-gla-20x30",
      "copies": 1,
      "attributes": {
        "color": "black",
        "mount": "No mount / Mat",
        "paperType": "BAP"
      },
      "assets": [
        {
          "printArea": "default"
        }
      ]
    }
  ]
}
[QuotesAPI] Creating quote request: {
  "destinationCountryCode": "FR",
  "shippingMethod": "Express",
  "items": [
    {
      "sku": "fra-box-bap-nm-gla-20x30",
      "copies": 1,
      "attributes": {
        "color": "black",
        "mount": "No mount / Mat",
        "paperType": "BAP"
      },
      "assets": [
        {
          "printArea": "default"
        }
      ]
    }
  ]
}
[QuotesAPI] Creating quote request: {
  "destinationCountryCode": "FR",
  "shippingMethod": "Overnight",
  "items": [
    {
      "sku": "fra-box-bap-nm-gla-20x30",
      "copies": 1,
      "attributes": {
        "color": "black",
        "mount": "No mount / Mat",
        "paperType": "BAP"
      },
      "assets": [
        {
          "printArea": "default"
        }
      ]
    }
  ]
}
[Prodigi] Request body being sent: {
  "destinationCountryCode": "FR",
  "shippingMethod": "Budget",
  "items": [
    {
      "sku": "fra-box-bap-nm-gla-20x30",
      "copies": 1,
      "attributes": {
        "color": "black",
        "mount": "No mount / Mat",
        "paperType": "BAP"
      },
      "assets": [
        {
          "printArea": "default"
        }
      ]
    }
  ]
}
[Prodigi] Request body being sent: {
  "destinationCountryCode": "FR",
  "shippingMethod": "Standard",
  "items": [
    {
      "sku": "fra-box-bap-nm-gla-20x30",
      "copies": 1,
      "attributes": {
        "color": "black",
        "mount": "No mount / Mat",
        "paperType": "BAP"
      },
      "assets": [
        {
          "printArea": "default"
        }
      ]
    }
  ]
}
[Prodigi] Request body being sent: {
  "destinationCountryCode": "FR",
  "shippingMethod": "Express",
  "items": [
    {
      "sku": "fra-box-bap-nm-gla-20x30",
      "copies": 1,
      "attributes": {
        "color": "black",
        "mount": "No mount / Mat",
        "paperType": "BAP"
      },
      "assets": [
        {
          "printArea": "default"
        }
      ]
    }
  ]
}
[Prodigi] Request body being sent: {
  "destinationCountryCode": "FR",
  "shippingMethod": "Overnight",
  "items": [
    {
      "sku": "fra-box-bap-nm-gla-20x30",
      "copies": 1,
      "attributes": {
        "color": "black",
        "mount": "No mount / Mat",
        "paperType": "BAP"
      },
      "assets": [
        {
          "printArea": "default"
        }
      ]
    }
  ]
}
[Prodigi:production] ✅ POST https://api.prodigi.com/v4.0/quotes - 200 
[Prodigi:production] ✅ POST https://api.prodigi.com/v4.0/quotes - 200 
[Prodigi:production] ✅ POST https://api.prodigi.com/v4.0/quotes - 200 
[Prodigi:production] ✅ POST https://api.prodigi.com/v4.0/quotes - 200 
  ⏳ Progress: 44.7% (67/150) - Testing 8x12 → IT...[Catalog] Searching Azure for framed-print 8x12 {
  prodigiProductTypes: [ 'Framed prints' ],
  searchParams: {
    minDimensionMm: 183,
    maxDimensionMm: 335,
    aspectRatioMin: 60,
    aspectRatioMax: 73
  }
}
🔍 Azure Search query: {
  filters: {
    country: 'IT',
    category: 'Wall art',
    productTypes: [ 'Framed prints' ],
    minDimensionMm: 183,
    maxDimensionMm: 335,
    aspectRatioMin: 60,
    aspectRatioMax: 73
  },
  options: {
    top: 20,
    includeFacets: false,
    scoringProfile: 'Boost by production country',
    scoringParameter: 'prodCountry-IT'
  },
  url: 'https://pwintylive.search.windows.net/indexes/live-catalogue/docs?api-version=2016-09-01&search=*&%24count=true&%24top=20&%24filter=destinationCountries%2Fany%28c%3A+c+eq+%27IT%27%29+and+category+eq+%...'
}
✅ Azure Search results: { totalCount: 212, returnedCount: 20, hasFacets: false }
[Catalog] Filtered out 0 cork products from 20 total
[Catalog] Found SKU: fra-box-bap-nm-gla-20x30 for framed-print 8x12 {
  productType: 'Framed prints',
  dimensions: '20x30cm',
  productionCountries: [ 'GB' ],
  score: 8.2
}
[Catalog] Fetching product details from Prodigi API: fra-box-bap-nm-gla-20x30
[Catalog] Successfully fetched product details: fra-box-bap-nm-gla-20x30
[Attributes] Product has mount attribute but mount is not set. Using default: No mount / Mat
[Attributes] Skipping frame attribute - "black" appears to be a color, not a frame style
[Attributes] Product has paperType attribute but paperType is not set. Using default: BAP
[Attributes] Built: {
  validKeys: [
    'frame',
    'color',
    'glaze',
    'mount',
    'paperType',
    'style',
    'substrateWeight'
  ],
  output: { color: 'black', mount: 'No mount / Mat', paperType: 'BAP' }
}
[QuotesAPI] Creating quote request: {
  "destinationCountryCode": "IT",
  "shippingMethod": "Budget",
  "items": [
    {
      "sku": "fra-box-bap-nm-gla-20x30",
      "copies": 1,
      "attributes": {
        "color": "black",
        "mount": "No mount / Mat",
        "paperType": "BAP"
      },
      "assets": [
        {
          "printArea": "default"
        }
      ]
    }
  ]
}
[QuotesAPI] Creating quote request: {
  "destinationCountryCode": "IT",
  "shippingMethod": "Standard",
  "items": [
    {
      "sku": "fra-box-bap-nm-gla-20x30",
      "copies": 1,
      "attributes": {
        "color": "black",
        "mount": "No mount / Mat",
        "paperType": "BAP"
      },
      "assets": [
        {
          "printArea": "default"
        }
      ]
    }
  ]
}
[QuotesAPI] Creating quote request: {
  "destinationCountryCode": "IT",
  "shippingMethod": "Express",
  "items": [
    {
      "sku": "fra-box-bap-nm-gla-20x30",
      "copies": 1,
      "attributes": {
        "color": "black",
        "mount": "No mount / Mat",
        "paperType": "BAP"
      },
      "assets": [
        {
          "printArea": "default"
        }
      ]
    }
  ]
}
[QuotesAPI] Creating quote request: {
  "destinationCountryCode": "IT",
  "shippingMethod": "Overnight",
  "items": [
    {
      "sku": "fra-box-bap-nm-gla-20x30",
      "copies": 1,
      "attributes": {
        "color": "black",
        "mount": "No mount / Mat",
        "paperType": "BAP"
      },
      "assets": [
        {
          "printArea": "default"
        }
      ]
    }
  ]
}
[Prodigi] Request body being sent: {
  "destinationCountryCode": "IT",
  "shippingMethod": "Budget",
  "items": [
    {
      "sku": "fra-box-bap-nm-gla-20x30",
      "copies": 1,
      "attributes": {
        "color": "black",
        "mount": "No mount / Mat",
        "paperType": "BAP"
      },
      "assets": [
        {
          "printArea": "default"
        }
      ]
    }
  ]
}
[Prodigi] Request body being sent: {
  "destinationCountryCode": "IT",
  "shippingMethod": "Standard",
  "items": [
    {
      "sku": "fra-box-bap-nm-gla-20x30",
      "copies": 1,
      "attributes": {
        "color": "black",
        "mount": "No mount / Mat",
        "paperType": "BAP"
      },
      "assets": [
        {
          "printArea": "default"
        }
      ]
    }
  ]
}
[Prodigi] Request body being sent: {
  "destinationCountryCode": "IT",
  "shippingMethod": "Express",
  "items": [
    {
      "sku": "fra-box-bap-nm-gla-20x30",
      "copies": 1,
      "attributes": {
        "color": "black",
        "mount": "No mount / Mat",
        "paperType": "BAP"
      },
      "assets": [
        {
          "printArea": "default"
        }
      ]
    }
  ]
}
[Prodigi] Request body being sent: {
  "destinationCountryCode": "IT",
  "shippingMethod": "Overnight",
  "items": [
    {
      "sku": "fra-box-bap-nm-gla-20x30",
      "copies": 1,
      "attributes": {
        "color": "black",
        "mount": "No mount / Mat",
        "paperType": "BAP"
      },
      "assets": [
        {
          "printArea": "default"
        }
      ]
    }
  ]
}
[Prodigi] Failed to parse error response: {
  status: 429,
  rawText: 'API calls quota exceeded! maximum admitted 30 per 30s.',
  parseError: `Unexpected token 'A', "API calls "... is not valid JSON`
}
[Prodigi:production] ⚠️ Retrying request (attempt 1/3) {
  endpoint: '/quotes',
  delay: 1340.4766359804141,
  error: 'Rate limit exceeded. Please try again later.'
}
[Prodigi:production] ✅ POST https://api.prodigi.com/v4.0/quotes - 200 
[Prodigi:production] ✅ POST https://api.prodigi.com/v4.0/quotes - 200 
[Prodigi] Request body being sent: {
  "destinationCountryCode": "IT",
  "shippingMethod": "Express",
  "items": [
    {
      "sku": "fra-box-bap-nm-gla-20x30",
      "copies": 1,
      "attributes": {
        "color": "black",
        "mount": "No mount / Mat",
        "paperType": "BAP"
      },
      "assets": [
        {
          "printArea": "default"
        }
      ]
    }
  ]
}
[Prodigi:production] ✅ POST https://api.prodigi.com/v4.0/quotes - 200 
[Prodigi] Failed to parse error response: {
  status: 429,
  rawText: 'API calls quota exceeded! maximum admitted 30 per 30s.',
  parseError: `Unexpected token 'A', "API calls "... is not valid JSON`
}
[Prodigi:production] ⚠️ Retrying request (attempt 2/3) {
  endpoint: '/quotes',
  delay: 2735.310031426554,
  error: 'Rate limit exceeded. Please try again later.'
}
[Prodigi] Request body being sent: {
  "destinationCountryCode": "IT",
  "shippingMethod": "Express",
  "items": [
    {
      "sku": "fra-box-bap-nm-gla-20x30",
      "copies": 1,
      "attributes": {
        "color": "black",
        "mount": "No mount / Mat",
        "paperType": "BAP"
      },
      "assets": [
        {
          "printArea": "default"
        }
      ]
    }
  ]
}
[Prodigi] Failed to parse error response: {
  status: 429,
  rawText: 'API calls quota exceeded! maximum admitted 30 per 30s.',
  parseError: `Unexpected token 'A', "API calls "... is not valid JSON`
}
❌ Prodigi API Error: {
  name: 'ProdigiRateLimitError',
  message: 'Rate limit exceeded. Please try again later.',
  statusCode: 429,
  statusText: 'Too Many Requests',
  data: {},
  traceParent: undefined,
  endpoint: undefined,
  method: undefined,
  stack: 'ProdigiRateLimitError: Rate limit exceeded. Please try again later.\n' +
    '    at new ProdigiRateLimitError (/Users/hatem/Documents/inboundr/art-framer/src/lib/prodigi-v2/errors.ts:161:5)\n' +
    '    at parseProdigiError (/Users/hatem/Documents/inboundr/art-framer/src/lib/prodigi-v2/errors.ts:243:14)\n' +
    '    at ProdigiClient.handleErrorResponse (/Users/hatem/Documents/inboundr/art-framer/src/lib/prodigi-v2/client.ts:305:19)\n' +
    '    at process.processTicksAndRejections (node:internal/process/task_queues:105:5)\n' +
    '    at async ProdigiClient.executeRequest (/Users/hatem/Documents/inboundr/art-framer/src/lib/prodigi-v2/client.ts:242:9)\n' +
    '    at async ProdigiClient.requestWithRetry (/Users/hatem/Documents/inboundr/art-framer/src/lib/prodigi-v2/client.ts:153:24)\n' +
    '    at async QuotesAPI.create (/Users/hatem/Documents/inboundr/art-framer/src/lib/prodigi-v2/quotes.ts:62:22)\n' +
    '    at async Promise.all (index 2)\n' +
    '    at async testPricingForProduct (/Users/hatem/Documents/inboundr/art-framer/scripts/test-pricing-end-to-end.ts:180:26)\n' +
    '    at async runComprehensiveTest (/Users/hatem/Documents/inboundr/art-framer/scripts/test-pricing-end-to-end.ts:308:26)',
  context: {
    endpoint: '/quotes',
    method: 'POST',
    timestamp: '2025-12-05T14:00:52.265Z'
  }
}
Request body: {
  destinationCountryCode: 'IT',
  shippingMethod: 'Express',
  items: [
    {
      sku: 'fra-box-bap-nm-gla-20x30',
      copies: 1,
      attributes: [Object],
      assets: [Array]
    }
  ]
}
[Test] Failed to get quote for Express: Rate limit exceeded. Please try again later.
  ⏳ Progress: 45.3% (68/150) - Testing 8x12 → ES...[Catalog] Searching Azure for framed-print 8x12 {
  prodigiProductTypes: [ 'Framed prints' ],
  searchParams: {
    minDimensionMm: 183,
    maxDimensionMm: 335,
    aspectRatioMin: 60,
    aspectRatioMax: 73
  }
}
🔍 Azure Search query: {
  filters: {
    country: 'ES',
    category: 'Wall art',
    productTypes: [ 'Framed prints' ],
    minDimensionMm: 183,
    maxDimensionMm: 335,
    aspectRatioMin: 60,
    aspectRatioMax: 73
  },
  options: {
    top: 20,
    includeFacets: false,
    scoringProfile: 'Boost by production country',
    scoringParameter: 'prodCountry-ES'
  },
  url: 'https://pwintylive.search.windows.net/indexes/live-catalogue/docs?api-version=2016-09-01&search=*&%24count=true&%24top=20&%24filter=destinationCountries%2Fany%28c%3A+c+eq+%27ES%27%29+and+category+eq+%...'
}
✅ Azure Search results: { totalCount: 212, returnedCount: 20, hasFacets: false }
[Catalog] Filtered out 0 cork products from 20 total
[Catalog] Found SKU: fra-box-bap-nm-gla-20x30 for framed-print 8x12 {
  productType: 'Framed prints',
  dimensions: '20x30cm',
  productionCountries: [ 'GB' ],
  score: 8.2
}
[Catalog] Fetching product details from Prodigi API: fra-box-bap-nm-gla-20x30
[Catalog] Successfully fetched product details: fra-box-bap-nm-gla-20x30
[Attributes] Product has mount attribute but mount is not set. Using default: No mount / Mat
[Attributes] Skipping frame attribute - "black" appears to be a color, not a frame style
[Attributes] Product has paperType attribute but paperType is not set. Using default: BAP
[Attributes] Built: {
  validKeys: [
    'frame',
    'color',
    'glaze',
    'mount',
    'paperType',
    'style',
    'substrateWeight'
  ],
  output: { color: 'black', mount: 'No mount / Mat', paperType: 'BAP' }
}
[QuotesAPI] Creating quote request: {
  "destinationCountryCode": "ES",
  "shippingMethod": "Budget",
  "items": [
    {
      "sku": "fra-box-bap-nm-gla-20x30",
      "copies": 1,
      "attributes": {
        "color": "black",
        "mount": "No mount / Mat",
        "paperType": "BAP"
      },
      "assets": [
        {
          "printArea": "default"
        }
      ]
    }
  ]
}
[QuotesAPI] Creating quote request: {
  "destinationCountryCode": "ES",
  "shippingMethod": "Standard",
  "items": [
    {
      "sku": "fra-box-bap-nm-gla-20x30",
      "copies": 1,
      "attributes": {
        "color": "black",
        "mount": "No mount / Mat",
        "paperType": "BAP"
      },
      "assets": [
        {
          "printArea": "default"
        }
      ]
    }
  ]
}
[QuotesAPI] Creating quote request: {
  "destinationCountryCode": "ES",
  "shippingMethod": "Express",
  "items": [
    {
      "sku": "fra-box-bap-nm-gla-20x30",
      "copies": 1,
      "attributes": {
        "color": "black",
        "mount": "No mount / Mat",
        "paperType": "BAP"
      },
      "assets": [
        {
          "printArea": "default"
        }
      ]
    }
  ]
}
[QuotesAPI] Creating quote request: {
  "destinationCountryCode": "ES",
  "shippingMethod": "Overnight",
  "items": [
    {
      "sku": "fra-box-bap-nm-gla-20x30",
      "copies": 1,
      "attributes": {
        "color": "black",
        "mount": "No mount / Mat",
        "paperType": "BAP"
      },
      "assets": [
        {
          "printArea": "default"
        }
      ]
    }
  ]
}
[Prodigi] Request body being sent: {
  "destinationCountryCode": "ES",
  "shippingMethod": "Budget",
  "items": [
    {
      "sku": "fra-box-bap-nm-gla-20x30",
      "copies": 1,
      "attributes": {
        "color": "black",
        "mount": "No mount / Mat",
        "paperType": "BAP"
      },
      "assets": [
        {
          "printArea": "default"
        }
      ]
    }
  ]
}
[Prodigi] Request body being sent: {
  "destinationCountryCode": "ES",
  "shippingMethod": "Standard",
  "items": [
    {
      "sku": "fra-box-bap-nm-gla-20x30",
      "copies": 1,
      "attributes": {
        "color": "black",
        "mount": "No mount / Mat",
        "paperType": "BAP"
      },
      "assets": [
        {
          "printArea": "default"
        }
      ]
    }
  ]
}
[Prodigi] Request body being sent: {
  "destinationCountryCode": "ES",
  "shippingMethod": "Express",
  "items": [
    {
      "sku": "fra-box-bap-nm-gla-20x30",
      "copies": 1,
      "attributes": {
        "color": "black",
        "mount": "No mount / Mat",
        "paperType": "BAP"
      },
      "assets": [
        {
          "printArea": "default"
        }
      ]
    }
  ]
}
[Prodigi] Request body being sent: {
  "destinationCountryCode": "ES",
  "shippingMethod": "Overnight",
  "items": [
    {
      "sku": "fra-box-bap-nm-gla-20x30",
      "copies": 1,
      "attributes": {
        "color": "black",
        "mount": "No mount / Mat",
        "paperType": "BAP"
      },
      "assets": [
        {
          "printArea": "default"
        }
      ]
    }
  ]
}
[Prodigi] Failed to parse error response: {
  status: 429,
  rawText: 'API calls quota exceeded! maximum admitted 30 per 30s.',
  parseError: `Unexpected token 'A', "API calls "... is not valid JSON`
}
[Prodigi:production] ⚠️ Retrying request (attempt 1/3) {
  endpoint: '/quotes',
  delay: 1114.9852231535774,
  error: 'Rate limit exceeded. Please try again later.'
}
[Prodigi] Failed to parse error response: {
  status: 429,
  rawText: 'API calls quota exceeded! maximum admitted 30 per 30s.',
  parseError: `Unexpected token 'A', "API calls "... is not valid JSON`
}
[Prodigi:production] ⚠️ Retrying request (attempt 1/3) {
  endpoint: '/quotes',
  delay: 1870.4776165634662,
  error: 'Rate limit exceeded. Please try again later.'
}
[Prodigi] Failed to parse error response: {
  status: 429,
  rawText: 'API calls quota exceeded! maximum admitted 30 per 30s.',
  parseError: `Unexpected token 'A', "API calls "... is not valid JSON`
}
[Prodigi:production] ⚠️ Retrying request (attempt 1/3) {
  endpoint: '/quotes',
  delay: 1681.2110458768936,
  error: 'Rate limit exceeded. Please try again later.'
}
[Prodigi:production] ✅ POST https://api.prodigi.com/v4.0/quotes - 200 
[Prodigi] Request body being sent: {
  "destinationCountryCode": "ES",
  "shippingMethod": "Standard",
  "items": [
    {
      "sku": "fra-box-bap-nm-gla-20x30",
      "copies": 1,
      "attributes": {
        "color": "black",
        "mount": "No mount / Mat",
        "paperType": "BAP"
      },
      "assets": [
        {
          "printArea": "default"
        }
      ]
    }
  ]
}
[Prodigi] Request body being sent: {
  "destinationCountryCode": "ES",
  "shippingMethod": "Express",
  "items": [
    {
      "sku": "fra-box-bap-nm-gla-20x30",
      "copies": 1,
      "attributes": {
        "color": "black",
        "mount": "No mount / Mat",
        "paperType": "BAP"
      },
      "assets": [
        {
          "printArea": "default"
        }
      ]
    }
  ]
}
[Prodigi] Failed to parse error response: {
  status: 429,
  rawText: 'API calls quota exceeded! maximum admitted 30 per 30s.',
  parseError: `Unexpected token 'A', "API calls "... is not valid JSON`
}
[Prodigi:production] ⚠️ Retrying request (attempt 2/3) {
  endpoint: '/quotes',
  delay: 2154.1480234632286,
  error: 'Rate limit exceeded. Please try again later.'
}
[Prodigi] Request body being sent: {
  "destinationCountryCode": "ES",
  "shippingMethod": "Overnight",
  "items": [
    {
      "sku": "fra-box-bap-nm-gla-20x30",
      "copies": 1,
      "attributes": {
        "color": "black",
        "mount": "No mount / Mat",
        "paperType": "BAP"
      },
      "assets": [
        {
          "printArea": "default"
        }
      ]
    }
  ]
}
[Prodigi:production] ✅ POST https://api.prodigi.com/v4.0/quotes - 200 
[Prodigi:production] ✅ POST https://api.prodigi.com/v4.0/quotes - 200 
[Prodigi] Request body being sent: {
  "destinationCountryCode": "ES",
  "shippingMethod": "Express",
  "items": [
    {
      "sku": "fra-box-bap-nm-gla-20x30",
      "copies": 1,
      "attributes": {
        "color": "black",
        "mount": "No mount / Mat",
        "paperType": "BAP"
      },
      "assets": [
        {
          "printArea": "default"
        }
      ]
    }
  ]
}
[Prodigi:production] ✅ POST https://api.prodigi.com/v4.0/quotes - 200 
  ⏳ Progress: 46.0% (69/150) - Testing 8x12 → NL...[Catalog] Searching Azure for framed-print 8x12 {
  prodigiProductTypes: [ 'Framed prints' ],
  searchParams: {
    minDimensionMm: 183,
    maxDimensionMm: 335,
    aspectRatioMin: 60,
    aspectRatioMax: 73
  }
}
🔍 Azure Search query: {
  filters: {
    country: 'NL',
    category: 'Wall art',
    productTypes: [ 'Framed prints' ],
    minDimensionMm: 183,
    maxDimensionMm: 335,
    aspectRatioMin: 60,
    aspectRatioMax: 73
  },
  options: {
    top: 20,
    includeFacets: false,
    scoringProfile: 'Boost by production country',
    scoringParameter: 'prodCountry-NL'
  },
  url: 'https://pwintylive.search.windows.net/indexes/live-catalogue/docs?api-version=2016-09-01&search=*&%24count=true&%24top=20&%24filter=destinationCountries%2Fany%28c%3A+c+eq+%27NL%27%29+and+category+eq+%...'
}
✅ Azure Search results: { totalCount: 212, returnedCount: 20, hasFacets: false }
[Catalog] Filtered out 0 cork products from 20 total
[Catalog] Found SKU: global-cfp-a4-backloader for framed-print 8x12 {
  productType: 'Framed prints',
  dimensions: '21x29.7cm',
  productionCountries: [ 'US', 'GB', 'NL' ],
  score: 160.7
}
[Catalog] Fetching product details from Prodigi API: global-cfp-a4-backloader
[Catalog] Successfully fetched product details: global-cfp-a4-backloader
[Attributes] Product has mount attribute but mount is not set. Using default: No mount / Mat
[Attributes] Skipping frame attribute - "black" appears to be a color, not a frame style
[Attributes] Product has paperType attribute but paperType is not set. Using default: BPP
[Attributes] Built: {
  validKeys: [
    'frame',
    'color',
    'glaze',
    'mount',
    'paperType',
    'size',
    'substrateWeight'
  ],
  output: { color: 'black', mount: 'No mount / Mat', paperType: 'BPP' }
}
[QuotesAPI] Creating quote request: {
  "destinationCountryCode": "NL",
  "shippingMethod": "Budget",
  "items": [
    {
      "sku": "global-cfp-a4-backloader",
      "copies": 1,
      "attributes": {
        "color": "black",
        "mount": "No mount / Mat",
        "paperType": "BPP"
      },
      "assets": [
        {
          "printArea": "default"
        }
      ]
    }
  ]
}
[QuotesAPI] Creating quote request: {
  "destinationCountryCode": "NL",
  "shippingMethod": "Standard",
  "items": [
    {
      "sku": "global-cfp-a4-backloader",
      "copies": 1,
      "attributes": {
        "color": "black",
        "mount": "No mount / Mat",
        "paperType": "BPP"
      },
      "assets": [
        {
          "printArea": "default"
        }
      ]
    }
  ]
}
[QuotesAPI] Creating quote request: {
  "destinationCountryCode": "NL",
  "shippingMethod": "Express",
  "items": [
    {
      "sku": "global-cfp-a4-backloader",
      "copies": 1,
      "attributes": {
        "color": "black",
        "mount": "No mount / Mat",
        "paperType": "BPP"
      },
      "assets": [
        {
          "printArea": "default"
        }
      ]
    }
  ]
}
[QuotesAPI] Creating quote request: {
  "destinationCountryCode": "NL",
  "shippingMethod": "Overnight",
  "items": [
    {
      "sku": "global-cfp-a4-backloader",
      "copies": 1,
      "attributes": {
        "color": "black",
        "mount": "No mount / Mat",
        "paperType": "BPP"
      },
      "assets": [
        {
          "printArea": "default"
        }
      ]
    }
  ]
}
[Prodigi] Request body being sent: {
  "destinationCountryCode": "NL",
  "shippingMethod": "Budget",
  "items": [
    {
      "sku": "global-cfp-a4-backloader",
      "copies": 1,
      "attributes": {
        "color": "black",
        "mount": "No mount / Mat",
        "paperType": "BPP"
      },
      "assets": [
        {
          "printArea": "default"
        }
      ]
    }
  ]
}
[Prodigi] Request body being sent: {
  "destinationCountryCode": "NL",
  "shippingMethod": "Standard",
  "items": [
    {
      "sku": "global-cfp-a4-backloader",
      "copies": 1,
      "attributes": {
        "color": "black",
        "mount": "No mount / Mat",
        "paperType": "BPP"
      },
      "assets": [
        {
          "printArea": "default"
        }
      ]
    }
  ]
}
[Prodigi] Request body being sent: {
  "destinationCountryCode": "NL",
  "shippingMethod": "Express",
  "items": [
    {
      "sku": "global-cfp-a4-backloader",
      "copies": 1,
      "attributes": {
        "color": "black",
        "mount": "No mount / Mat",
        "paperType": "BPP"
      },
      "assets": [
        {
          "printArea": "default"
        }
      ]
    }
  ]
}
[Prodigi] Request body being sent: {
  "destinationCountryCode": "NL",
  "shippingMethod": "Overnight",
  "items": [
    {
      "sku": "global-cfp-a4-backloader",
      "copies": 1,
      "attributes": {
        "color": "black",
        "mount": "No mount / Mat",
        "paperType": "BPP"
      },
      "assets": [
        {
          "printArea": "default"
        }
      ]
    }
  ]
}
[Prodigi:production] ✅ POST https://api.prodigi.com/v4.0/quotes - 200 
[Prodigi:production] ✅ POST https://api.prodigi.com/v4.0/quotes - 200 
[Prodigi:production] ✅ POST https://api.prodigi.com/v4.0/quotes - 200 
[Prodigi:production] ✅ POST https://api.prodigi.com/v4.0/quotes - 200 
  ⏳ Progress: 46.7% (70/150) - Testing 8x12 → BE...[Catalog] Searching Azure for framed-print 8x12 {
  prodigiProductTypes: [ 'Framed prints' ],
  searchParams: {
    minDimensionMm: 183,
    maxDimensionMm: 335,
    aspectRatioMin: 60,
    aspectRatioMax: 73
  }
}
🔍 Azure Search query: {
  filters: {
    country: 'BE',
    category: 'Wall art',
    productTypes: [ 'Framed prints' ],
    minDimensionMm: 183,
    maxDimensionMm: 335,
    aspectRatioMin: 60,
    aspectRatioMax: 73
  },
  options: {
    top: 20,
    includeFacets: false,
    scoringProfile: 'Boost by production country',
    scoringParameter: 'prodCountry-BE'
  },
  url: 'https://pwintylive.search.windows.net/indexes/live-catalogue/docs?api-version=2016-09-01&search=*&%24count=true&%24top=20&%24filter=destinationCountries%2Fany%28c%3A+c+eq+%27BE%27%29+and+category+eq+%...'
}
✅ Azure Search results: { totalCount: 212, returnedCount: 20, hasFacets: false }
[Catalog] Filtered out 0 cork products from 20 total
[Catalog] Found SKU: fra-box-bap-nm-gla-20x30 for framed-print 8x12 {
  productType: 'Framed prints',
  dimensions: '20x30cm',
  productionCountries: [ 'GB' ],
  score: 8.2
}
[Catalog] Fetching product details from Prodigi API: fra-box-bap-nm-gla-20x30
[Catalog] Successfully fetched product details: fra-box-bap-nm-gla-20x30
[Attributes] Product has mount attribute but mount is not set. Using default: No mount / Mat
[Attributes] Skipping frame attribute - "black" appears to be a color, not a frame style
[Attributes] Product has paperType attribute but paperType is not set. Using default: BAP
[Attributes] Built: {
  validKeys: [
    'frame',
    'color',
    'glaze',
    'mount',
    'paperType',
    'style',
    'substrateWeight'
  ],
  output: { color: 'black', mount: 'No mount / Mat', paperType: 'BAP' }
}
[QuotesAPI] Creating quote request: {
  "destinationCountryCode": "BE",
  "shippingMethod": "Budget",
  "items": [
    {
      "sku": "fra-box-bap-nm-gla-20x30",
      "copies": 1,
      "attributes": {
        "color": "black",
        "mount": "No mount / Mat",
        "paperType": "BAP"
      },
      "assets": [
        {
          "printArea": "default"
        }
      ]
    }
  ]
}
[QuotesAPI] Creating quote request: {
  "destinationCountryCode": "BE",
  "shippingMethod": "Standard",
  "items": [
    {
      "sku": "fra-box-bap-nm-gla-20x30",
      "copies": 1,
      "attributes": {
        "color": "black",
        "mount": "No mount / Mat",
        "paperType": "BAP"
      },
      "assets": [
        {
          "printArea": "default"
        }
      ]
    }
  ]
}
[QuotesAPI] Creating quote request: {
  "destinationCountryCode": "BE",
  "shippingMethod": "Express",
  "items": [
    {
      "sku": "fra-box-bap-nm-gla-20x30",
      "copies": 1,
      "attributes": {
        "color": "black",
        "mount": "No mount / Mat",
        "paperType": "BAP"
      },
      "assets": [
        {
          "printArea": "default"
        }
      ]
    }
  ]
}
[QuotesAPI] Creating quote request: {
  "destinationCountryCode": "BE",
  "shippingMethod": "Overnight",
  "items": [
    {
      "sku": "fra-box-bap-nm-gla-20x30",
      "copies": 1,
      "attributes": {
        "color": "black",
        "mount": "No mount / Mat",
        "paperType": "BAP"
      },
      "assets": [
        {
          "printArea": "default"
        }
      ]
    }
  ]
}
[Prodigi] Request body being sent: {
  "destinationCountryCode": "BE",
  "shippingMethod": "Budget",
  "items": [
    {
      "sku": "fra-box-bap-nm-gla-20x30",
      "copies": 1,
      "attributes": {
        "color": "black",
        "mount": "No mount / Mat",
        "paperType": "BAP"
      },
      "assets": [
        {
          "printArea": "default"
        }
      ]
    }
  ]
}
[Prodigi] Request body being sent: {
  "destinationCountryCode": "BE",
  "shippingMethod": "Standard",
  "items": [
    {
      "sku": "fra-box-bap-nm-gla-20x30",
      "copies": 1,
      "attributes": {
        "color": "black",
        "mount": "No mount / Mat",
        "paperType": "BAP"
      },
      "assets": [
        {
          "printArea": "default"
        }
      ]
    }
  ]
}
[Prodigi] Request body being sent: {
  "destinationCountryCode": "BE",
  "shippingMethod": "Express",
  "items": [
    {
      "sku": "fra-box-bap-nm-gla-20x30",
      "copies": 1,
      "attributes": {
        "color": "black",
        "mount": "No mount / Mat",
        "paperType": "BAP"
      },
      "assets": [
        {
          "printArea": "default"
        }
      ]
    }
  ]
}
[Prodigi] Request body being sent: {
  "destinationCountryCode": "BE",
  "shippingMethod": "Overnight",
  "items": [
    {
      "sku": "fra-box-bap-nm-gla-20x30",
      "copies": 1,
      "attributes": {
        "color": "black",
        "mount": "No mount / Mat",
        "paperType": "BAP"
      },
      "assets": [
        {
          "printArea": "default"
        }
      ]
    }
  ]
}
[Prodigi:production] ✅ POST https://api.prodigi.com/v4.0/quotes - 200 
[Prodigi:production] ✅ POST https://api.prodigi.com/v4.0/quotes - 200 
[Prodigi:production] ✅ POST https://api.prodigi.com/v4.0/quotes - 200 
[Prodigi:production] ✅ POST https://api.prodigi.com/v4.0/quotes - 200 
  ⏳ Progress: 47.3% (71/150) - Testing 8x12 → JP...[Catalog] Searching Azure for framed-print 8x12 {
  prodigiProductTypes: [ 'Framed prints' ],
  searchParams: {
    minDimensionMm: 183,
    maxDimensionMm: 335,
    aspectRatioMin: 60,
    aspectRatioMax: 73
  }
}
🔍 Azure Search query: {
  filters: {
    country: 'JP',
    category: 'Wall art',
    productTypes: [ 'Framed prints' ],
    minDimensionMm: 183,
    maxDimensionMm: 335,
    aspectRatioMin: 60,
    aspectRatioMax: 73
  },
  options: {
    top: 20,
    includeFacets: false,
    scoringProfile: 'Boost by production country',
    scoringParameter: 'prodCountry-JP'
  },
  url: 'https://pwintylive.search.windows.net/indexes/live-catalogue/docs?api-version=2016-09-01&search=*&%24count=true&%24top=20&%24filter=destinationCountries%2Fany%28c%3A+c+eq+%27JP%27%29+and+category+eq+%...'
}
✅ Azure Search results: { totalCount: 212, returnedCount: 20, hasFacets: false }
[Catalog] Filtered out 0 cork products from 20 total
[Catalog] Found SKU: fra-box-bap-nm-gla-20x30 for framed-print 8x12 {
  productType: 'Framed prints',
  dimensions: '20x30cm',
  productionCountries: [ 'GB' ],
  score: 8.2
}
[Catalog] Fetching product details from Prodigi API: fra-box-bap-nm-gla-20x30
[Catalog] Successfully fetched product details: fra-box-bap-nm-gla-20x30
[Attributes] Product has mount attribute but mount is not set. Using default: No mount / Mat
[Attributes] Skipping frame attribute - "black" appears to be a color, not a frame style
[Attributes] Product has paperType attribute but paperType is not set. Using default: BAP
[Attributes] Built: {
  validKeys: [
    'frame',
    'color',
    'glaze',
    'mount',
    'paperType',
    'style',
    'substrateWeight'
  ],
  output: { color: 'black', mount: 'No mount / Mat', paperType: 'BAP' }
}
[QuotesAPI] Creating quote request: {
  "destinationCountryCode": "JP",
  "shippingMethod": "Budget",
  "items": [
    {
      "sku": "fra-box-bap-nm-gla-20x30",
      "copies": 1,
      "attributes": {
        "color": "black",
        "mount": "No mount / Mat",
        "paperType": "BAP"
      },
      "assets": [
        {
          "printArea": "default"
        }
      ]
    }
  ]
}
[QuotesAPI] Creating quote request: {
  "destinationCountryCode": "JP",
  "shippingMethod": "Standard",
  "items": [
    {
      "sku": "fra-box-bap-nm-gla-20x30",
      "copies": 1,
      "attributes": {
        "color": "black",
        "mount": "No mount / Mat",
        "paperType": "BAP"
      },
      "assets": [
        {
          "printArea": "default"
        }
      ]
    }
  ]
}
[QuotesAPI] Creating quote request: {
  "destinationCountryCode": "JP",
  "shippingMethod": "Express",
  "items": [
    {
      "sku": "fra-box-bap-nm-gla-20x30",
      "copies": 1,
      "attributes": {
        "color": "black",
        "mount": "No mount / Mat",
        "paperType": "BAP"
      },
      "assets": [
        {
          "printArea": "default"
        }
      ]
    }
  ]
}
[QuotesAPI] Creating quote request: {
  "destinationCountryCode": "JP",
  "shippingMethod": "Overnight",
  "items": [
    {
      "sku": "fra-box-bap-nm-gla-20x30",
      "copies": 1,
      "attributes": {
        "color": "black",
        "mount": "No mount / Mat",
        "paperType": "BAP"
      },
      "assets": [
        {
          "printArea": "default"
        }
      ]
    }
  ]
}
[Prodigi] Request body being sent: {
  "destinationCountryCode": "JP",
  "shippingMethod": "Budget",
  "items": [
    {
      "sku": "fra-box-bap-nm-gla-20x30",
      "copies": 1,
      "attributes": {
        "color": "black",
        "mount": "No mount / Mat",
        "paperType": "BAP"
      },
      "assets": [
        {
          "printArea": "default"
        }
      ]
    }
  ]
}
[Prodigi] Request body being sent: {
  "destinationCountryCode": "JP",
  "shippingMethod": "Standard",
  "items": [
    {
      "sku": "fra-box-bap-nm-gla-20x30",
      "copies": 1,
      "attributes": {
        "color": "black",
        "mount": "No mount / Mat",
        "paperType": "BAP"
      },
      "assets": [
        {
          "printArea": "default"
        }
      ]
    }
  ]
}
[Prodigi] Request body being sent: {
  "destinationCountryCode": "JP",
  "shippingMethod": "Express",
  "items": [
    {
      "sku": "fra-box-bap-nm-gla-20x30",
      "copies": 1,
      "attributes": {
        "color": "black",
        "mount": "No mount / Mat",
        "paperType": "BAP"
      },
      "assets": [
        {
          "printArea": "default"
        }
      ]
    }
  ]
}
[Prodigi] Request body being sent: {
  "destinationCountryCode": "JP",
  "shippingMethod": "Overnight",
  "items": [
    {
      "sku": "fra-box-bap-nm-gla-20x30",
      "copies": 1,
      "attributes": {
        "color": "black",
        "mount": "No mount / Mat",
        "paperType": "BAP"
      },
      "assets": [
        {
          "printArea": "default"
        }
      ]
    }
  ]
}
[Prodigi:production] ✅ POST https://api.prodigi.com/v4.0/quotes - 200 
[Prodigi:production] ✅ POST https://api.prodigi.com/v4.0/quotes - 200 
[Prodigi:production] ✅ POST https://api.prodigi.com/v4.0/quotes - 200 
[Prodigi:production] ✅ POST https://api.prodigi.com/v4.0/quotes - 200 
  ⏳ Progress: 48.0% (72/150) - Testing 8x12 → KR...[Catalog] Searching Azure for framed-print 8x12 {
  prodigiProductTypes: [ 'Framed prints' ],
  searchParams: {
    minDimensionMm: 183,
    maxDimensionMm: 335,
    aspectRatioMin: 60,
    aspectRatioMax: 73
  }
}
🔍 Azure Search query: {
  filters: {
    country: 'KR',
    category: 'Wall art',
    productTypes: [ 'Framed prints' ],
    minDimensionMm: 183,
    maxDimensionMm: 335,
    aspectRatioMin: 60,
    aspectRatioMax: 73
  },
  options: {
    top: 20,
    includeFacets: false,
    scoringProfile: 'Boost by production country',
    scoringParameter: 'prodCountry-KR'
  },
  url: 'https://pwintylive.search.windows.net/indexes/live-catalogue/docs?api-version=2016-09-01&search=*&%24count=true&%24top=20&%24filter=destinationCountries%2Fany%28c%3A+c+eq+%27KR%27%29+and+category+eq+%...'
}
✅ Azure Search results: { totalCount: 212, returnedCount: 20, hasFacets: false }
[Catalog] Filtered out 0 cork products from 20 total
[Catalog] Found SKU: fra-box-bap-nm-gla-20x30 for framed-print 8x12 {
  productType: 'Framed prints',
  dimensions: '20x30cm',
  productionCountries: [ 'GB' ],
  score: 8.2
}
[Catalog] Fetching product details from Prodigi API: fra-box-bap-nm-gla-20x30
[Catalog] Successfully fetched product details: fra-box-bap-nm-gla-20x30
[Attributes] Product has mount attribute but mount is not set. Using default: No mount / Mat
[Attributes] Skipping frame attribute - "black" appears to be a color, not a frame style
[Attributes] Product has paperType attribute but paperType is not set. Using default: BAP
[Attributes] Built: {
  validKeys: [
    'frame',
    'color',
    'glaze',
    'mount',
    'paperType',
    'style',
    'substrateWeight'
  ],
  output: { color: 'black', mount: 'No mount / Mat', paperType: 'BAP' }
}
[QuotesAPI] Creating quote request: {
  "destinationCountryCode": "KR",
  "shippingMethod": "Budget",
  "items": [
    {
      "sku": "fra-box-bap-nm-gla-20x30",
      "copies": 1,
      "attributes": {
        "color": "black",
        "mount": "No mount / Mat",
        "paperType": "BAP"
      },
      "assets": [
        {
          "printArea": "default"
        }
      ]
    }
  ]
}
[QuotesAPI] Creating quote request: {
  "destinationCountryCode": "KR",
  "shippingMethod": "Standard",
  "items": [
    {
      "sku": "fra-box-bap-nm-gla-20x30",
      "copies": 1,
      "attributes": {
        "color": "black",
        "mount": "No mount / Mat",
        "paperType": "BAP"
      },
      "assets": [
        {
          "printArea": "default"
        }
      ]
    }
  ]
}
[QuotesAPI] Creating quote request: {
  "destinationCountryCode": "KR",
  "shippingMethod": "Express",
  "items": [
    {
      "sku": "fra-box-bap-nm-gla-20x30",
      "copies": 1,
      "attributes": {
        "color": "black",
        "mount": "No mount / Mat",
        "paperType": "BAP"
      },
      "assets": [
        {
          "printArea": "default"
        }
      ]
    }
  ]
}
[QuotesAPI] Creating quote request: {
  "destinationCountryCode": "KR",
  "shippingMethod": "Overnight",
  "items": [
    {
      "sku": "fra-box-bap-nm-gla-20x30",
      "copies": 1,
      "attributes": {
        "color": "black",
        "mount": "No mount / Mat",
        "paperType": "BAP"
      },
      "assets": [
        {
          "printArea": "default"
        }
      ]
    }
  ]
}
[Prodigi] Request body being sent: {
  "destinationCountryCode": "KR",
  "shippingMethod": "Budget",
  "items": [
    {
      "sku": "fra-box-bap-nm-gla-20x30",
      "copies": 1,
      "attributes": {
        "color": "black",
        "mount": "No mount / Mat",
        "paperType": "BAP"
      },
      "assets": [
        {
          "printArea": "default"
        }
      ]
    }
  ]
}
[Prodigi] Request body being sent: {
  "destinationCountryCode": "KR",
  "shippingMethod": "Standard",
  "items": [
    {
      "sku": "fra-box-bap-nm-gla-20x30",
      "copies": 1,
      "attributes": {
        "color": "black",
        "mount": "No mount / Mat",
        "paperType": "BAP"
      },
      "assets": [
        {
          "printArea": "default"
        }
      ]
    }
  ]
}
[Prodigi] Request body being sent: {
  "destinationCountryCode": "KR",
  "shippingMethod": "Express",
  "items": [
    {
      "sku": "fra-box-bap-nm-gla-20x30",
      "copies": 1,
      "attributes": {
        "color": "black",
        "mount": "No mount / Mat",
        "paperType": "BAP"
      },
      "assets": [
        {
          "printArea": "default"
        }
      ]
    }
  ]
}
[Prodigi] Request body being sent: {
  "destinationCountryCode": "KR",
  "shippingMethod": "Overnight",
  "items": [
    {
      "sku": "fra-box-bap-nm-gla-20x30",
      "copies": 1,
      "attributes": {
        "color": "black",
        "mount": "No mount / Mat",
        "paperType": "BAP"
      },
      "assets": [
        {
          "printArea": "default"
        }
      ]
    }
  ]
}
[Prodigi:production] ✅ POST https://api.prodigi.com/v4.0/quotes - 200 
[Prodigi:production] ✅ POST https://api.prodigi.com/v4.0/quotes - 200 
[Prodigi:production] ✅ POST https://api.prodigi.com/v4.0/quotes - 200 
[Prodigi:production] ✅ POST https://api.prodigi.com/v4.0/quotes - 200 
  ⏳ Progress: 48.7% (73/150) - Testing 8x12 → SG...[Catalog] Searching Azure for framed-print 8x12 {
  prodigiProductTypes: [ 'Framed prints' ],
  searchParams: {
    minDimensionMm: 183,
    maxDimensionMm: 335,
    aspectRatioMin: 60,
    aspectRatioMax: 73
  }
}
🔍 Azure Search query: {
  filters: {
    country: 'SG',
    category: 'Wall art',
    productTypes: [ 'Framed prints' ],
    minDimensionMm: 183,
    maxDimensionMm: 335,
    aspectRatioMin: 60,
    aspectRatioMax: 73
  },
  options: {
    top: 20,
    includeFacets: false,
    scoringProfile: 'Boost by production country',
    scoringParameter: 'prodCountry-SG'
  },
  url: 'https://pwintylive.search.windows.net/indexes/live-catalogue/docs?api-version=2016-09-01&search=*&%24count=true&%24top=20&%24filter=destinationCountries%2Fany%28c%3A+c+eq+%27SG%27%29+and+category+eq+%...'
}
✅ Azure Search results: { totalCount: 212, returnedCount: 20, hasFacets: false }
[Catalog] Filtered out 0 cork products from 20 total
[Catalog] Found SKU: fra-box-bap-nm-gla-20x30 for framed-print 8x12 {
  productType: 'Framed prints',
  dimensions: '20x30cm',
  productionCountries: [ 'GB' ],
  score: 8.2
}
[Catalog] Fetching product details from Prodigi API: fra-box-bap-nm-gla-20x30
[Catalog] Successfully fetched product details: fra-box-bap-nm-gla-20x30
[Attributes] Product has mount attribute but mount is not set. Using default: No mount / Mat
[Attributes] Skipping frame attribute - "black" appears to be a color, not a frame style
[Attributes] Product has paperType attribute but paperType is not set. Using default: BAP
[Attributes] Built: {
  validKeys: [
    'frame',
    'color',
    'glaze',
    'mount',
    'paperType',
    'style',
    'substrateWeight'
  ],
  output: { color: 'black', mount: 'No mount / Mat', paperType: 'BAP' }
}
[QuotesAPI] Creating quote request: {
  "destinationCountryCode": "SG",
  "shippingMethod": "Budget",
  "items": [
    {
      "sku": "fra-box-bap-nm-gla-20x30",
      "copies": 1,
      "attributes": {
        "color": "black",
        "mount": "No mount / Mat",
        "paperType": "BAP"
      },
      "assets": [
        {
          "printArea": "default"
        }
      ]
    }
  ]
}
[QuotesAPI] Creating quote request: {
  "destinationCountryCode": "SG",
  "shippingMethod": "Standard",
  "items": [
    {
      "sku": "fra-box-bap-nm-gla-20x30",
      "copies": 1,
      "attributes": {
        "color": "black",
        "mount": "No mount / Mat",
        "paperType": "BAP"
      },
      "assets": [
        {
          "printArea": "default"
        }
      ]
    }
  ]
}
[QuotesAPI] Creating quote request: {
  "destinationCountryCode": "SG",
  "shippingMethod": "Express",
  "items": [
    {
      "sku": "fra-box-bap-nm-gla-20x30",
      "copies": 1,
      "attributes": {
        "color": "black",
        "mount": "No mount / Mat",
        "paperType": "BAP"
      },
      "assets": [
        {
          "printArea": "default"
        }
      ]
    }
  ]
}
[QuotesAPI] Creating quote request: {
  "destinationCountryCode": "SG",
  "shippingMethod": "Overnight",
  "items": [
    {
      "sku": "fra-box-bap-nm-gla-20x30",
      "copies": 1,
      "attributes": {
        "color": "black",
        "mount": "No mount / Mat",
        "paperType": "BAP"
      },
      "assets": [
        {
          "printArea": "default"
        }
      ]
    }
  ]
}
[Prodigi] Request body being sent: {
  "destinationCountryCode": "SG",
  "shippingMethod": "Budget",
  "items": [
    {
      "sku": "fra-box-bap-nm-gla-20x30",
      "copies": 1,
      "attributes": {
        "color": "black",
        "mount": "No mount / Mat",
        "paperType": "BAP"
      },
      "assets": [
        {
          "printArea": "default"
        }
      ]
    }
  ]
}
[Prodigi] Request body being sent: {
  "destinationCountryCode": "SG",
  "shippingMethod": "Standard",
  "items": [
    {
      "sku": "fra-box-bap-nm-gla-20x30",
      "copies": 1,
      "attributes": {
        "color": "black",
        "mount": "No mount / Mat",
        "paperType": "BAP"
      },
      "assets": [
        {
          "printArea": "default"
        }
      ]
    }
  ]
}
[Prodigi] Request body being sent: {
  "destinationCountryCode": "SG",
  "shippingMethod": "Express",
  "items": [
    {
      "sku": "fra-box-bap-nm-gla-20x30",
      "copies": 1,
      "attributes": {
        "color": "black",
        "mount": "No mount / Mat",
        "paperType": "BAP"
      },
      "assets": [
        {
          "printArea": "default"
        }
      ]
    }
  ]
}
[Prodigi] Request body being sent: {
  "destinationCountryCode": "SG",
  "shippingMethod": "Overnight",
  "items": [
    {
      "sku": "fra-box-bap-nm-gla-20x30",
      "copies": 1,
      "attributes": {
        "color": "black",
        "mount": "No mount / Mat",
        "paperType": "BAP"
      },
      "assets": [
        {
          "printArea": "default"
        }
      ]
    }
  ]
}
[Prodigi:production] ✅ POST https://api.prodigi.com/v4.0/quotes - 200 
[Prodigi:production] ✅ POST https://api.prodigi.com/v4.0/quotes - 200 
[Prodigi:production] ✅ POST https://api.prodigi.com/v4.0/quotes - 200 
[Prodigi:production] ✅ POST https://api.prodigi.com/v4.0/quotes - 200 
  ⏳ Progress: 49.3% (74/150) - Testing 8x12 → HK...[Catalog] Searching Azure for framed-print 8x12 {
  prodigiProductTypes: [ 'Framed prints' ],
  searchParams: {
    minDimensionMm: 183,
    maxDimensionMm: 335,
    aspectRatioMin: 60,
    aspectRatioMax: 73
  }
}
🔍 Azure Search query: {
  filters: {
    country: 'HK',
    category: 'Wall art',
    productTypes: [ 'Framed prints' ],
    minDimensionMm: 183,
    maxDimensionMm: 335,
    aspectRatioMin: 60,
    aspectRatioMax: 73
  },
  options: {
    top: 20,
    includeFacets: false,
    scoringProfile: 'Boost by production country',
    scoringParameter: 'prodCountry-HK'
  },
  url: 'https://pwintylive.search.windows.net/indexes/live-catalogue/docs?api-version=2016-09-01&search=*&%24count=true&%24top=20&%24filter=destinationCountries%2Fany%28c%3A+c+eq+%27HK%27%29+and+category+eq+%...'
}
✅ Azure Search results: { totalCount: 212, returnedCount: 20, hasFacets: false }
[Catalog] Filtered out 0 cork products from 20 total
[Catalog] Found SKU: fra-box-bap-nm-gla-20x30 for framed-print 8x12 {
  productType: 'Framed prints',
  dimensions: '20x30cm',
  productionCountries: [ 'GB' ],
  score: 8.2
}
[Catalog] Fetching product details from Prodigi API: fra-box-bap-nm-gla-20x30
[Catalog] Successfully fetched product details: fra-box-bap-nm-gla-20x30
[Attributes] Product has mount attribute but mount is not set. Using default: No mount / Mat
[Attributes] Skipping frame attribute - "black" appears to be a color, not a frame style
[Attributes] Product has paperType attribute but paperType is not set. Using default: BAP
[Attributes] Built: {
  validKeys: [
    'frame',
    'color',
    'glaze',
    'mount',
    'paperType',
    'style',
    'substrateWeight'
  ],
  output: { color: 'black', mount: 'No mount / Mat', paperType: 'BAP' }
}
[QuotesAPI] Creating quote request: {
  "destinationCountryCode": "HK",
  "shippingMethod": "Budget",
  "items": [
    {
      "sku": "fra-box-bap-nm-gla-20x30",
      "copies": 1,
      "attributes": {
        "color": "black",
        "mount": "No mount / Mat",
        "paperType": "BAP"
      },
      "assets": [
        {
          "printArea": "default"
        }
      ]
    }
  ]
}
[QuotesAPI] Creating quote request: {
  "destinationCountryCode": "HK",
  "shippingMethod": "Standard",
  "items": [
    {
      "sku": "fra-box-bap-nm-gla-20x30",
      "copies": 1,
      "attributes": {
        "color": "black",
        "mount": "No mount / Mat",
        "paperType": "BAP"
      },
      "assets": [
        {
          "printArea": "default"
        }
      ]
    }
  ]
}
[QuotesAPI] Creating quote request: {
  "destinationCountryCode": "HK",
  "shippingMethod": "Express",
  "items": [
    {
      "sku": "fra-box-bap-nm-gla-20x30",
      "copies": 1,
      "attributes": {
        "color": "black",
        "mount": "No mount / Mat",
        "paperType": "BAP"
      },
      "assets": [
        {
          "printArea": "default"
        }
      ]
    }
  ]
}
[QuotesAPI] Creating quote request: {
  "destinationCountryCode": "HK",
  "shippingMethod": "Overnight",
  "items": [
    {
      "sku": "fra-box-bap-nm-gla-20x30",
      "copies": 1,
      "attributes": {
        "color": "black",
        "mount": "No mount / Mat",
        "paperType": "BAP"
      },
      "assets": [
        {
          "printArea": "default"
        }
      ]
    }
  ]
}
[Prodigi] Request body being sent: {
  "destinationCountryCode": "HK",
  "shippingMethod": "Budget",
  "items": [
    {
      "sku": "fra-box-bap-nm-gla-20x30",
      "copies": 1,
      "attributes": {
        "color": "black",
        "mount": "No mount / Mat",
        "paperType": "BAP"
      },
      "assets": [
        {
          "printArea": "default"
        }
      ]
    }
  ]
}
[Prodigi] Request body being sent: {
  "destinationCountryCode": "HK",
  "shippingMethod": "Standard",
  "items": [
    {
      "sku": "fra-box-bap-nm-gla-20x30",
      "copies": 1,
      "attributes": {
        "color": "black",
        "mount": "No mount / Mat",
        "paperType": "BAP"
      },
      "assets": [
        {
          "printArea": "default"
        }
      ]
    }
  ]
}
[Prodigi] Request body being sent: {
  "destinationCountryCode": "HK",
  "shippingMethod": "Express",
  "items": [
    {
      "sku": "fra-box-bap-nm-gla-20x30",
      "copies": 1,
      "attributes": {
        "color": "black",
        "mount": "No mount / Mat",
        "paperType": "BAP"
      },
      "assets": [
        {
          "printArea": "default"
        }
      ]
    }
  ]
}
[Prodigi] Request body being sent: {
  "destinationCountryCode": "HK",
  "shippingMethod": "Overnight",
  "items": [
    {
      "sku": "fra-box-bap-nm-gla-20x30",
      "copies": 1,
      "attributes": {
        "color": "black",
        "mount": "No mount / Mat",
        "paperType": "BAP"
      },
      "assets": [
        {
          "printArea": "default"
        }
      ]
    }
  ]
}
[Prodigi] Failed to parse error response: {
  status: 429,
  rawText: 'API calls quota exceeded! maximum admitted 30 per 30s.',
  parseError: `Unexpected token 'A', "API calls "... is not valid JSON`
}
[Prodigi:production] ⚠️ Retrying request (attempt 1/3) {
  endpoint: '/quotes',
  delay: 1575.1087787502254,
  error: 'Rate limit exceeded. Please try again later.'
}
[Prodigi] Failed to parse error response: {
  status: 429,
  rawText: 'API calls quota exceeded! maximum admitted 30 per 30s.',
  parseError: `Unexpected token 'A', "API calls "... is not valid JSON`
}
[Prodigi:production] ⚠️ Retrying request (attempt 1/3) {
  endpoint: '/quotes',
  delay: 1526.4727112568933,
  error: 'Rate limit exceeded. Please try again later.'
}
[Prodigi] Failed to parse error response: {
  status: 429,
  rawText: 'API calls quota exceeded! maximum admitted 30 per 30s.',
  parseError: `Unexpected token 'A', "API calls "... is not valid JSON`
}
[Prodigi:production] ⚠️ Retrying request (attempt 1/3) {
  endpoint: '/quotes',
  delay: 1247.8927571961751,
  error: 'Rate limit exceeded. Please try again later.'
}
[Prodigi:production] ✅ POST https://api.prodigi.com/v4.0/quotes - 200 
[Prodigi] Request body being sent: {
  "destinationCountryCode": "HK",
  "shippingMethod": "Overnight",
  "items": [
    {
      "sku": "fra-box-bap-nm-gla-20x30",
      "copies": 1,
      "attributes": {
        "color": "black",
        "mount": "No mount / Mat",
        "paperType": "BAP"
      },
      "assets": [
        {
          "printArea": "default"
        }
      ]
    }
  ]
}
[Prodigi] Failed to parse error response: {
  status: 429,
  rawText: 'API calls quota exceeded! maximum admitted 30 per 30s.',
  parseError: `Unexpected token 'A', "API calls "... is not valid JSON`
}
[Prodigi:production] ⚠️ Retrying request (attempt 2/3) {
  endpoint: '/quotes',
  delay: 2446.496820075122,
  error: 'Rate limit exceeded. Please try again later.'
}
[Prodigi] Request body being sent: {
  "destinationCountryCode": "HK",
  "shippingMethod": "Standard",
  "items": [
    {
      "sku": "fra-box-bap-nm-gla-20x30",
      "copies": 1,
      "attributes": {
        "color": "black",
        "mount": "No mount / Mat",
        "paperType": "BAP"
      },
      "assets": [
        {
          "printArea": "default"
        }
      ]
    }
  ]
}
[Prodigi] Request body being sent: {
  "destinationCountryCode": "HK",
  "shippingMethod": "Budget",
  "items": [
    {
      "sku": "fra-box-bap-nm-gla-20x30",
      "copies": 1,
      "attributes": {
        "color": "black",
        "mount": "No mount / Mat",
        "paperType": "BAP"
      },
      "assets": [
        {
          "printArea": "default"
        }
      ]
    }
  ]
}
[Prodigi:production] ✅ POST https://api.prodigi.com/v4.0/quotes - 200 
[Prodigi:production] ✅ POST https://api.prodigi.com/v4.0/quotes - 200 
[Prodigi] Request body being sent: {
  "destinationCountryCode": "HK",
  "shippingMethod": "Overnight",
  "items": [
    {
      "sku": "fra-box-bap-nm-gla-20x30",
      "copies": 1,
      "attributes": {
        "color": "black",
        "mount": "No mount / Mat",
        "paperType": "BAP"
      },
      "assets": [
        {
          "printArea": "default"
        }
      ]
    }
  ]
}
[Prodigi:production] ✅ POST https://api.prodigi.com/v4.0/quotes - 200 
  ⏳ Progress: 50.0% (75/150) - Testing 8x12 → MX...[Catalog] Searching Azure for framed-print 8x12 {
  prodigiProductTypes: [ 'Framed prints' ],
  searchParams: {
    minDimensionMm: 183,
    maxDimensionMm: 335,
    aspectRatioMin: 60,
    aspectRatioMax: 73
  }
}
🔍 Azure Search query: {
  filters: {
    country: 'MX',
    category: 'Wall art',
    productTypes: [ 'Framed prints' ],
    minDimensionMm: 183,
    maxDimensionMm: 335,
    aspectRatioMin: 60,
    aspectRatioMax: 73
  },
  options: {
    top: 20,
    includeFacets: false,
    scoringProfile: 'Boost by production country',
    scoringParameter: 'prodCountry-MX'
  },
  url: 'https://pwintylive.search.windows.net/indexes/live-catalogue/docs?api-version=2016-09-01&search=*&%24count=true&%24top=20&%24filter=destinationCountries%2Fany%28c%3A+c+eq+%27MX%27%29+and+category+eq+%...'
}
✅ Azure Search results: { totalCount: 212, returnedCount: 20, hasFacets: false }
[Catalog] Filtered out 0 cork products from 20 total
[Catalog] Found SKU: fra-box-bap-nm-gla-20x30 for framed-print 8x12 {
  productType: 'Framed prints',
  dimensions: '20x30cm',
  productionCountries: [ 'GB' ],
  score: 8.2
}
[Catalog] Fetching product details from Prodigi API: fra-box-bap-nm-gla-20x30
[Catalog] Successfully fetched product details: fra-box-bap-nm-gla-20x30
[Attributes] Product has mount attribute but mount is not set. Using default: No mount / Mat
[Attributes] Skipping frame attribute - "black" appears to be a color, not a frame style
[Attributes] Product has paperType attribute but paperType is not set. Using default: BAP
[Attributes] Built: {
  validKeys: [
    'frame',
    'color',
    'glaze',
    'mount',
    'paperType',
    'style',
    'substrateWeight'
  ],
  output: { color: 'black', mount: 'No mount / Mat', paperType: 'BAP' }
}
[QuotesAPI] Creating quote request: {
  "destinationCountryCode": "MX",
  "shippingMethod": "Budget",
  "items": [
    {
      "sku": "fra-box-bap-nm-gla-20x30",
      "copies": 1,
      "attributes": {
        "color": "black",
        "mount": "No mount / Mat",
        "paperType": "BAP"
      },
      "assets": [
        {
          "printArea": "default"
        }
      ]
    }
  ]
}
[QuotesAPI] Creating quote request: {
  "destinationCountryCode": "MX",
  "shippingMethod": "Standard",
  "items": [
    {
      "sku": "fra-box-bap-nm-gla-20x30",
      "copies": 1,
      "attributes": {
        "color": "black",
        "mount": "No mount / Mat",
        "paperType": "BAP"
      },
      "assets": [
        {
          "printArea": "default"
        }
      ]
    }
  ]
}
[QuotesAPI] Creating quote request: {
  "destinationCountryCode": "MX",
  "shippingMethod": "Express",
  "items": [
    {
      "sku": "fra-box-bap-nm-gla-20x30",
      "copies": 1,
      "attributes": {
        "color": "black",
        "mount": "No mount / Mat",
        "paperType": "BAP"
      },
      "assets": [
        {
          "printArea": "default"
        }
      ]
    }
  ]
}
[QuotesAPI] Creating quote request: {
  "destinationCountryCode": "MX",
  "shippingMethod": "Overnight",
  "items": [
    {
      "sku": "fra-box-bap-nm-gla-20x30",
      "copies": 1,
      "attributes": {
        "color": "black",
        "mount": "No mount / Mat",
        "paperType": "BAP"
      },
      "assets": [
        {
          "printArea": "default"
        }
      ]
    }
  ]
}
[Prodigi] Request body being sent: {
  "destinationCountryCode": "MX",
  "shippingMethod": "Budget",
  "items": [
    {
      "sku": "fra-box-bap-nm-gla-20x30",
      "copies": 1,
      "attributes": {
        "color": "black",
        "mount": "No mount / Mat",
        "paperType": "BAP"
      },
      "assets": [
        {
          "printArea": "default"
        }
      ]
    }
  ]
}
[Prodigi] Request body being sent: {
  "destinationCountryCode": "MX",
  "shippingMethod": "Standard",
  "items": [
    {
      "sku": "fra-box-bap-nm-gla-20x30",
      "copies": 1,
      "attributes": {
        "color": "black",
        "mount": "No mount / Mat",
        "paperType": "BAP"
      },
      "assets": [
        {
          "printArea": "default"
        }
      ]
    }
  ]
}
[Prodigi] Request body being sent: {
  "destinationCountryCode": "MX",
  "shippingMethod": "Express",
  "items": [
    {
      "sku": "fra-box-bap-nm-gla-20x30",
      "copies": 1,
      "attributes": {
        "color": "black",
        "mount": "No mount / Mat",
        "paperType": "BAP"
      },
      "assets": [
        {
          "printArea": "default"
        }
      ]
    }
  ]
}
[Prodigi] Request body being sent: {
  "destinationCountryCode": "MX",
  "shippingMethod": "Overnight",
  "items": [
    {
      "sku": "fra-box-bap-nm-gla-20x30",
      "copies": 1,
      "attributes": {
        "color": "black",
        "mount": "No mount / Mat",
        "paperType": "BAP"
      },
      "assets": [
        {
          "printArea": "default"
        }
      ]
    }
  ]
}
[Prodigi:production] ✅ POST https://api.prodigi.com/v4.0/quotes - 200 
[Prodigi:production] ✅ POST https://api.prodigi.com/v4.0/quotes - 200 
[Prodigi:production] ✅ POST https://api.prodigi.com/v4.0/quotes - 200 
[Prodigi:production] ✅ POST https://api.prodigi.com/v4.0/quotes - 200 
  ⏳ Progress: 50.7% (76/150) - Testing 8x12 → US...[Catalog] Cache hit for framed-print 8x12: global-cfp-a4-backloader
[Attributes] Product has mount attribute but mount is not set. Using default: No mount / Mat
[Attributes] Skipping frame attribute - "white" appears to be a color, not a frame style
[Attributes] Product has paperType attribute but paperType is not set. Using default: BPP
[Attributes] Built: {
  validKeys: [
    'frame',
    'color',
    'glaze',
    'mount',
    'paperType',
    'size',
    'substrateWeight'
  ],
  output: { color: 'white', mount: 'No mount / Mat', paperType: 'BPP' }
}
[QuotesAPI] Creating quote request: {
  "destinationCountryCode": "US",
  "shippingMethod": "Budget",
  "items": [
    {
      "sku": "global-cfp-a4-backloader",
      "copies": 1,
      "attributes": {
        "color": "white",
        "mount": "No mount / Mat",
        "paperType": "BPP"
      },
      "assets": [
        {
          "printArea": "default"
        }
      ]
    }
  ]
}
[QuotesAPI] Creating quote request: {
  "destinationCountryCode": "US",
  "shippingMethod": "Standard",
  "items": [
    {
      "sku": "global-cfp-a4-backloader",
      "copies": 1,
      "attributes": {
        "color": "white",
        "mount": "No mount / Mat",
        "paperType": "BPP"
      },
      "assets": [
        {
          "printArea": "default"
        }
      ]
    }
  ]
}
[QuotesAPI] Creating quote request: {
  "destinationCountryCode": "US",
  "shippingMethod": "Express",
  "items": [
    {
      "sku": "global-cfp-a4-backloader",
      "copies": 1,
      "attributes": {
        "color": "white",
        "mount": "No mount / Mat",
        "paperType": "BPP"
      },
      "assets": [
        {
          "printArea": "default"
        }
      ]
    }
  ]
}
[QuotesAPI] Creating quote request: {
  "destinationCountryCode": "US",
  "shippingMethod": "Overnight",
  "items": [
    {
      "sku": "global-cfp-a4-backloader",
      "copies": 1,
      "attributes": {
        "color": "white",
        "mount": "No mount / Mat",
        "paperType": "BPP"
      },
      "assets": [
        {
          "printArea": "default"
        }
      ]
    }
  ]
}
[Prodigi] Request body being sent: {
  "destinationCountryCode": "US",
  "shippingMethod": "Budget",
  "items": [
    {
      "sku": "global-cfp-a4-backloader",
      "copies": 1,
      "attributes": {
        "color": "white",
        "mount": "No mount / Mat",
        "paperType": "BPP"
      },
      "assets": [
        {
          "printArea": "default"
        }
      ]
    }
  ]
}
[Prodigi] Request body being sent: {
  "destinationCountryCode": "US",
  "shippingMethod": "Standard",
  "items": [
    {
      "sku": "global-cfp-a4-backloader",
      "copies": 1,
      "attributes": {
        "color": "white",
        "mount": "No mount / Mat",
        "paperType": "BPP"
      },
      "assets": [
        {
          "printArea": "default"
        }
      ]
    }
  ]
}
[Prodigi] Request body being sent: {
  "destinationCountryCode": "US",
  "shippingMethod": "Express",
  "items": [
    {
      "sku": "global-cfp-a4-backloader",
      "copies": 1,
      "attributes": {
        "color": "white",
        "mount": "No mount / Mat",
        "paperType": "BPP"
      },
      "assets": [
        {
          "printArea": "default"
        }
      ]
    }
  ]
}
[Prodigi] Request body being sent: {
  "destinationCountryCode": "US",
  "shippingMethod": "Overnight",
  "items": [
    {
      "sku": "global-cfp-a4-backloader",
      "copies": 1,
      "attributes": {
        "color": "white",
        "mount": "No mount / Mat",
        "paperType": "BPP"
      },
      "assets": [
        {
          "printArea": "default"
        }
      ]
    }
  ]
}
[Prodigi:production] ✅ POST https://api.prodigi.com/v4.0/quotes - 200 
[Prodigi:production] ✅ POST https://api.prodigi.com/v4.0/quotes - 200 
[Prodigi:production] ✅ POST https://api.prodigi.com/v4.0/quotes - 200 
[Prodigi:production] ✅ POST https://api.prodigi.com/v4.0/quotes - 200 
  ⏳ Progress: 51.3% (77/150) - Testing 8x12 → CA...[Catalog] Cache hit for framed-print 8x12: fra-box-bap-nm-gla-20x30
[Attributes] Product has mount attribute but mount is not set. Using default: No mount / Mat
[Attributes] Skipping frame attribute - "white" appears to be a color, not a frame style
[Attributes] Product has paperType attribute but paperType is not set. Using default: BAP
[Attributes] Built: {
  validKeys: [
    'frame',
    'color',
    'glaze',
    'mount',
    'paperType',
    'style',
    'substrateWeight'
  ],
  output: { color: 'white', mount: 'No mount / Mat', paperType: 'BAP' }
}
[QuotesAPI] Creating quote request: {
  "destinationCountryCode": "CA",
  "shippingMethod": "Budget",
  "items": [
    {
      "sku": "fra-box-bap-nm-gla-20x30",
      "copies": 1,
      "attributes": {
        "color": "white",
        "mount": "No mount / Mat",
        "paperType": "BAP"
      },
      "assets": [
        {
          "printArea": "default"
        }
      ]
    }
  ]
}
[QuotesAPI] Creating quote request: {
  "destinationCountryCode": "CA",
  "shippingMethod": "Standard",
  "items": [
    {
      "sku": "fra-box-bap-nm-gla-20x30",
      "copies": 1,
      "attributes": {
        "color": "white",
        "mount": "No mount / Mat",
        "paperType": "BAP"
      },
      "assets": [
        {
          "printArea": "default"
        }
      ]
    }
  ]
}
[QuotesAPI] Creating quote request: {
  "destinationCountryCode": "CA",
  "shippingMethod": "Express",
  "items": [
    {
      "sku": "fra-box-bap-nm-gla-20x30",
      "copies": 1,
      "attributes": {
        "color": "white",
        "mount": "No mount / Mat",
        "paperType": "BAP"
      },
      "assets": [
        {
          "printArea": "default"
        }
      ]
    }
  ]
}
[QuotesAPI] Creating quote request: {
  "destinationCountryCode": "CA",
  "shippingMethod": "Overnight",
  "items": [
    {
      "sku": "fra-box-bap-nm-gla-20x30",
      "copies": 1,
      "attributes": {
        "color": "white",
        "mount": "No mount / Mat",
        "paperType": "BAP"
      },
      "assets": [
        {
          "printArea": "default"
        }
      ]
    }
  ]
}
[Prodigi] Request body being sent: {
  "destinationCountryCode": "CA",
  "shippingMethod": "Budget",
  "items": [
    {
      "sku": "fra-box-bap-nm-gla-20x30",
      "copies": 1,
      "attributes": {
        "color": "white",
        "mount": "No mount / Mat",
        "paperType": "BAP"
      },
      "assets": [
        {
          "printArea": "default"
        }
      ]
    }
  ]
}
[Prodigi] Request body being sent: {
  "destinationCountryCode": "CA",
  "shippingMethod": "Standard",
  "items": [
    {
      "sku": "fra-box-bap-nm-gla-20x30",
      "copies": 1,
      "attributes": {
        "color": "white",
        "mount": "No mount / Mat",
        "paperType": "BAP"
      },
      "assets": [
        {
          "printArea": "default"
        }
      ]
    }
  ]
}
[Prodigi] Request body being sent: {
  "destinationCountryCode": "CA",
  "shippingMethod": "Express",
  "items": [
    {
      "sku": "fra-box-bap-nm-gla-20x30",
      "copies": 1,
      "attributes": {
        "color": "white",
        "mount": "No mount / Mat",
        "paperType": "BAP"
      },
      "assets": [
        {
          "printArea": "default"
        }
      ]
    }
  ]
}
[Prodigi] Request body being sent: {
  "destinationCountryCode": "CA",
  "shippingMethod": "Overnight",
  "items": [
    {
      "sku": "fra-box-bap-nm-gla-20x30",
      "copies": 1,
      "attributes": {
        "color": "white",
        "mount": "No mount / Mat",
        "paperType": "BAP"
      },
      "assets": [
        {
          "printArea": "default"
        }
      ]
    }
  ]
}
[Prodigi:production] ✅ POST https://api.prodigi.com/v4.0/quotes - 200 
[Prodigi:production] ✅ POST https://api.prodigi.com/v4.0/quotes - 200 
[Prodigi:production] ✅ POST https://api.prodigi.com/v4.0/quotes - 200 
[Prodigi:production] ✅ POST https://api.prodigi.com/v4.0/quotes - 200 
  ⏳ Progress: 52.0% (78/150) - Testing 8x12 → GB...[Catalog] Cache hit for framed-print 8x12: fra-box-bap-nm-gla-20x30
[Attributes] Product has mount attribute but mount is not set. Using default: No mount / Mat
[Attributes] Skipping frame attribute - "white" appears to be a color, not a frame style
[Attributes] Product has paperType attribute but paperType is not set. Using default: BAP
[Attributes] Built: {
  validKeys: [
    'frame',
    'color',
    'glaze',
    'mount',
    'paperType',
    'style',
    'substrateWeight'
  ],
  output: { color: 'white', mount: 'No mount / Mat', paperType: 'BAP' }
}
[QuotesAPI] Creating quote request: {
  "destinationCountryCode": "GB",
  "shippingMethod": "Budget",
  "items": [
    {
      "sku": "fra-box-bap-nm-gla-20x30",
      "copies": 1,
      "attributes": {
        "color": "white",
        "mount": "No mount / Mat",
        "paperType": "BAP"
      },
      "assets": [
        {
          "printArea": "default"
        }
      ]
    }
  ]
}
[QuotesAPI] Creating quote request: {
  "destinationCountryCode": "GB",
  "shippingMethod": "Standard",
  "items": [
    {
      "sku": "fra-box-bap-nm-gla-20x30",
      "copies": 1,
      "attributes": {
        "color": "white",
        "mount": "No mount / Mat",
        "paperType": "BAP"
      },
      "assets": [
        {
          "printArea": "default"
        }
      ]
    }
  ]
}
[QuotesAPI] Creating quote request: {
  "destinationCountryCode": "GB",
  "shippingMethod": "Express",
  "items": [
    {
      "sku": "fra-box-bap-nm-gla-20x30",
      "copies": 1,
      "attributes": {
        "color": "white",
        "mount": "No mount / Mat",
        "paperType": "BAP"
      },
      "assets": [
        {
          "printArea": "default"
        }
      ]
    }
  ]
}
[QuotesAPI] Creating quote request: {
  "destinationCountryCode": "GB",
  "shippingMethod": "Overnight",
  "items": [
    {
      "sku": "fra-box-bap-nm-gla-20x30",
      "copies": 1,
      "attributes": {
        "color": "white",
        "mount": "No mount / Mat",
        "paperType": "BAP"
      },
      "assets": [
        {
          "printArea": "default"
        }
      ]
    }
  ]
}
[Prodigi] Request body being sent: {
  "destinationCountryCode": "GB",
  "shippingMethod": "Budget",
  "items": [
    {
      "sku": "fra-box-bap-nm-gla-20x30",
      "copies": 1,
      "attributes": {
        "color": "white",
        "mount": "No mount / Mat",
        "paperType": "BAP"
      },
      "assets": [
        {
          "printArea": "default"
        }
      ]
    }
  ]
}
[Prodigi] Request body being sent: {
  "destinationCountryCode": "GB",
  "shippingMethod": "Standard",
  "items": [
    {
      "sku": "fra-box-bap-nm-gla-20x30",
      "copies": 1,
      "attributes": {
        "color": "white",
        "mount": "No mount / Mat",
        "paperType": "BAP"
      },
      "assets": [
        {
          "printArea": "default"
        }
      ]
    }
  ]
}
[Prodigi] Request body being sent: {
  "destinationCountryCode": "GB",
  "shippingMethod": "Express",
  "items": [
    {
      "sku": "fra-box-bap-nm-gla-20x30",
      "copies": 1,
      "attributes": {
        "color": "white",
        "mount": "No mount / Mat",
        "paperType": "BAP"
      },
      "assets": [
        {
          "printArea": "default"
        }
      ]
    }
  ]
}
[Prodigi] Request body being sent: {
  "destinationCountryCode": "GB",
  "shippingMethod": "Overnight",
  "items": [
    {
      "sku": "fra-box-bap-nm-gla-20x30",
      "copies": 1,
      "attributes": {
        "color": "white",
        "mount": "No mount / Mat",
        "paperType": "BAP"
      },
      "assets": [
        {
          "printArea": "default"
        }
      ]
    }
  ]
}
[Prodigi:production] ✅ POST https://api.prodigi.com/v4.0/quotes - 200 
[Prodigi:production] ✅ POST https://api.prodigi.com/v4.0/quotes - 200 
[Prodigi:production] ✅ POST https://api.prodigi.com/v4.0/quotes - 200 
[Prodigi:production] ✅ POST https://api.prodigi.com/v4.0/quotes - 200 
  ⏳ Progress: 52.7% (79/150) - Testing 8x12 → AU...[Catalog] Cache hit for framed-print 8x12: global-cfp-a5
[Attributes] Product has mount attribute but mount is not set. Using default: No mount / Mat
[Attributes] Skipping frame attribute - "white" appears to be a color, not a frame style
[Attributes] Product has paperType attribute but paperType is not set. Using default: EMA
[Attributes] Built: {
  validKeys: [
    'frame',
    'color',
    'glaze',
    'mount',
    'paperType',
    'size',
    'style',
    'substrateWeight'
  ],
  output: { color: 'white', mount: 'No mount / Mat', paperType: 'EMA' }
}
[QuotesAPI] Creating quote request: {
  "destinationCountryCode": "AU",
  "shippingMethod": "Budget",
  "items": [
    {
      "sku": "global-cfp-a5",
      "copies": 1,
      "attributes": {
        "color": "white",
        "mount": "No mount / Mat",
        "paperType": "EMA"
      },
      "assets": [
        {
          "printArea": "default"
        }
      ]
    }
  ]
}
[QuotesAPI] Creating quote request: {
  "destinationCountryCode": "AU",
  "shippingMethod": "Standard",
  "items": [
    {
      "sku": "global-cfp-a5",
      "copies": 1,
      "attributes": {
        "color": "white",
        "mount": "No mount / Mat",
        "paperType": "EMA"
      },
      "assets": [
        {
          "printArea": "default"
        }
      ]
    }
  ]
}
[QuotesAPI] Creating quote request: {
  "destinationCountryCode": "AU",
  "shippingMethod": "Express",
  "items": [
    {
      "sku": "global-cfp-a5",
      "copies": 1,
      "attributes": {
        "color": "white",
        "mount": "No mount / Mat",
        "paperType": "EMA"
      },
      "assets": [
        {
          "printArea": "default"
        }
      ]
    }
  ]
}
[QuotesAPI] Creating quote request: {
  "destinationCountryCode": "AU",
  "shippingMethod": "Overnight",
  "items": [
    {
      "sku": "global-cfp-a5",
      "copies": 1,
      "attributes": {
        "color": "white",
        "mount": "No mount / Mat",
        "paperType": "EMA"
      },
      "assets": [
        {
          "printArea": "default"
        }
      ]
    }
  ]
}
[Prodigi] Request body being sent: {
  "destinationCountryCode": "AU",
  "shippingMethod": "Budget",
  "items": [
    {
      "sku": "global-cfp-a5",
      "copies": 1,
      "attributes": {
        "color": "white",
        "mount": "No mount / Mat",
        "paperType": "EMA"
      },
      "assets": [
        {
          "printArea": "default"
        }
      ]
    }
  ]
}
[Prodigi] Request body being sent: {
  "destinationCountryCode": "AU",
  "shippingMethod": "Standard",
  "items": [
    {
      "sku": "global-cfp-a5",
      "copies": 1,
      "attributes": {
        "color": "white",
        "mount": "No mount / Mat",
        "paperType": "EMA"
      },
      "assets": [
        {
          "printArea": "default"
        }
      ]
    }
  ]
}
[Prodigi] Request body being sent: {
  "destinationCountryCode": "AU",
  "shippingMethod": "Express",
  "items": [
    {
      "sku": "global-cfp-a5",
      "copies": 1,
      "attributes": {
        "color": "white",
        "mount": "No mount / Mat",
        "paperType": "EMA"
      },
      "assets": [
        {
          "printArea": "default"
        }
      ]
    }
  ]
}
[Prodigi] Request body being sent: {
  "destinationCountryCode": "AU",
  "shippingMethod": "Overnight",
  "items": [
    {
      "sku": "global-cfp-a5",
      "copies": 1,
      "attributes": {
        "color": "white",
        "mount": "No mount / Mat",
        "paperType": "EMA"
      },
      "assets": [
        {
          "printArea": "default"
        }
      ]
    }
  ]
}
[Prodigi:production] ✅ POST https://api.prodigi.com/v4.0/quotes - 200 
[Prodigi:production] ✅ POST https://api.prodigi.com/v4.0/quotes - 200 
[Prodigi:production] ✅ POST https://api.prodigi.com/v4.0/quotes - 200 
[Prodigi:production] ✅ POST https://api.prodigi.com/v4.0/quotes - 200 
  ⏳ Progress: 53.3% (80/150) - Testing 8x12 → DE...[Catalog] Cache hit for framed-print 8x12: fra-box-bap-nm-gla-20x30
[Attributes] Product has mount attribute but mount is not set. Using default: No mount / Mat
[Attributes] Skipping frame attribute - "white" appears to be a color, not a frame style
[Attributes] Product has paperType attribute but paperType is not set. Using default: BAP
[Attributes] Built: {
  validKeys: [
    'frame',
    'color',
    'glaze',
    'mount',
    'paperType',
    'style',
    'substrateWeight'
  ],
  output: { color: 'white', mount: 'No mount / Mat', paperType: 'BAP' }
}
[QuotesAPI] Creating quote request: {
  "destinationCountryCode": "DE",
  "shippingMethod": "Budget",
  "items": [
    {
      "sku": "fra-box-bap-nm-gla-20x30",
      "copies": 1,
      "attributes": {
        "color": "white",
        "mount": "No mount / Mat",
        "paperType": "BAP"
      },
      "assets": [
        {
          "printArea": "default"
        }
      ]
    }
  ]
}
[QuotesAPI] Creating quote request: {
  "destinationCountryCode": "DE",
  "shippingMethod": "Standard",
  "items": [
    {
      "sku": "fra-box-bap-nm-gla-20x30",
      "copies": 1,
      "attributes": {
        "color": "white",
        "mount": "No mount / Mat",
        "paperType": "BAP"
      },
      "assets": [
        {
          "printArea": "default"
        }
      ]
    }
  ]
}
[QuotesAPI] Creating quote request: {
  "destinationCountryCode": "DE",
  "shippingMethod": "Express",
  "items": [
    {
      "sku": "fra-box-bap-nm-gla-20x30",
      "copies": 1,
      "attributes": {
        "color": "white",
        "mount": "No mount / Mat",
        "paperType": "BAP"
      },
      "assets": [
        {
          "printArea": "default"
        }
      ]
    }
  ]
}
[QuotesAPI] Creating quote request: {
  "destinationCountryCode": "DE",
  "shippingMethod": "Overnight",
  "items": [
    {
      "sku": "fra-box-bap-nm-gla-20x30",
      "copies": 1,
      "attributes": {
        "color": "white",
        "mount": "No mount / Mat",
        "paperType": "BAP"
      },
      "assets": [
        {
          "printArea": "default"
        }
      ]
    }
  ]
}
[Prodigi] Request body being sent: {
  "destinationCountryCode": "DE",
  "shippingMethod": "Budget",
  "items": [
    {
      "sku": "fra-box-bap-nm-gla-20x30",
      "copies": 1,
      "attributes": {
        "color": "white",
        "mount": "No mount / Mat",
        "paperType": "BAP"
      },
      "assets": [
        {
          "printArea": "default"
        }
      ]
    }
  ]
}
[Prodigi] Request body being sent: {
  "destinationCountryCode": "DE",
  "shippingMethod": "Standard",
  "items": [
    {
      "sku": "fra-box-bap-nm-gla-20x30",
      "copies": 1,
      "attributes": {
        "color": "white",
        "mount": "No mount / Mat",
        "paperType": "BAP"
      },
      "assets": [
        {
          "printArea": "default"
        }
      ]
    }
  ]
}
[Prodigi] Request body being sent: {
  "destinationCountryCode": "DE",
  "shippingMethod": "Express",
  "items": [
    {
      "sku": "fra-box-bap-nm-gla-20x30",
      "copies": 1,
      "attributes": {
        "color": "white",
        "mount": "No mount / Mat",
        "paperType": "BAP"
      },
      "assets": [
        {
          "printArea": "default"
        }
      ]
    }
  ]
}
[Prodigi] Request body being sent: {
  "destinationCountryCode": "DE",
  "shippingMethod": "Overnight",
  "items": [
    {
      "sku": "fra-box-bap-nm-gla-20x30",
      "copies": 1,
      "attributes": {
        "color": "white",
        "mount": "No mount / Mat",
        "paperType": "BAP"
      },
      "assets": [
        {
          "printArea": "default"
        }
      ]
    }
  ]
}
[Prodigi:production] ✅ POST https://api.prodigi.com/v4.0/quotes - 200 
[Prodigi:production] ✅ POST https://api.prodigi.com/v4.0/quotes - 200 
[Prodigi:production] ✅ POST https://api.prodigi.com/v4.0/quotes - 200 
[Prodigi:production] ✅ POST https://api.prodigi.com/v4.0/quotes - 200 
  ⏳ Progress: 54.0% (81/150) - Testing 8x12 → FR...[Catalog] Cache hit for framed-print 8x12: fra-box-bap-nm-gla-20x30
[Attributes] Product has mount attribute but mount is not set. Using default: No mount / Mat
[Attributes] Skipping frame attribute - "white" appears to be a color, not a frame style
[Attributes] Product has paperType attribute but paperType is not set. Using default: BAP
[Attributes] Built: {
  validKeys: [
    'frame',
    'color',
    'glaze',
    'mount',
    'paperType',
    'style',
    'substrateWeight'
  ],
  output: { color: 'white', mount: 'No mount / Mat', paperType: 'BAP' }
}
[QuotesAPI] Creating quote request: {
  "destinationCountryCode": "FR",
  "shippingMethod": "Budget",
  "items": [
    {
      "sku": "fra-box-bap-nm-gla-20x30",
      "copies": 1,
      "attributes": {
        "color": "white",
        "mount": "No mount / Mat",
        "paperType": "BAP"
      },
      "assets": [
        {
          "printArea": "default"
        }
      ]
    }
  ]
}
[QuotesAPI] Creating quote request: {
  "destinationCountryCode": "FR",
  "shippingMethod": "Standard",
  "items": [
    {
      "sku": "fra-box-bap-nm-gla-20x30",
      "copies": 1,
      "attributes": {
        "color": "white",
        "mount": "No mount / Mat",
        "paperType": "BAP"
      },
      "assets": [
        {
          "printArea": "default"
        }
      ]
    }
  ]
}
[QuotesAPI] Creating quote request: {
  "destinationCountryCode": "FR",
  "shippingMethod": "Express",
  "items": [
    {
      "sku": "fra-box-bap-nm-gla-20x30",
      "copies": 1,
      "attributes": {
        "color": "white",
        "mount": "No mount / Mat",
        "paperType": "BAP"
      },
      "assets": [
        {
          "printArea": "default"
        }
      ]
    }
  ]
}
[QuotesAPI] Creating quote request: {
  "destinationCountryCode": "FR",
  "shippingMethod": "Overnight",
  "items": [
    {
      "sku": "fra-box-bap-nm-gla-20x30",
      "copies": 1,
      "attributes": {
        "color": "white",
        "mount": "No mount / Mat",
        "paperType": "BAP"
      },
      "assets": [
        {
          "printArea": "default"
        }
      ]
    }
  ]
}
[Prodigi] Request body being sent: {
  "destinationCountryCode": "FR",
  "shippingMethod": "Budget",
  "items": [
    {
      "sku": "fra-box-bap-nm-gla-20x30",
      "copies": 1,
      "attributes": {
        "color": "white",
        "mount": "No mount / Mat",
        "paperType": "BAP"
      },
      "assets": [
        {
          "printArea": "default"
        }
      ]
    }
  ]
}
[Prodigi] Request body being sent: {
  "destinationCountryCode": "FR",
  "shippingMethod": "Standard",
  "items": [
    {
      "sku": "fra-box-bap-nm-gla-20x30",
      "copies": 1,
      "attributes": {
        "color": "white",
        "mount": "No mount / Mat",
        "paperType": "BAP"
      },
      "assets": [
        {
          "printArea": "default"
        }
      ]
    }
  ]
}
[Prodigi] Request body being sent: {
  "destinationCountryCode": "FR",
  "shippingMethod": "Express",
  "items": [
    {
      "sku": "fra-box-bap-nm-gla-20x30",
      "copies": 1,
      "attributes": {
        "color": "white",
        "mount": "No mount / Mat",
        "paperType": "BAP"
      },
      "assets": [
        {
          "printArea": "default"
        }
      ]
    }
  ]
}
[Prodigi] Request body being sent: {
  "destinationCountryCode": "FR",
  "shippingMethod": "Overnight",
  "items": [
    {
      "sku": "fra-box-bap-nm-gla-20x30",
      "copies": 1,
      "attributes": {
        "color": "white",
        "mount": "No mount / Mat",
        "paperType": "BAP"
      },
      "assets": [
        {
          "printArea": "default"
        }
      ]
    }
  ]
}
[Prodigi:production] ✅ POST https://api.prodigi.com/v4.0/quotes - 200 
[Prodigi:production] ✅ POST https://api.prodigi.com/v4.0/quotes - 200 
[Prodigi:production] ✅ POST https://api.prodigi.com/v4.0/quotes - 200 
[Prodigi:production] ✅ POST https://api.prodigi.com/v4.0/quotes - 200 
  ⏳ Progress: 54.7% (82/150) - Testing 8x12 → IT...[Catalog] Cache hit for framed-print 8x12: fra-box-bap-nm-gla-20x30
[Attributes] Product has mount attribute but mount is not set. Using default: No mount / Mat
[Attributes] Skipping frame attribute - "white" appears to be a color, not a frame style
[Attributes] Product has paperType attribute but paperType is not set. Using default: BAP
[Attributes] Built: {
  validKeys: [
    'frame',
    'color',
    'glaze',
    'mount',
    'paperType',
    'style',
    'substrateWeight'
  ],
  output: { color: 'white', mount: 'No mount / Mat', paperType: 'BAP' }
}
[QuotesAPI] Creating quote request: {
  "destinationCountryCode": "IT",
  "shippingMethod": "Budget",
  "items": [
    {
      "sku": "fra-box-bap-nm-gla-20x30",
      "copies": 1,
      "attributes": {
        "color": "white",
        "mount": "No mount / Mat",
        "paperType": "BAP"
      },
      "assets": [
        {
          "printArea": "default"
        }
      ]
    }
  ]
}
[QuotesAPI] Creating quote request: {
  "destinationCountryCode": "IT",
  "shippingMethod": "Standard",
  "items": [
    {
      "sku": "fra-box-bap-nm-gla-20x30",
      "copies": 1,
      "attributes": {
        "color": "white",
        "mount": "No mount / Mat",
        "paperType": "BAP"
      },
      "assets": [
        {
          "printArea": "default"
        }
      ]
    }
  ]
}
[QuotesAPI] Creating quote request: {
  "destinationCountryCode": "IT",
  "shippingMethod": "Express",
  "items": [
    {
      "sku": "fra-box-bap-nm-gla-20x30",
      "copies": 1,
      "attributes": {
        "color": "white",
        "mount": "No mount / Mat",
        "paperType": "BAP"
      },
      "assets": [
        {
          "printArea": "default"
        }
      ]
    }
  ]
}
[QuotesAPI] Creating quote request: {
  "destinationCountryCode": "IT",
  "shippingMethod": "Overnight",
  "items": [
    {
      "sku": "fra-box-bap-nm-gla-20x30",
      "copies": 1,
      "attributes": {
        "color": "white",
        "mount": "No mount / Mat",
        "paperType": "BAP"
      },
      "assets": [
        {
          "printArea": "default"
        }
      ]
    }
  ]
}
[Prodigi] Request body being sent: {
  "destinationCountryCode": "IT",
  "shippingMethod": "Budget",
  "items": [
    {
      "sku": "fra-box-bap-nm-gla-20x30",
      "copies": 1,
      "attributes": {
        "color": "white",
        "mount": "No mount / Mat",
        "paperType": "BAP"
      },
      "assets": [
        {
          "printArea": "default"
        }
      ]
    }
  ]
}
[Prodigi] Request body being sent: {
  "destinationCountryCode": "IT",
  "shippingMethod": "Standard",
  "items": [
    {
      "sku": "fra-box-bap-nm-gla-20x30",
      "copies": 1,
      "attributes": {
        "color": "white",
        "mount": "No mount / Mat",
        "paperType": "BAP"
      },
      "assets": [
        {
          "printArea": "default"
        }
      ]
    }
  ]
}
[Prodigi] Request body being sent: {
  "destinationCountryCode": "IT",
  "shippingMethod": "Express",
  "items": [
    {
      "sku": "fra-box-bap-nm-gla-20x30",
      "copies": 1,
      "attributes": {
        "color": "white",
        "mount": "No mount / Mat",
        "paperType": "BAP"
      },
      "assets": [
        {
          "printArea": "default"
        }
      ]
    }
  ]
}
[Prodigi] Request body being sent: {
  "destinationCountryCode": "IT",
  "shippingMethod": "Overnight",
  "items": [
    {
      "sku": "fra-box-bap-nm-gla-20x30",
      "copies": 1,
      "attributes": {
        "color": "white",
        "mount": "No mount / Mat",
        "paperType": "BAP"
      },
      "assets": [
        {
          "printArea": "default"
        }
      ]
    }
  ]
}
[Prodigi:production] ✅ POST https://api.prodigi.com/v4.0/quotes - 200 
[Prodigi:production] ✅ POST https://api.prodigi.com/v4.0/quotes - 200 
[Prodigi:production] ✅ POST https://api.prodigi.com/v4.0/quotes - 200 
[Prodigi:production] ✅ POST https://api.prodigi.com/v4.0/quotes - 200 
  ⏳ Progress: 55.3% (83/150) - Testing 8x12 → ES...[Catalog] Cache hit for framed-print 8x12: fra-box-bap-nm-gla-20x30
[Attributes] Product has mount attribute but mount is not set. Using default: No mount / Mat
[Attributes] Skipping frame attribute - "white" appears to be a color, not a frame style
[Attributes] Product has paperType attribute but paperType is not set. Using default: BAP
[Attributes] Built: {
  validKeys: [
    'frame',
    'color',
    'glaze',
    'mount',
    'paperType',
    'style',
    'substrateWeight'
  ],
  output: { color: 'white', mount: 'No mount / Mat', paperType: 'BAP' }
}
[QuotesAPI] Creating quote request: {
  "destinationCountryCode": "ES",
  "shippingMethod": "Budget",
  "items": [
    {
      "sku": "fra-box-bap-nm-gla-20x30",
      "copies": 1,
      "attributes": {
        "color": "white",
        "mount": "No mount / Mat",
        "paperType": "BAP"
      },
      "assets": [
        {
          "printArea": "default"
        }
      ]
    }
  ]
}
[QuotesAPI] Creating quote request: {
  "destinationCountryCode": "ES",
  "shippingMethod": "Standard",
  "items": [
    {
      "sku": "fra-box-bap-nm-gla-20x30",
      "copies": 1,
      "attributes": {
        "color": "white",
        "mount": "No mount / Mat",
        "paperType": "BAP"
      },
      "assets": [
        {
          "printArea": "default"
        }
      ]
    }
  ]
}
[QuotesAPI] Creating quote request: {
  "destinationCountryCode": "ES",
  "shippingMethod": "Express",
  "items": [
    {
      "sku": "fra-box-bap-nm-gla-20x30",
      "copies": 1,
      "attributes": {
        "color": "white",
        "mount": "No mount / Mat",
        "paperType": "BAP"
      },
      "assets": [
        {
          "printArea": "default"
        }
      ]
    }
  ]
}
[QuotesAPI] Creating quote request: {
  "destinationCountryCode": "ES",
  "shippingMethod": "Overnight",
  "items": [
    {
      "sku": "fra-box-bap-nm-gla-20x30",
      "copies": 1,
      "attributes": {
        "color": "white",
        "mount": "No mount / Mat",
        "paperType": "BAP"
      },
      "assets": [
        {
          "printArea": "default"
        }
      ]
    }
  ]
}
[Prodigi] Request body being sent: {
  "destinationCountryCode": "ES",
  "shippingMethod": "Budget",
  "items": [
    {
      "sku": "fra-box-bap-nm-gla-20x30",
      "copies": 1,
      "attributes": {
        "color": "white",
        "mount": "No mount / Mat",
        "paperType": "BAP"
      },
      "assets": [
        {
          "printArea": "default"
        }
      ]
    }
  ]
}
[Prodigi] Request body being sent: {
  "destinationCountryCode": "ES",
  "shippingMethod": "Standard",
  "items": [
    {
      "sku": "fra-box-bap-nm-gla-20x30",
      "copies": 1,
      "attributes": {
        "color": "white",
        "mount": "No mount / Mat",
        "paperType": "BAP"
      },
      "assets": [
        {
          "printArea": "default"
        }
      ]
    }
  ]
}
[Prodigi] Request body being sent: {
  "destinationCountryCode": "ES",
  "shippingMethod": "Express",
  "items": [
    {
      "sku": "fra-box-bap-nm-gla-20x30",
      "copies": 1,
      "attributes": {
        "color": "white",
        "mount": "No mount / Mat",
        "paperType": "BAP"
      },
      "assets": [
        {
          "printArea": "default"
        }
      ]
    }
  ]
}
[Prodigi] Request body being sent: {
  "destinationCountryCode": "ES",
  "shippingMethod": "Overnight",
  "items": [
    {
      "sku": "fra-box-bap-nm-gla-20x30",
      "copies": 1,
      "attributes": {
        "color": "white",
        "mount": "No mount / Mat",
        "paperType": "BAP"
      },
      "assets": [
        {
          "printArea": "default"
        }
      ]
    }
  ]
}
[Prodigi:production] ✅ POST https://api.prodigi.com/v4.0/quotes - 200 
[Prodigi:production] ✅ POST https://api.prodigi.com/v4.0/quotes - 200 
[Prodigi:production] ✅ POST https://api.prodigi.com/v4.0/quotes - 200 
[Prodigi:production] ✅ POST https://api.prodigi.com/v4.0/quotes - 200 
  ⏳ Progress: 56.0% (84/150) - Testing 8x12 → NL...[Catalog] Cache hit for framed-print 8x12: global-cfp-a4-backloader
[Attributes] Product has mount attribute but mount is not set. Using default: No mount / Mat
[Attributes] Skipping frame attribute - "white" appears to be a color, not a frame style
[Attributes] Product has paperType attribute but paperType is not set. Using default: BPP
[Attributes] Built: {
  validKeys: [
    'frame',
    'color',
    'glaze',
    'mount',
    'paperType',
    'size',
    'substrateWeight'
  ],
  output: { color: 'white', mount: 'No mount / Mat', paperType: 'BPP' }
}
[QuotesAPI] Creating quote request: {
  "destinationCountryCode": "NL",
  "shippingMethod": "Budget",
  "items": [
    {
      "sku": "global-cfp-a4-backloader",
      "copies": 1,
      "attributes": {
        "color": "white",
        "mount": "No mount / Mat",
        "paperType": "BPP"
      },
      "assets": [
        {
          "printArea": "default"
        }
      ]
    }
  ]
}
[QuotesAPI] Creating quote request: {
  "destinationCountryCode": "NL",
  "shippingMethod": "Standard",
  "items": [
    {
      "sku": "global-cfp-a4-backloader",
      "copies": 1,
      "attributes": {
        "color": "white",
        "mount": "No mount / Mat",
        "paperType": "BPP"
      },
      "assets": [
        {
          "printArea": "default"
        }
      ]
    }
  ]
}
[QuotesAPI] Creating quote request: {
  "destinationCountryCode": "NL",
  "shippingMethod": "Express",
  "items": [
    {
      "sku": "global-cfp-a4-backloader",
      "copies": 1,
      "attributes": {
        "color": "white",
        "mount": "No mount / Mat",
        "paperType": "BPP"
      },
      "assets": [
        {
          "printArea": "default"
        }
      ]
    }
  ]
}
[QuotesAPI] Creating quote request: {
  "destinationCountryCode": "NL",
  "shippingMethod": "Overnight",
  "items": [
    {
      "sku": "global-cfp-a4-backloader",
      "copies": 1,
      "attributes": {
        "color": "white",
        "mount": "No mount / Mat",
        "paperType": "BPP"
      },
      "assets": [
        {
          "printArea": "default"
        }
      ]
    }
  ]
}
[Prodigi] Request body being sent: {
  "destinationCountryCode": "NL",
  "shippingMethod": "Budget",
  "items": [
    {
      "sku": "global-cfp-a4-backloader",
      "copies": 1,
      "attributes": {
        "color": "white",
        "mount": "No mount / Mat",
        "paperType": "BPP"
      },
      "assets": [
        {
          "printArea": "default"
        }
      ]
    }
  ]
}
[Prodigi] Request body being sent: {
  "destinationCountryCode": "NL",
  "shippingMethod": "Standard",
  "items": [
    {
      "sku": "global-cfp-a4-backloader",
      "copies": 1,
      "attributes": {
        "color": "white",
        "mount": "No mount / Mat",
        "paperType": "BPP"
      },
      "assets": [
        {
          "printArea": "default"
        }
      ]
    }
  ]
}
[Prodigi] Request body being sent: {
  "destinationCountryCode": "NL",
  "shippingMethod": "Express",
  "items": [
    {
      "sku": "global-cfp-a4-backloader",
      "copies": 1,
      "attributes": {
        "color": "white",
        "mount": "No mount / Mat",
        "paperType": "BPP"
      },
      "assets": [
        {
          "printArea": "default"
        }
      ]
    }
  ]
}
[Prodigi] Request body being sent: {
  "destinationCountryCode": "NL",
  "shippingMethod": "Overnight",
  "items": [
    {
      "sku": "global-cfp-a4-backloader",
      "copies": 1,
      "attributes": {
        "color": "white",
        "mount": "No mount / Mat",
        "paperType": "BPP"
      },
      "assets": [
        {
          "printArea": "default"
        }
      ]
    }
  ]
}
[Prodigi] Failed to parse error response: {
  status: 429,
  rawText: 'API calls quota exceeded! maximum admitted 30 per 30s.',
  parseError: `Unexpected token 'A', "API calls "... is not valid JSON`
}
[Prodigi:production] ⚠️ Retrying request (attempt 1/3) {
  endpoint: '/quotes',
  delay: 1664.7893074404901,
  error: 'Rate limit exceeded. Please try again later.'
}
[Prodigi] Failed to parse error response: {
  status: 429,
  rawText: 'API calls quota exceeded! maximum admitted 30 per 30s.',
  parseError: `Unexpected token 'A', "API calls "... is not valid JSON`
}
[Prodigi:production] ⚠️ Retrying request (attempt 1/3) {
  endpoint: '/quotes',
  delay: 1333.8053883455057,
  error: 'Rate limit exceeded. Please try again later.'
}
[Prodigi] Failed to parse error response: {
  status: 429,
  rawText: 'API calls quota exceeded! maximum admitted 30 per 30s.',
  parseError: `Unexpected token 'A', "API calls "... is not valid JSON`
}
[Prodigi:production] ⚠️ Retrying request (attempt 1/3) {
  endpoint: '/quotes',
  delay: 1378.1452922080057,
  error: 'Rate limit exceeded. Please try again later.'
}
[Prodigi] Failed to parse error response: {
  status: 429,
  rawText: 'API calls quota exceeded! maximum admitted 30 per 30s.',
  parseError: `Unexpected token 'A', "API calls "... is not valid JSON`
}
[Prodigi:production] ⚠️ Retrying request (attempt 1/3) {
  endpoint: '/quotes',
  delay: 1823.4127645579515,
  error: 'Rate limit exceeded. Please try again later.'
}
[Prodigi] Request body being sent: {
  "destinationCountryCode": "NL",
  "shippingMethod": "Express",
  "items": [
    {
      "sku": "global-cfp-a4-backloader",
      "copies": 1,
      "attributes": {
        "color": "white",
        "mount": "No mount / Mat",
        "paperType": "BPP"
      },
      "assets": [
        {
          "printArea": "default"
        }
      ]
    }
  ]
}
[Prodigi] Request body being sent: {
  "destinationCountryCode": "NL",
  "shippingMethod": "Overnight",
  "items": [
    {
      "sku": "global-cfp-a4-backloader",
      "copies": 1,
      "attributes": {
        "color": "white",
        "mount": "No mount / Mat",
        "paperType": "BPP"
      },
      "assets": [
        {
          "printArea": "default"
        }
      ]
    }
  ]
}
[Prodigi] Failed to parse error response: {
  status: 429,
  rawText: 'API calls quota exceeded! maximum admitted 30 per 30s.',
  parseError: `Unexpected token 'A', "API calls "... is not valid JSON`
}
[Prodigi:production] ⚠️ Retrying request (attempt 2/3) {
  endpoint: '/quotes',
  delay: 2787.420807204833,
  error: 'Rate limit exceeded. Please try again later.'
}
[Prodigi] Failed to parse error response: {
  status: 429,
  rawText: 'API calls quota exceeded! maximum admitted 30 per 30s.',
  parseError: `Unexpected token 'A', "API calls "... is not valid JSON`
}
[Prodigi:production] ⚠️ Retrying request (attempt 2/3) {
  endpoint: '/quotes',
  delay: 2285.434880434039,
  error: 'Rate limit exceeded. Please try again later.'
}
[Prodigi] Request body being sent: {
  "destinationCountryCode": "NL",
  "shippingMethod": "Budget",
  "items": [
    {
      "sku": "global-cfp-a4-backloader",
      "copies": 1,
      "attributes": {
        "color": "white",
        "mount": "No mount / Mat",
        "paperType": "BPP"
      },
      "assets": [
        {
          "printArea": "default"
        }
      ]
    }
  ]
}
[Prodigi] Failed to parse error response: {
  status: 429,
  rawText: 'API calls quota exceeded! maximum admitted 30 per 30s.',
  parseError: `Unexpected token 'A', "API calls "... is not valid JSON`
}
[Prodigi:production] ⚠️ Retrying request (attempt 2/3) {
  endpoint: '/quotes',
  delay: 2416.516651469918,
  error: 'Rate limit exceeded. Please try again later.'
}
[Prodigi] Request body being sent: {
  "destinationCountryCode": "NL",
  "shippingMethod": "Standard",
  "items": [
    {
      "sku": "global-cfp-a4-backloader",
      "copies": 1,
      "attributes": {
        "color": "white",
        "mount": "No mount / Mat",
        "paperType": "BPP"
      },
      "assets": [
        {
          "printArea": "default"
        }
      ]
    }
  ]
}
[Prodigi] Failed to parse error response: {
  status: 429,
  rawText: 'API calls quota exceeded! maximum admitted 30 per 30s.',
  parseError: `Unexpected token 'A', "API calls "... is not valid JSON`
}
[Prodigi:production] ⚠️ Retrying request (attempt 2/3) {
  endpoint: '/quotes',
  delay: 2671.493832177501,
  error: 'Rate limit exceeded. Please try again later.'
}
[Prodigi] Request body being sent: {
  "destinationCountryCode": "NL",
  "shippingMethod": "Overnight",
  "items": [
    {
      "sku": "global-cfp-a4-backloader",
      "copies": 1,
      "attributes": {
        "color": "white",
        "mount": "No mount / Mat",
        "paperType": "BPP"
      },
      "assets": [
        {
          "printArea": "default"
        }
      ]
    }
  ]
}
[Prodigi] Failed to parse error response: {
  status: 429,
  rawText: 'API calls quota exceeded! maximum admitted 30 per 30s.',
  parseError: `Unexpected token 'A', "API calls "... is not valid JSON`
}
❌ Prodigi API Error: {
  name: 'ProdigiRateLimitError',
  message: 'Rate limit exceeded. Please try again later.',
  statusCode: 429,
  statusText: 'Too Many Requests',
  data: {},
  traceParent: undefined,
  endpoint: undefined,
  method: undefined,
  stack: 'ProdigiRateLimitError: Rate limit exceeded. Please try again later.\n' +
    '    at new ProdigiRateLimitError (/Users/hatem/Documents/inboundr/art-framer/src/lib/prodigi-v2/errors.ts:161:5)\n' +
    '    at parseProdigiError (/Users/hatem/Documents/inboundr/art-framer/src/lib/prodigi-v2/errors.ts:243:14)\n' +
    '    at ProdigiClient.handleErrorResponse (/Users/hatem/Documents/inboundr/art-framer/src/lib/prodigi-v2/client.ts:305:19)\n' +
    '    at process.processTicksAndRejections (node:internal/process/task_queues:105:5)\n' +
    '    at async ProdigiClient.executeRequest (/Users/hatem/Documents/inboundr/art-framer/src/lib/prodigi-v2/client.ts:242:9)\n' +
    '    at async ProdigiClient.requestWithRetry (/Users/hatem/Documents/inboundr/art-framer/src/lib/prodigi-v2/client.ts:153:24)\n' +
    '    at async QuotesAPI.create (/Users/hatem/Documents/inboundr/art-framer/src/lib/prodigi-v2/quotes.ts:62:22)\n' +
    '    at async Promise.all (index 3)\n' +
    '    at async testPricingForProduct (/Users/hatem/Documents/inboundr/art-framer/scripts/test-pricing-end-to-end.ts:180:26)\n' +
    '    at async runComprehensiveTest (/Users/hatem/Documents/inboundr/art-framer/scripts/test-pricing-end-to-end.ts:308:26)',
  context: {
    endpoint: '/quotes',
    method: 'POST',
    timestamp: '2025-12-05T14:01:50.277Z'
  }
}
Request body: {
  destinationCountryCode: 'NL',
  shippingMethod: 'Overnight',
  items: [
    {
      sku: 'global-cfp-a4-backloader',
      copies: 1,
      attributes: [Object],
      assets: [Array]
    }
  ]
}
[Test] Failed to get quote for Overnight: Rate limit exceeded. Please try again later.
[Prodigi] Request body being sent: {
  "destinationCountryCode": "NL",
  "shippingMethod": "Budget",
  "items": [
    {
      "sku": "global-cfp-a4-backloader",
      "copies": 1,
      "attributes": {
        "color": "white",
        "mount": "No mount / Mat",
        "paperType": "BPP"
      },
      "assets": [
        {
          "printArea": "default"
        }
      ]
    }
  ]
}
[Prodigi] Request body being sent: {
  "destinationCountryCode": "NL",
  "shippingMethod": "Express",
  "items": [
    {
      "sku": "global-cfp-a4-backloader",
      "copies": 1,
      "attributes": {
        "color": "white",
        "mount": "No mount / Mat",
        "paperType": "BPP"
      },
      "assets": [
        {
          "printArea": "default"
        }
      ]
    }
  ]
}
[Prodigi] Failed to parse error response: {
  status: 429,
  rawText: 'API calls quota exceeded! maximum admitted 30 per 30s.',
  parseError: `Unexpected token 'A', "API calls "... is not valid JSON`
}
❌ Prodigi API Error: {
  name: 'ProdigiRateLimitError',
  message: 'Rate limit exceeded. Please try again later.',
  statusCode: 429,
  statusText: 'Too Many Requests',
  data: {},
  traceParent: undefined,
  endpoint: undefined,
  method: undefined,
  stack: 'ProdigiRateLimitError: Rate limit exceeded. Please try again later.\n' +
    '    at new ProdigiRateLimitError (/Users/hatem/Documents/inboundr/art-framer/src/lib/prodigi-v2/errors.ts:161:5)\n' +
    '    at parseProdigiError (/Users/hatem/Documents/inboundr/art-framer/src/lib/prodigi-v2/errors.ts:243:14)\n' +
    '    at ProdigiClient.handleErrorResponse (/Users/hatem/Documents/inboundr/art-framer/src/lib/prodigi-v2/client.ts:305:19)\n' +
    '    at process.processTicksAndRejections (node:internal/process/task_queues:105:5)\n' +
    '    at async ProdigiClient.executeRequest (/Users/hatem/Documents/inboundr/art-framer/src/lib/prodigi-v2/client.ts:242:9)\n' +
    '    at async ProdigiClient.requestWithRetry (/Users/hatem/Documents/inboundr/art-framer/src/lib/prodigi-v2/client.ts:153:24)\n' +
    '    at async QuotesAPI.create (/Users/hatem/Documents/inboundr/art-framer/src/lib/prodigi-v2/quotes.ts:62:22)\n' +
    '    at async Promise.all (index 0)\n' +
    '    at async testPricingForProduct (/Users/hatem/Documents/inboundr/art-framer/scripts/test-pricing-end-to-end.ts:180:26)\n' +
    '    at async runComprehensiveTest (/Users/hatem/Documents/inboundr/art-framer/scripts/test-pricing-end-to-end.ts:308:26)',
  context: {
    endpoint: '/quotes',
    method: 'POST',
    timestamp: '2025-12-05T14:01:50.687Z'
  }
}
Request body: {
  destinationCountryCode: 'NL',
  shippingMethod: 'Budget',
  items: [
    {
      sku: 'global-cfp-a4-backloader',
      copies: 1,
      attributes: [Object],
      assets: [Array]
    }
  ]
}
[Test] Failed to get quote for Budget: Rate limit exceeded. Please try again later.
[Prodigi] Failed to parse error response: {
  status: 429,
  rawText: 'API calls quota exceeded! maximum admitted 30 per 30s.',
  parseError: `Unexpected token 'A', "API calls "... is not valid JSON`
}
❌ Prodigi API Error: {
  name: 'ProdigiRateLimitError',
  message: 'Rate limit exceeded. Please try again later.',
  statusCode: 429,
  statusText: 'Too Many Requests',
  data: {},
  traceParent: undefined,
  endpoint: undefined,
  method: undefined,
  stack: 'ProdigiRateLimitError: Rate limit exceeded. Please try again later.\n' +
    '    at new ProdigiRateLimitError (/Users/hatem/Documents/inboundr/art-framer/src/lib/prodigi-v2/errors.ts:161:5)\n' +
    '    at parseProdigiError (/Users/hatem/Documents/inboundr/art-framer/src/lib/prodigi-v2/errors.ts:243:14)\n' +
    '    at ProdigiClient.handleErrorResponse (/Users/hatem/Documents/inboundr/art-framer/src/lib/prodigi-v2/client.ts:305:19)\n' +
    '    at process.processTicksAndRejections (node:internal/process/task_queues:105:5)\n' +
    '    at async ProdigiClient.executeRequest (/Users/hatem/Documents/inboundr/art-framer/src/lib/prodigi-v2/client.ts:242:9)\n' +
    '    at async ProdigiClient.requestWithRetry (/Users/hatem/Documents/inboundr/art-framer/src/lib/prodigi-v2/client.ts:153:24)\n' +
    '    at async QuotesAPI.create (/Users/hatem/Documents/inboundr/art-framer/src/lib/prodigi-v2/quotes.ts:62:22)\n' +
    '    at async Promise.all (index 2)\n' +
    '    at async testPricingForProduct (/Users/hatem/Documents/inboundr/art-framer/scripts/test-pricing-end-to-end.ts:180:26)\n' +
    '    at async runComprehensiveTest (/Users/hatem/Documents/inboundr/art-framer/scripts/test-pricing-end-to-end.ts:308:26)',
  context: {
    endpoint: '/quotes',
    method: 'POST',
    timestamp: '2025-12-05T14:01:50.742Z'
  }
}
Request body: {
  destinationCountryCode: 'NL',
  shippingMethod: 'Express',
  items: [
    {
      sku: 'global-cfp-a4-backloader',
      copies: 1,
      attributes: [Object],
      assets: [Array]
    }
  ]
}
[Test] Failed to get quote for Express: Rate limit exceeded. Please try again later.
[Prodigi] Request body being sent: {
  "destinationCountryCode": "NL",
  "shippingMethod": "Standard",
  "items": [
    {
      "sku": "global-cfp-a4-backloader",
      "copies": 1,
      "attributes": {
        "color": "white",
        "mount": "No mount / Mat",
        "paperType": "BPP"
      },
      "assets": [
        {
          "printArea": "default"
        }
      ]
    }
  ]
}
[Prodigi] Failed to parse error response: {
  status: 429,
  rawText: 'API calls quota exceeded! maximum admitted 30 per 30s.',
  parseError: `Unexpected token 'A', "API calls "... is not valid JSON`
}
❌ Prodigi API Error: {
  name: 'ProdigiRateLimitError',
  message: 'Rate limit exceeded. Please try again later.',
  statusCode: 429,
  statusText: 'Too Many Requests',
  data: {},
  traceParent: undefined,
  endpoint: undefined,
  method: undefined,
  stack: 'ProdigiRateLimitError: Rate limit exceeded. Please try again later.\n' +
    '    at new ProdigiRateLimitError (/Users/hatem/Documents/inboundr/art-framer/src/lib/prodigi-v2/errors.ts:161:5)\n' +
    '    at parseProdigiError (/Users/hatem/Documents/inboundr/art-framer/src/lib/prodigi-v2/errors.ts:243:14)\n' +
    '    at ProdigiClient.handleErrorResponse (/Users/hatem/Documents/inboundr/art-framer/src/lib/prodigi-v2/client.ts:305:19)\n' +
    '    at process.processTicksAndRejections (node:internal/process/task_queues:105:5)\n' +
    '    at async ProdigiClient.executeRequest (/Users/hatem/Documents/inboundr/art-framer/src/lib/prodigi-v2/client.ts:242:9)\n' +
    '    at async ProdigiClient.requestWithRetry (/Users/hatem/Documents/inboundr/art-framer/src/lib/prodigi-v2/client.ts:153:24)\n' +
    '    at async QuotesAPI.create (/Users/hatem/Documents/inboundr/art-framer/src/lib/prodigi-v2/quotes.ts:62:22)\n' +
    '    at async Promise.all (index 1)\n' +
    '    at async testPricingForProduct (/Users/hatem/Documents/inboundr/art-framer/scripts/test-pricing-end-to-end.ts:180:26)\n' +
    '    at async runComprehensiveTest (/Users/hatem/Documents/inboundr/art-framer/scripts/test-pricing-end-to-end.ts:308:26)',
  context: {
    endpoint: '/quotes',
    method: 'POST',
    timestamp: '2025-12-05T14:01:51.112Z'
  }
}
Request body: {
  destinationCountryCode: 'NL',
  shippingMethod: 'Standard',
  items: [
    {
      sku: 'global-cfp-a4-backloader',
      copies: 1,
      attributes: [Object],
      assets: [Array]
    }
  ]
}
[Test] Failed to get quote for Standard: Rate limit exceeded. Please try again later.
  ⏳ Progress: 56.7% (85/150) - Testing 8x12 → BE...[Catalog] Cache hit for framed-print 8x12: fra-box-bap-nm-gla-20x30
[Attributes] Product has mount attribute but mount is not set. Using default: No mount / Mat
[Attributes] Skipping frame attribute - "white" appears to be a color, not a frame style
[Attributes] Product has paperType attribute but paperType is not set. Using default: BAP
[Attributes] Built: {
  validKeys: [
    'frame',
    'color',
    'glaze',
    'mount',
    'paperType',
    'style',
    'substrateWeight'
  ],
  output: { color: 'white', mount: 'No mount / Mat', paperType: 'BAP' }
}
[QuotesAPI] Creating quote request: {
  "destinationCountryCode": "BE",
  "shippingMethod": "Budget",
  "items": [
    {
      "sku": "fra-box-bap-nm-gla-20x30",
      "copies": 1,
      "attributes": {
        "color": "white",
        "mount": "No mount / Mat",
        "paperType": "BAP"
      },
      "assets": [
        {
          "printArea": "default"
        }
      ]
    }
  ]
}
[QuotesAPI] Creating quote request: {
  "destinationCountryCode": "BE",
  "shippingMethod": "Standard",
  "items": [
    {
      "sku": "fra-box-bap-nm-gla-20x30",
      "copies": 1,
      "attributes": {
        "color": "white",
        "mount": "No mount / Mat",
        "paperType": "BAP"
      },
      "assets": [
        {
          "printArea": "default"
        }
      ]
    }
  ]
}
[QuotesAPI] Creating quote request: {
  "destinationCountryCode": "BE",
  "shippingMethod": "Express",
  "items": [
    {
      "sku": "fra-box-bap-nm-gla-20x30",
      "copies": 1,
      "attributes": {
        "color": "white",
        "mount": "No mount / Mat",
        "paperType": "BAP"
      },
      "assets": [
        {
          "printArea": "default"
        }
      ]
    }
  ]
}
[QuotesAPI] Creating quote request: {
  "destinationCountryCode": "BE",
  "shippingMethod": "Overnight",
  "items": [
    {
      "sku": "fra-box-bap-nm-gla-20x30",
      "copies": 1,
      "attributes": {
        "color": "white",
        "mount": "No mount / Mat",
        "paperType": "BAP"
      },
      "assets": [
        {
          "printArea": "default"
        }
      ]
    }
  ]
}
[Prodigi] Request body being sent: {
  "destinationCountryCode": "BE",
  "shippingMethod": "Budget",
  "items": [
    {
      "sku": "fra-box-bap-nm-gla-20x30",
      "copies": 1,
      "attributes": {
        "color": "white",
        "mount": "No mount / Mat",
        "paperType": "BAP"
      },
      "assets": [
        {
          "printArea": "default"
        }
      ]
    }
  ]
}
[Prodigi] Request body being sent: {
  "destinationCountryCode": "BE",
  "shippingMethod": "Standard",
  "items": [
    {
      "sku": "fra-box-bap-nm-gla-20x30",
      "copies": 1,
      "attributes": {
        "color": "white",
        "mount": "No mount / Mat",
        "paperType": "BAP"
      },
      "assets": [
        {
          "printArea": "default"
        }
      ]
    }
  ]
}
[Prodigi] Request body being sent: {
  "destinationCountryCode": "BE",
  "shippingMethod": "Express",
  "items": [
    {
      "sku": "fra-box-bap-nm-gla-20x30",
      "copies": 1,
      "attributes": {
        "color": "white",
        "mount": "No mount / Mat",
        "paperType": "BAP"
      },
      "assets": [
        {
          "printArea": "default"
        }
      ]
    }
  ]
}
[Prodigi] Request body being sent: {
  "destinationCountryCode": "BE",
  "shippingMethod": "Overnight",
  "items": [
    {
      "sku": "fra-box-bap-nm-gla-20x30",
      "copies": 1,
      "attributes": {
        "color": "white",
        "mount": "No mount / Mat",
        "paperType": "BAP"
      },
      "assets": [
        {
          "printArea": "default"
        }
      ]
    }
  ]
}
[Prodigi] Failed to parse error response: {
  status: 429,
  rawText: 'API calls quota exceeded! maximum admitted 30 per 30s.',
  parseError: `Unexpected token 'A', "API calls "... is not valid JSON`
}
[Prodigi:production] ⚠️ Retrying request (attempt 1/3) {
  endpoint: '/quotes',
  delay: 1206.3751172159955,
  error: 'Rate limit exceeded. Please try again later.'
}
[Prodigi] Failed to parse error response: {
  status: 429,
  rawText: 'API calls quota exceeded! maximum admitted 30 per 30s.',
  parseError: `Unexpected token 'A', "API calls "... is not valid JSON`
}
[Prodigi:production] ⚠️ Retrying request (attempt 1/3) {
  endpoint: '/quotes',
  delay: 1221.8321151927407,
  error: 'Rate limit exceeded. Please try again later.'
}
[Prodigi] Failed to parse error response: {
  status: 429,
  rawText: 'API calls quota exceeded! maximum admitted 30 per 30s.',
  parseError: `Unexpected token 'A', "API calls "... is not valid JSON`
}
[Prodigi:production] ⚠️ Retrying request (attempt 1/3) {
  endpoint: '/quotes',
  delay: 1772.1684918248086,
  error: 'Rate limit exceeded. Please try again later.'
}
[Prodigi] Failed to parse error response: {
  status: 429,
  rawText: 'API calls quota exceeded! maximum admitted 30 per 30s.',
  parseError: `Unexpected token 'A', "API calls "... is not valid JSON`
}
[Prodigi:production] ⚠️ Retrying request (attempt 1/3) {
  endpoint: '/quotes',
  delay: 1917.331825801884,
  error: 'Rate limit exceeded. Please try again later.'
}
[Prodigi] Request body being sent: {
  "destinationCountryCode": "BE",
  "shippingMethod": "Standard",
  "items": [
    {
      "sku": "fra-box-bap-nm-gla-20x30",
      "copies": 1,
      "attributes": {
        "color": "white",
        "mount": "No mount / Mat",
        "paperType": "BAP"
      },
      "assets": [
        {
          "printArea": "default"
        }
      ]
    }
  ]
}
[Prodigi] Request body being sent: {
  "destinationCountryCode": "BE",
  "shippingMethod": "Budget",
  "items": [
    {
      "sku": "fra-box-bap-nm-gla-20x30",
      "copies": 1,
      "attributes": {
        "color": "white",
        "mount": "No mount / Mat",
        "paperType": "BAP"
      },
      "assets": [
        {
          "printArea": "default"
        }
      ]
    }
  ]
}
[Prodigi] Failed to parse error response: {
  status: 429,
  rawText: 'API calls quota exceeded! maximum admitted 30 per 30s.',
  parseError: `Unexpected token 'A', "API calls "... is not valid JSON`
}
[Prodigi:production] ⚠️ Retrying request (attempt 2/3) {
  endpoint: '/quotes',
  delay: 2804.386363638997,
  error: 'Rate limit exceeded. Please try again later.'
}
[Prodigi] Failed to parse error response: {
  status: 429,
  rawText: 'API calls quota exceeded! maximum admitted 30 per 30s.',
  parseError: `Unexpected token 'A', "API calls "... is not valid JSON`
}
[Prodigi:production] ⚠️ Retrying request (attempt 2/3) {
  endpoint: '/quotes',
  delay: 2473.4170874795536,
  error: 'Rate limit exceeded. Please try again later.'
}
[Prodigi] Request body being sent: {
  "destinationCountryCode": "BE",
  "shippingMethod": "Express",
  "items": [
    {
      "sku": "fra-box-bap-nm-gla-20x30",
      "copies": 1,
      "attributes": {
        "color": "white",
        "mount": "No mount / Mat",
        "paperType": "BAP"
      },
      "assets": [
        {
          "printArea": "default"
        }
      ]
    }
  ]
}
[Prodigi] Failed to parse error response: {
  status: 429,
  rawText: 'API calls quota exceeded! maximum admitted 30 per 30s.',
  parseError: `Unexpected token 'A', "API calls "... is not valid JSON`
}
[Prodigi:production] ⚠️ Retrying request (attempt 2/3) {
  endpoint: '/quotes',
  delay: 2289.82841919052,
  error: 'Rate limit exceeded. Please try again later.'
}
[Prodigi] Request body being sent: {
  "destinationCountryCode": "BE",
  "shippingMethod": "Overnight",
  "items": [
    {
      "sku": "fra-box-bap-nm-gla-20x30",
      "copies": 1,
      "attributes": {
        "color": "white",
        "mount": "No mount / Mat",
        "paperType": "BAP"
      },
      "assets": [
        {
          "printArea": "default"
        }
      ]
    }
  ]
}
[Prodigi] Failed to parse error response: {
  status: 429,
  rawText: 'API calls quota exceeded! maximum admitted 30 per 30s.',
  parseError: `Unexpected token 'A', "API calls "... is not valid JSON`
}
[Prodigi:production] ⚠️ Retrying request (attempt 2/3) {
  endpoint: '/quotes',
  delay: 2079.620141248658,
  error: 'Rate limit exceeded. Please try again later.'
}
[Prodigi] Request body being sent: {
  "destinationCountryCode": "BE",
  "shippingMethod": "Budget",
  "items": [
    {
      "sku": "fra-box-bap-nm-gla-20x30",
      "copies": 1,
      "attributes": {
        "color": "white",
        "mount": "No mount / Mat",
        "paperType": "BAP"
      },
      "assets": [
        {
          "printArea": "default"
        }
      ]
    }
  ]
}
[Prodigi] Failed to parse error response: {
  status: 429,
  rawText: 'API calls quota exceeded! maximum admitted 30 per 30s.',
  parseError: `Unexpected token 'A', "API calls "... is not valid JSON`
}
❌ Prodigi API Error: {
  name: 'ProdigiRateLimitError',
  message: 'Rate limit exceeded. Please try again later.',
  statusCode: 429,
  statusText: 'Too Many Requests',
  data: {},
  traceParent: undefined,
  endpoint: undefined,
  method: undefined,
  stack: 'ProdigiRateLimitError: Rate limit exceeded. Please try again later.\n' +
    '    at new ProdigiRateLimitError (/Users/hatem/Documents/inboundr/art-framer/src/lib/prodigi-v2/errors.ts:161:5)\n' +
    '    at parseProdigiError (/Users/hatem/Documents/inboundr/art-framer/src/lib/prodigi-v2/errors.ts:243:14)\n' +
    '    at ProdigiClient.handleErrorResponse (/Users/hatem/Documents/inboundr/art-framer/src/lib/prodigi-v2/client.ts:305:19)\n' +
    '    at process.processTicksAndRejections (node:internal/process/task_queues:105:5)\n' +
    '    at async ProdigiClient.executeRequest (/Users/hatem/Documents/inboundr/art-framer/src/lib/prodigi-v2/client.ts:242:9)\n' +
    '    at async ProdigiClient.requestWithRetry (/Users/hatem/Documents/inboundr/art-framer/src/lib/prodigi-v2/client.ts:153:24)\n' +
    '    at async QuotesAPI.create (/Users/hatem/Documents/inboundr/art-framer/src/lib/prodigi-v2/quotes.ts:62:22)\n' +
    '    at async Promise.all (index 0)\n' +
    '    at async testPricingForProduct (/Users/hatem/Documents/inboundr/art-framer/scripts/test-pricing-end-to-end.ts:180:26)\n' +
    '    at async runComprehensiveTest (/Users/hatem/Documents/inboundr/art-framer/scripts/test-pricing-end-to-end.ts:308:26)',
  context: {
    endpoint: '/quotes',
    method: 'POST',
    timestamp: '2025-12-05T14:01:55.297Z'
  }
}
Request body: {
  destinationCountryCode: 'BE',
  shippingMethod: 'Budget',
  items: [
    {
      sku: 'fra-box-bap-nm-gla-20x30',
      copies: 1,
      attributes: [Object],
      assets: [Array]
    }
  ]
}
[Test] Failed to get quote for Budget: Rate limit exceeded. Please try again later.
[Prodigi] Request body being sent: {
  "destinationCountryCode": "BE",
  "shippingMethod": "Standard",
  "items": [
    {
      "sku": "fra-box-bap-nm-gla-20x30",
      "copies": 1,
      "attributes": {
        "color": "white",
        "mount": "No mount / Mat",
        "paperType": "BAP"
      },
      "assets": [
        {
          "printArea": "default"
        }
      ]
    }
  ]
}
[Prodigi] Failed to parse error response: {
  status: 429,
  rawText: 'API calls quota exceeded! maximum admitted 30 per 30s.',
  parseError: `Unexpected token 'A', "API calls "... is not valid JSON`
}
❌ Prodigi API Error: {
  name: 'ProdigiRateLimitError',
  message: 'Rate limit exceeded. Please try again later.',
  statusCode: 429,
  statusText: 'Too Many Requests',
  data: {},
  traceParent: undefined,
  endpoint: undefined,
  method: undefined,
  stack: 'ProdigiRateLimitError: Rate limit exceeded. Please try again later.\n' +
    '    at new ProdigiRateLimitError (/Users/hatem/Documents/inboundr/art-framer/src/lib/prodigi-v2/errors.ts:161:5)\n' +
    '    at parseProdigiError (/Users/hatem/Documents/inboundr/art-framer/src/lib/prodigi-v2/errors.ts:243:14)\n' +
    '    at ProdigiClient.handleErrorResponse (/Users/hatem/Documents/inboundr/art-framer/src/lib/prodigi-v2/client.ts:305:19)\n' +
    '    at process.processTicksAndRejections (node:internal/process/task_queues:105:5)\n' +
    '    at async ProdigiClient.executeRequest (/Users/hatem/Documents/inboundr/art-framer/src/lib/prodigi-v2/client.ts:242:9)\n' +
    '    at async ProdigiClient.requestWithRetry (/Users/hatem/Documents/inboundr/art-framer/src/lib/prodigi-v2/client.ts:153:24)\n' +
    '    at async QuotesAPI.create (/Users/hatem/Documents/inboundr/art-framer/src/lib/prodigi-v2/quotes.ts:62:22)\n' +
    '    at async Promise.all (index 1)\n' +
    '    at async testPricingForProduct (/Users/hatem/Documents/inboundr/art-framer/scripts/test-pricing-end-to-end.ts:180:26)\n' +
    '    at async runComprehensiveTest (/Users/hatem/Documents/inboundr/art-framer/scripts/test-pricing-end-to-end.ts:308:26)',
  context: {
    endpoint: '/quotes',
    method: 'POST',
    timestamp: '2025-12-05T14:01:55.609Z'
  }
}
Request body: {
  destinationCountryCode: 'BE',
  shippingMethod: 'Standard',
  items: [
    {
      sku: 'fra-box-bap-nm-gla-20x30',
      copies: 1,
      attributes: [Object],
      assets: [Array]
    }
  ]
}
[Test] Failed to get quote for Standard: Rate limit exceeded. Please try again later.
[Prodigi] Request body being sent: {
  "destinationCountryCode": "BE",
  "shippingMethod": "Overnight",
  "items": [
    {
      "sku": "fra-box-bap-nm-gla-20x30",
      "copies": 1,
      "attributes": {
        "color": "white",
        "mount": "No mount / Mat",
        "paperType": "BAP"
      },
      "assets": [
        {
          "printArea": "default"
        }
      ]
    }
  ]
}
[Prodigi] Request body being sent: {
  "destinationCountryCode": "BE",
  "shippingMethod": "Express",
  "items": [
    {
      "sku": "fra-box-bap-nm-gla-20x30",
      "copies": 1,
      "attributes": {
        "color": "white",
        "mount": "No mount / Mat",
        "paperType": "BAP"
      },
      "assets": [
        {
          "printArea": "default"
        }
      ]
    }
  ]
}
[Prodigi] Failed to parse error response: {
  status: 429,
  rawText: 'API calls quota exceeded! maximum admitted 30 per 30s.',
  parseError: `Unexpected token 'A', "API calls "... is not valid JSON`
}
❌ Prodigi API Error: {
  name: 'ProdigiRateLimitError',
  message: 'Rate limit exceeded. Please try again later.',
  statusCode: 429,
  statusText: 'Too Many Requests',
  data: {},
  traceParent: undefined,
  endpoint: undefined,
  method: undefined,
  stack: 'ProdigiRateLimitError: Rate limit exceeded. Please try again later.\n' +
    '    at new ProdigiRateLimitError (/Users/hatem/Documents/inboundr/art-framer/src/lib/prodigi-v2/errors.ts:161:5)\n' +
    '    at parseProdigiError (/Users/hatem/Documents/inboundr/art-framer/src/lib/prodigi-v2/errors.ts:243:14)\n' +
    '    at ProdigiClient.handleErrorResponse (/Users/hatem/Documents/inboundr/art-framer/src/lib/prodigi-v2/client.ts:305:19)\n' +
    '    at process.processTicksAndRejections (node:internal/process/task_queues:105:5)\n' +
    '    at async ProdigiClient.executeRequest (/Users/hatem/Documents/inboundr/art-framer/src/lib/prodigi-v2/client.ts:242:9)\n' +
    '    at async ProdigiClient.requestWithRetry (/Users/hatem/Documents/inboundr/art-framer/src/lib/prodigi-v2/client.ts:153:24)\n' +
    '    at async QuotesAPI.create (/Users/hatem/Documents/inboundr/art-framer/src/lib/prodigi-v2/quotes.ts:62:22)\n' +
    '    at async Promise.all (index 3)\n' +
    '    at async testPricingForProduct (/Users/hatem/Documents/inboundr/art-framer/scripts/test-pricing-end-to-end.ts:180:26)\n' +
    '    at async runComprehensiveTest (/Users/hatem/Documents/inboundr/art-framer/scripts/test-pricing-end-to-end.ts:308:26)',
  context: {
    endpoint: '/quotes',
    method: 'POST',
    timestamp: '2025-12-05T14:01:55.883Z'
  }
}
Request body: {
  destinationCountryCode: 'BE',
  shippingMethod: 'Overnight',
  items: [
    {
      sku: 'fra-box-bap-nm-gla-20x30',
      copies: 1,
      attributes: [Object],
      assets: [Array]
    }
  ]
}
[Test] Failed to get quote for Overnight: Rate limit exceeded. Please try again later.
[Prodigi] Failed to parse error response: {
  status: 429,
  rawText: 'API calls quota exceeded! maximum admitted 30 per 30s.',
  parseError: `Unexpected token 'A', "API calls "... is not valid JSON`
}
❌ Prodigi API Error: {
  name: 'ProdigiRateLimitError',
  message: 'Rate limit exceeded. Please try again later.',
  statusCode: 429,
  statusText: 'Too Many Requests',
  data: {},
  traceParent: undefined,
  endpoint: undefined,
  method: undefined,
  stack: 'ProdigiRateLimitError: Rate limit exceeded. Please try again later.\n' +
    '    at new ProdigiRateLimitError (/Users/hatem/Documents/inboundr/art-framer/src/lib/prodigi-v2/errors.ts:161:5)\n' +
    '    at parseProdigiError (/Users/hatem/Documents/inboundr/art-framer/src/lib/prodigi-v2/errors.ts:243:14)\n' +
    '    at ProdigiClient.handleErrorResponse (/Users/hatem/Documents/inboundr/art-framer/src/lib/prodigi-v2/client.ts:305:19)\n' +
    '    at process.processTicksAndRejections (node:internal/process/task_queues:105:5)\n' +
    '    at async ProdigiClient.executeRequest (/Users/hatem/Documents/inboundr/art-framer/src/lib/prodigi-v2/client.ts:242:9)\n' +
    '    at async ProdigiClient.requestWithRetry (/Users/hatem/Documents/inboundr/art-framer/src/lib/prodigi-v2/client.ts:153:24)\n' +
    '    at async QuotesAPI.create (/Users/hatem/Documents/inboundr/art-framer/src/lib/prodigi-v2/quotes.ts:62:22)\n' +
    '    at async Promise.all (index 2)\n' +
    '    at async testPricingForProduct (/Users/hatem/Documents/inboundr/art-framer/scripts/test-pricing-end-to-end.ts:180:26)\n' +
    '    at async runComprehensiveTest (/Users/hatem/Documents/inboundr/art-framer/scripts/test-pricing-end-to-end.ts:308:26)',
  context: {
    endpoint: '/quotes',
    method: 'POST',
    timestamp: '2025-12-05T14:01:55.941Z'
  }
}
Request body: {
  destinationCountryCode: 'BE',
  shippingMethod: 'Express',
  items: [
    {
      sku: 'fra-box-bap-nm-gla-20x30',
      copies: 1,
      attributes: [Object],
      assets: [Array]
    }
  ]
}
[Test] Failed to get quote for Express: Rate limit exceeded. Please try again later.
  ⏳ Progress: 57.3% (86/150) - Testing 8x12 → JP...[Catalog] Cache hit for framed-print 8x12: fra-box-bap-nm-gla-20x30
[Attributes] Product has mount attribute but mount is not set. Using default: No mount / Mat
[Attributes] Skipping frame attribute - "white" appears to be a color, not a frame style
[Attributes] Product has paperType attribute but paperType is not set. Using default: BAP
[Attributes] Built: {
  validKeys: [
    'frame',
    'color',
    'glaze',
    'mount',
    'paperType',
    'style',
    'substrateWeight'
  ],
  output: { color: 'white', mount: 'No mount / Mat', paperType: 'BAP' }
}
[QuotesAPI] Creating quote request: {
  "destinationCountryCode": "JP",
  "shippingMethod": "Budget",
  "items": [
    {
      "sku": "fra-box-bap-nm-gla-20x30",
      "copies": 1,
      "attributes": {
        "color": "white",
        "mount": "No mount / Mat",
        "paperType": "BAP"
      },
      "assets": [
        {
          "printArea": "default"
        }
      ]
    }
  ]
}
[QuotesAPI] Creating quote request: {
  "destinationCountryCode": "JP",
  "shippingMethod": "Standard",
  "items": [
    {
      "sku": "fra-box-bap-nm-gla-20x30",
      "copies": 1,
      "attributes": {
        "color": "white",
        "mount": "No mount / Mat",
        "paperType": "BAP"
      },
      "assets": [
        {
          "printArea": "default"
        }
      ]
    }
  ]
}
[QuotesAPI] Creating quote request: {
  "destinationCountryCode": "JP",
  "shippingMethod": "Express",
  "items": [
    {
      "sku": "fra-box-bap-nm-gla-20x30",
      "copies": 1,
      "attributes": {
        "color": "white",
        "mount": "No mount / Mat",
        "paperType": "BAP"
      },
      "assets": [
        {
          "printArea": "default"
        }
      ]
    }
  ]
}
[QuotesAPI] Creating quote request: {
  "destinationCountryCode": "JP",
  "shippingMethod": "Overnight",
  "items": [
    {
      "sku": "fra-box-bap-nm-gla-20x30",
      "copies": 1,
      "attributes": {
        "color": "white",
        "mount": "No mount / Mat",
        "paperType": "BAP"
      },
      "assets": [
        {
          "printArea": "default"
        }
      ]
    }
  ]
}
[Prodigi] Request body being sent: {
  "destinationCountryCode": "JP",
  "shippingMethod": "Budget",
  "items": [
    {
      "sku": "fra-box-bap-nm-gla-20x30",
      "copies": 1,
      "attributes": {
        "color": "white",
        "mount": "No mount / Mat",
        "paperType": "BAP"
      },
      "assets": [
        {
          "printArea": "default"
        }
      ]
    }
  ]
}
[Prodigi] Request body being sent: {
  "destinationCountryCode": "JP",
  "shippingMethod": "Standard",
  "items": [
    {
      "sku": "fra-box-bap-nm-gla-20x30",
      "copies": 1,
      "attributes": {
        "color": "white",
        "mount": "No mount / Mat",
        "paperType": "BAP"
      },
      "assets": [
        {
          "printArea": "default"
        }
      ]
    }
  ]
}
[Prodigi] Request body being sent: {
  "destinationCountryCode": "JP",
  "shippingMethod": "Express",
  "items": [
    {
      "sku": "fra-box-bap-nm-gla-20x30",
      "copies": 1,
      "attributes": {
        "color": "white",
        "mount": "No mount / Mat",
        "paperType": "BAP"
      },
      "assets": [
        {
          "printArea": "default"
        }
      ]
    }
  ]
}
[Prodigi] Request body being sent: {
  "destinationCountryCode": "JP",
  "shippingMethod": "Overnight",
  "items": [
    {
      "sku": "fra-box-bap-nm-gla-20x30",
      "copies": 1,
      "attributes": {
        "color": "white",
        "mount": "No mount / Mat",
        "paperType": "BAP"
      },
      "assets": [
        {
          "printArea": "default"
        }
      ]
    }
  ]
}
[Prodigi] Failed to parse error response: {
  status: 429,
  rawText: 'API calls quota exceeded! maximum admitted 30 per 30s.',
  parseError: `Unexpected token 'A', "API calls "... is not valid JSON`
}
[Prodigi:production] ⚠️ Retrying request (attempt 1/3) {
  endpoint: '/quotes',
  delay: 1121.2009495737057,
  error: 'Rate limit exceeded. Please try again later.'
}
[Prodigi] Failed to parse error response: {
  status: 429,
  rawText: 'API calls quota exceeded! maximum admitted 30 per 30s.',
  parseError: `Unexpected token 'A', "API calls "... is not valid JSON`
}
[Prodigi:production] ⚠️ Retrying request (attempt 1/3) {
  endpoint: '/quotes',
  delay: 1522.490329413034,
  error: 'Rate limit exceeded. Please try again later.'
}
[Prodigi:production] ✅ POST https://api.prodigi.com/v4.0/quotes - 200 
[Prodigi] Request body being sent: {
  "destinationCountryCode": "JP",
  "shippingMethod": "Express",
  "items": [
    {
      "sku": "fra-box-bap-nm-gla-20x30",
      "copies": 1,
      "attributes": {
        "color": "white",
        "mount": "No mount / Mat",
        "paperType": "BAP"
      },
      "assets": [
        {
          "printArea": "default"
        }
      ]
    }
  ]
}
[Prodigi] Failed to parse error response: {
  status: 429,
  rawText: 'API calls quota exceeded! maximum admitted 30 per 30s.',
  parseError: `Unexpected token 'A', "API calls "... is not valid JSON`
}
[Prodigi:production] ⚠️ Retrying request (attempt 2/3) {
  endpoint: '/quotes',
  delay: 2629.094747730027,
  error: 'Rate limit exceeded. Please try again later.'
}
[Prodigi] Request body being sent: {
  "destinationCountryCode": "JP",
  "shippingMethod": "Overnight",
  "items": [
    {
      "sku": "fra-box-bap-nm-gla-20x30",
      "copies": 1,
      "attributes": {
        "color": "white",
        "mount": "No mount / Mat",
        "paperType": "BAP"
      },
      "assets": [
        {
          "printArea": "default"
        }
      ]
    }
  ]
}
[Prodigi:production] ✅ POST https://api.prodigi.com/v4.0/quotes - 200 
[Prodigi:production] ✅ POST https://api.prodigi.com/v4.0/quotes - 200 
[Prodigi] Request body being sent: {
  "destinationCountryCode": "JP",
  "shippingMethod": "Express",
  "items": [
    {
      "sku": "fra-box-bap-nm-gla-20x30",
      "copies": 1,
      "attributes": {
        "color": "white",
        "mount": "No mount / Mat",
        "paperType": "BAP"
      },
      "assets": [
        {
          "printArea": "default"
        }
      ]
    }
  ]
}
[Prodigi:production] ✅ POST https://api.prodigi.com/v4.0/quotes - 200 
  ⏳ Progress: 58.0% (87/150) - Testing 8x12 → KR...[Catalog] Cache hit for framed-print 8x12: fra-box-bap-nm-gla-20x30
[Attributes] Product has mount attribute but mount is not set. Using default: No mount / Mat
[Attributes] Skipping frame attribute - "white" appears to be a color, not a frame style
[Attributes] Product has paperType attribute but paperType is not set. Using default: BAP
[Attributes] Built: {
  validKeys: [
    'frame',
    'color',
    'glaze',
    'mount',
    'paperType',
    'style',
    'substrateWeight'
  ],
  output: { color: 'white', mount: 'No mount / Mat', paperType: 'BAP' }
}
[QuotesAPI] Creating quote request: {
  "destinationCountryCode": "KR",
  "shippingMethod": "Budget",
  "items": [
    {
      "sku": "fra-box-bap-nm-gla-20x30",
      "copies": 1,
      "attributes": {
        "color": "white",
        "mount": "No mount / Mat",
        "paperType": "BAP"
      },
      "assets": [
        {
          "printArea": "default"
        }
      ]
    }
  ]
}
[QuotesAPI] Creating quote request: {
  "destinationCountryCode": "KR",
  "shippingMethod": "Standard",
  "items": [
    {
      "sku": "fra-box-bap-nm-gla-20x30",
      "copies": 1,
      "attributes": {
        "color": "white",
        "mount": "No mount / Mat",
        "paperType": "BAP"
      },
      "assets": [
        {
          "printArea": "default"
        }
      ]
    }
  ]
}
[QuotesAPI] Creating quote request: {
  "destinationCountryCode": "KR",
  "shippingMethod": "Express",
  "items": [
    {
      "sku": "fra-box-bap-nm-gla-20x30",
      "copies": 1,
      "attributes": {
        "color": "white",
        "mount": "No mount / Mat",
        "paperType": "BAP"
      },
      "assets": [
        {
          "printArea": "default"
        }
      ]
    }
  ]
}
[QuotesAPI] Creating quote request: {
  "destinationCountryCode": "KR",
  "shippingMethod": "Overnight",
  "items": [
    {
      "sku": "fra-box-bap-nm-gla-20x30",
      "copies": 1,
      "attributes": {
        "color": "white",
        "mount": "No mount / Mat",
        "paperType": "BAP"
      },
      "assets": [
        {
          "printArea": "default"
        }
      ]
    }
  ]
}
[Prodigi] Request body being sent: {
  "destinationCountryCode": "KR",
  "shippingMethod": "Budget",
  "items": [
    {
      "sku": "fra-box-bap-nm-gla-20x30",
      "copies": 1,
      "attributes": {
        "color": "white",
        "mount": "No mount / Mat",
        "paperType": "BAP"
      },
      "assets": [
        {
          "printArea": "default"
        }
      ]
    }
  ]
}
[Prodigi] Request body being sent: {
  "destinationCountryCode": "KR",
  "shippingMethod": "Standard",
  "items": [
    {
      "sku": "fra-box-bap-nm-gla-20x30",
      "copies": 1,
      "attributes": {
        "color": "white",
        "mount": "No mount / Mat",
        "paperType": "BAP"
      },
      "assets": [
        {
          "printArea": "default"
        }
      ]
    }
  ]
}
[Prodigi] Request body being sent: {
  "destinationCountryCode": "KR",
  "shippingMethod": "Express",
  "items": [
    {
      "sku": "fra-box-bap-nm-gla-20x30",
      "copies": 1,
      "attributes": {
        "color": "white",
        "mount": "No mount / Mat",
        "paperType": "BAP"
      },
      "assets": [
        {
          "printArea": "default"
        }
      ]
    }
  ]
}
[Prodigi] Request body being sent: {
  "destinationCountryCode": "KR",
  "shippingMethod": "Overnight",
  "items": [
    {
      "sku": "fra-box-bap-nm-gla-20x30",
      "copies": 1,
      "attributes": {
        "color": "white",
        "mount": "No mount / Mat",
        "paperType": "BAP"
      },
      "assets": [
        {
          "printArea": "default"
        }
      ]
    }
  ]
}
[Prodigi:production] ✅ POST https://api.prodigi.com/v4.0/quotes - 200 
[Prodigi:production] ✅ POST https://api.prodigi.com/v4.0/quotes - 200 
[Prodigi:production] ✅ POST https://api.prodigi.com/v4.0/quotes - 200 
[Prodigi:production] ✅ POST https://api.prodigi.com/v4.0/quotes - 200 
  ⏳ Progress: 58.7% (88/150) - Testing 8x12 → SG...[Catalog] Cache hit for framed-print 8x12: fra-box-bap-nm-gla-20x30
[Attributes] Product has mount attribute but mount is not set. Using default: No mount / Mat
[Attributes] Skipping frame attribute - "white" appears to be a color, not a frame style
[Attributes] Product has paperType attribute but paperType is not set. Using default: BAP
[Attributes] Built: {
  validKeys: [
    'frame',
    'color',
    'glaze',
    'mount',
    'paperType',
    'style',
    'substrateWeight'
  ],
  output: { color: 'white', mount: 'No mount / Mat', paperType: 'BAP' }
}
[QuotesAPI] Creating quote request: {
  "destinationCountryCode": "SG",
  "shippingMethod": "Budget",
  "items": [
    {
      "sku": "fra-box-bap-nm-gla-20x30",
      "copies": 1,
      "attributes": {
        "color": "white",
        "mount": "No mount / Mat",
        "paperType": "BAP"
      },
      "assets": [
        {
          "printArea": "default"
        }
      ]
    }
  ]
}
[QuotesAPI] Creating quote request: {
  "destinationCountryCode": "SG",
  "shippingMethod": "Standard",
  "items": [
    {
      "sku": "fra-box-bap-nm-gla-20x30",
      "copies": 1,
      "attributes": {
        "color": "white",
        "mount": "No mount / Mat",
        "paperType": "BAP"
      },
      "assets": [
        {
          "printArea": "default"
        }
      ]
    }
  ]
}
[QuotesAPI] Creating quote request: {
  "destinationCountryCode": "SG",
  "shippingMethod": "Express",
  "items": [
    {
      "sku": "fra-box-bap-nm-gla-20x30",
      "copies": 1,
      "attributes": {
        "color": "white",
        "mount": "No mount / Mat",
        "paperType": "BAP"
      },
      "assets": [
        {
          "printArea": "default"
        }
      ]
    }
  ]
}
[QuotesAPI] Creating quote request: {
  "destinationCountryCode": "SG",
  "shippingMethod": "Overnight",
  "items": [
    {
      "sku": "fra-box-bap-nm-gla-20x30",
      "copies": 1,
      "attributes": {
        "color": "white",
        "mount": "No mount / Mat",
        "paperType": "BAP"
      },
      "assets": [
        {
          "printArea": "default"
        }
      ]
    }
  ]
}
[Prodigi] Request body being sent: {
  "destinationCountryCode": "SG",
  "shippingMethod": "Budget",
  "items": [
    {
      "sku": "fra-box-bap-nm-gla-20x30",
      "copies": 1,
      "attributes": {
        "color": "white",
        "mount": "No mount / Mat",
        "paperType": "BAP"
      },
      "assets": [
        {
          "printArea": "default"
        }
      ]
    }
  ]
}
[Prodigi] Request body being sent: {
  "destinationCountryCode": "SG",
  "shippingMethod": "Standard",
  "items": [
    {
      "sku": "fra-box-bap-nm-gla-20x30",
      "copies": 1,
      "attributes": {
        "color": "white",
        "mount": "No mount / Mat",
        "paperType": "BAP"
      },
      "assets": [
        {
          "printArea": "default"
        }
      ]
    }
  ]
}
[Prodigi] Request body being sent: {
  "destinationCountryCode": "SG",
  "shippingMethod": "Express",
  "items": [
    {
      "sku": "fra-box-bap-nm-gla-20x30",
      "copies": 1,
      "attributes": {
        "color": "white",
        "mount": "No mount / Mat",
        "paperType": "BAP"
      },
      "assets": [
        {
          "printArea": "default"
        }
      ]
    }
  ]
}
[Prodigi] Request body being sent: {
  "destinationCountryCode": "SG",
  "shippingMethod": "Overnight",
  "items": [
    {
      "sku": "fra-box-bap-nm-gla-20x30",
      "copies": 1,
      "attributes": {
        "color": "white",
        "mount": "No mount / Mat",
        "paperType": "BAP"
      },
      "assets": [
        {
          "printArea": "default"
        }
      ]
    }
  ]
}
[Prodigi:production] ✅ POST https://api.prodigi.com/v4.0/quotes - 200 
[Prodigi:production] ✅ POST https://api.prodigi.com/v4.0/quotes - 200 
[Prodigi:production] ✅ POST https://api.prodigi.com/v4.0/quotes - 200 
[Prodigi:production] ✅ POST https://api.prodigi.com/v4.0/quotes - 200 
  ⏳ Progress: 59.3% (89/150) - Testing 8x12 → HK...[Catalog] Cache hit for framed-print 8x12: fra-box-bap-nm-gla-20x30
[Attributes] Product has mount attribute but mount is not set. Using default: No mount / Mat
[Attributes] Skipping frame attribute - "white" appears to be a color, not a frame style
[Attributes] Product has paperType attribute but paperType is not set. Using default: BAP
[Attributes] Built: {
  validKeys: [
    'frame',
    'color',
    'glaze',
    'mount',
    'paperType',
    'style',
    'substrateWeight'
  ],
  output: { color: 'white', mount: 'No mount / Mat', paperType: 'BAP' }
}
[QuotesAPI] Creating quote request: {
  "destinationCountryCode": "HK",
  "shippingMethod": "Budget",
  "items": [
    {
      "sku": "fra-box-bap-nm-gla-20x30",
      "copies": 1,
      "attributes": {
        "color": "white",
        "mount": "No mount / Mat",
        "paperType": "BAP"
      },
      "assets": [
        {
          "printArea": "default"
        }
      ]
    }
  ]
}
[QuotesAPI] Creating quote request: {
  "destinationCountryCode": "HK",
  "shippingMethod": "Standard",
  "items": [
    {
      "sku": "fra-box-bap-nm-gla-20x30",
      "copies": 1,
      "attributes": {
        "color": "white",
        "mount": "No mount / Mat",
        "paperType": "BAP"
      },
      "assets": [
        {
          "printArea": "default"
        }
      ]
    }
  ]
}
[QuotesAPI] Creating quote request: {
  "destinationCountryCode": "HK",
  "shippingMethod": "Express",
  "items": [
    {
      "sku": "fra-box-bap-nm-gla-20x30",
      "copies": 1,
      "attributes": {
        "color": "white",
        "mount": "No mount / Mat",
        "paperType": "BAP"
      },
      "assets": [
        {
          "printArea": "default"
        }
      ]
    }
  ]
}
[QuotesAPI] Creating quote request: {
  "destinationCountryCode": "HK",
  "shippingMethod": "Overnight",
  "items": [
    {
      "sku": "fra-box-bap-nm-gla-20x30",
      "copies": 1,
      "attributes": {
        "color": "white",
        "mount": "No mount / Mat",
        "paperType": "BAP"
      },
      "assets": [
        {
          "printArea": "default"
        }
      ]
    }
  ]
}
[Prodigi] Request body being sent: {
  "destinationCountryCode": "HK",
  "shippingMethod": "Budget",
  "items": [
    {
      "sku": "fra-box-bap-nm-gla-20x30",
      "copies": 1,
      "attributes": {
        "color": "white",
        "mount": "No mount / Mat",
        "paperType": "BAP"
      },
      "assets": [
        {
          "printArea": "default"
        }
      ]
    }
  ]
}
[Prodigi] Request body being sent: {
  "destinationCountryCode": "HK",
  "shippingMethod": "Standard",
  "items": [
    {
      "sku": "fra-box-bap-nm-gla-20x30",
      "copies": 1,
      "attributes": {
        "color": "white",
        "mount": "No mount / Mat",
        "paperType": "BAP"
      },
      "assets": [
        {
          "printArea": "default"
        }
      ]
    }
  ]
}
[Prodigi] Request body being sent: {
  "destinationCountryCode": "HK",
  "shippingMethod": "Express",
  "items": [
    {
      "sku": "fra-box-bap-nm-gla-20x30",
      "copies": 1,
      "attributes": {
        "color": "white",
        "mount": "No mount / Mat",
        "paperType": "BAP"
      },
      "assets": [
        {
          "printArea": "default"
        }
      ]
    }
  ]
}
[Prodigi] Request body being sent: {
  "destinationCountryCode": "HK",
  "shippingMethod": "Overnight",
  "items": [
    {
      "sku": "fra-box-bap-nm-gla-20x30",
      "copies": 1,
      "attributes": {
        "color": "white",
        "mount": "No mount / Mat",
        "paperType": "BAP"
      },
      "assets": [
        {
          "printArea": "default"
        }
      ]
    }
  ]
}
[Prodigi:production] ✅ POST https://api.prodigi.com/v4.0/quotes - 200 
[Prodigi:production] ✅ POST https://api.prodigi.com/v4.0/quotes - 200 
[Prodigi:production] ✅ POST https://api.prodigi.com/v4.0/quotes - 200 
[Prodigi:production] ✅ POST https://api.prodigi.com/v4.0/quotes - 200 
  ⏳ Progress: 60.0% (90/150) - Testing 8x12 → MX...[Catalog] Cache hit for framed-print 8x12: fra-box-bap-nm-gla-20x30
[Attributes] Product has mount attribute but mount is not set. Using default: No mount / Mat
[Attributes] Skipping frame attribute - "white" appears to be a color, not a frame style
[Attributes] Product has paperType attribute but paperType is not set. Using default: BAP
[Attributes] Built: {
  validKeys: [
    'frame',
    'color',
    'glaze',
    'mount',
    'paperType',
    'style',
    'substrateWeight'
  ],
  output: { color: 'white', mount: 'No mount / Mat', paperType: 'BAP' }
}
[QuotesAPI] Creating quote request: {
  "destinationCountryCode": "MX",
  "shippingMethod": "Budget",
  "items": [
    {
      "sku": "fra-box-bap-nm-gla-20x30",
      "copies": 1,
      "attributes": {
        "color": "white",
        "mount": "No mount / Mat",
        "paperType": "BAP"
      },
      "assets": [
        {
          "printArea": "default"
        }
      ]
    }
  ]
}
[QuotesAPI] Creating quote request: {
  "destinationCountryCode": "MX",
  "shippingMethod": "Standard",
  "items": [
    {
      "sku": "fra-box-bap-nm-gla-20x30",
      "copies": 1,
      "attributes": {
        "color": "white",
        "mount": "No mount / Mat",
        "paperType": "BAP"
      },
      "assets": [
        {
          "printArea": "default"
        }
      ]
    }
  ]
}
[QuotesAPI] Creating quote request: {
  "destinationCountryCode": "MX",
  "shippingMethod": "Express",
  "items": [
    {
      "sku": "fra-box-bap-nm-gla-20x30",
      "copies": 1,
      "attributes": {
        "color": "white",
        "mount": "No mount / Mat",
        "paperType": "BAP"
      },
      "assets": [
        {
          "printArea": "default"
        }
      ]
    }
  ]
}
[QuotesAPI] Creating quote request: {
  "destinationCountryCode": "MX",
  "shippingMethod": "Overnight",
  "items": [
    {
      "sku": "fra-box-bap-nm-gla-20x30",
      "copies": 1,
      "attributes": {
        "color": "white",
        "mount": "No mount / Mat",
        "paperType": "BAP"
      },
      "assets": [
        {
          "printArea": "default"
        }
      ]
    }
  ]
}
[Prodigi] Request body being sent: {
  "destinationCountryCode": "MX",
  "shippingMethod": "Budget",
  "items": [
    {
      "sku": "fra-box-bap-nm-gla-20x30",
      "copies": 1,
      "attributes": {
        "color": "white",
        "mount": "No mount / Mat",
        "paperType": "BAP"
      },
      "assets": [
        {
          "printArea": "default"
        }
      ]
    }
  ]
}
[Prodigi] Request body being sent: {
  "destinationCountryCode": "MX",
  "shippingMethod": "Standard",
  "items": [
    {
      "sku": "fra-box-bap-nm-gla-20x30",
      "copies": 1,
      "attributes": {
        "color": "white",
        "mount": "No mount / Mat",
        "paperType": "BAP"
      },
      "assets": [
        {
          "printArea": "default"
        }
      ]
    }
  ]
}
[Prodigi] Request body being sent: {
  "destinationCountryCode": "MX",
  "shippingMethod": "Express",
  "items": [
    {
      "sku": "fra-box-bap-nm-gla-20x30",
      "copies": 1,
      "attributes": {
        "color": "white",
        "mount": "No mount / Mat",
        "paperType": "BAP"
      },
      "assets": [
        {
          "printArea": "default"
        }
      ]
    }
  ]
}
[Prodigi] Request body being sent: {
  "destinationCountryCode": "MX",
  "shippingMethod": "Overnight",
  "items": [
    {
      "sku": "fra-box-bap-nm-gla-20x30",
      "copies": 1,
      "attributes": {
        "color": "white",
        "mount": "No mount / Mat",
        "paperType": "BAP"
      },
      "assets": [
        {
          "printArea": "default"
        }
      ]
    }
  ]
}
[Prodigi:production] ✅ POST https://api.prodigi.com/v4.0/quotes - 200 
[Prodigi:production] ✅ POST https://api.prodigi.com/v4.0/quotes - 200 
[Prodigi:production] ✅ POST https://api.prodigi.com/v4.0/quotes - 200 
[Prodigi:production] ✅ POST https://api.prodigi.com/v4.0/quotes - 200 
  ⏳ Progress: 60.7% (91/150) - Testing 10x10 → US...[Catalog] Searching Azure for framed-print 10x10 {
  prodigiProductTypes: [ 'Framed prints' ],
  searchParams: {
    minDimensionMm: 229,
    maxDimensionMm: 279,
    aspectRatioMin: 90,
    aspectRatioMax: 110
  }
}
🔍 Azure Search query: {
  filters: {
    country: 'US',
    category: 'Wall art',
    productTypes: [ 'Framed prints' ],
    minDimensionMm: 229,
    maxDimensionMm: 279,
    aspectRatioMin: 90,
    aspectRatioMax: 110
  },
  options: {
    top: 20,
    includeFacets: false,
    scoringProfile: 'Boost by production country',
    scoringParameter: 'prodCountry-US'
  },
  url: 'https://pwintylive.search.windows.net/indexes/live-catalogue/docs?api-version=2016-09-01&search=*&%24count=true&%24top=20&%24filter=destinationCountries%2Fany%28c%3A+c+eq+%27US%27%29+and+category+eq+%...'
}
✅ Azure Search results: { totalCount: 12, returnedCount: 12, hasFacets: false }
[Catalog] Filtered out 0 cork products from 12 total
[Catalog] Found SKU: global-fra-alu-10x10 for framed-print 10x10 {
  productType: 'Framed prints',
  dimensions: '10x10in',
  productionCountries: [ 'US', 'NL', 'GB', 'AU' ],
  score: 160.2
}
[Catalog] Fetching product details from Prodigi API: global-fra-alu-10x10
[Prodigi:production] ✅ GET https://api.prodigi.com/v4.0/products/global-fra-alu-10x10 - 200 
[Catalog] Successfully fetched product details: global-fra-alu-10x10
[Attributes] Product has mount attribute but mount is not set. Using default: No mount / Mat
[Attributes] Skipping frame attribute - "black" appears to be a color, not a frame style
[Attributes] Product has paperType attribute but paperType is not set. Using default: EMA
[Attributes] Built: {
  validKeys: [
    'frame',
    'color',
    'glaze',
    'mount',
    'paperType',
    'style',
    'substrateWeight'
  ],
  output: { color: 'black', mount: 'No mount / Mat', paperType: 'EMA' }
}
[QuotesAPI] Creating quote request: {
  "destinationCountryCode": "US",
  "shippingMethod": "Budget",
  "items": [
    {
      "sku": "global-fra-alu-10x10",
      "copies": 1,
      "attributes": {
        "color": "black",
        "mount": "No mount / Mat",
        "paperType": "EMA"
      },
      "assets": [
        {
          "printArea": "default"
        }
      ]
    }
  ]
}
[QuotesAPI] Creating quote request: {
  "destinationCountryCode": "US",
  "shippingMethod": "Standard",
  "items": [
    {
      "sku": "global-fra-alu-10x10",
      "copies": 1,
      "attributes": {
        "color": "black",
        "mount": "No mount / Mat",
        "paperType": "EMA"
      },
      "assets": [
        {
          "printArea": "default"
        }
      ]
    }
  ]
}
[QuotesAPI] Creating quote request: {
  "destinationCountryCode": "US",
  "shippingMethod": "Express",
  "items": [
    {
      "sku": "global-fra-alu-10x10",
      "copies": 1,
      "attributes": {
        "color": "black",
        "mount": "No mount / Mat",
        "paperType": "EMA"
      },
      "assets": [
        {
          "printArea": "default"
        }
      ]
    }
  ]
}
[QuotesAPI] Creating quote request: {
  "destinationCountryCode": "US",
  "shippingMethod": "Overnight",
  "items": [
    {
      "sku": "global-fra-alu-10x10",
      "copies": 1,
      "attributes": {
        "color": "black",
        "mount": "No mount / Mat",
        "paperType": "EMA"
      },
      "assets": [
        {
          "printArea": "default"
        }
      ]
    }
  ]
}
[Prodigi] Request body being sent: {
  "destinationCountryCode": "US",
  "shippingMethod": "Budget",
  "items": [
    {
      "sku": "global-fra-alu-10x10",
      "copies": 1,
      "attributes": {
        "color": "black",
        "mount": "No mount / Mat",
        "paperType": "EMA"
      },
      "assets": [
        {
          "printArea": "default"
        }
      ]
    }
  ]
}
[Prodigi] Request body being sent: {
  "destinationCountryCode": "US",
  "shippingMethod": "Standard",
  "items": [
    {
      "sku": "global-fra-alu-10x10",
      "copies": 1,
      "attributes": {
        "color": "black",
        "mount": "No mount / Mat",
        "paperType": "EMA"
      },
      "assets": [
        {
          "printArea": "default"
        }
      ]
    }
  ]
}
[Prodigi] Request body being sent: {
  "destinationCountryCode": "US",
  "shippingMethod": "Express",
  "items": [
    {
      "sku": "global-fra-alu-10x10",
      "copies": 1,
      "attributes": {
        "color": "black",
        "mount": "No mount / Mat",
        "paperType": "EMA"
      },
      "assets": [
        {
          "printArea": "default"
        }
      ]
    }
  ]
}
[Prodigi] Request body being sent: {
  "destinationCountryCode": "US",
  "shippingMethod": "Overnight",
  "items": [
    {
      "sku": "global-fra-alu-10x10",
      "copies": 1,
      "attributes": {
        "color": "black",
        "mount": "No mount / Mat",
        "paperType": "EMA"
      },
      "assets": [
        {
          "printArea": "default"
        }
      ]
    }
  ]
}
[Prodigi:production] ✅ POST https://api.prodigi.com/v4.0/quotes - 200 
[Prodigi:production] ✅ POST https://api.prodigi.com/v4.0/quotes - 200 
[Prodigi:production] ✅ POST https://api.prodigi.com/v4.0/quotes - 200 
[Prodigi:production] ✅ POST https://api.prodigi.com/v4.0/quotes - 200 
  ⏳ Progress: 61.3% (92/150) - Testing 10x10 → CA...[Catalog] Searching Azure for framed-print 10x10 {
  prodigiProductTypes: [ 'Framed prints' ],
  searchParams: {
    minDimensionMm: 229,
    maxDimensionMm: 279,
    aspectRatioMin: 90,
    aspectRatioMax: 110
  }
}
🔍 Azure Search query: {
  filters: {
    country: 'CA',
    category: 'Wall art',
    productTypes: [ 'Framed prints' ],
    minDimensionMm: 229,
    maxDimensionMm: 279,
    aspectRatioMin: 90,
    aspectRatioMax: 110
  },
  options: {
    top: 20,
    includeFacets: false,
    scoringProfile: 'Boost by production country',
    scoringParameter: 'prodCountry-CA'
  },
  url: 'https://pwintylive.search.windows.net/indexes/live-catalogue/docs?api-version=2016-09-01&search=*&%24count=true&%24top=20&%24filter=destinationCountries%2Fany%28c%3A+c+eq+%27CA%27%29+and+category+eq+%...'
}
✅ Azure Search results: { totalCount: 12, returnedCount: 12, hasFacets: false }
[Catalog] Filtered out 0 cork products from 12 total
[Catalog] Found SKU: global-fra-alu-10x10 for framed-print 10x10 {
  productType: 'Framed prints',
  dimensions: '10x10in',
  productionCountries: [ 'US', 'NL', 'GB', 'AU' ],
  score: 10.2
}
[Catalog] Fetching product details from Prodigi API: global-fra-alu-10x10
[Catalog] Successfully fetched product details: global-fra-alu-10x10
[Attributes] Product has mount attribute but mount is not set. Using default: No mount / Mat
[Attributes] Skipping frame attribute - "black" appears to be a color, not a frame style
[Attributes] Product has paperType attribute but paperType is not set. Using default: EMA
[Attributes] Built: {
  validKeys: [
    'frame',
    'color',
    'glaze',
    'mount',
    'paperType',
    'style',
    'substrateWeight'
  ],
  output: { color: 'black', mount: 'No mount / Mat', paperType: 'EMA' }
}
[QuotesAPI] Creating quote request: {
  "destinationCountryCode": "CA",
  "shippingMethod": "Budget",
  "items": [
    {
      "sku": "global-fra-alu-10x10",
      "copies": 1,
      "attributes": {
        "color": "black",
        "mount": "No mount / Mat",
        "paperType": "EMA"
      },
      "assets": [
        {
          "printArea": "default"
        }
      ]
    }
  ]
}
[QuotesAPI] Creating quote request: {
  "destinationCountryCode": "CA",
  "shippingMethod": "Standard",
  "items": [
    {
      "sku": "global-fra-alu-10x10",
      "copies": 1,
      "attributes": {
        "color": "black",
        "mount": "No mount / Mat",
        "paperType": "EMA"
      },
      "assets": [
        {
          "printArea": "default"
        }
      ]
    }
  ]
}
[QuotesAPI] Creating quote request: {
  "destinationCountryCode": "CA",
  "shippingMethod": "Express",
  "items": [
    {
      "sku": "global-fra-alu-10x10",
      "copies": 1,
      "attributes": {
        "color": "black",
        "mount": "No mount / Mat",
        "paperType": "EMA"
      },
      "assets": [
        {
          "printArea": "default"
        }
      ]
    }
  ]
}
[QuotesAPI] Creating quote request: {
  "destinationCountryCode": "CA",
  "shippingMethod": "Overnight",
  "items": [
    {
      "sku": "global-fra-alu-10x10",
      "copies": 1,
      "attributes": {
        "color": "black",
        "mount": "No mount / Mat",
        "paperType": "EMA"
      },
      "assets": [
        {
          "printArea": "default"
        }
      ]
    }
  ]
}
[Prodigi] Request body being sent: {
  "destinationCountryCode": "CA",
  "shippingMethod": "Budget",
  "items": [
    {
      "sku": "global-fra-alu-10x10",
      "copies": 1,
      "attributes": {
        "color": "black",
        "mount": "No mount / Mat",
        "paperType": "EMA"
      },
      "assets": [
        {
          "printArea": "default"
        }
      ]
    }
  ]
}
[Prodigi] Request body being sent: {
  "destinationCountryCode": "CA",
  "shippingMethod": "Standard",
  "items": [
    {
      "sku": "global-fra-alu-10x10",
      "copies": 1,
      "attributes": {
        "color": "black",
        "mount": "No mount / Mat",
        "paperType": "EMA"
      },
      "assets": [
        {
          "printArea": "default"
        }
      ]
    }
  ]
}
[Prodigi] Request body being sent: {
  "destinationCountryCode": "CA",
  "shippingMethod": "Express",
  "items": [
    {
      "sku": "global-fra-alu-10x10",
      "copies": 1,
      "attributes": {
        "color": "black",
        "mount": "No mount / Mat",
        "paperType": "EMA"
      },
      "assets": [
        {
          "printArea": "default"
        }
      ]
    }
  ]
}
[Prodigi] Request body being sent: {
  "destinationCountryCode": "CA",
  "shippingMethod": "Overnight",
  "items": [
    {
      "sku": "global-fra-alu-10x10",
      "copies": 1,
      "attributes": {
        "color": "black",
        "mount": "No mount / Mat",
        "paperType": "EMA"
      },
      "assets": [
        {
          "printArea": "default"
        }
      ]
    }
  ]
}
[Prodigi] Failed to parse error response: {
  status: 429,
  rawText: 'API calls quota exceeded! maximum admitted 30 per 30s.',
  parseError: `Unexpected token 'A', "API calls "... is not valid JSON`
}
[Prodigi:production] ⚠️ Retrying request (attempt 1/3) {
  endpoint: '/quotes',
  delay: 1997.0174859939543,
  error: 'Rate limit exceeded. Please try again later.'
}
[Prodigi:production] ✅ POST https://api.prodigi.com/v4.0/quotes - 200 
[Prodigi:production] ✅ POST https://api.prodigi.com/v4.0/quotes - 200 
[Prodigi:production] ✅ POST https://api.prodigi.com/v4.0/quotes - 200 
[Prodigi] Request body being sent: {
  "destinationCountryCode": "CA",
  "shippingMethod": "Budget",
  "items": [
    {
      "sku": "global-fra-alu-10x10",
      "copies": 1,
      "attributes": {
        "color": "black",
        "mount": "No mount / Mat",
        "paperType": "EMA"
      },
      "assets": [
        {
          "printArea": "default"
        }
      ]
    }
  ]
}
[Prodigi:production] ✅ POST https://api.prodigi.com/v4.0/quotes - 200 
  ⏳ Progress: 62.0% (93/150) - Testing 10x10 → GB...[Catalog] Searching Azure for framed-print 10x10 {
  prodigiProductTypes: [ 'Framed prints' ],
  searchParams: {
    minDimensionMm: 229,
    maxDimensionMm: 279,
    aspectRatioMin: 90,
    aspectRatioMax: 110
  }
}
🔍 Azure Search query: {
  filters: {
    country: 'GB',
    category: 'Wall art',
    productTypes: [ 'Framed prints' ],
    minDimensionMm: 229,
    maxDimensionMm: 279,
    aspectRatioMin: 90,
    aspectRatioMax: 110
  },
  options: {
    top: 20,
    includeFacets: false,
    scoringProfile: 'Boost by production country',
    scoringParameter: 'prodCountry-GB'
  },
  url: 'https://pwintylive.search.windows.net/indexes/live-catalogue/docs?api-version=2016-09-01&search=*&%24count=true&%24top=20&%24filter=destinationCountries%2Fany%28c%3A+c+eq+%27GB%27%29+and+category+eq+%...'
}
✅ Azure Search results: { totalCount: 12, returnedCount: 12, hasFacets: false }
[Catalog] Filtered out 0 cork products from 12 total
[Catalog] Found SKU: global-fra-alu-10x10 for framed-print 10x10 {
  productType: 'Framed prints',
  dimensions: '10x10in',
  productionCountries: [ 'US', 'NL', 'GB', 'AU' ],
  score: 160.2
}
[Catalog] Fetching product details from Prodigi API: global-fra-alu-10x10
[Catalog] Successfully fetched product details: global-fra-alu-10x10
[Attributes] Product has mount attribute but mount is not set. Using default: No mount / Mat
[Attributes] Skipping frame attribute - "black" appears to be a color, not a frame style
[Attributes] Product has paperType attribute but paperType is not set. Using default: EMA
[Attributes] Built: {
  validKeys: [
    'frame',
    'color',
    'glaze',
    'mount',
    'paperType',
    'style',
    'substrateWeight'
  ],
  output: { color: 'black', mount: 'No mount / Mat', paperType: 'EMA' }
}
[QuotesAPI] Creating quote request: {
  "destinationCountryCode": "GB",
  "shippingMethod": "Budget",
  "items": [
    {
      "sku": "global-fra-alu-10x10",
      "copies": 1,
      "attributes": {
        "color": "black",
        "mount": "No mount / Mat",
        "paperType": "EMA"
      },
      "assets": [
        {
          "printArea": "default"
        }
      ]
    }
  ]
}
[QuotesAPI] Creating quote request: {
  "destinationCountryCode": "GB",
  "shippingMethod": "Standard",
  "items": [
    {
      "sku": "global-fra-alu-10x10",
      "copies": 1,
      "attributes": {
        "color": "black",
        "mount": "No mount / Mat",
        "paperType": "EMA"
      },
      "assets": [
        {
          "printArea": "default"
        }
      ]
    }
  ]
}
[QuotesAPI] Creating quote request: {
  "destinationCountryCode": "GB",
  "shippingMethod": "Express",
  "items": [
    {
      "sku": "global-fra-alu-10x10",
      "copies": 1,
      "attributes": {
        "color": "black",
        "mount": "No mount / Mat",
        "paperType": "EMA"
      },
      "assets": [
        {
          "printArea": "default"
        }
      ]
    }
  ]
}
[QuotesAPI] Creating quote request: {
  "destinationCountryCode": "GB",
  "shippingMethod": "Overnight",
  "items": [
    {
      "sku": "global-fra-alu-10x10",
      "copies": 1,
      "attributes": {
        "color": "black",
        "mount": "No mount / Mat",
        "paperType": "EMA"
      },
      "assets": [
        {
          "printArea": "default"
        }
      ]
    }
  ]
}
[Prodigi] Request body being sent: {
  "destinationCountryCode": "GB",
  "shippingMethod": "Budget",
  "items": [
    {
      "sku": "global-fra-alu-10x10",
      "copies": 1,
      "attributes": {
        "color": "black",
        "mount": "No mount / Mat",
        "paperType": "EMA"
      },
      "assets": [
        {
          "printArea": "default"
        }
      ]
    }
  ]
}
[Prodigi] Request body being sent: {
  "destinationCountryCode": "GB",
  "shippingMethod": "Standard",
  "items": [
    {
      "sku": "global-fra-alu-10x10",
      "copies": 1,
      "attributes": {
        "color": "black",
        "mount": "No mount / Mat",
        "paperType": "EMA"
      },
      "assets": [
        {
          "printArea": "default"
        }
      ]
    }
  ]
}
[Prodigi] Request body being sent: {
  "destinationCountryCode": "GB",
  "shippingMethod": "Express",
  "items": [
    {
      "sku": "global-fra-alu-10x10",
      "copies": 1,
      "attributes": {
        "color": "black",
        "mount": "No mount / Mat",
        "paperType": "EMA"
      },
      "assets": [
        {
          "printArea": "default"
        }
      ]
    }
  ]
}
[Prodigi] Request body being sent: {
  "destinationCountryCode": "GB",
  "shippingMethod": "Overnight",
  "items": [
    {
      "sku": "global-fra-alu-10x10",
      "copies": 1,
      "attributes": {
        "color": "black",
        "mount": "No mount / Mat",
        "paperType": "EMA"
      },
      "assets": [
        {
          "printArea": "default"
        }
      ]
    }
  ]
}
[Prodigi] Failed to parse error response: {
  status: 429,
  rawText: 'API calls quota exceeded! maximum admitted 30 per 30s.',
  parseError: `Unexpected token 'A', "API calls "... is not valid JSON`
}
[Prodigi:production] ⚠️ Retrying request (attempt 1/3) {
  endpoint: '/quotes',
  delay: 1322.494751191648,
  error: 'Rate limit exceeded. Please try again later.'
}
[Prodigi:production] ✅ POST https://api.prodigi.com/v4.0/quotes - 200 
[Prodigi:production] ✅ POST https://api.prodigi.com/v4.0/quotes - 200 
[Prodigi:production] ✅ POST https://api.prodigi.com/v4.0/quotes - 200 
[Prodigi] Request body being sent: {
  "destinationCountryCode": "GB",
  "shippingMethod": "Budget",
  "items": [
    {
      "sku": "global-fra-alu-10x10",
      "copies": 1,
      "attributes": {
        "color": "black",
        "mount": "No mount / Mat",
        "paperType": "EMA"
      },
      "assets": [
        {
          "printArea": "default"
        }
      ]
    }
  ]
}
[Prodigi:production] ✅ POST https://api.prodigi.com/v4.0/quotes - 200 
  ⏳ Progress: 62.7% (94/150) - Testing 10x10 → AU...[Catalog] Searching Azure for framed-print 10x10 {
  prodigiProductTypes: [ 'Framed prints' ],
  searchParams: {
    minDimensionMm: 229,
    maxDimensionMm: 279,
    aspectRatioMin: 90,
    aspectRatioMax: 110
  }
}
🔍 Azure Search query: {
  filters: {
    country: 'AU',
    category: 'Wall art',
    productTypes: [ 'Framed prints' ],
    minDimensionMm: 229,
    maxDimensionMm: 279,
    aspectRatioMin: 90,
    aspectRatioMax: 110
  },
  options: {
    top: 20,
    includeFacets: false,
    scoringProfile: 'Boost by production country',
    scoringParameter: 'prodCountry-AU'
  },
  url: 'https://pwintylive.search.windows.net/indexes/live-catalogue/docs?api-version=2016-09-01&search=*&%24count=true&%24top=20&%24filter=destinationCountries%2Fany%28c%3A+c+eq+%27AU%27%29+and+category+eq+%...'
}
✅ Azure Search results: { totalCount: 12, returnedCount: 12, hasFacets: false }
[Catalog] Filtered out 0 cork products from 12 total
[Catalog] Found SKU: global-fra-alu-10x10 for framed-print 10x10 {
  productType: 'Framed prints',
  dimensions: '10x10in',
  productionCountries: [ 'US', 'NL', 'GB', 'AU' ],
  score: 160.2
}
[Catalog] Fetching product details from Prodigi API: global-fra-alu-10x10
[Catalog] Successfully fetched product details: global-fra-alu-10x10
[Attributes] Product has mount attribute but mount is not set. Using default: No mount / Mat
[Attributes] Skipping frame attribute - "black" appears to be a color, not a frame style
[Attributes] Product has paperType attribute but paperType is not set. Using default: EMA
[Attributes] Built: {
  validKeys: [
    'frame',
    'color',
    'glaze',
    'mount',
    'paperType',
    'style',
    'substrateWeight'
  ],
  output: { color: 'black', mount: 'No mount / Mat', paperType: 'EMA' }
}
[QuotesAPI] Creating quote request: {
  "destinationCountryCode": "AU",
  "shippingMethod": "Budget",
  "items": [
    {
      "sku": "global-fra-alu-10x10",
      "copies": 1,
      "attributes": {
        "color": "black",
        "mount": "No mount / Mat",
        "paperType": "EMA"
      },
      "assets": [
        {
          "printArea": "default"
        }
      ]
    }
  ]
}
[QuotesAPI] Creating quote request: {
  "destinationCountryCode": "AU",
  "shippingMethod": "Standard",
  "items": [
    {
      "sku": "global-fra-alu-10x10",
      "copies": 1,
      "attributes": {
        "color": "black",
        "mount": "No mount / Mat",
        "paperType": "EMA"
      },
      "assets": [
        {
          "printArea": "default"
        }
      ]
    }
  ]
}
[QuotesAPI] Creating quote request: {
  "destinationCountryCode": "AU",
  "shippingMethod": "Express",
  "items": [
    {
      "sku": "global-fra-alu-10x10",
      "copies": 1,
      "attributes": {
        "color": "black",
        "mount": "No mount / Mat",
        "paperType": "EMA"
      },
      "assets": [
        {
          "printArea": "default"
        }
      ]
    }
  ]
}
[QuotesAPI] Creating quote request: {
  "destinationCountryCode": "AU",
  "shippingMethod": "Overnight",
  "items": [
    {
      "sku": "global-fra-alu-10x10",
      "copies": 1,
      "attributes": {
        "color": "black",
        "mount": "No mount / Mat",
        "paperType": "EMA"
      },
      "assets": [
        {
          "printArea": "default"
        }
      ]
    }
  ]
}
[Prodigi] Request body being sent: {
  "destinationCountryCode": "AU",
  "shippingMethod": "Budget",
  "items": [
    {
      "sku": "global-fra-alu-10x10",
      "copies": 1,
      "attributes": {
        "color": "black",
        "mount": "No mount / Mat",
        "paperType": "EMA"
      },
      "assets": [
        {
          "printArea": "default"
        }
      ]
    }
  ]
}
[Prodigi] Request body being sent: {
  "destinationCountryCode": "AU",
  "shippingMethod": "Standard",
  "items": [
    {
      "sku": "global-fra-alu-10x10",
      "copies": 1,
      "attributes": {
        "color": "black",
        "mount": "No mount / Mat",
        "paperType": "EMA"
      },
      "assets": [
        {
          "printArea": "default"
        }
      ]
    }
  ]
}
[Prodigi] Request body being sent: {
  "destinationCountryCode": "AU",
  "shippingMethod": "Express",
  "items": [
    {
      "sku": "global-fra-alu-10x10",
      "copies": 1,
      "attributes": {
        "color": "black",
        "mount": "No mount / Mat",
        "paperType": "EMA"
      },
      "assets": [
        {
          "printArea": "default"
        }
      ]
    }
  ]
}
[Prodigi] Request body being sent: {
  "destinationCountryCode": "AU",
  "shippingMethod": "Overnight",
  "items": [
    {
      "sku": "global-fra-alu-10x10",
      "copies": 1,
      "attributes": {
        "color": "black",
        "mount": "No mount / Mat",
        "paperType": "EMA"
      },
      "assets": [
        {
          "printArea": "default"
        }
      ]
    }
  ]
}
[Prodigi] Failed to parse error response: {
  status: 429,
  rawText: 'API calls quota exceeded! maximum admitted 30 per 30s.',
  parseError: `Unexpected token 'A', "API calls "... is not valid JSON`
}
[Prodigi:production] ⚠️ Retrying request (attempt 1/3) {
  endpoint: '/quotes',
  delay: 1067.3594160719808,
  error: 'Rate limit exceeded. Please try again later.'
}
[Prodigi] Failed to parse error response: {
  status: 429,
  rawText: 'API calls quota exceeded! maximum admitted 30 per 30s.',
  parseError: `Unexpected token 'A', "API calls "... is not valid JSON`
}
[Prodigi:production] ⚠️ Retrying request (attempt 1/3) {
  endpoint: '/quotes',
  delay: 1531.5613502847693,
  error: 'Rate limit exceeded. Please try again later.'
}
[Prodigi] Failed to parse error response: {
  status: 429,
  rawText: 'API calls quota exceeded! maximum admitted 30 per 30s.',
  parseError: `Unexpected token 'A', "API calls "... is not valid JSON`
}
[Prodigi:production] ⚠️ Retrying request (attempt 1/3) {
  endpoint: '/quotes',
  delay: 1481.0085157096437,
  error: 'Rate limit exceeded. Please try again later.'
}
[Prodigi] Failed to parse error response: {
  status: 429,
  rawText: 'API calls quota exceeded! maximum admitted 30 per 30s.',
  parseError: `Unexpected token 'A', "API calls "... is not valid JSON`
}
[Prodigi:production] ⚠️ Retrying request (attempt 1/3) {
  endpoint: '/quotes',
  delay: 1473.455970181311,
  error: 'Rate limit exceeded. Please try again later.'
}
[Prodigi] Request body being sent: {
  "destinationCountryCode": "AU",
  "shippingMethod": "Budget",
  "items": [
    {
      "sku": "global-fra-alu-10x10",
      "copies": 1,
      "attributes": {
        "color": "black",
        "mount": "No mount / Mat",
        "paperType": "EMA"
      },
      "assets": [
        {
          "printArea": "default"
        }
      ]
    }
  ]
}
[Prodigi] Failed to parse error response: {
  status: 429,
  rawText: 'API calls quota exceeded! maximum admitted 30 per 30s.',
  parseError: `Unexpected token 'A', "API calls "... is not valid JSON`
}
[Prodigi:production] ⚠️ Retrying request (attempt 2/3) {
  endpoint: '/quotes',
  delay: 2399.6105661423644,
  error: 'Rate limit exceeded. Please try again later.'
}
[Prodigi] Request body being sent: {
  "destinationCountryCode": "AU",
  "shippingMethod": "Overnight",
  "items": [
    {
      "sku": "global-fra-alu-10x10",
      "copies": 1,
      "attributes": {
        "color": "black",
        "mount": "No mount / Mat",
        "paperType": "EMA"
      },
      "assets": [
        {
          "printArea": "default"
        }
      ]
    }
  ]
}
[Prodigi] Request body being sent: {
  "destinationCountryCode": "AU",
  "shippingMethod": "Standard",
  "items": [
    {
      "sku": "global-fra-alu-10x10",
      "copies": 1,
      "attributes": {
        "color": "black",
        "mount": "No mount / Mat",
        "paperType": "EMA"
      },
      "assets": [
        {
          "printArea": "default"
        }
      ]
    }
  ]
}
[Prodigi] Request body being sent: {
  "destinationCountryCode": "AU",
  "shippingMethod": "Express",
  "items": [
    {
      "sku": "global-fra-alu-10x10",
      "copies": 1,
      "attributes": {
        "color": "black",
        "mount": "No mount / Mat",
        "paperType": "EMA"
      },
      "assets": [
        {
          "printArea": "default"
        }
      ]
    }
  ]
}
[Prodigi] Failed to parse error response: {
  status: 429,
  rawText: 'API calls quota exceeded! maximum admitted 30 per 30s.',
  parseError: `Unexpected token 'A', "API calls "... is not valid JSON`
}
[Prodigi:production] ⚠️ Retrying request (attempt 2/3) {
  endpoint: '/quotes',
  delay: 2894.012210726015,
  error: 'Rate limit exceeded. Please try again later.'
}
[Prodigi] Failed to parse error response: {
  status: 429,
  rawText: 'API calls quota exceeded! maximum admitted 30 per 30s.',
  parseError: `Unexpected token 'A', "API calls "... is not valid JSON`
}
[Prodigi:production] ⚠️ Retrying request (attempt 2/3) {
  endpoint: '/quotes',
  delay: 2592.1762087555635,
  error: 'Rate limit exceeded. Please try again later.'
}
[Prodigi] Failed to parse error response: {
  status: 429,
  rawText: 'API calls quota exceeded! maximum admitted 30 per 30s.',
  parseError: `Unexpected token 'A', "API calls "... is not valid JSON`
}
[Prodigi:production] ⚠️ Retrying request (attempt 2/3) {
  endpoint: '/quotes',
  delay: 2186.743302524454,
  error: 'Rate limit exceeded. Please try again later.'
}
[Prodigi] Request body being sent: {
  "destinationCountryCode": "AU",
  "shippingMethod": "Budget",
  "items": [
    {
      "sku": "global-fra-alu-10x10",
      "copies": 1,
      "attributes": {
        "color": "black",
        "mount": "No mount / Mat",
        "paperType": "EMA"
      },
      "assets": [
        {
          "printArea": "default"
        }
      ]
    }
  ]
}
[Prodigi] Failed to parse error response: {
  status: 429,
  rawText: 'API calls quota exceeded! maximum admitted 30 per 30s.',
  parseError: `Unexpected token 'A', "API calls "... is not valid JSON`
}
❌ Prodigi API Error: {
  name: 'ProdigiRateLimitError',
  message: 'Rate limit exceeded. Please try again later.',
  statusCode: 429,
  statusText: 'Too Many Requests',
  data: {},
  traceParent: undefined,
  endpoint: undefined,
  method: undefined,
  stack: 'ProdigiRateLimitError: Rate limit exceeded. Please try again later.\n' +
    '    at new ProdigiRateLimitError (/Users/hatem/Documents/inboundr/art-framer/src/lib/prodigi-v2/errors.ts:161:5)\n' +
    '    at parseProdigiError (/Users/hatem/Documents/inboundr/art-framer/src/lib/prodigi-v2/errors.ts:243:14)\n' +
    '    at ProdigiClient.handleErrorResponse (/Users/hatem/Documents/inboundr/art-framer/src/lib/prodigi-v2/client.ts:305:19)\n' +
    '    at process.processTicksAndRejections (node:internal/process/task_queues:105:5)\n' +
    '    at async ProdigiClient.executeRequest (/Users/hatem/Documents/inboundr/art-framer/src/lib/prodigi-v2/client.ts:242:9)\n' +
    '    at async ProdigiClient.requestWithRetry (/Users/hatem/Documents/inboundr/art-framer/src/lib/prodigi-v2/client.ts:153:24)\n' +
    '    at async QuotesAPI.create (/Users/hatem/Documents/inboundr/art-framer/src/lib/prodigi-v2/quotes.ts:62:22)\n' +
    '    at async Promise.all (index 0)\n' +
    '    at async testPricingForProduct (/Users/hatem/Documents/inboundr/art-framer/scripts/test-pricing-end-to-end.ts:180:26)\n' +
    '    at async runComprehensiveTest (/Users/hatem/Documents/inboundr/art-framer/scripts/test-pricing-end-to-end.ts:308:26)',
  context: {
    endpoint: '/quotes',
    method: 'POST',
    timestamp: '2025-12-05T14:02:23.534Z'
  }
}
Request body: {
  destinationCountryCode: 'AU',
  shippingMethod: 'Budget',
  items: [
    {
      sku: 'global-fra-alu-10x10',
      copies: 1,
      attributes: [Object],
      assets: [Array]
    }
  ]
}
[Test] Failed to get quote for Budget: Rate limit exceeded. Please try again later.
[Prodigi] Request body being sent: {
  "destinationCountryCode": "AU",
  "shippingMethod": "Express",
  "items": [
    {
      "sku": "global-fra-alu-10x10",
      "copies": 1,
      "attributes": {
        "color": "black",
        "mount": "No mount / Mat",
        "paperType": "EMA"
      },
      "assets": [
        {
          "printArea": "default"
        }
      ]
    }
  ]
}
[Prodigi] Failed to parse error response: {
  status: 429,
  rawText: 'API calls quota exceeded! maximum admitted 30 per 30s.',
  parseError: `Unexpected token 'A', "API calls "... is not valid JSON`
}
❌ Prodigi API Error: {
  name: 'ProdigiRateLimitError',
  message: 'Rate limit exceeded. Please try again later.',
  statusCode: 429,
  statusText: 'Too Many Requests',
  data: {},
  traceParent: undefined,
  endpoint: undefined,
  method: undefined,
  stack: 'ProdigiRateLimitError: Rate limit exceeded. Please try again later.\n' +
    '    at new ProdigiRateLimitError (/Users/hatem/Documents/inboundr/art-framer/src/lib/prodigi-v2/errors.ts:161:5)\n' +
    '    at parseProdigiError (/Users/hatem/Documents/inboundr/art-framer/src/lib/prodigi-v2/errors.ts:243:14)\n' +
    '    at ProdigiClient.handleErrorResponse (/Users/hatem/Documents/inboundr/art-framer/src/lib/prodigi-v2/client.ts:305:19)\n' +
    '    at process.processTicksAndRejections (node:internal/process/task_queues:105:5)\n' +
    '    at async ProdigiClient.executeRequest (/Users/hatem/Documents/inboundr/art-framer/src/lib/prodigi-v2/client.ts:242:9)\n' +
    '    at async ProdigiClient.requestWithRetry (/Users/hatem/Documents/inboundr/art-framer/src/lib/prodigi-v2/client.ts:153:24)\n' +
    '    at async QuotesAPI.create (/Users/hatem/Documents/inboundr/art-framer/src/lib/prodigi-v2/quotes.ts:62:22)\n' +
    '    at async Promise.all (index 2)\n' +
    '    at async testPricingForProduct (/Users/hatem/Documents/inboundr/art-framer/scripts/test-pricing-end-to-end.ts:180:26)\n' +
    '    at async runComprehensiveTest (/Users/hatem/Documents/inboundr/art-framer/scripts/test-pricing-end-to-end.ts:308:26)',
  context: {
    endpoint: '/quotes',
    method: 'POST',
    timestamp: '2025-12-05T14:02:23.786Z'
  }
}
Request body: {
  destinationCountryCode: 'AU',
  shippingMethod: 'Express',
  items: [
    {
      sku: 'global-fra-alu-10x10',
      copies: 1,
      attributes: [Object],
      assets: [Array]
    }
  ]
}
[Test] Failed to get quote for Express: Rate limit exceeded. Please try again later.
[Prodigi] Request body being sent: {
  "destinationCountryCode": "AU",
  "shippingMethod": "Overnight",
  "items": [
    {
      "sku": "global-fra-alu-10x10",
      "copies": 1,
      "attributes": {
        "color": "black",
        "mount": "No mount / Mat",
        "paperType": "EMA"
      },
      "assets": [
        {
          "printArea": "default"
        }
      ]
    }
  ]
}
[Prodigi] Failed to parse error response: {
  status: 429,
  rawText: 'API calls quota exceeded! maximum admitted 30 per 30s.',
  parseError: `Unexpected token 'A', "API calls "... is not valid JSON`
}
❌ Prodigi API Error: {
  name: 'ProdigiRateLimitError',
  message: 'Rate limit exceeded. Please try again later.',
  statusCode: 429,
  statusText: 'Too Many Requests',
  data: {},
  traceParent: undefined,
  endpoint: undefined,
  method: undefined,
  stack: 'ProdigiRateLimitError: Rate limit exceeded. Please try again later.\n' +
    '    at new ProdigiRateLimitError (/Users/hatem/Documents/inboundr/art-framer/src/lib/prodigi-v2/errors.ts:161:5)\n' +
    '    at parseProdigiError (/Users/hatem/Documents/inboundr/art-framer/src/lib/prodigi-v2/errors.ts:243:14)\n' +
    '    at ProdigiClient.handleErrorResponse (/Users/hatem/Documents/inboundr/art-framer/src/lib/prodigi-v2/client.ts:305:19)\n' +
    '    at process.processTicksAndRejections (node:internal/process/task_queues:105:5)\n' +
    '    at async ProdigiClient.executeRequest (/Users/hatem/Documents/inboundr/art-framer/src/lib/prodigi-v2/client.ts:242:9)\n' +
    '    at async ProdigiClient.requestWithRetry (/Users/hatem/Documents/inboundr/art-framer/src/lib/prodigi-v2/client.ts:153:24)\n' +
    '    at async QuotesAPI.create (/Users/hatem/Documents/inboundr/art-framer/src/lib/prodigi-v2/quotes.ts:62:22)\n' +
    '    at async Promise.all (index 3)\n' +
    '    at async testPricingForProduct (/Users/hatem/Documents/inboundr/art-framer/scripts/test-pricing-end-to-end.ts:180:26)\n' +
    '    at async runComprehensiveTest (/Users/hatem/Documents/inboundr/art-framer/scripts/test-pricing-end-to-end.ts:308:26)',
  context: {
    endpoint: '/quotes',
    method: 'POST',
    timestamp: '2025-12-05T14:02:24.147Z'
  }
}
Request body: {
  destinationCountryCode: 'AU',
  shippingMethod: 'Overnight',
  items: [
    {
      sku: 'global-fra-alu-10x10',
      copies: 1,
      attributes: [Object],
      assets: [Array]
    }
  ]
}
[Test] Failed to get quote for Overnight: Rate limit exceeded. Please try again later.
[Prodigi] Request body being sent: {
  "destinationCountryCode": "AU",
  "shippingMethod": "Standard",
  "items": [
    {
      "sku": "global-fra-alu-10x10",
      "copies": 1,
      "attributes": {
        "color": "black",
        "mount": "No mount / Mat",
        "paperType": "EMA"
      },
      "assets": [
        {
          "printArea": "default"
        }
      ]
    }
  ]
}
[Prodigi] Failed to parse error response: {
  status: 429,
  rawText: 'API calls quota exceeded! maximum admitted 30 per 30s.',
  parseError: `Unexpected token 'A', "API calls "... is not valid JSON`
}
❌ Prodigi API Error: {
  name: 'ProdigiRateLimitError',
  message: 'Rate limit exceeded. Please try again later.',
  statusCode: 429,
  statusText: 'Too Many Requests',
  data: {},
  traceParent: undefined,
  endpoint: undefined,
  method: undefined,
  stack: 'ProdigiRateLimitError: Rate limit exceeded. Please try again later.\n' +
    '    at new ProdigiRateLimitError (/Users/hatem/Documents/inboundr/art-framer/src/lib/prodigi-v2/errors.ts:161:5)\n' +
    '    at parseProdigiError (/Users/hatem/Documents/inboundr/art-framer/src/lib/prodigi-v2/errors.ts:243:14)\n' +
    '    at ProdigiClient.handleErrorResponse (/Users/hatem/Documents/inboundr/art-framer/src/lib/prodigi-v2/client.ts:305:19)\n' +
    '    at process.processTicksAndRejections (node:internal/process/task_queues:105:5)\n' +
    '    at async ProdigiClient.executeRequest (/Users/hatem/Documents/inboundr/art-framer/src/lib/prodigi-v2/client.ts:242:9)\n' +
    '    at async ProdigiClient.requestWithRetry (/Users/hatem/Documents/inboundr/art-framer/src/lib/prodigi-v2/client.ts:153:24)\n' +
    '    at async QuotesAPI.create (/Users/hatem/Documents/inboundr/art-framer/src/lib/prodigi-v2/quotes.ts:62:22)\n' +
    '    at async Promise.all (index 1)\n' +
    '    at async testPricingForProduct (/Users/hatem/Documents/inboundr/art-framer/scripts/test-pricing-end-to-end.ts:180:26)\n' +
    '    at async runComprehensiveTest (/Users/hatem/Documents/inboundr/art-framer/scripts/test-pricing-end-to-end.ts:308:26)',
  context: {
    endpoint: '/quotes',
    method: 'POST',
    timestamp: '2025-12-05T14:02:24.443Z'
  }
}
Request body: {
  destinationCountryCode: 'AU',
  shippingMethod: 'Standard',
  items: [
    {
      sku: 'global-fra-alu-10x10',
      copies: 1,
      attributes: [Object],
      assets: [Array]
    }
  ]
}
[Test] Failed to get quote for Standard: Rate limit exceeded. Please try again later.
  ⏳ Progress: 63.3% (95/150) - Testing 10x10 → DE...[Catalog] Searching Azure for framed-print 10x10 {
  prodigiProductTypes: [ 'Framed prints' ],
  searchParams: {
    minDimensionMm: 229,
    maxDimensionMm: 279,
    aspectRatioMin: 90,
    aspectRatioMax: 110
  }
}
🔍 Azure Search query: {
  filters: {
    country: 'DE',
    category: 'Wall art',
    productTypes: [ 'Framed prints' ],
    minDimensionMm: 229,
    maxDimensionMm: 279,
    aspectRatioMin: 90,
    aspectRatioMax: 110
  },
  options: {
    top: 20,
    includeFacets: false,
    scoringProfile: 'Boost by production country',
    scoringParameter: 'prodCountry-DE'
  },
  url: 'https://pwintylive.search.windows.net/indexes/live-catalogue/docs?api-version=2016-09-01&search=*&%24count=true&%24top=20&%24filter=destinationCountries%2Fany%28c%3A+c+eq+%27DE%27%29+and+category+eq+%...'
}
✅ Azure Search results: { totalCount: 12, returnedCount: 12, hasFacets: false }
[Catalog] Filtered out 0 cork products from 12 total
[Catalog] Found SKU: global-fra-alu-10x10 for framed-print 10x10 {
  productType: 'Framed prints',
  dimensions: '10x10in',
  productionCountries: [ 'US', 'NL', 'GB', 'AU' ],
  score: 60.2
}
[Catalog] Fetching product details from Prodigi API: global-fra-alu-10x10
[Catalog] Successfully fetched product details: global-fra-alu-10x10
[Attributes] Product has mount attribute but mount is not set. Using default: No mount / Mat
[Attributes] Skipping frame attribute - "black" appears to be a color, not a frame style
[Attributes] Product has paperType attribute but paperType is not set. Using default: EMA
[Attributes] Built: {
  validKeys: [
    'frame',
    'color',
    'glaze',
    'mount',
    'paperType',
    'style',
    'substrateWeight'
  ],
  output: { color: 'black', mount: 'No mount / Mat', paperType: 'EMA' }
}
[QuotesAPI] Creating quote request: {
  "destinationCountryCode": "DE",
  "shippingMethod": "Budget",
  "items": [
    {
      "sku": "global-fra-alu-10x10",
      "copies": 1,
      "attributes": {
        "color": "black",
        "mount": "No mount / Mat",
        "paperType": "EMA"
      },
      "assets": [
        {
          "printArea": "default"
        }
      ]
    }
  ]
}
[QuotesAPI] Creating quote request: {
  "destinationCountryCode": "DE",
  "shippingMethod": "Standard",
  "items": [
    {
      "sku": "global-fra-alu-10x10",
      "copies": 1,
      "attributes": {
        "color": "black",
        "mount": "No mount / Mat",
        "paperType": "EMA"
      },
      "assets": [
        {
          "printArea": "default"
        }
      ]
    }
  ]
}
[QuotesAPI] Creating quote request: {
  "destinationCountryCode": "DE",
  "shippingMethod": "Express",
  "items": [
    {
      "sku": "global-fra-alu-10x10",
      "copies": 1,
      "attributes": {
        "color": "black",
        "mount": "No mount / Mat",
        "paperType": "EMA"
      },
      "assets": [
        {
          "printArea": "default"
        }
      ]
    }
  ]
}
[QuotesAPI] Creating quote request: {
  "destinationCountryCode": "DE",
  "shippingMethod": "Overnight",
  "items": [
    {
      "sku": "global-fra-alu-10x10",
      "copies": 1,
      "attributes": {
        "color": "black",
        "mount": "No mount / Mat",
        "paperType": "EMA"
      },
      "assets": [
        {
          "printArea": "default"
        }
      ]
    }
  ]
}
[Prodigi] Request body being sent: {
  "destinationCountryCode": "DE",
  "shippingMethod": "Budget",
  "items": [
    {
      "sku": "global-fra-alu-10x10",
      "copies": 1,
      "attributes": {
        "color": "black",
        "mount": "No mount / Mat",
        "paperType": "EMA"
      },
      "assets": [
        {
          "printArea": "default"
        }
      ]
    }
  ]
}
[Prodigi] Request body being sent: {
  "destinationCountryCode": "DE",
  "shippingMethod": "Standard",
  "items": [
    {
      "sku": "global-fra-alu-10x10",
      "copies": 1,
      "attributes": {
        "color": "black",
        "mount": "No mount / Mat",
        "paperType": "EMA"
      },
      "assets": [
        {
          "printArea": "default"
        }
      ]
    }
  ]
}
[Prodigi] Request body being sent: {
  "destinationCountryCode": "DE",
  "shippingMethod": "Express",
  "items": [
    {
      "sku": "global-fra-alu-10x10",
      "copies": 1,
      "attributes": {
        "color": "black",
        "mount": "No mount / Mat",
        "paperType": "EMA"
      },
      "assets": [
        {
          "printArea": "default"
        }
      ]
    }
  ]
}
[Prodigi] Request body being sent: {
  "destinationCountryCode": "DE",
  "shippingMethod": "Overnight",
  "items": [
    {
      "sku": "global-fra-alu-10x10",
      "copies": 1,
      "attributes": {
        "color": "black",
        "mount": "No mount / Mat",
        "paperType": "EMA"
      },
      "assets": [
        {
          "printArea": "default"
        }
      ]
    }
  ]
}
[Prodigi] Failed to parse error response: {
  status: 429,
  rawText: 'API calls quota exceeded! maximum admitted 30 per 30s.',
  parseError: `Unexpected token 'A', "API calls "... is not valid JSON`
}
[Prodigi:production] ⚠️ Retrying request (attempt 1/3) {
  endpoint: '/quotes',
  delay: 1351.2569524992944,
  error: 'Rate limit exceeded. Please try again later.'
}
[Prodigi] Failed to parse error response: {
  status: 429,
  rawText: 'API calls quota exceeded! maximum admitted 30 per 30s.',
  parseError: `Unexpected token 'A', "API calls "... is not valid JSON`
}
[Prodigi:production] ⚠️ Retrying request (attempt 1/3) {
  endpoint: '/quotes',
  delay: 1769.4919942164738,
  error: 'Rate limit exceeded. Please try again later.'
}
[Prodigi] Failed to parse error response: {
  status: 429,
  rawText: 'API calls quota exceeded! maximum admitted 30 per 30s.',
  parseError: `Unexpected token 'A', "API calls "... is not valid JSON`
}
[Prodigi:production] ⚠️ Retrying request (attempt 1/3) {
  endpoint: '/quotes',
  delay: 1890.5548448342192,
  error: 'Rate limit exceeded. Please try again later.'
}
[Prodigi] Failed to parse error response: {
  status: 429,
  rawText: 'API calls quota exceeded! maximum admitted 30 per 30s.',
  parseError: `Unexpected token 'A', "API calls "... is not valid JSON`
}
[Prodigi:production] ⚠️ Retrying request (attempt 1/3) {
  endpoint: '/quotes',
  delay: 1839.9701044224894,
  error: 'Rate limit exceeded. Please try again later.'
}
[Prodigi] Request body being sent: {
  "destinationCountryCode": "DE",
  "shippingMethod": "Express",
  "items": [
    {
      "sku": "global-fra-alu-10x10",
      "copies": 1,
      "attributes": {
        "color": "black",
        "mount": "No mount / Mat",
        "paperType": "EMA"
      },
      "assets": [
        {
          "printArea": "default"
        }
      ]
    }
  ]
}
[Prodigi] Failed to parse error response: {
  status: 429,
  rawText: 'API calls quota exceeded! maximum admitted 30 per 30s.',
  parseError: `Unexpected token 'A', "API calls "... is not valid JSON`
}
[Prodigi:production] ⚠️ Retrying request (attempt 2/3) {
  endpoint: '/quotes',
  delay: 2251.2515134317237,
  error: 'Rate limit exceeded. Please try again later.'
}
[Prodigi] Request body being sent: {
  "destinationCountryCode": "DE",
  "shippingMethod": "Budget",
  "items": [
    {
      "sku": "global-fra-alu-10x10",
      "copies": 1,
      "attributes": {
        "color": "black",
        "mount": "No mount / Mat",
        "paperType": "EMA"
      },
      "assets": [
        {
          "printArea": "default"
        }
      ]
    }
  ]
}
[Prodigi] Request body being sent: {
  "destinationCountryCode": "DE",
  "shippingMethod": "Standard",
  "items": [
    {
      "sku": "global-fra-alu-10x10",
      "copies": 1,
      "attributes": {
        "color": "black",
        "mount": "No mount / Mat",
        "paperType": "EMA"
      },
      "assets": [
        {
          "printArea": "default"
        }
      ]
    }
  ]
}
[Prodigi] Failed to parse error response: {
  status: 429,
  rawText: 'API calls quota exceeded! maximum admitted 30 per 30s.',
  parseError: `Unexpected token 'A', "API calls "... is not valid JSON`
}
[Prodigi:production] ⚠️ Retrying request (attempt 2/3) {
  endpoint: '/quotes',
  delay: 2216.8734822754313,
  error: 'Rate limit exceeded. Please try again later.'
}
[Prodigi] Request body being sent: {
  "destinationCountryCode": "DE",
  "shippingMethod": "Overnight",
  "items": [
    {
      "sku": "global-fra-alu-10x10",
      "copies": 1,
      "attributes": {
        "color": "black",
        "mount": "No mount / Mat",
        "paperType": "EMA"
      },
      "assets": [
        {
          "printArea": "default"
        }
      ]
    }
  ]
}
[Prodigi] Request body being sent: {
  "destinationCountryCode": "DE",
  "shippingMethod": "Express",
  "items": [
    {
      "sku": "global-fra-alu-10x10",
      "copies": 1,
      "attributes": {
        "color": "black",
        "mount": "No mount / Mat",
        "paperType": "EMA"
      },
      "assets": [
        {
          "printArea": "default"
        }
      ]
    }
  ]
}
[Prodigi:production] ✅ POST https://api.prodigi.com/v4.0/quotes - 200 
[Prodigi:production] ✅ POST https://api.prodigi.com/v4.0/quotes - 200 
[Prodigi] Request body being sent: {
  "destinationCountryCode": "DE",
  "shippingMethod": "Standard",
  "items": [
    {
      "sku": "global-fra-alu-10x10",
      "copies": 1,
      "attributes": {
        "color": "black",
        "mount": "No mount / Mat",
        "paperType": "EMA"
      },
      "assets": [
        {
          "printArea": "default"
        }
      ]
    }
  ]
}
[Prodigi] Failed to parse error response: {
  status: 429,
  rawText: 'API calls quota exceeded! maximum admitted 30 per 30s.',
  parseError: `Unexpected token 'A', "API calls "... is not valid JSON`
}
❌ Prodigi API Error: {
  name: 'ProdigiRateLimitError',
  message: 'Rate limit exceeded. Please try again later.',
  statusCode: 429,
  statusText: 'Too Many Requests',
  data: {},
  traceParent: undefined,
  endpoint: undefined,
  method: undefined,
  stack: 'ProdigiRateLimitError: Rate limit exceeded. Please try again later.\n' +
    '    at new ProdigiRateLimitError (/Users/hatem/Documents/inboundr/art-framer/src/lib/prodigi-v2/errors.ts:161:5)\n' +
    '    at parseProdigiError (/Users/hatem/Documents/inboundr/art-framer/src/lib/prodigi-v2/errors.ts:243:14)\n' +
    '    at ProdigiClient.handleErrorResponse (/Users/hatem/Documents/inboundr/art-framer/src/lib/prodigi-v2/client.ts:305:19)\n' +
    '    at process.processTicksAndRejections (node:internal/process/task_queues:105:5)\n' +
    '    at async ProdigiClient.executeRequest (/Users/hatem/Documents/inboundr/art-framer/src/lib/prodigi-v2/client.ts:242:9)\n' +
    '    at async ProdigiClient.requestWithRetry (/Users/hatem/Documents/inboundr/art-framer/src/lib/prodigi-v2/client.ts:153:24)\n' +
    '    at async QuotesAPI.create (/Users/hatem/Documents/inboundr/art-framer/src/lib/prodigi-v2/quotes.ts:62:22)\n' +
    '    at async Promise.all (index 1)\n' +
    '    at async testPricingForProduct (/Users/hatem/Documents/inboundr/art-framer/scripts/test-pricing-end-to-end.ts:180:26)\n' +
    '    at async runComprehensiveTest (/Users/hatem/Documents/inboundr/art-framer/scripts/test-pricing-end-to-end.ts:308:26)',
  context: {
    endpoint: '/quotes',
    method: 'POST',
    timestamp: '2025-12-05T14:02:29.413Z'
  }
}
Request body: {
  destinationCountryCode: 'DE',
  shippingMethod: 'Standard',
  items: [
    {
      sku: 'global-fra-alu-10x10',
      copies: 1,
      attributes: [Object],
      assets: [Array]
    }
  ]
}
[Test] Failed to get quote for Standard: Rate limit exceeded. Please try again later.
[Prodigi:production] ✅ POST https://api.prodigi.com/v4.0/quotes - 200 
  ⏳ Progress: 64.0% (96/150) - Testing 10x10 → FR...[Catalog] Searching Azure for framed-print 10x10 {
  prodigiProductTypes: [ 'Framed prints' ],
  searchParams: {
    minDimensionMm: 229,
    maxDimensionMm: 279,
    aspectRatioMin: 90,
    aspectRatioMax: 110
  }
}
🔍 Azure Search query: {
  filters: {
    country: 'FR',
    category: 'Wall art',
    productTypes: [ 'Framed prints' ],
    minDimensionMm: 229,
    maxDimensionMm: 279,
    aspectRatioMin: 90,
    aspectRatioMax: 110
  },
  options: {
    top: 20,
    includeFacets: false,
    scoringProfile: 'Boost by production country',
    scoringParameter: 'prodCountry-FR'
  },
  url: 'https://pwintylive.search.windows.net/indexes/live-catalogue/docs?api-version=2016-09-01&search=*&%24count=true&%24top=20&%24filter=destinationCountries%2Fany%28c%3A+c+eq+%27FR%27%29+and+category+eq+%...'
}
✅ Azure Search results: { totalCount: 12, returnedCount: 12, hasFacets: false }
[Catalog] Filtered out 0 cork products from 12 total
[Catalog] Found SKU: global-fra-alu-10x10 for framed-print 10x10 {
  productType: 'Framed prints',
  dimensions: '10x10in',
  productionCountries: [ 'US', 'NL', 'GB', 'AU' ],
  score: 60.2
}
[Catalog] Fetching product details from Prodigi API: global-fra-alu-10x10
[Catalog] Successfully fetched product details: global-fra-alu-10x10
[Attributes] Product has mount attribute but mount is not set. Using default: No mount / Mat
[Attributes] Skipping frame attribute - "black" appears to be a color, not a frame style
[Attributes] Product has paperType attribute but paperType is not set. Using default: EMA
[Attributes] Built: {
  validKeys: [
    'frame',
    'color',
    'glaze',
    'mount',
    'paperType',
    'style',
    'substrateWeight'
  ],
  output: { color: 'black', mount: 'No mount / Mat', paperType: 'EMA' }
}
[QuotesAPI] Creating quote request: {
  "destinationCountryCode": "FR",
  "shippingMethod": "Budget",
  "items": [
    {
      "sku": "global-fra-alu-10x10",
      "copies": 1,
      "attributes": {
        "color": "black",
        "mount": "No mount / Mat",
        "paperType": "EMA"
      },
      "assets": [
        {
          "printArea": "default"
        }
      ]
    }
  ]
}
[QuotesAPI] Creating quote request: {
  "destinationCountryCode": "FR",
  "shippingMethod": "Standard",
  "items": [
    {
      "sku": "global-fra-alu-10x10",
      "copies": 1,
      "attributes": {
        "color": "black",
        "mount": "No mount / Mat",
        "paperType": "EMA"
      },
      "assets": [
        {
          "printArea": "default"
        }
      ]
    }
  ]
}
[QuotesAPI] Creating quote request: {
  "destinationCountryCode": "FR",
  "shippingMethod": "Express",
  "items": [
    {
      "sku": "global-fra-alu-10x10",
      "copies": 1,
      "attributes": {
        "color": "black",
        "mount": "No mount / Mat",
        "paperType": "EMA"
      },
      "assets": [
        {
          "printArea": "default"
        }
      ]
    }
  ]
}
[QuotesAPI] Creating quote request: {
  "destinationCountryCode": "FR",
  "shippingMethod": "Overnight",
  "items": [
    {
      "sku": "global-fra-alu-10x10",
      "copies": 1,
      "attributes": {
        "color": "black",
        "mount": "No mount / Mat",
        "paperType": "EMA"
      },
      "assets": [
        {
          "printArea": "default"
        }
      ]
    }
  ]
}
[Prodigi] Request body being sent: {
  "destinationCountryCode": "FR",
  "shippingMethod": "Budget",
  "items": [
    {
      "sku": "global-fra-alu-10x10",
      "copies": 1,
      "attributes": {
        "color": "black",
        "mount": "No mount / Mat",
        "paperType": "EMA"
      },
      "assets": [
        {
          "printArea": "default"
        }
      ]
    }
  ]
}
[Prodigi] Request body being sent: {
  "destinationCountryCode": "FR",
  "shippingMethod": "Standard",
  "items": [
    {
      "sku": "global-fra-alu-10x10",
      "copies": 1,
      "attributes": {
        "color": "black",
        "mount": "No mount / Mat",
        "paperType": "EMA"
      },
      "assets": [
        {
          "printArea": "default"
        }
      ]
    }
  ]
}
[Prodigi] Request body being sent: {
  "destinationCountryCode": "FR",
  "shippingMethod": "Express",
  "items": [
    {
      "sku": "global-fra-alu-10x10",
      "copies": 1,
      "attributes": {
        "color": "black",
        "mount": "No mount / Mat",
        "paperType": "EMA"
      },
      "assets": [
        {
          "printArea": "default"
        }
      ]
    }
  ]
}
[Prodigi] Request body being sent: {
  "destinationCountryCode": "FR",
  "shippingMethod": "Overnight",
  "items": [
    {
      "sku": "global-fra-alu-10x10",
      "copies": 1,
      "attributes": {
        "color": "black",
        "mount": "No mount / Mat",
        "paperType": "EMA"
      },
      "assets": [
        {
          "printArea": "default"
        }
      ]
    }
  ]
}
[Prodigi] Failed to parse error response: {
  status: 429,
  rawText: 'API calls quota exceeded! maximum admitted 30 per 30s.',
  parseError: `Unexpected token 'A', "API calls "... is not valid JSON`
}
[Prodigi:production] ⚠️ Retrying request (attempt 1/3) {
  endpoint: '/quotes',
  delay: 1945.7051184990721,
  error: 'Rate limit exceeded. Please try again later.'
}
[Prodigi:production] ✅ POST https://api.prodigi.com/v4.0/quotes - 200 
[Prodigi:production] ✅ POST https://api.prodigi.com/v4.0/quotes - 200 
[Prodigi:production] ✅ POST https://api.prodigi.com/v4.0/quotes - 200 
[Prodigi] Request body being sent: {
  "destinationCountryCode": "FR",
  "shippingMethod": "Express",
  "items": [
    {
      "sku": "global-fra-alu-10x10",
      "copies": 1,
      "attributes": {
        "color": "black",
        "mount": "No mount / Mat",
        "paperType": "EMA"
      },
      "assets": [
        {
          "printArea": "default"
        }
      ]
    }
  ]
}
[Prodigi:production] ✅ POST https://api.prodigi.com/v4.0/quotes - 200 
  ⏳ Progress: 64.7% (97/150) - Testing 10x10 → IT...[Catalog] Searching Azure for framed-print 10x10 {
  prodigiProductTypes: [ 'Framed prints' ],
  searchParams: {
    minDimensionMm: 229,
    maxDimensionMm: 279,
    aspectRatioMin: 90,
    aspectRatioMax: 110
  }
}
🔍 Azure Search query: {
  filters: {
    country: 'IT',
    category: 'Wall art',
    productTypes: [ 'Framed prints' ],
    minDimensionMm: 229,
    maxDimensionMm: 279,
    aspectRatioMin: 90,
    aspectRatioMax: 110
  },
  options: {
    top: 20,
    includeFacets: false,
    scoringProfile: 'Boost by production country',
    scoringParameter: 'prodCountry-IT'
  },
  url: 'https://pwintylive.search.windows.net/indexes/live-catalogue/docs?api-version=2016-09-01&search=*&%24count=true&%24top=20&%24filter=destinationCountries%2Fany%28c%3A+c+eq+%27IT%27%29+and+category+eq+%...'
}
✅ Azure Search results: { totalCount: 12, returnedCount: 12, hasFacets: false }
[Catalog] Filtered out 0 cork products from 12 total
[Catalog] Found SKU: global-fra-alu-10x10 for framed-print 10x10 {
  productType: 'Framed prints',
  dimensions: '10x10in',
  productionCountries: [ 'US', 'NL', 'GB', 'AU' ],
  score: 60.2
}
[Catalog] Fetching product details from Prodigi API: global-fra-alu-10x10
[Catalog] Successfully fetched product details: global-fra-alu-10x10
[Attributes] Product has mount attribute but mount is not set. Using default: No mount / Mat
[Attributes] Skipping frame attribute - "black" appears to be a color, not a frame style
[Attributes] Product has paperType attribute but paperType is not set. Using default: EMA
[Attributes] Built: {
  validKeys: [
    'frame',
    'color',
    'glaze',
    'mount',
    'paperType',
    'style',
    'substrateWeight'
  ],
  output: { color: 'black', mount: 'No mount / Mat', paperType: 'EMA' }
}
[QuotesAPI] Creating quote request: {
  "destinationCountryCode": "IT",
  "shippingMethod": "Budget",
  "items": [
    {
      "sku": "global-fra-alu-10x10",
      "copies": 1,
      "attributes": {
        "color": "black",
        "mount": "No mount / Mat",
        "paperType": "EMA"
      },
      "assets": [
        {
          "printArea": "default"
        }
      ]
    }
  ]
}
[QuotesAPI] Creating quote request: {
  "destinationCountryCode": "IT",
  "shippingMethod": "Standard",
  "items": [
    {
      "sku": "global-fra-alu-10x10",
      "copies": 1,
      "attributes": {
        "color": "black",
        "mount": "No mount / Mat",
        "paperType": "EMA"
      },
      "assets": [
        {
          "printArea": "default"
        }
      ]
    }
  ]
}
[QuotesAPI] Creating quote request: {
  "destinationCountryCode": "IT",
  "shippingMethod": "Express",
  "items": [
    {
      "sku": "global-fra-alu-10x10",
      "copies": 1,
      "attributes": {
        "color": "black",
        "mount": "No mount / Mat",
        "paperType": "EMA"
      },
      "assets": [
        {
          "printArea": "default"
        }
      ]
    }
  ]
}
[QuotesAPI] Creating quote request: {
  "destinationCountryCode": "IT",
  "shippingMethod": "Overnight",
  "items": [
    {
      "sku": "global-fra-alu-10x10",
      "copies": 1,
      "attributes": {
        "color": "black",
        "mount": "No mount / Mat",
        "paperType": "EMA"
      },
      "assets": [
        {
          "printArea": "default"
        }
      ]
    }
  ]
}
[Prodigi] Request body being sent: {
  "destinationCountryCode": "IT",
  "shippingMethod": "Budget",
  "items": [
    {
      "sku": "global-fra-alu-10x10",
      "copies": 1,
      "attributes": {
        "color": "black",
        "mount": "No mount / Mat",
        "paperType": "EMA"
      },
      "assets": [
        {
          "printArea": "default"
        }
      ]
    }
  ]
}
[Prodigi] Request body being sent: {
  "destinationCountryCode": "IT",
  "shippingMethod": "Standard",
  "items": [
    {
      "sku": "global-fra-alu-10x10",
      "copies": 1,
      "attributes": {
        "color": "black",
        "mount": "No mount / Mat",
        "paperType": "EMA"
      },
      "assets": [
        {
          "printArea": "default"
        }
      ]
    }
  ]
}
[Prodigi] Request body being sent: {
  "destinationCountryCode": "IT",
  "shippingMethod": "Express",
  "items": [
    {
      "sku": "global-fra-alu-10x10",
      "copies": 1,
      "attributes": {
        "color": "black",
        "mount": "No mount / Mat",
        "paperType": "EMA"
      },
      "assets": [
        {
          "printArea": "default"
        }
      ]
    }
  ]
}
[Prodigi] Request body being sent: {
  "destinationCountryCode": "IT",
  "shippingMethod": "Overnight",
  "items": [
    {
      "sku": "global-fra-alu-10x10",
      "copies": 1,
      "attributes": {
        "color": "black",
        "mount": "No mount / Mat",
        "paperType": "EMA"
      },
      "assets": [
        {
          "printArea": "default"
        }
      ]
    }
  ]
}
[Prodigi:production] ✅ POST https://api.prodigi.com/v4.0/quotes - 200 
[Prodigi:production] ✅ POST https://api.prodigi.com/v4.0/quotes - 200 
[Prodigi:production] ✅ POST https://api.prodigi.com/v4.0/quotes - 200 
[Prodigi:production] ✅ POST https://api.prodigi.com/v4.0/quotes - 200 
  ⏳ Progress: 65.3% (98/150) - Testing 10x10 → ES...[Catalog] Searching Azure for framed-print 10x10 {
  prodigiProductTypes: [ 'Framed prints' ],
  searchParams: {
    minDimensionMm: 229,
    maxDimensionMm: 279,
    aspectRatioMin: 90,
    aspectRatioMax: 110
  }
}
🔍 Azure Search query: {
  filters: {
    country: 'ES',
    category: 'Wall art',
    productTypes: [ 'Framed prints' ],
    minDimensionMm: 229,
    maxDimensionMm: 279,
    aspectRatioMin: 90,
    aspectRatioMax: 110
  },
  options: {
    top: 20,
    includeFacets: false,
    scoringProfile: 'Boost by production country',
    scoringParameter: 'prodCountry-ES'
  },
  url: 'https://pwintylive.search.windows.net/indexes/live-catalogue/docs?api-version=2016-09-01&search=*&%24count=true&%24top=20&%24filter=destinationCountries%2Fany%28c%3A+c+eq+%27ES%27%29+and+category+eq+%...'
}
✅ Azure Search results: { totalCount: 12, returnedCount: 12, hasFacets: false }
[Catalog] Filtered out 0 cork products from 12 total
[Catalog] Found SKU: global-fra-alu-10x10 for framed-print 10x10 {
  productType: 'Framed prints',
  dimensions: '10x10in',
  productionCountries: [ 'US', 'NL', 'GB', 'AU' ],
  score: 60.2
}
[Catalog] Fetching product details from Prodigi API: global-fra-alu-10x10
[Catalog] Successfully fetched product details: global-fra-alu-10x10
[Attributes] Product has mount attribute but mount is not set. Using default: No mount / Mat
[Attributes] Skipping frame attribute - "black" appears to be a color, not a frame style
[Attributes] Product has paperType attribute but paperType is not set. Using default: EMA
[Attributes] Built: {
  validKeys: [
    'frame',
    'color',
    'glaze',
    'mount',
    'paperType',
    'style',
    'substrateWeight'
  ],
  output: { color: 'black', mount: 'No mount / Mat', paperType: 'EMA' }
}
[QuotesAPI] Creating quote request: {
  "destinationCountryCode": "ES",
  "shippingMethod": "Budget",
  "items": [
    {
      "sku": "global-fra-alu-10x10",
      "copies": 1,
      "attributes": {
        "color": "black",
        "mount": "No mount / Mat",
        "paperType": "EMA"
      },
      "assets": [
        {
          "printArea": "default"
        }
      ]
    }
  ]
}
[QuotesAPI] Creating quote request: {
  "destinationCountryCode": "ES",
  "shippingMethod": "Standard",
  "items": [
    {
      "sku": "global-fra-alu-10x10",
      "copies": 1,
      "attributes": {
        "color": "black",
        "mount": "No mount / Mat",
        "paperType": "EMA"
      },
      "assets": [
        {
          "printArea": "default"
        }
      ]
    }
  ]
}
[QuotesAPI] Creating quote request: {
  "destinationCountryCode": "ES",
  "shippingMethod": "Express",
  "items": [
    {
      "sku": "global-fra-alu-10x10",
      "copies": 1,
      "attributes": {
        "color": "black",
        "mount": "No mount / Mat",
        "paperType": "EMA"
      },
      "assets": [
        {
          "printArea": "default"
        }
      ]
    }
  ]
}
[QuotesAPI] Creating quote request: {
  "destinationCountryCode": "ES",
  "shippingMethod": "Overnight",
  "items": [
    {
      "sku": "global-fra-alu-10x10",
      "copies": 1,
      "attributes": {
        "color": "black",
        "mount": "No mount / Mat",
        "paperType": "EMA"
      },
      "assets": [
        {
          "printArea": "default"
        }
      ]
    }
  ]
}
[Prodigi] Request body being sent: {
  "destinationCountryCode": "ES",
  "shippingMethod": "Budget",
  "items": [
    {
      "sku": "global-fra-alu-10x10",
      "copies": 1,
      "attributes": {
        "color": "black",
        "mount": "No mount / Mat",
        "paperType": "EMA"
      },
      "assets": [
        {
          "printArea": "default"
        }
      ]
    }
  ]
}
[Prodigi] Request body being sent: {
  "destinationCountryCode": "ES",
  "shippingMethod": "Standard",
  "items": [
    {
      "sku": "global-fra-alu-10x10",
      "copies": 1,
      "attributes": {
        "color": "black",
        "mount": "No mount / Mat",
        "paperType": "EMA"
      },
      "assets": [
        {
          "printArea": "default"
        }
      ]
    }
  ]
}
[Prodigi] Request body being sent: {
  "destinationCountryCode": "ES",
  "shippingMethod": "Express",
  "items": [
    {
      "sku": "global-fra-alu-10x10",
      "copies": 1,
      "attributes": {
        "color": "black",
        "mount": "No mount / Mat",
        "paperType": "EMA"
      },
      "assets": [
        {
          "printArea": "default"
        }
      ]
    }
  ]
}
[Prodigi] Request body being sent: {
  "destinationCountryCode": "ES",
  "shippingMethod": "Overnight",
  "items": [
    {
      "sku": "global-fra-alu-10x10",
      "copies": 1,
      "attributes": {
        "color": "black",
        "mount": "No mount / Mat",
        "paperType": "EMA"
      },
      "assets": [
        {
          "printArea": "default"
        }
      ]
    }
  ]
}
[Prodigi:production] ✅ POST https://api.prodigi.com/v4.0/quotes - 200 
[Prodigi:production] ✅ POST https://api.prodigi.com/v4.0/quotes - 200 
[Prodigi:production] ✅ POST https://api.prodigi.com/v4.0/quotes - 200 
[Prodigi:production] ✅ POST https://api.prodigi.com/v4.0/quotes - 200 
  ⏳ Progress: 66.0% (99/150) - Testing 10x10 → NL...[Catalog] Searching Azure for framed-print 10x10 {
  prodigiProductTypes: [ 'Framed prints' ],
  searchParams: {
    minDimensionMm: 229,
    maxDimensionMm: 279,
    aspectRatioMin: 90,
    aspectRatioMax: 110
  }
}
🔍 Azure Search query: {
  filters: {
    country: 'NL',
    category: 'Wall art',
    productTypes: [ 'Framed prints' ],
    minDimensionMm: 229,
    maxDimensionMm: 279,
    aspectRatioMin: 90,
    aspectRatioMax: 110
  },
  options: {
    top: 20,
    includeFacets: false,
    scoringProfile: 'Boost by production country',
    scoringParameter: 'prodCountry-NL'
  },
  url: 'https://pwintylive.search.windows.net/indexes/live-catalogue/docs?api-version=2016-09-01&search=*&%24count=true&%24top=20&%24filter=destinationCountries%2Fany%28c%3A+c+eq+%27NL%27%29+and+category+eq+%...'
}
✅ Azure Search results: { totalCount: 12, returnedCount: 12, hasFacets: false }
[Catalog] Filtered out 0 cork products from 12 total
[Catalog] Found SKU: global-fra-alu-10x10 for framed-print 10x10 {
  productType: 'Framed prints',
  dimensions: '10x10in',
  productionCountries: [ 'US', 'NL', 'GB', 'AU' ],
  score: 160.2
}
[Catalog] Fetching product details from Prodigi API: global-fra-alu-10x10
[Catalog] Successfully fetched product details: global-fra-alu-10x10
[Attributes] Product has mount attribute but mount is not set. Using default: No mount / Mat
[Attributes] Skipping frame attribute - "black" appears to be a color, not a frame style
[Attributes] Product has paperType attribute but paperType is not set. Using default: EMA
[Attributes] Built: {
  validKeys: [
    'frame',
    'color',
    'glaze',
    'mount',
    'paperType',
    'style',
    'substrateWeight'
  ],
  output: { color: 'black', mount: 'No mount / Mat', paperType: 'EMA' }
}
[QuotesAPI] Creating quote request: {
  "destinationCountryCode": "NL",
  "shippingMethod": "Budget",
  "items": [
    {
      "sku": "global-fra-alu-10x10",
      "copies": 1,
      "attributes": {
        "color": "black",
        "mount": "No mount / Mat",
        "paperType": "EMA"
      },
      "assets": [
        {
          "printArea": "default"
        }
      ]
    }
  ]
}
[QuotesAPI] Creating quote request: {
  "destinationCountryCode": "NL",
  "shippingMethod": "Standard",
  "items": [
    {
      "sku": "global-fra-alu-10x10",
      "copies": 1,
      "attributes": {
        "color": "black",
        "mount": "No mount / Mat",
        "paperType": "EMA"
      },
      "assets": [
        {
          "printArea": "default"
        }
      ]
    }
  ]
}
[QuotesAPI] Creating quote request: {
  "destinationCountryCode": "NL",
  "shippingMethod": "Express",
  "items": [
    {
      "sku": "global-fra-alu-10x10",
      "copies": 1,
      "attributes": {
        "color": "black",
        "mount": "No mount / Mat",
        "paperType": "EMA"
      },
      "assets": [
        {
          "printArea": "default"
        }
      ]
    }
  ]
}
[QuotesAPI] Creating quote request: {
  "destinationCountryCode": "NL",
  "shippingMethod": "Overnight",
  "items": [
    {
      "sku": "global-fra-alu-10x10",
      "copies": 1,
      "attributes": {
        "color": "black",
        "mount": "No mount / Mat",
        "paperType": "EMA"
      },
      "assets": [
        {
          "printArea": "default"
        }
      ]
    }
  ]
}
[Prodigi] Request body being sent: {
  "destinationCountryCode": "NL",
  "shippingMethod": "Budget",
  "items": [
    {
      "sku": "global-fra-alu-10x10",
      "copies": 1,
      "attributes": {
        "color": "black",
        "mount": "No mount / Mat",
        "paperType": "EMA"
      },
      "assets": [
        {
          "printArea": "default"
        }
      ]
    }
  ]
}
[Prodigi] Request body being sent: {
  "destinationCountryCode": "NL",
  "shippingMethod": "Standard",
  "items": [
    {
      "sku": "global-fra-alu-10x10",
      "copies": 1,
      "attributes": {
        "color": "black",
        "mount": "No mount / Mat",
        "paperType": "EMA"
      },
      "assets": [
        {
          "printArea": "default"
        }
      ]
    }
  ]
}
[Prodigi] Request body being sent: {
  "destinationCountryCode": "NL",
  "shippingMethod": "Express",
  "items": [
    {
      "sku": "global-fra-alu-10x10",
      "copies": 1,
      "attributes": {
        "color": "black",
        "mount": "No mount / Mat",
        "paperType": "EMA"
      },
      "assets": [
        {
          "printArea": "default"
        }
      ]
    }
  ]
}
[Prodigi] Request body being sent: {
  "destinationCountryCode": "NL",
  "shippingMethod": "Overnight",
  "items": [
    {
      "sku": "global-fra-alu-10x10",
      "copies": 1,
      "attributes": {
        "color": "black",
        "mount": "No mount / Mat",
        "paperType": "EMA"
      },
      "assets": [
        {
          "printArea": "default"
        }
      ]
    }
  ]
}
[Prodigi:production] ✅ POST https://api.prodigi.com/v4.0/quotes - 200 
[Prodigi:production] ✅ POST https://api.prodigi.com/v4.0/quotes - 200 
[Prodigi:production] ✅ POST https://api.prodigi.com/v4.0/quotes - 200 
[Prodigi:production] ✅ POST https://api.prodigi.com/v4.0/quotes - 200 
